   Compiling sefer-alloc v0.3.0 (<repo>)
    Finished `test` profile [unoptimized + debuginfo] target(s) in 4.55s
     Running tests\r11_ph3a_issue_transaction_batch.rs (target-ph7b\debug\deps\r11_ph3a_issue_transaction_batch-d7dac71d766539e7.exe)

running 1 test
test batch_issue_transactions_commit_only_the_prepared_run ... ok

test result: ok. 1 passed; 0 failed; 0 ignored; 0 measured; 0 filtered out; finished in 0.03s

     Running tests\r11_ph3a_issue_transaction_scalar.rs (target-ph7b\debug\deps\r11_ph3a_issue_transaction_scalar-ef6aafc83b79f687.exe)

running 1 test
test scalar_issue_transactions_roll_back_before_commit_and_retry_after ... ok

test result: ok. 1 passed; 0 failed; 0 ignored; 0 measured; 0 filtered out; finished in 0.00s

     Running tests\r11_ph3a_magazine_refill_partial.rs (target-ph7b\debug\deps\r11_ph3a_magazine_refill_partial-4f6cfe42d703fc45.exe)

running 1 test
test magazine_refill_prepare_refusal_commits_only_the_drained_blocks ... ok

test result: ok. 1 passed; 0 failed; 0 ignored; 0 measured; 0 filtered out; finished in 0.00s

     Running tests\r11_ph3a_reserve_promotion_fault.rs (target-ph7b\debug\deps\r11_ph3a_reserve_promotion_fault-cba2cc3b5aef57e7.exe)

running 1 test
test promotion_faults_roll_back_the_exhausted_segment_and_retry_promotes ... ok

test result: ok. 1 passed; 0 failed; 0 ignored; 0 measured; 0 filtered out; finished in 0.07s

     Running tests\r11_ph3b_kind_aware_entries.rs (target-ph7b\debug\deps\r11_ph3b_kind_aware_entries-56883abde1c65a63.exe)

running 5 tests
test alloc_alloc_zeroed_and_own_dealloc_agree_on_one_kind_per_size ... ok
test realloc_crosses_the_boundary_in_step_with_the_header_kind ... ok
test realloc_oom_returns_null_and_leaves_the_old_block_intact ... ok
test matching_layout_free_keeps_the_small_route_across_a_same_class_realloc ... ok
test fallback_served_blocks_freed_by_another_thread_keep_their_kind ... ok

test result: ok. 5 passed; 0 failed; 0 ignored; 0 measured; 0 filtered out; finished in 0.02s

