   Compiling proc-macro2 v1.0.106
   Compiling quote v1.0.46
   Compiling unicode-ident v1.0.24
   Compiling cfg-if v1.0.4
   Compiling zerocopy v0.8.52
   Compiling windows-link v0.2.1
   Compiling windows-sys v0.61.2
   Compiling getrandom v0.3.4
   Compiling autocfg v1.5.1
   Compiling libm v0.2.16
   Compiling serde_core v1.0.228
   Compiling crossbeam-utils v0.8.21
   Compiling num-traits v0.2.19
   Compiling crossbeam-epoch v0.9.20
   Compiling getrandom v0.4.3
   Compiling rand_core v0.9.5
   Compiling syn v2.0.118
   Compiling find-msvc-tools v0.1.9
   Compiling shlex v2.0.1
   Compiling version_check v0.9.5
   Compiling regex-syntax v0.8.11
   Compiling once_cell v1.21.4
   Compiling zmij v1.0.21
   Compiling serde v1.0.228
   Compiling slotmap v1.1.1
   Compiling zerocopy-derive v0.8.52
   Compiling serde_derive v1.0.228
   Compiling cc v1.2.65
   Compiling serde_json v1.0.150
   Compiling either v1.16.0
   Compiling rayon-core v1.13.0
   Compiling fastrand v2.4.1
   Compiling libmimalloc-sys v0.1.49
   Compiling tempfile v3.27.0
   Compiling crossbeam-deque v0.8.6
   Compiling winapi-util v0.1.11
   Compiling bit-vec v0.8.0
   Compiling fnv v1.0.7
   Compiling itoa v1.0.18
   Compiling wait-timeout v0.2.1
   Compiling anstyle v1.0.14
   Compiling clap_lex v1.1.0
   Compiling plotters-backend v0.3.7
   Compiling ciborium-io v0.2.2
   Compiling memchr v2.8.2
   Compiling quick-error v1.2.3
   Compiling clap_builder v4.6.0
   Compiling rusty-fork v0.3.1
   Compiling plotters-svg v0.3.7
   Compiling bit-set v0.8.0
   Compiling same-file v1.0.6
   Compiling ppv-lite86 v0.2.21
   Compiling half v2.7.1
   Compiling rand_chacha v0.9.0
   Compiling ciborium-ll v0.2.2
   Compiling itertools v0.10.5
   Compiling regex-automata v0.4.14
   Compiling rand_xorshift v0.4.0
   Compiling rand v0.9.4
   Compiling bitflags v2.13.0
   Compiling unarray v0.1.4
   Compiling cast v0.3.0
   Compiling proptest v1.11.0
   Compiling rayon v1.12.0
   Compiling criterion-plot v0.5.0
   Compiling ciborium v0.2.2
   Compiling regex v1.12.4
   Compiling clap v4.6.1
   Compiling tinytemplate v1.2.1
   Compiling sefer-region v0.2.0 (<repo>\crates\sefer-region)
   Compiling walkdir v2.5.0
   Compiling plotters v0.3.7
   Compiling tokio-macros v2.7.0
   Compiling is-terminal v0.4.17
   Compiling pin-project-lite v0.2.17
   Compiling aligned-vmem v0.2.0 (<repo>\crates\aligned-vmem)
   Compiling size-classes v0.1.0 (<repo>\crates\size-classes)
   Compiling proc-memstat v0.1.0 (<repo>\crates\proc-memstat)
   Compiling once-ptr-cell v0.1.0 (<repo>\crates\once-ptr-cell)
   Compiling anes v0.1.6
   Compiling oorandom v11.1.5
   Compiling tagged-index-stack v0.1.0 (<repo>\crates\tagged-index-stack)
   Compiling proc-probe v0.1.0 (<repo>\crates\proc-probe)
   Compiling criterion v0.5.1
   Compiling sefer-alloc v0.3.0 (<repo>)
   Compiling tokio v1.52.3
   Compiling globalalloc-model v0.1.0 (<repo>\crates\globalalloc-model)
   Compiling mimalloc v0.1.52
   Compiling malloc-bench-rs v0.1.0 (<repo>\crates\malloc-bench-rs)
    Finished `test` profile [unoptimized + debuginfo] target(s) in 1m 32s
     Running tests\r11_ph4a_drop_ordering_pinned.rs (target-ph7b\debug\deps\r11_ph4a_drop_ordering_pinned-2249ff642ddfbd62.exe)

running 2 tests
test lease_drop_aborts_on_a_lost_cas ... ok
test lease_drop_publishes_live_to_free_with_release ... ok

test result: ok. 2 passed; 0 failed; 0 ignored; 0 measured; 0 filtered out; finished in 0.00s

     Running tests\r11_ph4b_local_no_drop_pinned.rs (target-ph7b\debug\deps\r11_ph4b_local_no_drop_pinned-7548e64d1d5530d7.exe)

running 3 tests
test finish_bind_rollback_unpublishes_local_before_the_lease_drop ... ok
test local_is_a_const_initialised_dropless_raw_cell ... ok
test guard_stores_the_typed_lease_option ... ok

test result: ok. 3 passed; 0 failed; 0 ignored; 0 measured; 0 filtered out; finished in 0.00s

     Running tests\r11_ph4b_no_worker_pending_stays.rs (target-ph7b\debug\deps\r11_ph4b_no_worker_pending_stays-6be730b267610341.exe)

running 1 test
test no_worker_pending_stays ... ok

test result: ok. 1 passed; 0 failed; 0 ignored; 0 measured; 0 filtered out; finished in 0.05s

     Running tests\r11_ph4b_teardown_ordering_pinned.rs (target-ph7b\debug\deps\r11_ph4b_teardown_ordering_pinned-8f287b2c7967bbc2.exe)

running 2 tests
test lease_release_cas_is_release_ordered ... ok
test teardown_stamps_torn_then_trims_then_releases_the_slot ... ok

test result: ok. 2 passed; 0 failed; 0 ignored; 0 measured; 0 filtered out; finished in 0.00s

     Running tests\regression_claim_oom_initialised_gate.rs (target-ph7b\debug\deps\regression_claim_oom_initialised_gate-db774be40f6afc57.exe)

running 3 tests
test reclaim_after_simulated_oom_still_materialises ... ok
test simulated_oom_does_not_leak_the_slot ... ok
test simulated_oom_leaves_initialised_false ... ok

test result: ok. 3 passed; 0 failed; 0 ignored; 0 measured; 0 filtered out; finished in 0.00s

