[paired-ab] --config has no "build" step; assuming arm commands are already built.

[paired-ab] A vs A — 20 pairs, A/B/B/A protocol
RESULT arm=medium_off
RESULT elapsed_ns=17303700
RESULT alloc_ns=3225100
RESULT free_ns=14040000
RESULT realloc_ns=38600
RESULT segments_reserved_total=329
RESULT rss_after_kib=3172
RESULT commit_after_kib=34508
.RESULT arm=medium_off
RESULT elapsed_ns=14799100
RESULT alloc_ns=2469600
RESULT free_ns=12291800
RESULT realloc_ns=37700
RESULT segments_reserved_total=329
RESULT rss_after_kib=3172
RESULT commit_after_kib=34516
.RESULT arm=medium_off
RESULT elapsed_ns=18228900
RESULT alloc_ns=3561800
RESULT free_ns=14622400
RESULT realloc_ns=44700
RESULT segments_reserved_total=329
RESULT rss_after_kib=3180
RESULT commit_after_kib=34524
.RESULT arm=medium_off
RESULT elapsed_ns=18125500
RESULT alloc_ns=3589200
RESULT free_ns=14467000
RESULT realloc_ns=69300
RESULT segments_reserved_total=329
RESULT rss_after_kib=3172
RESULT commit_after_kib=34516
.RESULT arm=medium_off
RESULT elapsed_ns=17652800
RESULT alloc_ns=3119000
RESULT free_ns=14492600
RESULT realloc_ns=41200
RESULT segments_reserved_total=329
RESULT rss_after_kib=3180
RESULT commit_after_kib=34520
.RESULT arm=medium_off
RESULT elapsed_ns=18007800
RESULT alloc_ns=3508000
RESULT free_ns=14453100
RESULT realloc_ns=46700
RESULT segments_reserved_total=329
RESULT rss_after_kib=3172
RESULT commit_after_kib=34516
.RESULT arm=medium_off
RESULT elapsed_ns=16280400
RESULT alloc_ns=2945900
RESULT free_ns=13296500
RESULT realloc_ns=38000
RESULT segments_reserved_total=329
RESULT rss_after_kib=3172
RESULT commit_after_kib=34508
.RESULT arm=medium_off
RESULT elapsed_ns=17329200
RESULT alloc_ns=2947500
RESULT free_ns=14353100
RESULT realloc_ns=28600
RESULT segments_reserved_total=329
RESULT rss_after_kib=3172
RESULT commit_after_kib=34512
.RESULT arm=medium_off
RESULT elapsed_ns=18716500
RESULT alloc_ns=3659800
RESULT free_ns=15023100
RESULT realloc_ns=33600
RESULT segments_reserved_total=329
RESULT rss_after_kib=3172
RESULT commit_after_kib=34512
.RESULT arm=medium_off
RESULT elapsed_ns=17860400
RESULT alloc_ns=3246700
RESULT free_ns=14567100
RESULT realloc_ns=46600
RESULT segments_reserved_total=329
RESULT rss_after_kib=3172
RESULT commit_after_kib=34520
.RESULT arm=medium_off
RESULT elapsed_ns=17097100
RESULT alloc_ns=3143800
RESULT free_ns=13915500
RESULT realloc_ns=37800
RESULT segments_reserved_total=329
RESULT rss_after_kib=3172
RESULT commit_after_kib=34504
.RESULT arm=medium_off
RESULT elapsed_ns=16465900
RESULT alloc_ns=2966100
RESULT free_ns=13461400
RESULT realloc_ns=38400
RESULT segments_reserved_total=329
RESULT rss_after_kib=3180
RESULT commit_after_kib=34516
.RESULT arm=medium_off
RESULT elapsed_ns=15053200
RESULT alloc_ns=2483000
RESULT free_ns=12536500
RESULT realloc_ns=33700
RESULT segments_reserved_total=329
RESULT rss_after_kib=3172
RESULT commit_after_kib=34516
.RESULT arm=medium_off
RESULT elapsed_ns=18012100
RESULT alloc_ns=3271500
RESULT free_ns=14702700
RESULT realloc_ns=37900
RESULT segments_reserved_total=329
RESULT rss_after_kib=3152
RESULT commit_after_kib=34476
.RESULT arm=medium_off
RESULT elapsed_ns=17730200
RESULT alloc_ns=3265100
RESULT free_ns=14420100
RESULT realloc_ns=45000
RESULT segments_reserved_total=329
RESULT rss_after_kib=3172
RESULT commit_after_kib=34508
.RESULT arm=medium_off
RESULT elapsed_ns=15991000
RESULT alloc_ns=2745900
RESULT free_ns=13213400
RESULT realloc_ns=31700
RESULT segments_reserved_total=329
RESULT rss_after_kib=3172
RESULT commit_after_kib=34516
.RESULT arm=medium_off
RESULT elapsed_ns=18589500
RESULT alloc_ns=3217400
RESULT free_ns=15336600
RESULT realloc_ns=35500
RESULT segments_reserved_total=329
RESULT rss_after_kib=3172
RESULT commit_after_kib=34516
.RESULT arm=medium_off
RESULT elapsed_ns=18527900
RESULT alloc_ns=3380100
RESULT free_ns=15104900
RESULT realloc_ns=42900
RESULT segments_reserved_total=329
RESULT rss_after_kib=3176
RESULT commit_after_kib=34516
.RESULT arm=medium_off
RESULT elapsed_ns=17255200
RESULT alloc_ns=3359800
RESULT free_ns=13860800
RESULT realloc_ns=34600
RESULT segments_reserved_total=329
RESULT rss_after_kib=3172
RESULT commit_after_kib=34504
.RESULT arm=medium_off
RESULT elapsed_ns=17121600
RESULT alloc_ns=3204300
RESULT free_ns=13843300
RESULT realloc_ns=74000
RESULT segments_reserved_total=329
RESULT rss_after_kib=3172
RESULT commit_after_kib=34500
.RESULT arm=medium_off
RESULT elapsed_ns=20803900
RESULT alloc_ns=3921900
RESULT free_ns=16827700
RESULT realloc_ns=54300
RESULT segments_reserved_total=329
RESULT rss_after_kib=3176
RESULT commit_after_kib=34508
.RESULT arm=medium_off
RESULT elapsed_ns=19799100
RESULT alloc_ns=3548700
RESULT free_ns=16200400
RESULT realloc_ns=50000
RESULT segments_reserved_total=329
RESULT rss_after_kib=3168
RESULT commit_after_kib=34504
.RESULT arm=medium_off
RESULT elapsed_ns=17537800
RESULT alloc_ns=2978400
RESULT free_ns=14519800
RESULT realloc_ns=39600
RESULT segments_reserved_total=329
RESULT rss_after_kib=3172
RESULT commit_after_kib=34508
.RESULT arm=medium_off
RESULT elapsed_ns=18432000
RESULT alloc_ns=3710300
RESULT free_ns=14682100
RESULT realloc_ns=39600
RESULT segments_reserved_total=329
RESULT rss_after_kib=3172
RESULT commit_after_kib=34512
.RESULT arm=medium_off
RESULT elapsed_ns=16413500
RESULT alloc_ns=3002000
RESULT free_ns=13371400
RESULT realloc_ns=40100
RESULT segments_reserved_total=329
RESULT rss_after_kib=3168
RESULT commit_after_kib=34500
.RESULT arm=medium_off
RESULT elapsed_ns=18238900
RESULT alloc_ns=3083400
RESULT free_ns=15091600
RESULT realloc_ns=63900
RESULT segments_reserved_total=329
RESULT rss_after_kib=3180
RESULT commit_after_kib=34520
.RESULT arm=medium_off
RESULT elapsed_ns=17485600
RESULT alloc_ns=3423700
RESULT free_ns=14024900
RESULT realloc_ns=37000
RESULT segments_reserved_total=329
RESULT rss_after_kib=3172
RESULT commit_after_kib=34508
.RESULT arm=medium_off
RESULT elapsed_ns=15867500
RESULT alloc_ns=2789500
RESULT free_ns=13038600
RESULT realloc_ns=39400
RESULT segments_reserved_total=329
RESULT rss_after_kib=3180
RESULT commit_after_kib=34520
.RESULT arm=medium_off
RESULT elapsed_ns=17871200
RESULT alloc_ns=3458200
RESULT free_ns=14368300
RESULT realloc_ns=44700
RESULT segments_reserved_total=329
RESULT rss_after_kib=3172
RESULT commit_after_kib=34508
.RESULT arm=medium_off
RESULT elapsed_ns=18648700
RESULT alloc_ns=3610200
RESULT free_ns=15001900
RESULT realloc_ns=36600
RESULT segments_reserved_total=329
RESULT rss_after_kib=3180
RESULT commit_after_kib=34520
.RESULT arm=medium_off
RESULT elapsed_ns=17763800
RESULT alloc_ns=3231700
RESULT free_ns=14499700
RESULT realloc_ns=32400
RESULT segments_reserved_total=329
RESULT rss_after_kib=3172
RESULT commit_after_kib=34512
.RESULT arm=medium_off
RESULT elapsed_ns=19453400
RESULT alloc_ns=3719200
RESULT free_ns=15697600
RESULT realloc_ns=36600
RESULT segments_reserved_total=329
RESULT rss_after_kib=3172
RESULT commit_after_kib=34500
.RESULT arm=medium_off
RESULT elapsed_ns=18303800
RESULT alloc_ns=3316200
RESULT free_ns=14947000
RESULT realloc_ns=40600
RESULT segments_reserved_total=329
RESULT rss_after_kib=3172
RESULT commit_after_kib=34508
.RESULT arm=medium_off
RESULT elapsed_ns=17730600
RESULT alloc_ns=3465600
RESULT free_ns=14226000
RESULT realloc_ns=39000
RESULT segments_reserved_total=329
RESULT rss_after_kib=3172
RESULT commit_after_kib=34508
.RESULT arm=medium_off
RESULT elapsed_ns=17395000
RESULT alloc_ns=3183600
RESULT free_ns=14175400
RESULT realloc_ns=36000
RESULT segments_reserved_total=329
RESULT rss_after_kib=3172
RESULT commit_after_kib=34516
.RESULT arm=medium_off
RESULT elapsed_ns=17356900
RESULT alloc_ns=3128600
RESULT free_ns=14190300
RESULT realloc_ns=38000
RESULT segments_reserved_total=329
RESULT rss_after_kib=3156
RESULT commit_after_kib=34476
.RESULT arm=medium_off
RESULT elapsed_ns=18233600
RESULT alloc_ns=3722500
RESULT free_ns=14474900
RESULT realloc_ns=36200
RESULT segments_reserved_total=329
RESULT rss_after_kib=3172
RESULT commit_after_kib=34512
.RESULT arm=medium_off
RESULT elapsed_ns=16040700
RESULT alloc_ns=2754000
RESULT free_ns=13246600
RESULT realloc_ns=40100
RESULT segments_reserved_total=329
RESULT rss_after_kib=3172
RESULT commit_after_kib=34512
.RESULT arm=medium_off
RESULT elapsed_ns=18886000
RESULT alloc_ns=3487300
RESULT free_ns=15361500
RESULT realloc_ns=37200
RESULT segments_reserved_total=329
RESULT rss_after_kib=3188
RESULT commit_after_kib=34524
.RESULT arm=medium_off
RESULT elapsed_ns=17159600
RESULT alloc_ns=2970000
RESULT free_ns=14153900
RESULT realloc_ns=35700
RESULT segments_reserved_total=329
RESULT rss_after_kib=3172
RESULT commit_after_kib=34504
.RESULT arm=medium_off
RESULT elapsed_ns=15760100
RESULT alloc_ns=2605900
RESULT free_ns=13108400
RESULT realloc_ns=45800
RESULT segments_reserved_total=329
RESULT rss_after_kib=3172
RESULT commit_after_kib=34508
.RESULT arm=medium_off
RESULT elapsed_ns=19218300
RESULT alloc_ns=4024600
RESULT free_ns=15160400
RESULT realloc_ns=33300
RESULT segments_reserved_total=329
RESULT rss_after_kib=3172
RESULT commit_after_kib=34512
.RESULT arm=medium_off
RESULT elapsed_ns=16493000
RESULT alloc_ns=2835900
RESULT free_ns=13618900
RESULT realloc_ns=38200
RESULT segments_reserved_total=329
RESULT rss_after_kib=3172
RESULT commit_after_kib=34516
.RESULT arm=medium_off
RESULT elapsed_ns=17101200
RESULT alloc_ns=3063700
RESULT free_ns=13998700
RESULT realloc_ns=38800
RESULT segments_reserved_total=329
RESULT rss_after_kib=3172
RESULT commit_after_kib=34508
.RESULT arm=medium_off
RESULT elapsed_ns=18140700
RESULT alloc_ns=3256300
RESULT free_ns=14847400
RESULT realloc_ns=37000
RESULT segments_reserved_total=329
RESULT rss_after_kib=3172
RESULT commit_after_kib=34512
.RESULT arm=medium_off
RESULT elapsed_ns=18036000
RESULT alloc_ns=3354700
RESULT free_ns=14644400
RESULT realloc_ns=36900
RESULT segments_reserved_total=329
RESULT rss_after_kib=3172
RESULT commit_after_kib=34516
.RESULT arm=medium_off
RESULT elapsed_ns=18428500
RESULT alloc_ns=3788800
RESULT free_ns=14602400
RESULT realloc_ns=37300
RESULT segments_reserved_total=329
RESULT rss_after_kib=3156
RESULT commit_after_kib=34484
.RESULT arm=medium_off
RESULT elapsed_ns=15990000
RESULT alloc_ns=2606500
RESULT free_ns=13342700
RESULT realloc_ns=40800
RESULT segments_reserved_total=329
RESULT rss_after_kib=3172
RESULT commit_after_kib=34512
.RESULT arm=medium_off
RESULT elapsed_ns=18186500
RESULT alloc_ns=3425600
RESULT free_ns=14719000
RESULT realloc_ns=41900
RESULT segments_reserved_total=329
RESULT rss_after_kib=3168
RESULT commit_after_kib=34508
.RESULT arm=medium_off
RESULT elapsed_ns=17389300
RESULT alloc_ns=3292100
RESULT free_ns=14049900
RESULT realloc_ns=47300
RESULT segments_reserved_total=329
RESULT rss_after_kib=3180
RESULT commit_after_kib=34520
.RESULT arm=medium_off
RESULT elapsed_ns=17399300
RESULT alloc_ns=3036300
RESULT free_ns=14328100
RESULT realloc_ns=34900
RESULT segments_reserved_total=329
RESULT rss_after_kib=3172
RESULT commit_after_kib=34508
.RESULT arm=medium_off
RESULT elapsed_ns=17854400
RESULT alloc_ns=3445300
RESULT free_ns=14368600
RESULT realloc_ns=40500
RESULT segments_reserved_total=329
RESULT rss_after_kib=3184
RESULT commit_after_kib=34520
.RESULT arm=medium_off
RESULT elapsed_ns=17987400
RESULT alloc_ns=3298500
RESULT free_ns=14652700
RESULT realloc_ns=36200
RESULT segments_reserved_total=329
RESULT rss_after_kib=3172
RESULT commit_after_kib=34508
.RESULT arm=medium_off
RESULT elapsed_ns=17837600
RESULT alloc_ns=3139800
RESULT free_ns=14656600
RESULT realloc_ns=41200
RESULT segments_reserved_total=329
RESULT rss_after_kib=3172
RESULT commit_after_kib=34504
.RESULT arm=medium_off
RESULT elapsed_ns=17182600
RESULT alloc_ns=3235600
RESULT free_ns=13905600
RESULT realloc_ns=41400
RESULT segments_reserved_total=329
RESULT rss_after_kib=3172
RESULT commit_after_kib=34508
.RESULT arm=medium_off
RESULT elapsed_ns=18351200
RESULT alloc_ns=3140100
RESULT free_ns=15176700
RESULT realloc_ns=34400
RESULT segments_reserved_total=329
RESULT rss_after_kib=3184
RESULT commit_after_kib=34520
.RESULT arm=medium_off
RESULT elapsed_ns=18577000
RESULT alloc_ns=3446300
RESULT free_ns=15095500
RESULT realloc_ns=35200
RESULT segments_reserved_total=329
RESULT rss_after_kib=3172
RESULT commit_after_kib=34508
.RESULT arm=medium_off
RESULT elapsed_ns=16272400
RESULT alloc_ns=2755700
RESULT free_ns=13465000
RESULT realloc_ns=51700
RESULT segments_reserved_total=329
RESULT rss_after_kib=3172
RESULT commit_after_kib=34508
.RESULT arm=medium_off
RESULT elapsed_ns=17333300
RESULT alloc_ns=2954100
RESULT free_ns=14335600
RESULT realloc_ns=43600
RESULT segments_reserved_total=329
RESULT rss_after_kib=3172
RESULT commit_after_kib=34512
.RESULT arm=medium_off
RESULT elapsed_ns=18421100
RESULT alloc_ns=3828300
RESULT free_ns=14556400
RESULT realloc_ns=36400
RESULT segments_reserved_total=329
RESULT rss_after_kib=3172
RESULT commit_after_kib=34504
.RESULT arm=medium_off
RESULT elapsed_ns=18343700
RESULT alloc_ns=3319300
RESULT free_ns=14991900
RESULT realloc_ns=32500
RESULT segments_reserved_total=329
RESULT rss_after_kib=3172
RESULT commit_after_kib=34504
.RESULT arm=medium_off
RESULT elapsed_ns=15961300
RESULT alloc_ns=2850800
RESULT free_ns=13075600
RESULT realloc_ns=34900
RESULT segments_reserved_total=329
RESULT rss_after_kib=3172
RESULT commit_after_kib=34512
.RESULT arm=medium_off
RESULT elapsed_ns=16913600
RESULT alloc_ns=3121900
RESULT free_ns=13748600
RESULT realloc_ns=43100
RESULT segments_reserved_total=329
RESULT rss_after_kib=3172
RESULT commit_after_kib=34516
.RESULT arm=medium_off
RESULT elapsed_ns=19222000
RESULT alloc_ns=3710200
RESULT free_ns=15461300
RESULT realloc_ns=50500
RESULT segments_reserved_total=329
RESULT rss_after_kib=3152
RESULT commit_after_kib=34476
.RESULT arm=medium_off
RESULT elapsed_ns=17279300
RESULT alloc_ns=3244600
RESULT free_ns=13993300
RESULT realloc_ns=41400
RESULT segments_reserved_total=329
RESULT rss_after_kib=3184
RESULT commit_after_kib=34528
.RESULT arm=medium_off
RESULT elapsed_ns=17534300
RESULT alloc_ns=3260800
RESULT free_ns=14230100
RESULT realloc_ns=43400
RESULT segments_reserved_total=329
RESULT rss_after_kib=3172
RESULT commit_after_kib=34516
.RESULT arm=medium_off
RESULT elapsed_ns=18034800
RESULT alloc_ns=3697000
RESULT free_ns=14289500
RESULT realloc_ns=48300
RESULT segments_reserved_total=329
RESULT rss_after_kib=3172
RESULT commit_after_kib=34512
.RESULT arm=medium_off
RESULT elapsed_ns=18671100
RESULT alloc_ns=3509700
RESULT free_ns=15116100
RESULT realloc_ns=45300
RESULT segments_reserved_total=329
RESULT rss_after_kib=3172
RESULT commit_after_kib=34520
.RESULT arm=medium_off
RESULT elapsed_ns=17607200
RESULT alloc_ns=3328300
RESULT free_ns=14235700
RESULT realloc_ns=43200
RESULT segments_reserved_total=329
RESULT rss_after_kib=3176
RESULT commit_after_kib=34512
.RESULT arm=medium_off
RESULT elapsed_ns=18124100
RESULT alloc_ns=3302500
RESULT free_ns=14781000
RESULT realloc_ns=40600
RESULT segments_reserved_total=329
RESULT rss_after_kib=3172
RESULT commit_after_kib=34508
.RESULT arm=medium_off
RESULT elapsed_ns=18695600
RESULT alloc_ns=3568800
RESULT free_ns=15086900
RESULT realloc_ns=39900
RESULT segments_reserved_total=329
RESULT rss_after_kib=3172
RESULT commit_after_kib=34508
.RESULT arm=medium_off
RESULT elapsed_ns=17403600
RESULT alloc_ns=3202300
RESULT free_ns=14153200
RESULT realloc_ns=48100
RESULT segments_reserved_total=329
RESULT rss_after_kib=3172
RESULT commit_after_kib=34512
.RESULT arm=medium_off
RESULT elapsed_ns=18576500
RESULT alloc_ns=3348200
RESULT free_ns=15183000
RESULT realloc_ns=45300
RESULT segments_reserved_total=329
RESULT rss_after_kib=3172
RESULT commit_after_kib=34512
.RESULT arm=medium_off
RESULT elapsed_ns=19020400
RESULT alloc_ns=3742800
RESULT free_ns=15234200
RESULT realloc_ns=43400
RESULT segments_reserved_total=329
RESULT rss_after_kib=3172
RESULT commit_after_kib=34508
.RESULT arm=medium_off
RESULT elapsed_ns=18241500
RESULT alloc_ns=3247600
RESULT free_ns=14953000
RESULT realloc_ns=40900
RESULT segments_reserved_total=329
RESULT rss_after_kib=3172
RESULT commit_after_kib=34512
.RESULT arm=medium_off
RESULT elapsed_ns=18648400
RESULT alloc_ns=3542000
RESULT free_ns=15047900
RESULT realloc_ns=58500
RESULT segments_reserved_total=329
RESULT rss_after_kib=3164
RESULT commit_after_kib=34496
.RESULT arm=medium_off
RESULT elapsed_ns=18628100
RESULT alloc_ns=3238200
RESULT free_ns=15341900
RESULT realloc_ns=48000
RESULT segments_reserved_total=329
RESULT rss_after_kib=3172
RESULT commit_after_kib=34508
.RESULT arm=medium_off
RESULT elapsed_ns=17633200
RESULT alloc_ns=3243200
RESULT free_ns=14349800
RESULT realloc_ns=40200
RESULT segments_reserved_total=329
RESULT rss_after_kib=3172
RESULT commit_after_kib=34504
.RESULT arm=medium_off
RESULT elapsed_ns=18472300
RESULT alloc_ns=3625400
RESULT free_ns=14801100
RESULT realloc_ns=45800
RESULT segments_reserved_total=329
RESULT rss_after_kib=3172
RESULT commit_after_kib=34512
.RESULT arm=medium_off
RESULT elapsed_ns=16741200
RESULT alloc_ns=3267800
RESULT free_ns=13428000
RESULT realloc_ns=45400
RESULT segments_reserved_total=329
RESULT rss_after_kib=3172
RESULT commit_after_kib=34508
.

  === A(A-slot) vs A(B-slot) (A - B, ns)  [SAME-VS-SAME CONTROL] ===
  n=20  mean Δ=625 ns  sd=7.684 us  se=1.718 us  t=0.364  df=19  crit(p<0.05)=2.101  => NOT statistically distinguishable from noise (fails to reject null)
  sign test: A(A-slot)-faster=8/20  A(B-slot)-faster=12/20  ties=0

[paired-ab] provenance written to D:\dev\rust\sefer-alloc/docs/perf/paired_ab_runs/2026-07-26T00-56-52-759Z.json

[paired-ab] Reading this output: `t` past `crit` (or sign test heavily lopsided, e.g. 17+/20) means a REAL,
  non-noise wall-clock difference on THIS host for THIS workload — mirroring
  docs/perf/R5_R2_CHURN_REGRESSION_PAIRED_AB.md's verdict criteria. A same-vs-same control run
  (--arms sefer,sefer) should show t well under `crit` and a roughly even sign-test split --
  if it does not, that indicates a harness bug (non-reproducible workload, background load
  bleeding into the timed region), not a real self-difference.
