[paired-ab] --config has no "build" step; assuming arm commands are already built.

[paired-ab] cap4 vs cap16 — 20 pairs, A/B/B/A protocol
RESULT arm=cap4
RESULT elapsed_ns=224546300
RESULT threads=8
RESULT rounds_per_thread=6
RESULT pool_segments_requested=4
RESULT pool_byte_cap_requested=16777216
RESULT segments_reserved_total=72
RESULT segments_released_total=48
RESULT decommit_calls_total=40
RESULT large_cache_hits=45
RESULT rss_after_kib=77496
RESULT commit_after_kib=99748
.RESULT arm=cap16
RESULT elapsed_ns=244174500
RESULT threads=8
RESULT rounds_per_thread=6
RESULT pool_segments_requested=16
RESULT pool_byte_cap_requested=67108864
RESULT segments_reserved_total=72
RESULT segments_released_total=48
RESULT decommit_calls_total=40
RESULT large_cache_hits=45
RESULT rss_after_kib=77512
RESULT commit_after_kib=99772
.RESULT arm=cap16
RESULT elapsed_ns=183571500
RESULT threads=8
RESULT rounds_per_thread=6
RESULT pool_segments_requested=16
RESULT pool_byte_cap_requested=67108864
RESULT segments_reserved_total=72
RESULT segments_released_total=48
RESULT decommit_calls_total=40
RESULT large_cache_hits=45
RESULT rss_after_kib=77524
RESULT commit_after_kib=99776
.RESULT arm=cap4
RESULT elapsed_ns=169279000
RESULT threads=8
RESULT rounds_per_thread=6
RESULT pool_segments_requested=4
RESULT pool_byte_cap_requested=16777216
RESULT segments_reserved_total=72
RESULT segments_released_total=48
RESULT decommit_calls_total=40
RESULT large_cache_hits=45
RESULT rss_after_kib=77496
RESULT commit_after_kib=99744
.RESULT arm=cap4
RESULT elapsed_ns=172024800
RESULT threads=8
RESULT rounds_per_thread=6
RESULT pool_segments_requested=4
RESULT pool_byte_cap_requested=16777216
RESULT segments_reserved_total=72
RESULT segments_released_total=48
RESULT decommit_calls_total=40
RESULT large_cache_hits=45
RESULT rss_after_kib=77496
RESULT commit_after_kib=99736
.RESULT arm=cap16
RESULT elapsed_ns=166007100
RESULT threads=8
RESULT rounds_per_thread=6
RESULT pool_segments_requested=16
RESULT pool_byte_cap_requested=67108864
RESULT segments_reserved_total=72
RESULT segments_released_total=48
RESULT decommit_calls_total=40
RESULT large_cache_hits=45
RESULT rss_after_kib=77516
RESULT commit_after_kib=99776
.RESULT arm=cap16
RESULT elapsed_ns=182586900
RESULT threads=8
RESULT rounds_per_thread=6
RESULT pool_segments_requested=16
RESULT pool_byte_cap_requested=67108864
RESULT segments_reserved_total=72
RESULT segments_released_total=48
RESULT decommit_calls_total=40
RESULT large_cache_hits=45
RESULT rss_after_kib=77512
RESULT commit_after_kib=99772
.RESULT arm=cap4
RESULT elapsed_ns=190459300
RESULT threads=8
RESULT rounds_per_thread=6
RESULT pool_segments_requested=4
RESULT pool_byte_cap_requested=16777216
RESULT segments_reserved_total=72
RESULT segments_released_total=48
RESULT decommit_calls_total=40
RESULT large_cache_hits=45
RESULT rss_after_kib=77516
RESULT commit_after_kib=99768
.RESULT arm=cap4
RESULT elapsed_ns=156462500
RESULT threads=8
RESULT rounds_per_thread=6
RESULT pool_segments_requested=4
RESULT pool_byte_cap_requested=16777216
RESULT segments_reserved_total=72
RESULT segments_released_total=48
RESULT decommit_calls_total=40
RESULT large_cache_hits=45
RESULT rss_after_kib=77508
RESULT commit_after_kib=99752
.RESULT arm=cap16
RESULT elapsed_ns=179977700
RESULT threads=8
RESULT rounds_per_thread=6
RESULT pool_segments_requested=16
RESULT pool_byte_cap_requested=67108864
RESULT segments_reserved_total=72
RESULT segments_released_total=48
RESULT decommit_calls_total=40
RESULT large_cache_hits=45
RESULT rss_after_kib=77500
RESULT commit_after_kib=99748
.RESULT arm=cap16
RESULT elapsed_ns=188027800
RESULT threads=8
RESULT rounds_per_thread=6
RESULT pool_segments_requested=16
RESULT pool_byte_cap_requested=67108864
RESULT segments_reserved_total=72
RESULT segments_released_total=48
RESULT decommit_calls_total=40
RESULT large_cache_hits=45
RESULT rss_after_kib=77504
RESULT commit_after_kib=99736
.RESULT arm=cap4
RESULT elapsed_ns=194647300
RESULT threads=8
RESULT rounds_per_thread=6
RESULT pool_segments_requested=4
RESULT pool_byte_cap_requested=16777216
RESULT segments_reserved_total=72
RESULT segments_released_total=48
RESULT decommit_calls_total=40
RESULT large_cache_hits=45
RESULT rss_after_kib=77512
RESULT commit_after_kib=99756
.RESULT arm=cap4
RESULT elapsed_ns=166691600
RESULT threads=8
RESULT rounds_per_thread=6
RESULT pool_segments_requested=4
RESULT pool_byte_cap_requested=16777216
RESULT segments_reserved_total=72
RESULT segments_released_total=48
RESULT decommit_calls_total=40
RESULT large_cache_hits=45
RESULT rss_after_kib=77504
RESULT commit_after_kib=99744
.RESULT arm=cap16
RESULT elapsed_ns=164313400
RESULT threads=8
RESULT rounds_per_thread=6
RESULT pool_segments_requested=16
RESULT pool_byte_cap_requested=67108864
RESULT segments_reserved_total=72
RESULT segments_released_total=48
RESULT decommit_calls_total=40
RESULT large_cache_hits=45
RESULT rss_after_kib=77504
RESULT commit_after_kib=99744
.RESULT arm=cap16
RESULT elapsed_ns=150267600
RESULT threads=8
RESULT rounds_per_thread=6
RESULT pool_segments_requested=16
RESULT pool_byte_cap_requested=67108864
RESULT segments_reserved_total=72
RESULT segments_released_total=48
RESULT decommit_calls_total=40
RESULT large_cache_hits=45
RESULT rss_after_kib=77528
RESULT commit_after_kib=99768
.RESULT arm=cap4
RESULT elapsed_ns=205422800
RESULT threads=8
RESULT rounds_per_thread=6
RESULT pool_segments_requested=4
RESULT pool_byte_cap_requested=16777216
RESULT segments_reserved_total=72
RESULT segments_released_total=48
RESULT decommit_calls_total=40
RESULT large_cache_hits=45
RESULT rss_after_kib=77516
RESULT commit_after_kib=99756
.RESULT arm=cap4
RESULT elapsed_ns=163695300
RESULT threads=8
RESULT rounds_per_thread=6
RESULT pool_segments_requested=4
RESULT pool_byte_cap_requested=16777216
RESULT segments_reserved_total=72
RESULT segments_released_total=48
RESULT decommit_calls_total=40
RESULT large_cache_hits=45
RESULT rss_after_kib=77504
RESULT commit_after_kib=99740
.RESULT arm=cap16
RESULT elapsed_ns=159465300
RESULT threads=8
RESULT rounds_per_thread=6
RESULT pool_segments_requested=16
RESULT pool_byte_cap_requested=67108864
RESULT segments_reserved_total=72
RESULT segments_released_total=48
RESULT decommit_calls_total=40
RESULT large_cache_hits=45
RESULT rss_after_kib=77520
RESULT commit_after_kib=99780
.RESULT arm=cap16
RESULT elapsed_ns=189737000
RESULT threads=8
RESULT rounds_per_thread=6
RESULT pool_segments_requested=16
RESULT pool_byte_cap_requested=67108864
RESULT segments_reserved_total=72
RESULT segments_released_total=48
RESULT decommit_calls_total=40
RESULT large_cache_hits=45
RESULT rss_after_kib=77504
RESULT commit_after_kib=99740
.RESULT arm=cap4
RESULT elapsed_ns=180451000
RESULT threads=8
RESULT rounds_per_thread=6
RESULT pool_segments_requested=4
RESULT pool_byte_cap_requested=16777216
RESULT segments_reserved_total=72
RESULT segments_released_total=48
RESULT decommit_calls_total=40
RESULT large_cache_hits=45
RESULT rss_after_kib=77512
RESULT commit_after_kib=99752
.RESULT arm=cap4
RESULT elapsed_ns=216114800
RESULT threads=8
RESULT rounds_per_thread=6
RESULT pool_segments_requested=4
RESULT pool_byte_cap_requested=16777216
RESULT segments_reserved_total=72
RESULT segments_released_total=48
RESULT decommit_calls_total=40
RESULT large_cache_hits=45
RESULT rss_after_kib=77524
RESULT commit_after_kib=99780
.RESULT arm=cap16
RESULT elapsed_ns=174711400
RESULT threads=8
RESULT rounds_per_thread=6
RESULT pool_segments_requested=16
RESULT pool_byte_cap_requested=67108864
RESULT segments_reserved_total=72
RESULT segments_released_total=48
RESULT decommit_calls_total=40
RESULT large_cache_hits=45
RESULT rss_after_kib=77520
RESULT commit_after_kib=99768
.RESULT arm=cap16
RESULT elapsed_ns=158494500
RESULT threads=8
RESULT rounds_per_thread=6
RESULT pool_segments_requested=16
RESULT pool_byte_cap_requested=67108864
RESULT segments_reserved_total=72
RESULT segments_released_total=48
RESULT decommit_calls_total=40
RESULT large_cache_hits=45
RESULT rss_after_kib=77504
RESULT commit_after_kib=99744
.RESULT arm=cap4
RESULT elapsed_ns=154854300
RESULT threads=8
RESULT rounds_per_thread=6
RESULT pool_segments_requested=4
RESULT pool_byte_cap_requested=16777216
RESULT segments_reserved_total=72
RESULT segments_released_total=48
RESULT decommit_calls_total=40
RESULT large_cache_hits=45
RESULT rss_after_kib=77508
RESULT commit_after_kib=99748
.RESULT arm=cap4
RESULT elapsed_ns=186117800
RESULT threads=8
RESULT rounds_per_thread=6
RESULT pool_segments_requested=4
RESULT pool_byte_cap_requested=16777216
RESULT segments_reserved_total=72
RESULT segments_released_total=48
RESULT decommit_calls_total=40
RESULT large_cache_hits=45
RESULT rss_after_kib=77504
RESULT commit_after_kib=99748
.RESULT arm=cap16
RESULT elapsed_ns=144760200
RESULT threads=8
RESULT rounds_per_thread=6
RESULT pool_segments_requested=16
RESULT pool_byte_cap_requested=67108864
RESULT segments_reserved_total=72
RESULT segments_released_total=48
RESULT decommit_calls_total=40
RESULT large_cache_hits=45
RESULT rss_after_kib=77504
RESULT commit_after_kib=99744
.RESULT arm=cap16
RESULT elapsed_ns=161745200
RESULT threads=8
RESULT rounds_per_thread=6
RESULT pool_segments_requested=16
RESULT pool_byte_cap_requested=67108864
RESULT segments_reserved_total=72
RESULT segments_released_total=48
RESULT decommit_calls_total=40
RESULT large_cache_hits=45
RESULT rss_after_kib=77504
RESULT commit_after_kib=99744
.RESULT arm=cap4
RESULT elapsed_ns=145361300
RESULT threads=8
RESULT rounds_per_thread=6
RESULT pool_segments_requested=4
RESULT pool_byte_cap_requested=16777216
RESULT segments_reserved_total=72
RESULT segments_released_total=48
RESULT decommit_calls_total=40
RESULT large_cache_hits=45
RESULT rss_after_kib=77512
RESULT commit_after_kib=99748
.RESULT arm=cap4
RESULT elapsed_ns=175505100
RESULT threads=8
RESULT rounds_per_thread=6
RESULT pool_segments_requested=4
RESULT pool_byte_cap_requested=16777216
RESULT segments_reserved_total=72
RESULT segments_released_total=48
RESULT decommit_calls_total=40
RESULT large_cache_hits=45
RESULT rss_after_kib=77512
RESULT commit_after_kib=99756
.RESULT arm=cap16
RESULT elapsed_ns=210383500
RESULT threads=8
RESULT rounds_per_thread=6
RESULT pool_segments_requested=16
RESULT pool_byte_cap_requested=67108864
RESULT segments_reserved_total=72
RESULT segments_released_total=48
RESULT decommit_calls_total=40
RESULT large_cache_hits=45
RESULT rss_after_kib=77508
RESULT commit_after_kib=99744
.RESULT arm=cap16
RESULT elapsed_ns=169799700
RESULT threads=8
RESULT rounds_per_thread=6
RESULT pool_segments_requested=16
RESULT pool_byte_cap_requested=67108864
RESULT segments_reserved_total=72
RESULT segments_released_total=48
RESULT decommit_calls_total=40
RESULT large_cache_hits=45
RESULT rss_after_kib=77504
RESULT commit_after_kib=99744
.RESULT arm=cap4
RESULT elapsed_ns=170321200
RESULT threads=8
RESULT rounds_per_thread=6
RESULT pool_segments_requested=4
RESULT pool_byte_cap_requested=16777216
RESULT segments_reserved_total=72
RESULT segments_released_total=48
RESULT decommit_calls_total=40
RESULT large_cache_hits=45
RESULT rss_after_kib=77512
RESULT commit_after_kib=99756
.RESULT arm=cap4
RESULT elapsed_ns=164686100
RESULT threads=8
RESULT rounds_per_thread=6
RESULT pool_segments_requested=4
RESULT pool_byte_cap_requested=16777216
RESULT segments_reserved_total=72
RESULT segments_released_total=48
RESULT decommit_calls_total=40
RESULT large_cache_hits=45
RESULT rss_after_kib=77504
RESULT commit_after_kib=99744
.RESULT arm=cap16
RESULT elapsed_ns=174537400
RESULT threads=8
RESULT rounds_per_thread=6
RESULT pool_segments_requested=16
RESULT pool_byte_cap_requested=67108864
RESULT segments_reserved_total=72
RESULT segments_released_total=48
RESULT decommit_calls_total=40
RESULT large_cache_hits=45
RESULT rss_after_kib=77512
RESULT commit_after_kib=99752
.RESULT arm=cap16
RESULT elapsed_ns=150317600
RESULT threads=8
RESULT rounds_per_thread=6
RESULT pool_segments_requested=16
RESULT pool_byte_cap_requested=67108864
RESULT segments_reserved_total=72
RESULT segments_released_total=48
RESULT decommit_calls_total=40
RESULT large_cache_hits=45
RESULT rss_after_kib=77516
RESULT commit_after_kib=99752
.RESULT arm=cap4
RESULT elapsed_ns=164864400
RESULT threads=8
RESULT rounds_per_thread=6
RESULT pool_segments_requested=4
RESULT pool_byte_cap_requested=16777216
RESULT segments_reserved_total=72
RESULT segments_released_total=48
RESULT decommit_calls_total=40
RESULT large_cache_hits=45
RESULT rss_after_kib=77520
RESULT commit_after_kib=99764
.RESULT arm=cap4
RESULT elapsed_ns=195690900
RESULT threads=8
RESULT rounds_per_thread=6
RESULT pool_segments_requested=4
RESULT pool_byte_cap_requested=16777216
RESULT segments_reserved_total=72
RESULT segments_released_total=48
RESULT decommit_calls_total=40
RESULT large_cache_hits=45
RESULT rss_after_kib=77500
RESULT commit_after_kib=99736
.RESULT arm=cap16
RESULT elapsed_ns=160091400
RESULT threads=8
RESULT rounds_per_thread=6
RESULT pool_segments_requested=16
RESULT pool_byte_cap_requested=67108864
RESULT segments_reserved_total=72
RESULT segments_released_total=48
RESULT decommit_calls_total=40
RESULT large_cache_hits=45
RESULT rss_after_kib=77508
RESULT commit_after_kib=99744
.RESULT arm=cap16
RESULT elapsed_ns=187948000
RESULT threads=8
RESULT rounds_per_thread=6
RESULT pool_segments_requested=16
RESULT pool_byte_cap_requested=67108864
RESULT segments_reserved_total=72
RESULT segments_released_total=48
RESULT decommit_calls_total=40
RESULT large_cache_hits=45
RESULT rss_after_kib=77504
RESULT commit_after_kib=99744
.RESULT arm=cap4
RESULT elapsed_ns=127485700
RESULT threads=8
RESULT rounds_per_thread=6
RESULT pool_segments_requested=4
RESULT pool_byte_cap_requested=16777216
RESULT segments_reserved_total=72
RESULT segments_released_total=48
RESULT decommit_calls_total=40
RESULT large_cache_hits=45
RESULT rss_after_kib=77504
RESULT commit_after_kib=99748
.RESULT arm=cap4
RESULT elapsed_ns=175683500
RESULT threads=8
RESULT rounds_per_thread=6
RESULT pool_segments_requested=4
RESULT pool_byte_cap_requested=16777216
RESULT segments_reserved_total=72
RESULT segments_released_total=48
RESULT decommit_calls_total=40
RESULT large_cache_hits=45
RESULT rss_after_kib=77508
RESULT commit_after_kib=99752
.RESULT arm=cap16
RESULT elapsed_ns=160883000
RESULT threads=8
RESULT rounds_per_thread=6
RESULT pool_segments_requested=16
RESULT pool_byte_cap_requested=67108864
RESULT segments_reserved_total=72
RESULT segments_released_total=48
RESULT decommit_calls_total=40
RESULT large_cache_hits=45
RESULT rss_after_kib=77504
RESULT commit_after_kib=99740
.RESULT arm=cap16
RESULT elapsed_ns=204550700
RESULT threads=8
RESULT rounds_per_thread=6
RESULT pool_segments_requested=16
RESULT pool_byte_cap_requested=67108864
RESULT segments_reserved_total=72
RESULT segments_released_total=48
RESULT decommit_calls_total=40
RESULT large_cache_hits=45
RESULT rss_after_kib=77508
RESULT commit_after_kib=99744
.RESULT arm=cap4
RESULT elapsed_ns=186740900
RESULT threads=8
RESULT rounds_per_thread=6
RESULT pool_segments_requested=4
RESULT pool_byte_cap_requested=16777216
RESULT segments_reserved_total=72
RESULT segments_released_total=48
RESULT decommit_calls_total=40
RESULT large_cache_hits=45
RESULT rss_after_kib=77500
RESULT commit_after_kib=99740
.RESULT arm=cap4
RESULT elapsed_ns=176205600
RESULT threads=8
RESULT rounds_per_thread=6
RESULT pool_segments_requested=4
RESULT pool_byte_cap_requested=16777216
RESULT segments_reserved_total=72
RESULT segments_released_total=48
RESULT decommit_calls_total=40
RESULT large_cache_hits=45
RESULT rss_after_kib=77504
RESULT commit_after_kib=99744
.RESULT arm=cap16
RESULT elapsed_ns=171776800
RESULT threads=8
RESULT rounds_per_thread=6
RESULT pool_segments_requested=16
RESULT pool_byte_cap_requested=67108864
RESULT segments_reserved_total=72
RESULT segments_released_total=48
RESULT decommit_calls_total=40
RESULT large_cache_hits=45
RESULT rss_after_kib=77504
RESULT commit_after_kib=99740
.RESULT arm=cap16
RESULT elapsed_ns=177062400
RESULT threads=8
RESULT rounds_per_thread=6
RESULT pool_segments_requested=16
RESULT pool_byte_cap_requested=67108864
RESULT segments_reserved_total=72
RESULT segments_released_total=48
RESULT decommit_calls_total=40
RESULT large_cache_hits=45
RESULT rss_after_kib=77516
RESULT commit_after_kib=99752
.RESULT arm=cap4
RESULT elapsed_ns=143982800
RESULT threads=8
RESULT rounds_per_thread=6
RESULT pool_segments_requested=4
RESULT pool_byte_cap_requested=16777216
RESULT segments_reserved_total=72
RESULT segments_released_total=48
RESULT decommit_calls_total=40
RESULT large_cache_hits=45
RESULT rss_after_kib=77504
RESULT commit_after_kib=99744
.RESULT arm=cap4
RESULT elapsed_ns=175937400
RESULT threads=8
RESULT rounds_per_thread=6
RESULT pool_segments_requested=4
RESULT pool_byte_cap_requested=16777216
RESULT segments_reserved_total=72
RESULT segments_released_total=48
RESULT decommit_calls_total=40
RESULT large_cache_hits=45
RESULT rss_after_kib=77500
RESULT commit_after_kib=99736
.RESULT arm=cap16
RESULT elapsed_ns=170917900
RESULT threads=8
RESULT rounds_per_thread=6
RESULT pool_segments_requested=16
RESULT pool_byte_cap_requested=67108864
RESULT segments_reserved_total=72
RESULT segments_released_total=48
RESULT decommit_calls_total=40
RESULT large_cache_hits=45
RESULT rss_after_kib=77508
RESULT commit_after_kib=99748
.RESULT arm=cap16
RESULT elapsed_ns=134955100
RESULT threads=8
RESULT rounds_per_thread=6
RESULT pool_segments_requested=16
RESULT pool_byte_cap_requested=67108864
RESULT segments_reserved_total=72
RESULT segments_released_total=48
RESULT decommit_calls_total=40
RESULT large_cache_hits=45
RESULT rss_after_kib=77508
RESULT commit_after_kib=99744
.RESULT arm=cap4
RESULT elapsed_ns=167701100
RESULT threads=8
RESULT rounds_per_thread=6
RESULT pool_segments_requested=4
RESULT pool_byte_cap_requested=16777216
RESULT segments_reserved_total=72
RESULT segments_released_total=48
RESULT decommit_calls_total=40
RESULT large_cache_hits=45
RESULT rss_after_kib=77504
RESULT commit_after_kib=99744
.RESULT arm=cap4
RESULT elapsed_ns=219526600
RESULT threads=8
RESULT rounds_per_thread=6
RESULT pool_segments_requested=4
RESULT pool_byte_cap_requested=16777216
RESULT segments_reserved_total=72
RESULT segments_released_total=48
RESULT decommit_calls_total=40
RESULT large_cache_hits=45
RESULT rss_after_kib=77508
RESULT commit_after_kib=99748
.RESULT arm=cap16
RESULT elapsed_ns=149781900
RESULT threads=8
RESULT rounds_per_thread=6
RESULT pool_segments_requested=16
RESULT pool_byte_cap_requested=67108864
RESULT segments_reserved_total=72
RESULT segments_released_total=48
RESULT decommit_calls_total=40
RESULT large_cache_hits=45
RESULT rss_after_kib=77512
RESULT commit_after_kib=99748
.RESULT arm=cap16
RESULT elapsed_ns=179675200
RESULT threads=8
RESULT rounds_per_thread=6
RESULT pool_segments_requested=16
RESULT pool_byte_cap_requested=67108864
RESULT segments_reserved_total=72
RESULT segments_released_total=48
RESULT decommit_calls_total=40
RESULT large_cache_hits=45
RESULT rss_after_kib=77508
RESULT commit_after_kib=99748
.RESULT arm=cap4
RESULT elapsed_ns=178682500
RESULT threads=8
RESULT rounds_per_thread=6
RESULT pool_segments_requested=4
RESULT pool_byte_cap_requested=16777216
RESULT segments_reserved_total=72
RESULT segments_released_total=48
RESULT decommit_calls_total=40
RESULT large_cache_hits=45
RESULT rss_after_kib=77508
RESULT commit_after_kib=99744
.RESULT arm=cap4
RESULT elapsed_ns=198600100
RESULT threads=8
RESULT rounds_per_thread=6
RESULT pool_segments_requested=4
RESULT pool_byte_cap_requested=16777216
RESULT segments_reserved_total=72
RESULT segments_released_total=48
RESULT decommit_calls_total=40
RESULT large_cache_hits=45
RESULT rss_after_kib=77504
RESULT commit_after_kib=99744
.RESULT arm=cap16
RESULT elapsed_ns=204012700
RESULT threads=8
RESULT rounds_per_thread=6
RESULT pool_segments_requested=16
RESULT pool_byte_cap_requested=67108864
RESULT segments_reserved_total=72
RESULT segments_released_total=48
RESULT decommit_calls_total=40
RESULT large_cache_hits=45
RESULT rss_after_kib=77508
RESULT commit_after_kib=99748
.RESULT arm=cap16
RESULT elapsed_ns=252048600
RESULT threads=8
RESULT rounds_per_thread=6
RESULT pool_segments_requested=16
RESULT pool_byte_cap_requested=67108864
RESULT segments_reserved_total=72
RESULT segments_released_total=48
RESULT decommit_calls_total=40
RESULT large_cache_hits=45
RESULT rss_after_kib=77520
RESULT commit_after_kib=99748
.RESULT arm=cap4
RESULT elapsed_ns=203428700
RESULT threads=8
RESULT rounds_per_thread=6
RESULT pool_segments_requested=4
RESULT pool_byte_cap_requested=16777216
RESULT segments_reserved_total=72
RESULT segments_released_total=48
RESULT decommit_calls_total=40
RESULT large_cache_hits=45
RESULT rss_after_kib=78052
RESULT commit_after_kib=99740
.RESULT arm=cap4
RESULT elapsed_ns=209787600
RESULT threads=8
RESULT rounds_per_thread=6
RESULT pool_segments_requested=4
RESULT pool_byte_cap_requested=16777216
RESULT segments_reserved_total=72
RESULT segments_released_total=48
RESULT decommit_calls_total=40
RESULT large_cache_hits=45
RESULT rss_after_kib=77500
RESULT commit_after_kib=99736
.RESULT arm=cap16
RESULT elapsed_ns=246106100
RESULT threads=8
RESULT rounds_per_thread=6
RESULT pool_segments_requested=16
RESULT pool_byte_cap_requested=67108864
RESULT segments_reserved_total=72
RESULT segments_released_total=48
RESULT decommit_calls_total=40
RESULT large_cache_hits=45
RESULT rss_after_kib=77504
RESULT commit_after_kib=99740
.RESULT arm=cap16
RESULT elapsed_ns=219767300
RESULT threads=8
RESULT rounds_per_thread=6
RESULT pool_segments_requested=16
RESULT pool_byte_cap_requested=67108864
RESULT segments_reserved_total=72
RESULT segments_released_total=48
RESULT decommit_calls_total=40
RESULT large_cache_hits=45
RESULT rss_after_kib=77504
RESULT commit_after_kib=99748
.RESULT arm=cap4
RESULT elapsed_ns=225647200
RESULT threads=8
RESULT rounds_per_thread=6
RESULT pool_segments_requested=4
RESULT pool_byte_cap_requested=16777216
RESULT segments_reserved_total=72
RESULT segments_released_total=48
RESULT decommit_calls_total=40
RESULT large_cache_hits=45
RESULT rss_after_kib=77504
RESULT commit_after_kib=99740
.RESULT arm=cap4
RESULT elapsed_ns=207995100
RESULT threads=8
RESULT rounds_per_thread=6
RESULT pool_segments_requested=4
RESULT pool_byte_cap_requested=16777216
RESULT segments_reserved_total=72
RESULT segments_released_total=48
RESULT decommit_calls_total=40
RESULT large_cache_hits=45
RESULT rss_after_kib=77512
RESULT commit_after_kib=99744
.RESULT arm=cap16
RESULT elapsed_ns=191138700
RESULT threads=8
RESULT rounds_per_thread=6
RESULT pool_segments_requested=16
RESULT pool_byte_cap_requested=67108864
RESULT segments_reserved_total=72
RESULT segments_released_total=48
RESULT decommit_calls_total=40
RESULT large_cache_hits=45
RESULT rss_after_kib=77520
RESULT commit_after_kib=99768
.RESULT arm=cap16
RESULT elapsed_ns=178637600
RESULT threads=8
RESULT rounds_per_thread=6
RESULT pool_segments_requested=16
RESULT pool_byte_cap_requested=67108864
RESULT segments_reserved_total=72
RESULT segments_released_total=48
RESULT decommit_calls_total=40
RESULT large_cache_hits=45
RESULT rss_after_kib=77504
RESULT commit_after_kib=99744
.RESULT arm=cap4
RESULT elapsed_ns=168318500
RESULT threads=8
RESULT rounds_per_thread=6
RESULT pool_segments_requested=4
RESULT pool_byte_cap_requested=16777216
RESULT segments_reserved_total=72
RESULT segments_released_total=48
RESULT decommit_calls_total=40
RESULT large_cache_hits=45
RESULT rss_after_kib=77504
RESULT commit_after_kib=99736
.RESULT arm=cap4
RESULT elapsed_ns=227850400
RESULT threads=8
RESULT rounds_per_thread=6
RESULT pool_segments_requested=4
RESULT pool_byte_cap_requested=16777216
RESULT segments_reserved_total=72
RESULT segments_released_total=48
RESULT decommit_calls_total=40
RESULT large_cache_hits=45
RESULT rss_after_kib=77520
RESULT commit_after_kib=99768
.RESULT arm=cap16
RESULT elapsed_ns=198119800
RESULT threads=8
RESULT rounds_per_thread=6
RESULT pool_segments_requested=16
RESULT pool_byte_cap_requested=67108864
RESULT segments_reserved_total=72
RESULT segments_released_total=48
RESULT decommit_calls_total=40
RESULT large_cache_hits=45
RESULT rss_after_kib=77508
RESULT commit_after_kib=99740
.RESULT arm=cap16
RESULT elapsed_ns=172292900
RESULT threads=8
RESULT rounds_per_thread=6
RESULT pool_segments_requested=16
RESULT pool_byte_cap_requested=67108864
RESULT segments_reserved_total=72
RESULT segments_released_total=48
RESULT decommit_calls_total=40
RESULT large_cache_hits=45
RESULT rss_after_kib=77512
RESULT commit_after_kib=99760
.RESULT arm=cap4
RESULT elapsed_ns=186004200
RESULT threads=8
RESULT rounds_per_thread=6
RESULT pool_segments_requested=4
RESULT pool_byte_cap_requested=16777216
RESULT segments_reserved_total=72
RESULT segments_released_total=48
RESULT decommit_calls_total=40
RESULT large_cache_hits=45
RESULT rss_after_kib=77504
RESULT commit_after_kib=99740
.RESULT arm=cap4
RESULT elapsed_ns=182128900
RESULT threads=8
RESULT rounds_per_thread=6
RESULT pool_segments_requested=4
RESULT pool_byte_cap_requested=16777216
RESULT segments_reserved_total=72
RESULT segments_released_total=48
RESULT decommit_calls_total=40
RESULT large_cache_hits=45
RESULT rss_after_kib=77504
RESULT commit_after_kib=99744
.RESULT arm=cap16
RESULT elapsed_ns=223756600
RESULT threads=8
RESULT rounds_per_thread=6
RESULT pool_segments_requested=16
RESULT pool_byte_cap_requested=67108864
RESULT segments_reserved_total=72
RESULT segments_released_total=48
RESULT decommit_calls_total=40
RESULT large_cache_hits=45
RESULT rss_after_kib=77504
RESULT commit_after_kib=99740
.RESULT arm=cap16
RESULT elapsed_ns=174021300
RESULT threads=8
RESULT rounds_per_thread=6
RESULT pool_segments_requested=16
RESULT pool_byte_cap_requested=67108864
RESULT segments_reserved_total=72
RESULT segments_released_total=48
RESULT decommit_calls_total=40
RESULT large_cache_hits=45
RESULT rss_after_kib=77512
RESULT commit_after_kib=99752
.RESULT arm=cap4
RESULT elapsed_ns=203069400
RESULT threads=8
RESULT rounds_per_thread=6
RESULT pool_segments_requested=4
RESULT pool_byte_cap_requested=16777216
RESULT segments_reserved_total=72
RESULT segments_released_total=48
RESULT decommit_calls_total=40
RESULT large_cache_hits=45
RESULT rss_after_kib=77508
RESULT commit_after_kib=99748
.RESULT arm=cap4
RESULT elapsed_ns=210441700
RESULT threads=8
RESULT rounds_per_thread=6
RESULT pool_segments_requested=4
RESULT pool_byte_cap_requested=16777216
RESULT segments_reserved_total=72
RESULT segments_released_total=48
RESULT decommit_calls_total=40
RESULT large_cache_hits=45
RESULT rss_after_kib=77504
RESULT commit_after_kib=99744
.RESULT arm=cap16
RESULT elapsed_ns=245587500
RESULT threads=8
RESULT rounds_per_thread=6
RESULT pool_segments_requested=16
RESULT pool_byte_cap_requested=67108864
RESULT segments_reserved_total=72
RESULT segments_released_total=48
RESULT decommit_calls_total=40
RESULT large_cache_hits=45
RESULT rss_after_kib=77504
RESULT commit_after_kib=99744
.RESULT arm=cap16
RESULT elapsed_ns=205801200
RESULT threads=8
RESULT rounds_per_thread=6
RESULT pool_segments_requested=16
RESULT pool_byte_cap_requested=67108864
RESULT segments_reserved_total=72
RESULT segments_released_total=48
RESULT decommit_calls_total=40
RESULT large_cache_hits=45
RESULT rss_after_kib=77504
RESULT commit_after_kib=99744
.RESULT arm=cap4
RESULT elapsed_ns=205431100
RESULT threads=8
RESULT rounds_per_thread=6
RESULT pool_segments_requested=4
RESULT pool_byte_cap_requested=16777216
RESULT segments_reserved_total=72
RESULT segments_released_total=48
RESULT decommit_calls_total=40
RESULT large_cache_hits=45
RESULT rss_after_kib=77508
RESULT commit_after_kib=99752
.

  === cap4 vs cap16 (A - B, ns) ===
  n=20  mean Δ=400.845 us  sd=17.397 ms  se=3.890 ms  t=0.103  df=19  crit(p<0.05)=2.101  => NOT statistically distinguishable from noise (fails to reject null)
  sign test: cap4-faster=11/20  cap16-faster=9/20  ties=0

[paired-ab] provenance written to D:\dev\rust\sefer-alloc/docs/perf/paired_ab_runs/2026-07-30T20-57-46-116Z.json

[paired-ab] Reading this output: `t` past `crit` (or sign test heavily lopsided, e.g. 17+/20) means a REAL,
  non-noise wall-clock difference on THIS host for THIS workload — mirroring
  docs/perf/R5_R2_CHURN_REGRESSION_PAIRED_AB.md's verdict criteria. A same-vs-same control run
  (--arms sefer,sefer) should show t well under `crit` and a roughly even sign-test split --
  if it does not, that indicates a harness bug (non-reproducible workload, background load
  bleeding into the timed region), not a real self-difference.
