    Finished `bench` profile [optimized] target(s) in 0.47s
     Running benches\global_alloc.rs (D:\dev\rust\.cargo-target\release\deps\global_alloc-6d52b39d31eef9c2.exe)
Gnuplot not found, using plotters backend
global_alloc_churn_with_teardown/16B: decommit_calls delta = 0, segments_released_total delta = 0
global_alloc_churn_with_teardown/64B: decommit_calls delta = 0, segments_released_total delta = 0
global_alloc_churn_with_teardown/256B: decommit_calls delta = 0, segments_released_total delta = 0
global_alloc_churn_with_teardown/1024B: decommit_calls delta = 0, segments_released_total delta = 0
Benchmarking working_set_cycle/SeferAlloc/16B
Benchmarking working_set_cycle/SeferAlloc/16B: Warming up for 150.00 ms
Benchmarking working_set_cycle/SeferAlloc/16B: Collecting 10 samples in estimated 609.96 ms (660 iterations)
Benchmarking working_set_cycle/SeferAlloc/16B: Analyzing
working_set_cycle/SeferAlloc/16B
                        time:   [196.90 µs 217.36 µs 246.76 µs]
                        change: [+19.017% +36.396% +55.352%] (p = 0.00 < 0.05)
                        Performance has regressed.
working_set_cycle/SeferAlloc/16B: decommit_calls delta = 0, segments_released_total delta = 0
Benchmarking working_set_cycle/SeferAlloc/64B
Benchmarking working_set_cycle/SeferAlloc/64B: Warming up for 150.00 ms
Benchmarking working_set_cycle/SeferAlloc/64B: Collecting 10 samples in estimated 611.48 ms (550 iterations)
Benchmarking working_set_cycle/SeferAlloc/64B: Analyzing
working_set_cycle/SeferAlloc/64B
                        time:   [204.70 µs 225.69 µs 246.75 µs]
                        change: [+14.394% +29.490% +46.055%] (p = 0.00 < 0.05)
                        Performance has regressed.
Found 1 outliers among 10 measurements (10.00%)
  1 (10.00%) high mild
working_set_cycle/SeferAlloc/64B: decommit_calls delta = 0, segments_released_total delta = 0
Benchmarking working_set_cycle/SeferAlloc/256B
Benchmarking working_set_cycle/SeferAlloc/256B: Warming up for 150.00 ms
Benchmarking working_set_cycle/SeferAlloc/256B: Collecting 10 samples in estimated 740.67 ms (275 iterations)
Benchmarking working_set_cycle/SeferAlloc/256B: Analyzing
working_set_cycle/SeferAlloc/256B
                        time:   [229.94 µs 255.58 µs 274.95 µs]
                        change: [+18.704% +30.319% +43.137%] (p = 0.00 < 0.05)
                        Performance has regressed.
working_set_cycle/SeferAlloc/256B: decommit_calls delta = 173, segments_released_total delta = 173
Benchmarking working_set_cycle/SeferAlloc/1024B
Benchmarking working_set_cycle/SeferAlloc/1024B: Warming up for 150.00 ms
Benchmarking working_set_cycle/SeferAlloc/1024B: Collecting 10 samples in estimated 838.21 ms (110 iterations)
Benchmarking working_set_cycle/SeferAlloc/1024B: Analyzing
working_set_cycle/SeferAlloc/1024B
                        time:   [244.61 µs 270.58 µs 302.37 µs]
                        change: [+10.570% +24.223% +38.463%] (p = 0.00 < 0.05)
                        Performance has regressed.
working_set_cycle/SeferAlloc/1024B: decommit_calls delta = 373, segments_released_total delta = 373

