=== R32-13 Windows reserve/commit decomposition gate ===
Platform: windows
Iterations: 200 (warmup: 20)
Pool cap: 4 (pre-filled before each timed run)
Payload: [0x12000, 0x400000) = 1006 pages (page_size = 4096)

── §1 Path-activation oracle (task #504 step 1 counters) ──
  windows_reserve_commit_calls delta (reserve-only loop): 200 (expect 200 iff windows)
  windows_reserve_commit_calls delta (total, incl. A/A'/C loops below): 200
  unix_exact_reserve_attempts delta (reserve-only loop): 0 / hits: 0
  unix_exact_reserve_attempts delta (total): 0 / hits: 0
  ORACLE: PASS (Windows host, windows_reserve_commit_calls == N, unix counters == 0)

── §2 Windows reserve-vs-commit SPLIT (median of 200) ──
  reserve-only (VirtualAlloc MEM_RESERVE + tiny MEM_COMMIT):         4904 ns
  commit-only  (VirtualAlloc MEM_COMMIT, remaining 1005 pages):        10806 ns  (10.8 ns/page)
  reserve-only + commit-only combined:                               15710 ns

── §3 R29-3-comparable component breakdown (ns/cycle, median of 200) ──
  (1)   OS reserve+release round-trip (LUMPED, R29-3-style):        142616 ns
  (2+3) table + metadata init:                                      -10680 ns  [= A − (1)]
  ────────────────────────────────────────────────────────
  (1+2+3) AVOIDABLE subtotal (A):                                   131936 ns

  decommit syscall (MEM_DECOMMIT):                                  506026 ns
  (4+5) recommit + first-touch page faults:                       2122502 ns  (1006 pages @ 2110 ns/fault)
  ────────────────────────────────────────────────────────
  (4+5) IRREDUCIBLE subtotal (B):                                  2628528 ns

── Real-world production cycle comparison ──
  A'  current design (reserve+touch+release):        2834328 ns
  B   reservation-only floor (decommit+reflt):        2628528 ns
  A' − B = reservation-only SAVES:                     205800 ns/cycle

═══ §4 SPLIT (R29-3-comparable verdict basis) ═══
  (1+2+3) AVOIDABLE:         131936 ns  (4.8%)
  (4+5)   IRREDUCIBLE:      2628528 ns  (95.2%)
  (1+2+3) as share of real production cycle A': 4.7%
  reserve-only+commit-only as share of (1+2+3) AVOIDABLE: 11.9%

═══ VERDICT (threshold: avoidable > 20% of the segment-lifecycle cycle → material) ═══
  RESERVATION PATH IS SMALL: (1+2+3) = 4.8% — page-fault cost dominates,
  matching R29-3's own Linux finding (1.0-1.3%). Step 3 is NOT justified
  by this evidence alone — see the gate report for the full verdict.

# csv-start
platform,oracle_pass,reserve_only_ns,commit_only_ns,os_roundtrip_lumped_ns,bookkeeping_ns,avoidable_a_ns,decommit_ns,refault_ns,irreducible_b_ns,a_prime_ns,avoidable_pct,irreducible_pct,avoidable_pct_of_a_prime,reserve_share_of_avoidable_pct,payload_pages
windows,1,4904.0,10806.5,142616.0,-10680.5,131935.5,506026.5,2122502.0,2628528.5,2834328.0,4.78,95.22,4.65,11.91,1006
# csv-end
