[paired-ab] --config has no "build" step; assuming arm commands are already built.

[paired-ab] off vs on — 20 pairs, A/B/B/A protocol
RESULT arm=class_aware_dirty_off
RESULT elapsed_ns=60105800
RESULT window_ns=4391900
RESULT owner_allocs=800
RESULT segments_reserved_total=675
.RESULT arm=class_aware_dirty_on
RESULT elapsed_ns=54147900
RESULT window_ns=2804000
RESULT owner_allocs=800
RESULT segments_reserved_total=676
.RESULT arm=class_aware_dirty_on
RESULT elapsed_ns=56003200
RESULT window_ns=2766800
RESULT owner_allocs=800
RESULT segments_reserved_total=675
.RESULT arm=class_aware_dirty_off
RESULT elapsed_ns=52845900
RESULT window_ns=3372700
RESULT owner_allocs=800
RESULT segments_reserved_total=677
.RESULT arm=class_aware_dirty_off
RESULT elapsed_ns=54805700
RESULT window_ns=3323500
RESULT owner_allocs=800
RESULT segments_reserved_total=677
.RESULT arm=class_aware_dirty_on
RESULT elapsed_ns=69285800
RESULT window_ns=18109100
RESULT owner_allocs=800
RESULT segments_reserved_total=675
.RESULT arm=class_aware_dirty_on
RESULT elapsed_ns=53924200
RESULT window_ns=2765500
RESULT owner_allocs=800
RESULT segments_reserved_total=674
.RESULT arm=class_aware_dirty_off
RESULT elapsed_ns=54436400
RESULT window_ns=3289100
RESULT owner_allocs=800
RESULT segments_reserved_total=675
.RESULT arm=class_aware_dirty_off
RESULT elapsed_ns=54660700
RESULT window_ns=3570900
RESULT owner_allocs=1055
RESULT segments_reserved_total=676
.RESULT arm=class_aware_dirty_on
RESULT elapsed_ns=56482000
RESULT window_ns=3229500
RESULT owner_allocs=800
RESULT segments_reserved_total=676
.RESULT arm=class_aware_dirty_on
RESULT elapsed_ns=53538100
RESULT window_ns=3205300
RESULT owner_allocs=800
RESULT segments_reserved_total=676
.RESULT arm=class_aware_dirty_off
RESULT elapsed_ns=52584600
RESULT window_ns=3453600
RESULT owner_allocs=800
RESULT segments_reserved_total=676
.RESULT arm=class_aware_dirty_off
RESULT elapsed_ns=52024800
RESULT window_ns=2885900
RESULT owner_allocs=800
RESULT segments_reserved_total=677
.RESULT arm=class_aware_dirty_on
RESULT elapsed_ns=52335200
RESULT window_ns=3137900
RESULT owner_allocs=800
RESULT segments_reserved_total=675
.RESULT arm=class_aware_dirty_on
RESULT elapsed_ns=53957300
RESULT window_ns=3992600
RESULT owner_allocs=800
RESULT segments_reserved_total=677
.RESULT arm=class_aware_dirty_off
RESULT elapsed_ns=52117100
RESULT window_ns=2731800
RESULT owner_allocs=800
RESULT segments_reserved_total=675
.RESULT arm=class_aware_dirty_off
RESULT elapsed_ns=52899100
RESULT window_ns=2771300
RESULT owner_allocs=800
RESULT segments_reserved_total=676
.RESULT arm=class_aware_dirty_on
RESULT elapsed_ns=52676300
RESULT window_ns=2752300
RESULT owner_allocs=800
RESULT segments_reserved_total=676
.RESULT arm=class_aware_dirty_on
RESULT elapsed_ns=52164900
RESULT window_ns=2698500
RESULT owner_allocs=800
RESULT segments_reserved_total=677
.RESULT arm=class_aware_dirty_off
RESULT elapsed_ns=52276300
RESULT window_ns=3023800
RESULT owner_allocs=800
RESULT segments_reserved_total=676
.RESULT arm=class_aware_dirty_off
RESULT elapsed_ns=54353600
RESULT window_ns=3746200
RESULT owner_allocs=908
RESULT segments_reserved_total=677
.RESULT arm=class_aware_dirty_on
RESULT elapsed_ns=52747900
RESULT window_ns=3218000
RESULT owner_allocs=800
RESULT segments_reserved_total=675
.RESULT arm=class_aware_dirty_on
RESULT elapsed_ns=52836200
RESULT window_ns=3072100
RESULT owner_allocs=800
RESULT segments_reserved_total=676
.RESULT arm=class_aware_dirty_off
RESULT elapsed_ns=53516500
RESULT window_ns=3208000
RESULT owner_allocs=800
RESULT segments_reserved_total=675
.RESULT arm=class_aware_dirty_off
RESULT elapsed_ns=52946900
RESULT window_ns=3020900
RESULT owner_allocs=800
RESULT segments_reserved_total=675
.RESULT arm=class_aware_dirty_on
RESULT elapsed_ns=14323200
RESULT window_ns=3321300
RESULT owner_allocs=800
RESULT segments_reserved_total=682
.RESULT arm=class_aware_dirty_on
RESULT elapsed_ns=53232600
RESULT window_ns=2900200
RESULT owner_allocs=800
RESULT segments_reserved_total=675
.RESULT arm=class_aware_dirty_off
RESULT elapsed_ns=59181400
RESULT window_ns=9715000
RESULT owner_allocs=9177
RESULT segments_reserved_total=676
.RESULT arm=class_aware_dirty_off
RESULT elapsed_ns=53422100
RESULT window_ns=3096200
RESULT owner_allocs=800
RESULT segments_reserved_total=675
.RESULT arm=class_aware_dirty_on
RESULT elapsed_ns=52956400
RESULT window_ns=2857500
RESULT owner_allocs=800
RESULT segments_reserved_total=675
.RESULT arm=class_aware_dirty_on
RESULT elapsed_ns=51887700
RESULT window_ns=2628000
RESULT owner_allocs=800
RESULT segments_reserved_total=677
.RESULT arm=class_aware_dirty_off
RESULT elapsed_ns=52690900
RESULT window_ns=3257100
RESULT owner_allocs=800
RESULT segments_reserved_total=675
.RESULT arm=class_aware_dirty_off
RESULT elapsed_ns=56171200
RESULT window_ns=3988500
RESULT owner_allocs=800
RESULT segments_reserved_total=676
.RESULT arm=class_aware_dirty_on
RESULT elapsed_ns=53991700
RESULT window_ns=3714600
RESULT owner_allocs=800
RESULT segments_reserved_total=676
.RESULT arm=class_aware_dirty_on
RESULT elapsed_ns=52846700
RESULT window_ns=3156000
RESULT owner_allocs=800
RESULT segments_reserved_total=675
.RESULT arm=class_aware_dirty_off
RESULT elapsed_ns=53055500
RESULT window_ns=3043700
RESULT owner_allocs=800
RESULT segments_reserved_total=677
.RESULT arm=class_aware_dirty_off
RESULT elapsed_ns=51958700
RESULT window_ns=3232200
RESULT owner_allocs=800
RESULT segments_reserved_total=674
.RESULT arm=class_aware_dirty_on
RESULT elapsed_ns=88001700
RESULT window_ns=37388300
RESULT owner_allocs=800
RESULT segments_reserved_total=676
.RESULT arm=class_aware_dirty_on
RESULT elapsed_ns=51700100
RESULT window_ns=2720500
RESULT owner_allocs=800
RESULT segments_reserved_total=675
.RESULT arm=class_aware_dirty_off
RESULT elapsed_ns=51316400
RESULT window_ns=3054500
RESULT owner_allocs=800
RESULT segments_reserved_total=676
.RESULT arm=class_aware_dirty_off
RESULT elapsed_ns=52218900
RESULT window_ns=2511300
RESULT owner_allocs=800
RESULT segments_reserved_total=676
.RESULT arm=class_aware_dirty_on
RESULT elapsed_ns=51295500
RESULT window_ns=2782800
RESULT owner_allocs=800
RESULT segments_reserved_total=675
.RESULT arm=class_aware_dirty_on
RESULT elapsed_ns=52901800
RESULT window_ns=3046800
RESULT owner_allocs=800
RESULT segments_reserved_total=676
.RESULT arm=class_aware_dirty_off
RESULT elapsed_ns=52310900
RESULT window_ns=3617000
RESULT owner_allocs=1454
RESULT segments_reserved_total=676
.RESULT arm=class_aware_dirty_off
RESULT elapsed_ns=52326300
RESULT window_ns=2530300
RESULT owner_allocs=800
RESULT segments_reserved_total=677
.RESULT arm=class_aware_dirty_on
RESULT elapsed_ns=54843600
RESULT window_ns=5821000
RESULT owner_allocs=4406
RESULT segments_reserved_total=676
.RESULT arm=class_aware_dirty_on
RESULT elapsed_ns=53735200
RESULT window_ns=3462100
RESULT owner_allocs=800
RESULT segments_reserved_total=675
.RESULT arm=class_aware_dirty_off
RESULT elapsed_ns=54081300
RESULT window_ns=4598200
RESULT owner_allocs=2844
RESULT segments_reserved_total=675
.RESULT arm=class_aware_dirty_off
RESULT elapsed_ns=53271600
RESULT window_ns=3345000
RESULT owner_allocs=800
RESULT segments_reserved_total=675
.RESULT arm=class_aware_dirty_on
RESULT elapsed_ns=53528100
RESULT window_ns=3168900
RESULT owner_allocs=800
RESULT segments_reserved_total=675
.RESULT arm=class_aware_dirty_on
RESULT elapsed_ns=53922700
RESULT window_ns=3422000
RESULT owner_allocs=800
RESULT segments_reserved_total=676
.RESULT arm=class_aware_dirty_off
RESULT elapsed_ns=53060200
RESULT window_ns=3206400
RESULT owner_allocs=800
RESULT segments_reserved_total=675
.RESULT arm=class_aware_dirty_off
RESULT elapsed_ns=51791200
RESULT window_ns=2736100
RESULT owner_allocs=800
RESULT segments_reserved_total=675
.RESULT arm=class_aware_dirty_on
RESULT elapsed_ns=52182600
RESULT window_ns=3251300
RESULT owner_allocs=800
RESULT segments_reserved_total=676
.RESULT arm=class_aware_dirty_on
RESULT elapsed_ns=53076600
RESULT window_ns=3336400
RESULT owner_allocs=800
RESULT segments_reserved_total=676
.RESULT arm=class_aware_dirty_off
RESULT elapsed_ns=54454700
RESULT window_ns=3679200
RESULT owner_allocs=800
RESULT segments_reserved_total=675
.RESULT arm=class_aware_dirty_off
RESULT elapsed_ns=54789900
RESULT window_ns=5298500
RESULT owner_allocs=3766
RESULT segments_reserved_total=676
.RESULT arm=class_aware_dirty_on
RESULT elapsed_ns=54472000
RESULT window_ns=3392200
RESULT owner_allocs=800
RESULT segments_reserved_total=675
.RESULT arm=class_aware_dirty_on
RESULT elapsed_ns=52145600
RESULT window_ns=3159900
RESULT owner_allocs=800
RESULT segments_reserved_total=675
.RESULT arm=class_aware_dirty_off
RESULT elapsed_ns=52918300
RESULT window_ns=2808600
RESULT owner_allocs=800
RESULT segments_reserved_total=676
.RESULT arm=class_aware_dirty_off
RESULT elapsed_ns=51704300
RESULT window_ns=3153200
RESULT owner_allocs=800
RESULT segments_reserved_total=675
.RESULT arm=class_aware_dirty_on
RESULT elapsed_ns=52482400
RESULT window_ns=2351000
RESULT owner_allocs=800
RESULT segments_reserved_total=677
.RESULT arm=class_aware_dirty_on
RESULT elapsed_ns=52813400
RESULT window_ns=3633400
RESULT owner_allocs=800
RESULT segments_reserved_total=674
.RESULT arm=class_aware_dirty_off
RESULT elapsed_ns=53178900
RESULT window_ns=3826900
RESULT owner_allocs=800
RESULT segments_reserved_total=675
.RESULT arm=class_aware_dirty_off
RESULT elapsed_ns=51505400
RESULT window_ns=3106100
RESULT owner_allocs=800
RESULT segments_reserved_total=674
.RESULT arm=class_aware_dirty_on
RESULT elapsed_ns=91739100
RESULT window_ns=42981000
RESULT owner_allocs=800
RESULT segments_reserved_total=677
.RESULT arm=class_aware_dirty_on
RESULT elapsed_ns=56093600
RESULT window_ns=3519400
RESULT owner_allocs=800
RESULT segments_reserved_total=675
.RESULT arm=class_aware_dirty_off
RESULT elapsed_ns=55881200
RESULT window_ns=2783100
RESULT owner_allocs=800
RESULT segments_reserved_total=676
.RESULT arm=class_aware_dirty_off
RESULT elapsed_ns=54232500
RESULT window_ns=2783300
RESULT owner_allocs=800
RESULT segments_reserved_total=675
.RESULT arm=class_aware_dirty_on
RESULT elapsed_ns=55472300
RESULT window_ns=4301800
RESULT owner_allocs=800
RESULT segments_reserved_total=676
.RESULT arm=class_aware_dirty_on
RESULT elapsed_ns=54081500
RESULT window_ns=3860000
RESULT owner_allocs=800
RESULT segments_reserved_total=676
.RESULT arm=class_aware_dirty_off
RESULT elapsed_ns=51715700
RESULT window_ns=2447400
RESULT owner_allocs=800
RESULT segments_reserved_total=676
.RESULT arm=class_aware_dirty_off
RESULT elapsed_ns=52838100
RESULT window_ns=3057900
RESULT owner_allocs=800
RESULT segments_reserved_total=676
.RESULT arm=class_aware_dirty_on
RESULT elapsed_ns=52939400
RESULT window_ns=3166600
RESULT owner_allocs=800
RESULT segments_reserved_total=675
.RESULT arm=class_aware_dirty_on
RESULT elapsed_ns=54421000
RESULT window_ns=3546700
RESULT owner_allocs=800
RESULT segments_reserved_total=675
.RESULT arm=class_aware_dirty_off
RESULT elapsed_ns=52662000
RESULT window_ns=2600000
RESULT owner_allocs=800
RESULT segments_reserved_total=675
.RESULT arm=class_aware_dirty_off
RESULT elapsed_ns=53138500
RESULT window_ns=3277400
RESULT owner_allocs=800
RESULT segments_reserved_total=676
.RESULT arm=class_aware_dirty_on
RESULT elapsed_ns=53072100
RESULT window_ns=3516200
RESULT owner_allocs=800
RESULT segments_reserved_total=676
.RESULT arm=class_aware_dirty_on
RESULT elapsed_ns=54050200
RESULT window_ns=3308300
RESULT owner_allocs=800
RESULT segments_reserved_total=675
.RESULT arm=class_aware_dirty_off
RESULT elapsed_ns=52886100
RESULT window_ns=3371500
RESULT owner_allocs=800
RESULT segments_reserved_total=676
.

  === off vs on (A - B, ns) ===
  n=20  mean Δ=-1.249 ms  sd=8.175 ms  se=1.828 ms  t=-0.683  df=19  crit(p<0.05)=2.101  => NOT statistically distinguishable from noise (fails to reject null)
  sign test: off-faster=11/20  on-faster=9/20  ties=0

[paired-ab] provenance written to D:\dev\rust\sefer-alloc/docs/perf/paired_ab_runs/2026-07-24T15-35-13-424Z.json

[paired-ab] Reading this output: `t` past `crit` (or sign test heavily lopsided, e.g. 17+/20) means a REAL,
  non-noise wall-clock difference on THIS host for THIS workload — mirroring
  docs/perf/R5_R2_CHURN_REGRESSION_PAIRED_AB.md's verdict criteria. A same-vs-same control run
  (--arms sefer,sefer) should show t well under `crit` and a roughly even sign-test split --
  if it does not, that indicates a harness bug (non-reproducible workload, background load
  bleeding into the timed region), not a real self-difference.
