[iai] wsl: /mnt/d/dev/rust/sefer-alloc/worktrees/perf-regress-item56
[iai] features: production bench-internals | target: /tmp/sefer-iai
iai_callgrind_runner: Error: No version information found for iai-callgrind but iai-callgrind-runner (0.14.2) is >= '0.3.0'. Please update iai-callgrind to '0.14.2' in your Cargo.toml file
__MISSING__
[iai] runner already installed: 0.14.2 (skip install)

[iai] running benches...

   Compiling sefer-alloc v0.3.0 (/mnt/d/dev/rust/sefer-alloc/worktrees/perf-regress-item56)
    Finished `bench` profile [optimized] target(s) in 1m 11s
warning: the following packages contain code that will be rejected by a future version of Rust: proc-macro-error2 v2.0.1
note: to see what the problems were, use the option `--future-incompat-report`, or run `cargo report future-incompatibilities --id 1`
     Running benches/perf_gate_iai.rs (/tmp/sefer-iai/release/deps/perf_gate_iai-3eaca49fc4134272)
perf_gate_iai::perf_gate::small_churn_16b
  Instructions:                        8055|8055                 (No change)
  L1 Hits:                            10546|10547                (-0.00948%) [-1.00009x]
  L2 Hits:                              104|103                  (+0.97087%) [+1.00971x]
  RAM Hits:                             438|438                  (No change)
  Total read+write:                   11088|11088                (No change)
  Estimated Cycles:                   26396|26392                (+0.01516%) [+1.00015x]
perf_gate_iai::perf_gate::small_churn_16b_2n
  Instructions:                       12471|12471                (No change)
  L1 Hits:                            16050|16051                (-0.00623%) [-1.00006x]
  L2 Hits:                              104|103                  (+0.97087%) [+1.00971x]
  RAM Hits:                             438|438                  (No change)
  Total read+write:                   16592|16592                (No change)
  Estimated Cycles:                   31900|31896                (+0.01254%) [+1.00013x]
perf_gate_iai::perf_gate::dealloc_prealloc_only_16b
  Instructions:                        7008|7008                 (No change)
  L1 Hits:                             9097|9098                 (-0.01099%) [-1.00011x]
  L2 Hits:                               92|91                   (+1.09890%) [+1.01099x]
  RAM Hits:                             423|423                  (No change)
  Total read+write:                    9612|9612                 (No change)
  Estimated Cycles:                   24362|24358                (+0.01642%) [+1.00016x]
perf_gate_iai::perf_gate::dealloc_free_only_16b
  Instructions:                       12988|12988                (No change)
  L1 Hits:                            16474|16475                (-0.00607%) [-1.00006x]
  L2 Hits:                               92|91                   (+1.09890%) [+1.01099x]
  RAM Hits:                             466|466                  (No change)
  Total read+write:                   17032|17032                (No change)
  Estimated Cycles:                   33244|33240                (+0.01203%) [+1.00012x]
perf_gate_iai::perf_gate::dealloc_contains_base_probe_only_16b
  Instructions:                        8109|8109                 (No change)
  L1 Hits:                            10390|10391                (-0.00962%) [-1.00010x]
  L2 Hits:                               92|91                   (+1.09890%) [+1.01099x]
  RAM Hits:                             426|426                  (No change)
  Total read+write:                   10908|10908                (No change)
  Estimated Cycles:                   25760|25756                (+0.01553%) [+1.00016x]
perf_gate_iai::perf_gate::dealloc_segment_base_of_ptr_probe_only_16b
  Instructions:                        7586|7586                 (No change)
  L1 Hits:                             9802|9803                 (-0.01020%) [-1.00010x]
  L2 Hits:                               92|91                   (+1.09890%) [+1.01099x]
  RAM Hits:                             424|424                  (No change)
  Total read+write:                   10318|10318                (No change)
  Estimated Cycles:                   25102|25098                (+0.01594%) [+1.00016x]
perf_gate_iai::perf_gate::alloc_magazine_prefill_only_16b
  Instructions:                        7455|7455                 (No change)
  L1 Hits:                             9774|9776                 (-0.02046%) [-1.00020x]
  L2 Hits:                               92|90                   (+2.22222%) [+1.02222x]
  RAM Hits:                             426|426                  (No change)
  Total read+write:                   10292|10292                (No change)
  Estimated Cycles:                   25144|25136                (+0.03183%) [+1.00032x]
perf_gate_iai::perf_gate::alloc_magazine_hit_only_16b
  Instructions:                        7813|7813                 (No change)
  L1 Hits:                            10211|10213                (-0.01958%) [-1.00020x]
  L2 Hits:                               92|90                   (+2.22222%) [+1.02222x]
  RAM Hits:                             428|428                  (No change)
  Total read+write:                   10731|10731                (No change)
  Estimated Cycles:                   25651|25643                (+0.03120%) [+1.00031x]
perf_gate_iai::perf_gate::alloc_zeroed_magazine_prefill_only_16b
  Instructions:                           3|3                    (No change)
  L1 Hits:                                4|4                    (No change)
  L2 Hits:                                0|0                    (No change)
  RAM Hits:                               1|1                    (No change)
  Total read+write:                       5|5                    (No change)
  Estimated Cycles:                      39|39                   (No change)
perf_gate_iai::perf_gate::alloc_zeroed_magazine_hit_only_16b
  Instructions:                           3|3                    (No change)
  L1 Hits:                                4|4                    (No change)
  L2 Hits:                                0|0                    (No change)
  RAM Hits:                               1|1                    (No change)
  Total read+write:                       5|5                    (No change)
  Estimated Cycles:                      39|39                   (No change)
perf_gate_iai::perf_gate::dealloc_hash_contains_only_probe_16b
  Instructions:                        8354|8354                 (No change)
  L1 Hits:                            10695|10697                (-0.01870%) [-1.00019x]
  L2 Hits:                               94|92                   (+2.17391%) [+1.02174x]
  RAM Hits:                             425|425                  (No change)
  Total read+write:                   11214|11214                (No change)
  Estimated Cycles:                   26040|26032                (+0.03073%) [+1.00031x]
perf_gate_iai::perf_gate::dealloc_own_thread_body_only_16b
  Instructions:                       12427|12427                (No change)
  L1 Hits:                            15853|15855                (-0.01261%) [-1.00013x]
  L2 Hits:                               93|91                   (+2.19780%) [+1.02198x]
  RAM Hits:                             463|463                  (No change)
  Total read+write:                   16409|16409                (No change)
  Estimated Cycles:                   32523|32515                (+0.02460%) [+1.00025x]
perf_gate_iai::perf_gate::dealloc_free_only_16b_n1
  Instructions:                        7063|7063                 (No change)
  L1 Hits:                             9164|9165                 (-0.01091%) [-1.00011x]
  L2 Hits:                               92|91                   (+1.09890%) [+1.01099x]
  RAM Hits:                             429|429                  (No change)
  Total read+write:                    9685|9685                 (No change)
  Estimated Cycles:                   24639|24635                (+0.01624%) [+1.00016x]
perf_gate_iai::perf_gate::dealloc_free_only_16b_n8
  Instructions:                        7372|7372                 (No change)
  L1 Hits:                             9551|9552                 (-0.01047%) [-1.00010x]
  L2 Hits:                               92|91                   (+1.09890%) [+1.01099x]
  RAM Hits:                             429|429                  (No change)
  Total read+write:                   10072|10072                (No change)
  Estimated Cycles:                   25026|25022                (+0.01599%) [+1.00016x]
perf_gate_iai::perf_gate::dealloc_free_only_16b_n9
  Instructions:                        7415|7415                 (No change)
  L1 Hits:                             9605|9606                 (-0.01041%) [-1.00010x]
  L2 Hits:                               92|91                   (+1.09890%) [+1.01099x]
  RAM Hits:                             429|429                  (No change)
  Total read+write:                   10126|10126                (No change)
  Estimated Cycles:                   25080|25076                (+0.01595%) [+1.00016x]
perf_gate_iai::perf_gate::dealloc_free_only_16b_n16
  Instructions:                        7716|7716                 (No change)
  L1 Hits:                             9983|9983                 (No change)
  L2 Hits:                               92|92                   (No change)
  RAM Hits:                             429|429                  (No change)
  Total read+write:                   10504|10504                (No change)
  Estimated Cycles:                   25458|25458                (No change)
perf_gate_iai::perf_gate::dealloc_free_only_16b_n17
  Instructions:                        8297|8297                 (No change)
  L1 Hits:                            10671|10672                (-0.00937%) [-1.00009x]
  L2 Hits:                               92|91                   (+1.09890%) [+1.01099x]
  RAM Hits:                             456|456                  (No change)
  Total read+write:                   11219|11219                (No change)
  Estimated Cycles:                   27091|27087                (+0.01477%) [+1.00015x]
perf_gate_iai::perf_gate::dealloc_free_only_16b_n32
  Instructions:                        9476|9476                 (No change)
  L1 Hits:                            12134|12134                (No change)
  L2 Hits:                               92|92                   (No change)
  RAM Hits:                             458|458                  (No change)
  Total read+write:                   12684|12684                (No change)
  Estimated Cycles:                   28624|28624                (No change)
perf_gate_iai::perf_gate::dealloc_flush_class_only_16b_prefix
  Instructions:                        3894|3894                 (No change)
  L1 Hits:                             5329|5332                 (-0.05626%) [-1.00056x]
  L2 Hits:                               92|89                   (+3.37079%) [+1.03371x]
  RAM Hits:                             444|444                  (No change)
  Total read+write:                    5865|5865                 (No change)
  Estimated Cycles:                   21329|21317                (+0.05629%) [+1.00056x]
perf_gate_iai::perf_gate::dealloc_flush_class_only_16b
  Instructions:                        4343|4343                 (No change)
  L1 Hits:                             5855|5858                 (-0.05121%) [-1.00051x]
  L2 Hits:                               92|89                   (+3.37079%) [+1.03371x]
  RAM Hits:                             465|465                  (No change)
  Total read+write:                    6412|6412                 (No change)
  Estimated Cycles:                   22590|22578                (+0.05315%) [+1.00053x]
perf_gate_iai::perf_gate::alloc_clear_magazine_only_16b_prefix
  Instructions:                        4287|4287                 (No change)
  L1 Hits:                             5827|5830                 (-0.05146%) [-1.00051x]
  L2 Hits:                               92|89                   (+3.37079%) [+1.03371x]
  RAM Hits:                             426|426                  (No change)
  Total read+write:                    6345|6345                 (No change)
  Estimated Cycles:                   21197|21185                (+0.05664%) [+1.00057x]
perf_gate_iai::perf_gate::alloc_clear_magazine_only_16b
  Instructions:                        4482|4482                 (No change)
  L1 Hits:                             6045|6048                 (-0.04960%) [-1.00050x]
  L2 Hits:                               92|89                   (+3.37079%) [+1.03371x]
  RAM Hits:                             436|436                  (No change)
  Total read+write:                    6573|6573                 (No change)
  Estimated Cycles:                   21765|21753                (+0.05516%) [+1.00055x]
perf_gate_iai::perf_gate::alloc_zeroed_calloc_virgin_64k_prefix
  Instructions:                           3|3                    (No change)
  L1 Hits:                                4|4                    (No change)
  L2 Hits:                                0|0                    (No change)
  RAM Hits:                               1|1                    (No change)
  Total read+write:                       5|5                    (No change)
  Estimated Cycles:                      39|39                   (No change)
perf_gate_iai::perf_gate::alloc_zeroed_calloc_virgin_64k
  Instructions:                           3|3                    (No change)
  L1 Hits:                                4|4                    (No change)
  L2 Hits:                                0|0                    (No change)
  RAM Hits:                               1|1                    (No change)
  Total read+write:                       5|5                    (No change)
  Estimated Cycles:                      39|39                   (No change)
perf_gate_iai::perf_gate::alloc_zeroed_calloc_recycled_64k_prefix
  Instructions:                           3|3                    (No change)
  L1 Hits:                                4|4                    (No change)
  L2 Hits:                                0|0                    (No change)
  RAM Hits:                               1|1                    (No change)
  Total read+write:                       5|5                    (No change)
  Estimated Cycles:                      39|39                   (No change)
perf_gate_iai::perf_gate::alloc_zeroed_calloc_recycled_64k
  Instructions:                           3|3                    (No change)
  L1 Hits:                                4|4                    (No change)
  L2 Hits:                                0|0                    (No change)
  RAM Hits:                               1|1                    (No change)
  Total read+write:                       5|5                    (No change)
  Estimated Cycles:                      39|39                   (No change)
perf_gate_iai::perf_gate::dealloc_prealloc_only_1088_16b
  Instructions:                       87875|87875                (No change)
  L1 Hits:                           113731|113730               (+0.00088%) [+1.00001x]
  L2 Hits:                              112|113                  (-0.88496%) [-1.00893x]
  RAM Hits:                             554|554                  (No change)
  Total read+write:                  114397|114397               (No change)
  Estimated Cycles:                  133681|133685               (-0.00299%) [-1.00003x]
perf_gate_iai::perf_gate::dealloc_free_only_1088_16b_n17
  Instructions:                       89164|89164                (No change)
  L1 Hits:                           115305|115305               (No change)
  L2 Hits:                              113|113                  (No change)
  RAM Hits:                             586|586                  (No change)
  Total read+write:                  116004|116004               (No change)
  Estimated Cycles:                  136380|136380               (No change)
perf_gate_iai::perf_gate::dealloc_free_only_1088_16b_n32
  Instructions:                       90343|90343                (No change)
  L1 Hits:                           116767|116767               (No change)
  L2 Hits:                              113|113                  (No change)
  RAM Hits:                             589|589                  (No change)
  Total read+write:                  117469|117469               (No change)
  Estimated Cycles:                  137947|137947               (No change)
perf_gate_iai::perf_gate::dealloc_free_only_1088_16b_n64
  Instructions:                       93855|93855                (No change)
  L1 Hits:                           121108|121108               (No change)
  L2 Hits:                              113|113                  (No change)
  RAM Hits:                             596|596                  (No change)
  Total read+write:                  121817|121817               (No change)
  Estimated Cycles:                  142533|142533               (No change)
perf_gate_iai::perf_gate::dealloc_free_only_1088_16b_n256
  Instructions:                      114927|114927               (No change)
  L1 Hits:                           147147|147147               (No change)
  L2 Hits:                              113|113                  (No change)
  RAM Hits:                             645|645                  (No change)
  Total read+write:                  147905|147905               (No change)
  Estimated Cycles:                  170287|170287               (No change)
perf_gate_iai::perf_gate::dealloc_free_only_1088_16b_n1024
  Instructions:                      199215|199215               (No change)
  L1 Hits:                           251304|251305               (-0.00040%) [-1.00000x]
  L2 Hits:                              114|113                  (+0.88496%) [+1.00885x]
  RAM Hits:                             839|839                  (No change)
  Total read+write:                  252257|252257               (No change)
  Estimated Cycles:                  281239|281235               (+0.00142%) [+1.00001x]
perf_gate_iai::perf_gate::dealloc_realloc_burst_1088_16b_n17
  Instructions:                       90473|90473                (No change)
  L1 Hits:                           116960|116960               (No change)
  L2 Hits:                              113|113                  (No change)
  RAM Hits:                             595|595                  (No change)
  Total read+write:                  117668|117668               (No change)
  Estimated Cycles:                  138350|138350               (No change)
perf_gate_iai::perf_gate::oscillating_live_set_16b
  Instructions:                       25734|25734                (No change)
  L1 Hits:                            32467|32470                (-0.00924%) [-1.00009x]
  L2 Hits:                               92|89                   (+3.37079%) [+1.03371x]
  RAM Hits:                             463|463                  (No change)
  Total read+write:                   33022|33022                (No change)
  Estimated Cycles:                   49132|49120                (+0.02443%) [+1.00024x]
perf_gate_iai::perf_gate::carve_batch_only_16b
  Instructions:                       68283|68283                (No change)
  L1 Hits:                           133160|133160               (No change)
  L2 Hits:                               98|98                   (No change)
  RAM Hits:                            1048|1048                 (No change)
  Total read+write:                  134306|134306               (No change)
  Estimated Cycles:                  170330|170330               (No change)
perf_gate_iai::perf_gate::carve_batch_only_16b_2n
  Instructions:                       74191|74191                (No change)
  L1 Hits:                           143194|143197               (-0.00210%) [-1.00002x]
  L2 Hits:                              101|98                   (+3.06122%) [+1.03061x]
  RAM Hits:                            1080|1080                 (No change)
  Total read+write:                  144375|144375               (No change)
  Estimated Cycles:                  181499|181487               (+0.00661%) [+1.00007x]
perf_gate_iai::perf_gate::dealloc_batch_fresh_16_16b
  Instructions:                           3|3                    (No change)
  L1 Hits:                                4|4                    (No change)
  L2 Hits:                                0|0                    (No change)
  RAM Hits:                               1|1                    (No change)
  Total read+write:                       5|5                    (No change)
  Estimated Cycles:                      39|39                   (No change)
perf_gate_iai::perf_gate::dealloc_batch_fresh_64_16b
  Instructions:                           3|3                    (No change)
  L1 Hits:                                4|4                    (No change)
  L2 Hits:                                0|0                    (No change)
  RAM Hits:                               1|1                    (No change)
  Total read+write:                       5|5                    (No change)
  Estimated Cycles:                      39|39                   (No change)
perf_gate_iai::perf_gate::dealloc_batch_fresh_80_16b
  Instructions:                           3|3                    (No change)
  L1 Hits:                                4|4                    (No change)
  L2 Hits:                                0|0                    (No change)
  RAM Hits:                               1|1                    (No change)
  Total read+write:                       5|5                    (No change)
  Estimated Cycles:                      39|39                   (No change)
perf_gate_iai::perf_gate::dealloc_batch_fresh_81_16b
  Instructions:                           3|3                    (No change)
  L1 Hits:                                4|4                    (No change)
  L2 Hits:                                0|0                    (No change)
  RAM Hits:                               1|1                    (No change)
  Total read+write:                       5|5                    (No change)
  Estimated Cycles:                      39|39                   (No change)
perf_gate_iai::perf_gate::dealloc_batch_fresh_128_16b
  Instructions:                           3|3                    (No change)
  L1 Hits:                                4|4                    (No change)
  L2 Hits:                                0|0                    (No change)
  RAM Hits:                               1|1                    (No change)
  Total read+write:                       5|5                    (No change)
  Estimated Cycles:                      39|39                   (No change)
perf_gate_iai::perf_gate::dealloc_batch_fresh_200_16b
  Instructions:                           3|3                    (No change)
  L1 Hits:                                4|4                    (No change)
  L2 Hits:                                0|0                    (No change)
  RAM Hits:                               1|1                    (No change)
  Total read+write:                       5|5                    (No change)
  Estimated Cycles:                      39|39                   (No change)
perf_gate_iai::perf_gate::dealloc_batch_fresh_512_16b
  Instructions:                           3|3                    (No change)
  L1 Hits:                                4|4                    (No change)
  L2 Hits:                                0|0                    (No change)
  RAM Hits:                               1|1                    (No change)
  Total read+write:                       5|5                    (No change)
  Estimated Cycles:                      39|39                   (No change)
perf_gate_iai::perf_gate::dealloc_batch_fresh_1024_16b
  Instructions:                           3|3                    (No change)
  L1 Hits:                                4|4                    (No change)
  L2 Hits:                                0|0                    (No change)
  RAM Hits:                               1|1                    (No change)
  Total read+write:                       5|5                    (No change)
  Estimated Cycles:                      39|39                   (No change)
perf_gate_iai::perf_gate::dealloc_batch_fresh_0_16b
  Instructions:                           3|3                    (No change)
  L1 Hits:                                4|4                    (No change)
  L2 Hits:                                0|0                    (No change)
  RAM Hits:                               1|1                    (No change)
  Total read+write:                       5|5                    (No change)
  Estimated Cycles:                      39|39                   (No change)
perf_gate_iai::perf_gate::dealloc_batch_fresh_1_16b
  Instructions:                           3|3                    (No change)
  L1 Hits:                                4|4                    (No change)
  L2 Hits:                                0|0                    (No change)
  RAM Hits:                               1|1                    (No change)
  Total read+write:                       5|5                    (No change)
  Estimated Cycles:                      39|39                   (No change)
perf_gate_iai::perf_gate::dealloc_batch_fresh_8_16b
  Instructions:                           3|3                    (No change)
  L1 Hits:                                4|4                    (No change)
  L2 Hits:                                0|0                    (No change)
  RAM Hits:                               1|1                    (No change)
  Total read+write:                       5|5                    (No change)
  Estimated Cycles:                      39|39                   (No change)
perf_gate_iai::perf_gate::dealloc_batch_fresh_17_16b
  Instructions:                           3|3                    (No change)
  L1 Hits:                                4|4                    (No change)
  L2 Hits:                                0|0                    (No change)
  RAM Hits:                               1|1                    (No change)
  Total read+write:                       5|5                    (No change)
  Estimated Cycles:                      39|39                   (No change)
perf_gate_iai::perf_gate::medium_class_dealloc_churn_16b
  Instructions:                        8055|8055                 (No change)
  L1 Hits:                            10546|10548                (-0.01896%) [-1.00019x]
  L2 Hits:                              102|100                  (+2.00000%) [+1.02000x]
  RAM Hits:                             440|440                  (No change)
  Total read+write:                   11088|11088                (No change)
  Estimated Cycles:                   26456|26448                (+0.03025%) [+1.00030x]
perf_gate_iai::perf_gate::aligned_churn_640b_a128
  Instructions:                        7991|7991                 (No change)
  L1 Hits:                            10481|10483                (-0.01908%) [-1.00019x]
  L2 Hits:                              102|100                  (+2.00000%) [+1.02000x]
  RAM Hits:                             441|441                  (No change)
  Total read+write:                   11024|11024                (No change)
  Estimated Cycles:                   26426|26418                (+0.03028%) [+1.00030x]
perf_gate_iai::perf_gate::large_alloc_free_cycle
  Instructions:                        3312|3312                 (No change)
  L1 Hits:                             4757|4759                 (-0.04203%) [-1.00042x]
  L2 Hits:                              103|101                  (+1.98020%) [+1.01980x]
  RAM Hits:                             445|445                  (No change)
  Total read+write:                    5305|5305                 (No change)
  Estimated Cycles:                   20847|20839                (+0.03839%) [+1.00038x]
perf_gate_iai::perf_gate::realloc_grow
  Instructions:                      492574|492574               (No change)
  L1 Hits:                          1046692|1046695              (-0.00029%) [-1.00000x]
  L2 Hits:                             3862|3859                 (+0.07774%) [+1.00078x]
  RAM Hits:                           70330|70330                (No change)
  Total read+write:                 1120884|1120884              (No change)
  Estimated Cycles:                 3527552|3527540              (+0.00034%) [+1.00000x]
perf_gate_iai::perf_gate::cold_alloc_free_256x16b
  Instructions:                       50468|50468                (No change)
  L1 Hits:                            62494|62488                (+0.00960%) [+1.00010x]
  L2 Hits:                              103|109                  (-5.50459%) [-1.05825x]
  RAM Hits:                             560|560                  (No change)
  Total read+write:                   63157|63157                (No change)
  Estimated Cycles:                   82609|82633                (-0.02904%) [-1.00029x]
perf_gate_iai::perf_gate::cold_alloc_free_256x16b_2n
  Instructions:                      102977|102977               (No change)
  L1 Hits:                           129990|129992               (-0.00154%) [-1.00002x]
  L2 Hits:                              120|118                  (+1.69492%) [+1.01695x]
  RAM Hits:                             657|657                  (No change)
  Total read+write:                  130767|130767               (No change)
  Estimated Cycles:                  153585|153577               (+0.00521%) [+1.00005x]
perf_gate_iai::perf_gate::cold_alloc_free_256x16b_4n
  Instructions:                      204131|204131               (No change)
  L1 Hits:                           257128|257134               (-0.00233%) [-1.00002x]
  L2 Hits:                              183|177                  (+3.38983%) [+1.03390x]
  RAM Hits:                             851|851                  (No change)
  Total read+write:                  258162|258162               (No change)
  Estimated Cycles:                  287828|287804               (+0.00834%) [+1.00008x]
perf_gate_iai::perf_gate::cold_alloc_only_256x16b
  Instructions:                       22322|22322                (No change)
  L1 Hits:                            27692|27684                (+0.02890%) [+1.00029x]
  L2 Hits:                              101|109                  (-7.33945%) [-1.07921x]
  RAM Hits:                             465|465                  (No change)
  Total read+write:                   28258|28258                (No change)
  Estimated Cycles:                   44472|44504                (-0.07190%) [-1.00072x]
perf_gate_iai::perf_gate::cold_alloc_only_256x16b_2n
  Instructions:                       45631|45631                (No change)
  L1 Hits:                            59062|59063                (-0.00169%) [-1.00002x]
  L2 Hits:                              116|115                  (+0.86957%) [+1.00870x]
  RAM Hits:                             498|498                  (No change)
  Total read+write:                   59676|59676                (No change)
  Estimated Cycles:                   77072|77068                (+0.00519%) [+1.00005x]
perf_gate_iai::perf_gate::cold_alloc_only_256x16b_4n
  Instructions:                       88385|88385                (No change)
  L1 Hits:                           113946|113954               (-0.00702%) [-1.00007x]
  L2 Hits:                              178|170                  (+4.70588%) [+1.04706x]
  RAM Hits:                             563|563                  (No change)
  Total read+write:                  114687|114687               (No change)
  Estimated Cycles:                  134541|134509               (+0.02379%) [+1.00024x]
perf_gate_iai::perf_gate::cold_alloc_free_256x64b
  Instructions:                       50468|50468                (No change)
  L1 Hits:                            62311|62305                (+0.00963%) [+1.00010x]
  L2 Hits:                              103|109                  (-5.50459%) [-1.05825x]
  RAM Hits:                             743|743                  (No change)
  Total read+write:                   63157|63157                (No change)
  Estimated Cycles:                   88831|88855                (-0.02701%) [-1.00027x]
perf_gate_iai::perf_gate::recycle_alloc_free_256x16b
  Instructions:                       98947|98947                (No change)
  L1 Hits:                           121678|121673               (+0.00411%) [+1.00004x]
  L2 Hits:                               26|31                   (-16.1290%) [-1.19231x]
  RAM Hits:                             671|671                  (No change)
  Total read+write:                  122375|122375               (No change)
  Estimated Cycles:                  145293|145313               (-0.01376%) [-1.00014x]
perf_gate_iai::perf_gate::recycle_alloc_only_256x16b
  Instructions:                       70614|70614                (No change)
  L1 Hits:                            86510|86503                (+0.00809%) [+1.00008x]
  L2 Hits:                              101|108                  (-6.48148%) [-1.06931x]
  RAM Hits:                             568|568                  (No change)
  Total read+write:                   87179|87179                (No change)
  Estimated Cycles:                  106895|106923               (-0.02619%) [-1.00026x]
perf_gate_iai::perf_gate::recycle_alloc_free_256x64b
  Instructions:                       98947|98947                (No change)
  L1 Hits:                           121481|121475               (+0.00494%) [+1.00005x]
  L2 Hits:                               27|33                   (-18.1818%) [-1.22222x]
  RAM Hits:                             867|867                  (No change)
  Total read+write:                  122375|122375               (No change)
  Estimated Cycles:                  151961|151985               (-0.01579%) [-1.00016x]
perf_gate_iai::perf_gate::churn_256b
  Instructions:                        8055|8055                 (No change)
  L1 Hits:                            10545|10546                (-0.00948%) [-1.00009x]
  L2 Hits:                              104|103                  (+0.97087%) [+1.00971x]
  RAM Hits:                             439|439                  (No change)
  Total read+write:                   11088|11088                (No change)
  Estimated Cycles:                   26430|26426                (+0.01514%) [+1.00015x]
perf_gate_iai::perf_gate::churn_write_256b
  Instructions:                        8311|8311                 (No change)
  L1 Hits:                            10928|10929                (-0.00915%) [-1.00009x]
  L2 Hits:                              104|103                  (+0.97087%) [+1.00971x]
  RAM Hits:                             440|440                  (No change)
  Total read+write:                   11472|11472                (No change)
  Estimated Cycles:                   26848|26844                (+0.01490%) [+1.00015x]
perf_gate_iai::perf_gate::multiseg_cold_256k
  Instructions:                       25898|25898                (No change)
  L1 Hits:                            35108|35103                (+0.01424%) [+1.00014x]
  L2 Hits:                               35|40                   (-12.5000%) [-1.14286x]
  RAM Hits:                             741|741                  (No change)
  Total read+write:                   35884|35884                (No change)
  Estimated Cycles:                   61218|61238                (-0.03266%) [-1.00033x]
perf_gate_iai::perf_gate::seg_cycle_decommit_256k
  Instructions:                       62392|62392                (No change)
  L1 Hits:                            84043|84040                (+0.00357%) [+1.00004x]
  L2 Hits:                               89|92                   (-3.26087%) [-1.03371x]
  RAM Hits:                             744|744                  (No change)
  Total read+write:                   84876|84876                (No change)
  Estimated Cycles:                  110528|110540               (-0.01086%) [-1.00011x]
perf_gate_iai::perf_gate::mimalloc_small_churn_16b
  Instructions:                       16629|16629                (No change)
  L1 Hits:                            21432|21431                (+0.00467%) [+1.00005x]
  L2 Hits:                               64|65                   (-1.53846%) [-1.01562x]
  RAM Hits:                             502|502                  (No change)
  Total read+write:                   21998|21998                (No change)
  Estimated Cycles:                   39322|39326                (-0.01017%) [-1.00010x]
perf_gate_iai::perf_gate::mimalloc_small_churn_16b_2n
  Instructions:                       21557|21557                (No change)
  L1 Hits:                            27897|27896                (+0.00358%) [+1.00004x]
  L2 Hits:                               63|64                   (-1.56250%) [-1.01587x]
  RAM Hits:                             502|502                  (No change)
  Total read+write:                   28462|28462                (No change)
  Estimated Cycles:                   45782|45786                (-0.00874%) [-1.00009x]
perf_gate_iai::perf_gate::mimalloc_churn_256b
  Instructions:                       16130|16130                (No change)
  L1 Hits:                            20946|20944                (+0.00955%) [+1.00010x]
  L2 Hits:                               64|66                   (-3.03030%) [-1.03125x]
  RAM Hits:                             457|457                  (No change)
  Total read+write:                   21467|21467                (No change)
  Estimated Cycles:                   37261|37269                (-0.02147%) [-1.00021x]
perf_gate_iai::perf_gate::mimalloc_cold_alloc_free_256x16b
  Instructions:                       32325|32325                (No change)
  L1 Hits:                            41781|41781                (No change)
  L2 Hits:                               90|90                   (No change)
  RAM Hits:                             504|504                  (No change)
  Total read+write:                   42375|42375                (No change)
  Estimated Cycles:                   59871|59871                (No change)
perf_gate_iai::perf_gate::mimalloc_cold_alloc_free_256x16b_2n
  Instructions:                       58389|58389                (No change)
  L1 Hits:                            78277|78282                (-0.00639%) [-1.00006x]
  L2 Hits:                              133|128                  (+3.90625%) [+1.03906x]
  RAM Hits:                             581|581                  (No change)
  Total read+write:                   78991|78991                (No change)
  Estimated Cycles:                   99277|99257                (+0.02015%) [+1.00020x]
perf_gate_iai::perf_gate::mimalloc_cold_alloc_free_256x16b_4n
  Instructions:                      106653|106653               (No change)
  L1 Hits:                           143436|143434               (+0.00139%) [+1.00001x]
  L2 Hits:                              203|205                  (-0.97561%) [-1.00985x]
  RAM Hits:                             757|757                  (No change)
  Total read+write:                  144396|144396               (No change)
  Estimated Cycles:                  170946|170954               (-0.00468%) [-1.00005x]
perf_gate_iai::perf_gate::mimalloc_cold_alloc_only_256x16b
  Instructions:                       24584|24584                (No change)
  L1 Hits:                            30956|30957                (-0.00323%) [-1.00003x]
  L2 Hits:                               91|90                   (+1.11111%) [+1.01111x]
  RAM Hits:                             496|496                  (No change)
  Total read+write:                   31543|31543                (No change)
  Estimated Cycles:                   48771|48767                (+0.00820%) [+1.00008x]
perf_gate_iai::perf_gate::mimalloc_cold_alloc_only_256x16b_2n
  Instructions:                       42968|42968                (No change)
  L1 Hits:                            56700|56705                (-0.00882%) [-1.00009x]
  L2 Hits:                              133|128                  (+3.90625%) [+1.03906x]
  RAM Hits:                             574|574                  (No change)
  Total read+write:                   57407|57407                (No change)
  Estimated Cycles:                   77455|77435                (+0.02583%) [+1.00026x]
perf_gate_iai::perf_gate::mimalloc_cold_alloc_only_256x16b_4n
  Instructions:                       75872|75872                (No change)
  L1 Hits:                           100355|100356               (-0.00100%) [-1.00001x]
  L2 Hits:                              204|203                  (+0.49261%) [+1.00493x]
  RAM Hits:                             749|749                  (No change)
  Total read+write:                  101308|101308               (No change)
  Estimated Cycles:                  127590|127586               (+0.00314%) [+1.00003x]
perf_gate_iai::perf_gate::mimalloc_cold_alloc_free_256x64b
  Instructions:                       33329|33329                (No change)
  L1 Hits:                            42940|42940                (No change)
  L2 Hits:                               98|98                   (No change)
  RAM Hits:                             710|710                  (No change)
  Total read+write:                   43748|43748                (No change)
  Estimated Cycles:                   68280|68280                (No change)
perf_gate_iai::perf_gate::mimalloc_recycle_alloc_free_256x16b
  Instructions:                       53027|53027                (No change)
  L1 Hits:                            68699|68699                (No change)
  L2 Hits:                               90|90                   (No change)
  RAM Hits:                             505|505                  (No change)
  Total read+write:                   69294|69294                (No change)
  Estimated Cycles:                   86824|86824                (No change)
perf_gate_iai::perf_gate::mimalloc_recycle_alloc_free_256x64b
  Instructions:                       54031|54031                (No change)
  L1 Hits:                            69856|69858                (-0.00286%) [-1.00003x]
  L2 Hits:                              100|98                   (+2.04082%) [+1.02041x]
  RAM Hits:                             711|711                  (No change)
  Total read+write:                   70667|70667                (No change)
  Estimated Cycles:                   95241|95233                (+0.00840%) [+1.00008x]
perf_gate_iai::perf_gate::mimalloc_bootstrap_proxy
  Instructions:                       13050|13050                (No change)
  L1 Hits:                            16720|16723                (-0.01794%) [-1.00018x]
  L2 Hits:                               72|69                   (+4.34783%) [+1.04348x]
  RAM Hits:                             513|513                  (No change)
  Total read+write:                   17305|17305                (No change)
  Estimated Cycles:                   35035|35023                (+0.03426%) [+1.00034x]
perf_gate_iai::perf_gate::decomp_full_cycle_8x
  Instructions:                        7849|7849                 (No change)
  L1 Hits:                            11504|11505                (-0.00869%) [-1.00009x]
  L2 Hits:                               97|96                   (+1.04167%) [+1.01042x]
  RAM Hits:                             553|553                  (No change)
  Total read+write:                   12154|12154                (No change)
  Estimated Cycles:                   31344|31340                (+0.01276%) [+1.00013x]
perf_gate_iai::perf_gate::decomp_os_roundtrip_8x
  Instructions:                        1394|1394                 (No change)
  L1 Hits:                             1833|1833                 (No change)
  L2 Hits:                                0|0                    (No change)
  RAM Hits:                              18|18                   (No change)
  Total read+write:                    1851|1851                 (No change)
  Estimated Cycles:                    2463|2463                 (No change)

Iai-Callgrind result: Ok. 81 without regressions; 0 regressed; 81 benchmarks finished in 59.2954s

  bench                                                 Ir            L1            L2           RAM     EstCycles        Ir/op*
  ------------------------------------------  ------------  ------------  ------------  ------------  ------------  ------------
  small_churn_16b                                    8,055        10,546           104           438        26,396          74.1
  small_churn_16b_2n                                12,471        16,050           104           438        31,900             -
  dealloc_prealloc_only_16b                          7,008         9,097            92           423        24,362             -
  dealloc_free_only_16b                             12,988        16,474            92           466        33,244             -
  dealloc_contains_base_probe_only_16b               8,109        10,390            92           426        25,760             -
  dealloc_segment_base_of_ptr_probe_only_16b         7,586         9,802            92           424        25,102             -
  alloc_magazine_prefill_only_16b                    7,455         9,774            92           426        25,144             -
  alloc_magazine_hit_only_16b                        7,813        10,211            92           428        25,651             -
  alloc_zeroed_magazine_prefill_only_16b                 3             4             0             1            39             -
  alloc_zeroed_magazine_hit_only_16b                     3             4             0             1            39             -
  dealloc_hash_contains_only_probe_16b               8,354        10,695            94           425        26,040             -
  dealloc_own_thread_body_only_16b                  12,427        15,853            93           463        32,523             -
  dealloc_free_only_16b_n1                           7,063         9,164            92           429        24,639             -
  dealloc_free_only_16b_n8                           7,372         9,551            92           429        25,026             -
  dealloc_free_only_16b_n9                           7,415         9,605            92           429        25,080             -
  dealloc_free_only_16b_n16                          7,716         9,983            92           429        25,458             -
  dealloc_free_only_16b_n17                          8,297        10,671            92           456        27,091             -
  dealloc_free_only_16b_n32                          9,476        12,134            92           458        28,624             -
  dealloc_flush_class_only_16b_prefix                3,894         5,329            92           444        21,329             -
  dealloc_flush_class_only_16b                       4,343         5,855            92           465        22,590             -
  alloc_clear_magazine_only_16b_prefix               4,287         5,827            92           426        21,197             -
  alloc_clear_magazine_only_16b                      4,482         6,045            92           436        21,765             -
  alloc_zeroed_calloc_virgin_64k_prefix                  3             4             0             1            39             -
  alloc_zeroed_calloc_virgin_64k                         3             4             0             1            39             -
  alloc_zeroed_calloc_recycled_64k_prefix                3             4             0             1            39             -
  alloc_zeroed_calloc_recycled_64k                       3             4             0             1            39             -
  dealloc_prealloc_only_1088_16b                    87,875       113,731           112           554       133,681             -
  dealloc_free_only_1088_16b_n17                    89,164       115,305           113           586       136,380             -
  dealloc_free_only_1088_16b_n32                    90,343       116,767           113           589       137,947             -
  dealloc_free_only_1088_16b_n64                    93,855       121,108           113           596       142,533             -
  dealloc_free_only_1088_16b_n256                  114,927       147,147           113           645       170,287             -
  dealloc_free_only_1088_16b_n1024                 199,215       251,304           114           839       281,239             -
  dealloc_realloc_burst_1088_16b_n17                90,473       116,960           113           595       138,350             -
  oscillating_live_set_16b                          25,734        32,467            92           463        49,132             -
  carve_batch_only_16b                              68,283       133,160            98         1,048       170,330             -
  carve_batch_only_16b_2n                           74,191       143,194           101         1,080       181,499             -
  dealloc_batch_fresh_16_16b                             3             4             0             1            39             -
  dealloc_batch_fresh_64_16b                             3             4             0             1            39             -
  dealloc_batch_fresh_80_16b                             3             4             0             1            39             -
  dealloc_batch_fresh_81_16b                             3             4             0             1            39             -
  dealloc_batch_fresh_128_16b                            3             4             0             1            39             -
  dealloc_batch_fresh_200_16b                            3             4             0             1            39             -
  dealloc_batch_fresh_512_16b                            3             4             0             1            39             -
  dealloc_batch_fresh_1024_16b                           3             4             0             1            39             -
  dealloc_batch_fresh_0_16b                              3             4             0             1            39             -
  dealloc_batch_fresh_1_16b                              3             4             0             1            39             -
  dealloc_batch_fresh_8_16b                              3             4             0             1            39             -
  dealloc_batch_fresh_17_16b                             3             4             0             1            39             -
  medium_class_dealloc_churn_16b                     8,055        10,546           102           440        26,456          74.1
  aligned_churn_640b_a128                            7,991        10,481           102           441        26,426          73.1
  large_alloc_free_cycle                             3,312         4,757           103           445        20,847             -
  realloc_grow                                     492,574     1,046,692         3,862        70,330     3,527,552      30,578.9
  cold_alloc_free_256x16b                           50,468        62,494           103           560        82,609         184.2
  cold_alloc_free_256x16b_2n                       102,977       129,990           120           657       153,585             -
  cold_alloc_free_256x16b_4n                       204,131       257,128           183           851       287,828             -
  cold_alloc_only_256x16b                           22,322        27,692           101           465        44,472             -
  cold_alloc_only_256x16b_2n                        45,631        59,062           116           498        77,072             -
  cold_alloc_only_256x16b_4n                        88,385       113,946           178           563       134,541             -
  cold_alloc_free_256x64b                           50,468        62,311           103           743        88,831         184.2
  recycle_alloc_free_256x16b                        98,947       121,678            26           671       145,293         186.8
  recycle_alloc_only_256x16b                        70,614        86,510           101           568       106,895             -
  recycle_alloc_free_256x64b                        98,947       121,481            27           867       151,961         186.8
  churn_256b                                         8,055        10,545           104           439        26,430          74.1
  churn_write_256b                                   8,311        10,928           104           440        26,848          78.1
  multiseg_cold_256k                                25,898        35,108            35           741        61,218         332.1
  seg_cycle_decommit_256k                           62,392        84,043            89           744       110,528         289.6
  mimalloc_small_churn_16b                          16,629        21,432            64           502        39,322          55.9
  mimalloc_small_churn_16b_2n                       21,557        27,897            63           502        45,782             -
  mimalloc_churn_256b                               16,130        20,946            64           457        37,261          48.1
  mimalloc_cold_alloc_free_256x16b                  32,325        41,781            90           504        59,871          75.3
  mimalloc_cold_alloc_free_256x16b_2n               58,389        78,277           133           581        99,277             -
  mimalloc_cold_alloc_free_256x16b_4n              106,653       143,436           203           757       170,946             -
  mimalloc_cold_alloc_only_256x16b                  24,584        30,956            91           496        48,771             -
  mimalloc_cold_alloc_only_256x16b_2n               42,968        56,700           133           574        77,455             -
  mimalloc_cold_alloc_only_256x16b_4n               75,872       100,355           204           749       127,590             -
  mimalloc_cold_alloc_free_256x64b                  33,329        42,940            98           710        68,280          79.2
  mimalloc_recycle_alloc_free_256x16b               53,027        68,699            90           505        86,824          78.1
  mimalloc_recycle_alloc_free_256x64b               54,031        69,856           100           711        95,241          80.0
  mimalloc_bootstrap_proxy                          13,050        16,720            72           513        35,035             -
  decomp_full_cycle_8x                               7,849        11,504            97           553        31,344             -
  decomp_os_roundtrip_8x                             1,394         1,833             0            18         2,463             -

  * Ir/op = (Ir − B) / ops — marginal instruction count per operation, with
    the one-time process bootstrap subtracted. B is taken PER ARM: SeferAlloc
    rows use large_alloc_free_cycle (B=3,312); mimalloc_* rows use
    mimalloc_bootstrap_proxy (B=13,050) — the two allocators' bootstrap
    constants are never mixed (R22-15/task #366). Comparable across benches
    within the SAME arm; the honest unit for per-op thresholds (review finding
    F2). "-" = bootstrap proxy / no op-count / that arm's bootstrap bench absent.

  Sefer/mimalloc marginal Ir/op ratio (workload-matched pairs):

  workload                     Sefer Ir/op      mi Ir/op         ratio
  --------------------------  ------------  ------------  ------------
  small_churn_16b                     74.1          55.9         1.326
  churn_256b                          74.1          48.1         1.541
  cold_alloc_free_256x16b            184.2          75.3         2.446
  cold_alloc_free_256x64b            184.2          79.2         2.326
  recycle_alloc_free_256x16b         186.8          78.1         2.392
  recycle_alloc_free_256x64b         186.8          80.0         2.335

  ratio = Sefer Ir/op ÷ mimalloc Ir/op — > 1.000 means SeferAlloc retires MORE
    instructions per op than mimalloc on that workload (i.e. mimalloc is
    cheaper in Ir); < 1.000 means the reverse. "-" when a pair's row is
    missing/filtered on either side.

[iai] PASS — 81 bench(es) produced Ir
