[paired-ab] --config has no "build" step; assuming arm commands are already built.

[paired-ab] before vs before — 20 pairs, A/B/B/A protocol
RESULT k=16
RESULT rotating_rounds=8192
RESULT table_count_at_floor=17
RESULT oracle1_pass=1
RESULT config_conflicts_delta=0
RESULT tier1_hits=0
RESULT tier1_misses=131072
RESULT tier1_total=131072
RESULT expected_total=131072
RESULT oracle2_pass=1
RESULT tier1_hit_rate_pct=0
RESULT churn_elapsed_ns=4121000
RESULT ns_per_op=31.44073486328125
OK k=16 rounds=8192 table_count=17 oracle1=PASS cfg_conflicts_delta=0 tier1_hits=0 tier1_misses=131072 hit_rate=0.00% oracle2=PASS ns_per_op=31.4
.RESULT k=16
RESULT rotating_rounds=8192
RESULT table_count_at_floor=17
RESULT oracle1_pass=1
RESULT config_conflicts_delta=0
RESULT tier1_hits=0
RESULT tier1_misses=131072
RESULT tier1_total=131072
RESULT expected_total=131072
RESULT oracle2_pass=1
RESULT tier1_hit_rate_pct=0
RESULT churn_elapsed_ns=3859500
RESULT ns_per_op=29.445648193359375
OK k=16 rounds=8192 table_count=17 oracle1=PASS cfg_conflicts_delta=0 tier1_hits=0 tier1_misses=131072 hit_rate=0.00% oracle2=PASS ns_per_op=29.4
.RESULT k=16
RESULT rotating_rounds=8192
RESULT table_count_at_floor=17
RESULT oracle1_pass=1
RESULT config_conflicts_delta=0
RESULT tier1_hits=0
RESULT tier1_misses=131072
RESULT tier1_total=131072
RESULT expected_total=131072
RESULT oracle2_pass=1
RESULT tier1_hit_rate_pct=0
RESULT churn_elapsed_ns=3793300
RESULT ns_per_op=28.940582275390625
OK k=16 rounds=8192 table_count=17 oracle1=PASS cfg_conflicts_delta=0 tier1_hits=0 tier1_misses=131072 hit_rate=0.00% oracle2=PASS ns_per_op=28.9
.RESULT k=16
RESULT rotating_rounds=8192
RESULT table_count_at_floor=17
RESULT oracle1_pass=1
RESULT config_conflicts_delta=0
RESULT tier1_hits=0
RESULT tier1_misses=131072
RESULT tier1_total=131072
RESULT expected_total=131072
RESULT oracle2_pass=1
RESULT tier1_hit_rate_pct=0
RESULT churn_elapsed_ns=3856500
RESULT ns_per_op=29.422760009765625
OK k=16 rounds=8192 table_count=17 oracle1=PASS cfg_conflicts_delta=0 tier1_hits=0 tier1_misses=131072 hit_rate=0.00% oracle2=PASS ns_per_op=29.4
.RESULT k=16
RESULT rotating_rounds=8192
RESULT table_count_at_floor=17
RESULT oracle1_pass=1
RESULT config_conflicts_delta=0
RESULT tier1_hits=0
RESULT tier1_misses=131072
RESULT tier1_total=131072
RESULT expected_total=131072
RESULT oracle2_pass=1
RESULT tier1_hit_rate_pct=0
RESULT churn_elapsed_ns=3874900
RESULT ns_per_op=29.563140869140625
OK k=16 rounds=8192 table_count=17 oracle1=PASS cfg_conflicts_delta=0 tier1_hits=0 tier1_misses=131072 hit_rate=0.00% oracle2=PASS ns_per_op=29.6
.RESULT k=16
RESULT rotating_rounds=8192
RESULT table_count_at_floor=17
RESULT oracle1_pass=1
RESULT config_conflicts_delta=0
RESULT tier1_hits=0
RESULT tier1_misses=131072
RESULT tier1_total=131072
RESULT expected_total=131072
RESULT oracle2_pass=1
RESULT tier1_hit_rate_pct=0
RESULT churn_elapsed_ns=3854800
RESULT ns_per_op=29.4097900390625
OK k=16 rounds=8192 table_count=17 oracle1=PASS cfg_conflicts_delta=0 tier1_hits=0 tier1_misses=131072 hit_rate=0.00% oracle2=PASS ns_per_op=29.4
.RESULT k=16
RESULT rotating_rounds=8192
RESULT table_count_at_floor=17
RESULT oracle1_pass=1
RESULT config_conflicts_delta=0
RESULT tier1_hits=0
RESULT tier1_misses=131072
RESULT tier1_total=131072
RESULT expected_total=131072
RESULT oracle2_pass=1
RESULT tier1_hit_rate_pct=0
RESULT churn_elapsed_ns=3791900
RESULT ns_per_op=28.929901123046875
OK k=16 rounds=8192 table_count=17 oracle1=PASS cfg_conflicts_delta=0 tier1_hits=0 tier1_misses=131072 hit_rate=0.00% oracle2=PASS ns_per_op=28.9
.RESULT k=16
RESULT rotating_rounds=8192
RESULT table_count_at_floor=17
RESULT oracle1_pass=1
RESULT config_conflicts_delta=0
RESULT tier1_hits=0
RESULT tier1_misses=131072
RESULT tier1_total=131072
RESULT expected_total=131072
RESULT oracle2_pass=1
RESULT tier1_hit_rate_pct=0
RESULT churn_elapsed_ns=3712400
RESULT ns_per_op=28.3233642578125
OK k=16 rounds=8192 table_count=17 oracle1=PASS cfg_conflicts_delta=0 tier1_hits=0 tier1_misses=131072 hit_rate=0.00% oracle2=PASS ns_per_op=28.3
.RESULT k=16
RESULT rotating_rounds=8192
RESULT table_count_at_floor=17
RESULT oracle1_pass=1
RESULT config_conflicts_delta=0
RESULT tier1_hits=0
RESULT tier1_misses=131072
RESULT tier1_total=131072
RESULT expected_total=131072
RESULT oracle2_pass=1
RESULT tier1_hit_rate_pct=0
RESULT churn_elapsed_ns=4112000
RESULT ns_per_op=31.3720703125
OK k=16 rounds=8192 table_count=17 oracle1=PASS cfg_conflicts_delta=0 tier1_hits=0 tier1_misses=131072 hit_rate=0.00% oracle2=PASS ns_per_op=31.4
.RESULT k=16
RESULT rotating_rounds=8192
RESULT table_count_at_floor=17
RESULT oracle1_pass=1
RESULT config_conflicts_delta=0
RESULT tier1_hits=0
RESULT tier1_misses=131072
RESULT tier1_total=131072
RESULT expected_total=131072
RESULT oracle2_pass=1
RESULT tier1_hit_rate_pct=0
RESULT churn_elapsed_ns=3738200
RESULT ns_per_op=28.52020263671875
OK k=16 rounds=8192 table_count=17 oracle1=PASS cfg_conflicts_delta=0 tier1_hits=0 tier1_misses=131072 hit_rate=0.00% oracle2=PASS ns_per_op=28.5
.RESULT k=16
RESULT rotating_rounds=8192
RESULT table_count_at_floor=17
RESULT oracle1_pass=1
RESULT config_conflicts_delta=0
RESULT tier1_hits=0
RESULT tier1_misses=131072
RESULT tier1_total=131072
RESULT expected_total=131072
RESULT oracle2_pass=1
RESULT tier1_hit_rate_pct=0
RESULT churn_elapsed_ns=3906400
RESULT ns_per_op=29.803466796875
OK k=16 rounds=8192 table_count=17 oracle1=PASS cfg_conflicts_delta=0 tier1_hits=0 tier1_misses=131072 hit_rate=0.00% oracle2=PASS ns_per_op=29.8
.RESULT k=16
RESULT rotating_rounds=8192
RESULT table_count_at_floor=17
RESULT oracle1_pass=1
RESULT config_conflicts_delta=0
RESULT tier1_hits=0
RESULT tier1_misses=131072
RESULT tier1_total=131072
RESULT expected_total=131072
RESULT oracle2_pass=1
RESULT tier1_hit_rate_pct=0
RESULT churn_elapsed_ns=3898100
RESULT ns_per_op=29.740142822265625
OK k=16 rounds=8192 table_count=17 oracle1=PASS cfg_conflicts_delta=0 tier1_hits=0 tier1_misses=131072 hit_rate=0.00% oracle2=PASS ns_per_op=29.7
.RESULT k=16
RESULT rotating_rounds=8192
RESULT table_count_at_floor=17
RESULT oracle1_pass=1
RESULT config_conflicts_delta=0
RESULT tier1_hits=0
RESULT tier1_misses=131072
RESULT tier1_total=131072
RESULT expected_total=131072
RESULT oracle2_pass=1
RESULT tier1_hit_rate_pct=0
RESULT churn_elapsed_ns=3883200
RESULT ns_per_op=29.62646484375
OK k=16 rounds=8192 table_count=17 oracle1=PASS cfg_conflicts_delta=0 tier1_hits=0 tier1_misses=131072 hit_rate=0.00% oracle2=PASS ns_per_op=29.6
.RESULT k=16
RESULT rotating_rounds=8192
RESULT table_count_at_floor=17
RESULT oracle1_pass=1
RESULT config_conflicts_delta=0
RESULT tier1_hits=0
RESULT tier1_misses=131072
RESULT tier1_total=131072
RESULT expected_total=131072
RESULT oracle2_pass=1
RESULT tier1_hit_rate_pct=0
RESULT churn_elapsed_ns=4735300
RESULT ns_per_op=36.127471923828125
OK k=16 rounds=8192 table_count=17 oracle1=PASS cfg_conflicts_delta=0 tier1_hits=0 tier1_misses=131072 hit_rate=0.00% oracle2=PASS ns_per_op=36.1
.RESULT k=16
RESULT rotating_rounds=8192
RESULT table_count_at_floor=17
RESULT oracle1_pass=1
RESULT config_conflicts_delta=0
RESULT tier1_hits=0
RESULT tier1_misses=131072
RESULT tier1_total=131072
RESULT expected_total=131072
RESULT oracle2_pass=1
RESULT tier1_hit_rate_pct=0
RESULT churn_elapsed_ns=3735600
RESULT ns_per_op=28.5003662109375
OK k=16 rounds=8192 table_count=17 oracle1=PASS cfg_conflicts_delta=0 tier1_hits=0 tier1_misses=131072 hit_rate=0.00% oracle2=PASS ns_per_op=28.5
.RESULT k=16
RESULT rotating_rounds=8192
RESULT table_count_at_floor=17
RESULT oracle1_pass=1
RESULT config_conflicts_delta=0
RESULT tier1_hits=0
RESULT tier1_misses=131072
RESULT tier1_total=131072
RESULT expected_total=131072
RESULT oracle2_pass=1
RESULT tier1_hit_rate_pct=0
RESULT churn_elapsed_ns=3799800
RESULT ns_per_op=28.99017333984375
OK k=16 rounds=8192 table_count=17 oracle1=PASS cfg_conflicts_delta=0 tier1_hits=0 tier1_misses=131072 hit_rate=0.00% oracle2=PASS ns_per_op=29.0
.RESULT k=16
RESULT rotating_rounds=8192
RESULT table_count_at_floor=17
RESULT oracle1_pass=1
RESULT config_conflicts_delta=0
RESULT tier1_hits=0
RESULT tier1_misses=131072
RESULT tier1_total=131072
RESULT expected_total=131072
RESULT oracle2_pass=1
RESULT tier1_hit_rate_pct=0
RESULT churn_elapsed_ns=3996400
RESULT ns_per_op=30.4901123046875
OK k=16 rounds=8192 table_count=17 oracle1=PASS cfg_conflicts_delta=0 tier1_hits=0 tier1_misses=131072 hit_rate=0.00% oracle2=PASS ns_per_op=30.5
.RESULT k=16
RESULT rotating_rounds=8192
RESULT table_count_at_floor=17
RESULT oracle1_pass=1
RESULT config_conflicts_delta=0
RESULT tier1_hits=0
RESULT tier1_misses=131072
RESULT tier1_total=131072
RESULT expected_total=131072
RESULT oracle2_pass=1
RESULT tier1_hit_rate_pct=0
RESULT churn_elapsed_ns=4129200
RESULT ns_per_op=31.5032958984375
OK k=16 rounds=8192 table_count=17 oracle1=PASS cfg_conflicts_delta=0 tier1_hits=0 tier1_misses=131072 hit_rate=0.00% oracle2=PASS ns_per_op=31.5
.RESULT k=16
RESULT rotating_rounds=8192
RESULT table_count_at_floor=17
RESULT oracle1_pass=1
RESULT config_conflicts_delta=0
RESULT tier1_hits=0
RESULT tier1_misses=131072
RESULT tier1_total=131072
RESULT expected_total=131072
RESULT oracle2_pass=1
RESULT tier1_hit_rate_pct=0
RESULT churn_elapsed_ns=4017800
RESULT ns_per_op=30.65338134765625
OK k=16 rounds=8192 table_count=17 oracle1=PASS cfg_conflicts_delta=0 tier1_hits=0 tier1_misses=131072 hit_rate=0.00% oracle2=PASS ns_per_op=30.7
.RESULT k=16
RESULT rotating_rounds=8192
RESULT table_count_at_floor=17
RESULT oracle1_pass=1
RESULT config_conflicts_delta=0
RESULT tier1_hits=0
RESULT tier1_misses=131072
RESULT tier1_total=131072
RESULT expected_total=131072
RESULT oracle2_pass=1
RESULT tier1_hit_rate_pct=0
RESULT churn_elapsed_ns=4170400
RESULT ns_per_op=31.817626953125
OK k=16 rounds=8192 table_count=17 oracle1=PASS cfg_conflicts_delta=0 tier1_hits=0 tier1_misses=131072 hit_rate=0.00% oracle2=PASS ns_per_op=31.8
.RESULT k=16
RESULT rotating_rounds=8192
RESULT table_count_at_floor=17
RESULT oracle1_pass=1
RESULT config_conflicts_delta=0
RESULT tier1_hits=0
RESULT tier1_misses=131072
RESULT tier1_total=131072
RESULT expected_total=131072
RESULT oracle2_pass=1
RESULT tier1_hit_rate_pct=0
RESULT churn_elapsed_ns=3656800
RESULT ns_per_op=27.899169921875
OK k=16 rounds=8192 table_count=17 oracle1=PASS cfg_conflicts_delta=0 tier1_hits=0 tier1_misses=131072 hit_rate=0.00% oracle2=PASS ns_per_op=27.9
.RESULT k=16
RESULT rotating_rounds=8192
RESULT table_count_at_floor=17
RESULT oracle1_pass=1
RESULT config_conflicts_delta=0
RESULT tier1_hits=0
RESULT tier1_misses=131072
RESULT tier1_total=131072
RESULT expected_total=131072
RESULT oracle2_pass=1
RESULT tier1_hit_rate_pct=0
RESULT churn_elapsed_ns=4333100
RESULT ns_per_op=33.058929443359375
OK k=16 rounds=8192 table_count=17 oracle1=PASS cfg_conflicts_delta=0 tier1_hits=0 tier1_misses=131072 hit_rate=0.00% oracle2=PASS ns_per_op=33.1
.RESULT k=16
RESULT rotating_rounds=8192
RESULT table_count_at_floor=17
RESULT oracle1_pass=1
RESULT config_conflicts_delta=0
RESULT tier1_hits=0
RESULT tier1_misses=131072
RESULT tier1_total=131072
RESULT expected_total=131072
RESULT oracle2_pass=1
RESULT tier1_hit_rate_pct=0
RESULT churn_elapsed_ns=3668700
RESULT ns_per_op=27.989959716796875
OK k=16 rounds=8192 table_count=17 oracle1=PASS cfg_conflicts_delta=0 tier1_hits=0 tier1_misses=131072 hit_rate=0.00% oracle2=PASS ns_per_op=28.0
.RESULT k=16
RESULT rotating_rounds=8192
RESULT table_count_at_floor=17
RESULT oracle1_pass=1
RESULT config_conflicts_delta=0
RESULT tier1_hits=0
RESULT tier1_misses=131072
RESULT tier1_total=131072
RESULT expected_total=131072
RESULT oracle2_pass=1
RESULT tier1_hit_rate_pct=0
RESULT churn_elapsed_ns=3657200
RESULT ns_per_op=27.9022216796875
OK k=16 rounds=8192 table_count=17 oracle1=PASS cfg_conflicts_delta=0 tier1_hits=0 tier1_misses=131072 hit_rate=0.00% oracle2=PASS ns_per_op=27.9
.RESULT k=16
RESULT rotating_rounds=8192
RESULT table_count_at_floor=17
RESULT oracle1_pass=1
RESULT config_conflicts_delta=0
RESULT tier1_hits=0
RESULT tier1_misses=131072
RESULT tier1_total=131072
RESULT expected_total=131072
RESULT oracle2_pass=1
RESULT tier1_hit_rate_pct=0
RESULT churn_elapsed_ns=3962400
RESULT ns_per_op=30.230712890625
OK k=16 rounds=8192 table_count=17 oracle1=PASS cfg_conflicts_delta=0 tier1_hits=0 tier1_misses=131072 hit_rate=0.00% oracle2=PASS ns_per_op=30.2
.RESULT k=16
RESULT rotating_rounds=8192
RESULT table_count_at_floor=17
RESULT oracle1_pass=1
RESULT config_conflicts_delta=0
RESULT tier1_hits=0
RESULT tier1_misses=131072
RESULT tier1_total=131072
RESULT expected_total=131072
RESULT oracle2_pass=1
RESULT tier1_hit_rate_pct=0
RESULT churn_elapsed_ns=4001800
RESULT ns_per_op=30.53131103515625
OK k=16 rounds=8192 table_count=17 oracle1=PASS cfg_conflicts_delta=0 tier1_hits=0 tier1_misses=131072 hit_rate=0.00% oracle2=PASS ns_per_op=30.5
.RESULT k=16
RESULT rotating_rounds=8192
RESULT table_count_at_floor=17
RESULT oracle1_pass=1
RESULT config_conflicts_delta=0
RESULT tier1_hits=0
RESULT tier1_misses=131072
RESULT tier1_total=131072
RESULT expected_total=131072
RESULT oracle2_pass=1
RESULT tier1_hit_rate_pct=0
RESULT churn_elapsed_ns=3788500
RESULT ns_per_op=28.903961181640625
OK k=16 rounds=8192 table_count=17 oracle1=PASS cfg_conflicts_delta=0 tier1_hits=0 tier1_misses=131072 hit_rate=0.00% oracle2=PASS ns_per_op=28.9
.RESULT k=16
RESULT rotating_rounds=8192
RESULT table_count_at_floor=17
RESULT oracle1_pass=1
RESULT config_conflicts_delta=0
RESULT tier1_hits=0
RESULT tier1_misses=131072
RESULT tier1_total=131072
RESULT expected_total=131072
RESULT oracle2_pass=1
RESULT tier1_hit_rate_pct=0
RESULT churn_elapsed_ns=3813600
RESULT ns_per_op=29.095458984375
OK k=16 rounds=8192 table_count=17 oracle1=PASS cfg_conflicts_delta=0 tier1_hits=0 tier1_misses=131072 hit_rate=0.00% oracle2=PASS ns_per_op=29.1
.RESULT k=16
RESULT rotating_rounds=8192
RESULT table_count_at_floor=17
RESULT oracle1_pass=1
RESULT config_conflicts_delta=0
RESULT tier1_hits=0
RESULT tier1_misses=131072
RESULT tier1_total=131072
RESULT expected_total=131072
RESULT oracle2_pass=1
RESULT tier1_hit_rate_pct=0
RESULT churn_elapsed_ns=3904300
RESULT ns_per_op=29.787445068359375
OK k=16 rounds=8192 table_count=17 oracle1=PASS cfg_conflicts_delta=0 tier1_hits=0 tier1_misses=131072 hit_rate=0.00% oracle2=PASS ns_per_op=29.8
.RESULT k=16
RESULT rotating_rounds=8192
RESULT table_count_at_floor=17
RESULT oracle1_pass=1
RESULT config_conflicts_delta=0
RESULT tier1_hits=0
RESULT tier1_misses=131072
RESULT tier1_total=131072
RESULT expected_total=131072
RESULT oracle2_pass=1
RESULT tier1_hit_rate_pct=0
RESULT churn_elapsed_ns=4070500
RESULT ns_per_op=31.055450439453125
OK k=16 rounds=8192 table_count=17 oracle1=PASS cfg_conflicts_delta=0 tier1_hits=0 tier1_misses=131072 hit_rate=0.00% oracle2=PASS ns_per_op=31.1
.RESULT k=16
RESULT rotating_rounds=8192
RESULT table_count_at_floor=17
RESULT oracle1_pass=1
RESULT config_conflicts_delta=0
RESULT tier1_hits=0
RESULT tier1_misses=131072
RESULT tier1_total=131072
RESULT expected_total=131072
RESULT oracle2_pass=1
RESULT tier1_hit_rate_pct=0
RESULT churn_elapsed_ns=4042800
RESULT ns_per_op=30.8441162109375
OK k=16 rounds=8192 table_count=17 oracle1=PASS cfg_conflicts_delta=0 tier1_hits=0 tier1_misses=131072 hit_rate=0.00% oracle2=PASS ns_per_op=30.8
.RESULT k=16
RESULT rotating_rounds=8192
RESULT table_count_at_floor=17
RESULT oracle1_pass=1
RESULT config_conflicts_delta=0
RESULT tier1_hits=0
RESULT tier1_misses=131072
RESULT tier1_total=131072
RESULT expected_total=131072
RESULT oracle2_pass=1
RESULT tier1_hit_rate_pct=0
RESULT churn_elapsed_ns=4302700
RESULT ns_per_op=32.826995849609375
OK k=16 rounds=8192 table_count=17 oracle1=PASS cfg_conflicts_delta=0 tier1_hits=0 tier1_misses=131072 hit_rate=0.00% oracle2=PASS ns_per_op=32.8
.RESULT k=16
RESULT rotating_rounds=8192
RESULT table_count_at_floor=17
RESULT oracle1_pass=1
RESULT config_conflicts_delta=0
RESULT tier1_hits=0
RESULT tier1_misses=131072
RESULT tier1_total=131072
RESULT expected_total=131072
RESULT oracle2_pass=1
RESULT tier1_hit_rate_pct=0
RESULT churn_elapsed_ns=4010300
RESULT ns_per_op=30.596160888671875
OK k=16 rounds=8192 table_count=17 oracle1=PASS cfg_conflicts_delta=0 tier1_hits=0 tier1_misses=131072 hit_rate=0.00% oracle2=PASS ns_per_op=30.6
.RESULT k=16
RESULT rotating_rounds=8192
RESULT table_count_at_floor=17
RESULT oracle1_pass=1
RESULT config_conflicts_delta=0
RESULT tier1_hits=0
RESULT tier1_misses=131072
RESULT tier1_total=131072
RESULT expected_total=131072
RESULT oracle2_pass=1
RESULT tier1_hit_rate_pct=0
RESULT churn_elapsed_ns=5672600
RESULT ns_per_op=43.27850341796875
OK k=16 rounds=8192 table_count=17 oracle1=PASS cfg_conflicts_delta=0 tier1_hits=0 tier1_misses=131072 hit_rate=0.00% oracle2=PASS ns_per_op=43.3
.RESULT k=16
RESULT rotating_rounds=8192
RESULT table_count_at_floor=17
RESULT oracle1_pass=1
RESULT config_conflicts_delta=0
RESULT tier1_hits=0
RESULT tier1_misses=131072
RESULT tier1_total=131072
RESULT expected_total=131072
RESULT oracle2_pass=1
RESULT tier1_hit_rate_pct=0
RESULT churn_elapsed_ns=5471400
RESULT ns_per_op=41.74346923828125
OK k=16 rounds=8192 table_count=17 oracle1=PASS cfg_conflicts_delta=0 tier1_hits=0 tier1_misses=131072 hit_rate=0.00% oracle2=PASS ns_per_op=41.7
.RESULT k=16
RESULT rotating_rounds=8192
RESULT table_count_at_floor=17
RESULT oracle1_pass=1
RESULT config_conflicts_delta=0
RESULT tier1_hits=0
RESULT tier1_misses=131072
RESULT tier1_total=131072
RESULT expected_total=131072
RESULT oracle2_pass=1
RESULT tier1_hit_rate_pct=0
RESULT churn_elapsed_ns=4116400
RESULT ns_per_op=31.4056396484375
OK k=16 rounds=8192 table_count=17 oracle1=PASS cfg_conflicts_delta=0 tier1_hits=0 tier1_misses=131072 hit_rate=0.00% oracle2=PASS ns_per_op=31.4
.RESULT k=16
RESULT rotating_rounds=8192
RESULT table_count_at_floor=17
RESULT oracle1_pass=1
RESULT config_conflicts_delta=0
RESULT tier1_hits=0
RESULT tier1_misses=131072
RESULT tier1_total=131072
RESULT expected_total=131072
RESULT oracle2_pass=1
RESULT tier1_hit_rate_pct=0
RESULT churn_elapsed_ns=4015000
RESULT ns_per_op=30.63201904296875
OK k=16 rounds=8192 table_count=17 oracle1=PASS cfg_conflicts_delta=0 tier1_hits=0 tier1_misses=131072 hit_rate=0.00% oracle2=PASS ns_per_op=30.6
.RESULT k=16
RESULT rotating_rounds=8192
RESULT table_count_at_floor=17
RESULT oracle1_pass=1
RESULT config_conflicts_delta=0
RESULT tier1_hits=0
RESULT tier1_misses=131072
RESULT tier1_total=131072
RESULT expected_total=131072
RESULT oracle2_pass=1
RESULT tier1_hit_rate_pct=0
RESULT churn_elapsed_ns=4669700
RESULT ns_per_op=35.626983642578125
OK k=16 rounds=8192 table_count=17 oracle1=PASS cfg_conflicts_delta=0 tier1_hits=0 tier1_misses=131072 hit_rate=0.00% oracle2=PASS ns_per_op=35.6
.RESULT k=16
RESULT rotating_rounds=8192
RESULT table_count_at_floor=17
RESULT oracle1_pass=1
RESULT config_conflicts_delta=0
RESULT tier1_hits=0
RESULT tier1_misses=131072
RESULT tier1_total=131072
RESULT expected_total=131072
RESULT oracle2_pass=1
RESULT tier1_hit_rate_pct=0
RESULT churn_elapsed_ns=6295700
RESULT ns_per_op=48.032379150390625
OK k=16 rounds=8192 table_count=17 oracle1=PASS cfg_conflicts_delta=0 tier1_hits=0 tier1_misses=131072 hit_rate=0.00% oracle2=PASS ns_per_op=48.0
.RESULT k=16
RESULT rotating_rounds=8192
RESULT table_count_at_floor=17
RESULT oracle1_pass=1
RESULT config_conflicts_delta=0
RESULT tier1_hits=0
RESULT tier1_misses=131072
RESULT tier1_total=131072
RESULT expected_total=131072
RESULT oracle2_pass=1
RESULT tier1_hit_rate_pct=0
RESULT churn_elapsed_ns=3917800
RESULT ns_per_op=29.89044189453125
OK k=16 rounds=8192 table_count=17 oracle1=PASS cfg_conflicts_delta=0 tier1_hits=0 tier1_misses=131072 hit_rate=0.00% oracle2=PASS ns_per_op=29.9
.RESULT k=16
RESULT rotating_rounds=8192
RESULT table_count_at_floor=17
RESULT oracle1_pass=1
RESULT config_conflicts_delta=0
RESULT tier1_hits=0
RESULT tier1_misses=131072
RESULT tier1_total=131072
RESULT expected_total=131072
RESULT oracle2_pass=1
RESULT tier1_hit_rate_pct=0
RESULT churn_elapsed_ns=4244600
RESULT ns_per_op=32.38372802734375
OK k=16 rounds=8192 table_count=17 oracle1=PASS cfg_conflicts_delta=0 tier1_hits=0 tier1_misses=131072 hit_rate=0.00% oracle2=PASS ns_per_op=32.4
.RESULT k=16
RESULT rotating_rounds=8192
RESULT table_count_at_floor=17
RESULT oracle1_pass=1
RESULT config_conflicts_delta=0
RESULT tier1_hits=0
RESULT tier1_misses=131072
RESULT tier1_total=131072
RESULT expected_total=131072
RESULT oracle2_pass=1
RESULT tier1_hit_rate_pct=0
RESULT churn_elapsed_ns=3750600
RESULT ns_per_op=28.61480712890625
OK k=16 rounds=8192 table_count=17 oracle1=PASS cfg_conflicts_delta=0 tier1_hits=0 tier1_misses=131072 hit_rate=0.00% oracle2=PASS ns_per_op=28.6
.RESULT k=16
RESULT rotating_rounds=8192
RESULT table_count_at_floor=17
RESULT oracle1_pass=1
RESULT config_conflicts_delta=0
RESULT tier1_hits=0
RESULT tier1_misses=131072
RESULT tier1_total=131072
RESULT expected_total=131072
RESULT oracle2_pass=1
RESULT tier1_hit_rate_pct=0
RESULT churn_elapsed_ns=3892200
RESULT ns_per_op=29.69512939453125
OK k=16 rounds=8192 table_count=17 oracle1=PASS cfg_conflicts_delta=0 tier1_hits=0 tier1_misses=131072 hit_rate=0.00% oracle2=PASS ns_per_op=29.7
.RESULT k=16
RESULT rotating_rounds=8192
RESULT table_count_at_floor=17
RESULT oracle1_pass=1
RESULT config_conflicts_delta=0
RESULT tier1_hits=0
RESULT tier1_misses=131072
RESULT tier1_total=131072
RESULT expected_total=131072
RESULT oracle2_pass=1
RESULT tier1_hit_rate_pct=0
RESULT churn_elapsed_ns=3822400
RESULT ns_per_op=29.16259765625
OK k=16 rounds=8192 table_count=17 oracle1=PASS cfg_conflicts_delta=0 tier1_hits=0 tier1_misses=131072 hit_rate=0.00% oracle2=PASS ns_per_op=29.2
.RESULT k=16
RESULT rotating_rounds=8192
RESULT table_count_at_floor=17
RESULT oracle1_pass=1
RESULT config_conflicts_delta=0
RESULT tier1_hits=0
RESULT tier1_misses=131072
RESULT tier1_total=131072
RESULT expected_total=131072
RESULT oracle2_pass=1
RESULT tier1_hit_rate_pct=0
RESULT churn_elapsed_ns=4818800
RESULT ns_per_op=36.7645263671875
OK k=16 rounds=8192 table_count=17 oracle1=PASS cfg_conflicts_delta=0 tier1_hits=0 tier1_misses=131072 hit_rate=0.00% oracle2=PASS ns_per_op=36.8
.RESULT k=16
RESULT rotating_rounds=8192
RESULT table_count_at_floor=17
RESULT oracle1_pass=1
RESULT config_conflicts_delta=0
RESULT tier1_hits=0
RESULT tier1_misses=131072
RESULT tier1_total=131072
RESULT expected_total=131072
RESULT oracle2_pass=1
RESULT tier1_hit_rate_pct=0
RESULT churn_elapsed_ns=3711500
RESULT ns_per_op=28.316497802734375
OK k=16 rounds=8192 table_count=17 oracle1=PASS cfg_conflicts_delta=0 tier1_hits=0 tier1_misses=131072 hit_rate=0.00% oracle2=PASS ns_per_op=28.3
.RESULT k=16
RESULT rotating_rounds=8192
RESULT table_count_at_floor=17
RESULT oracle1_pass=1
RESULT config_conflicts_delta=0
RESULT tier1_hits=0
RESULT tier1_misses=131072
RESULT tier1_total=131072
RESULT expected_total=131072
RESULT oracle2_pass=1
RESULT tier1_hit_rate_pct=0
RESULT churn_elapsed_ns=3893500
RESULT ns_per_op=29.705047607421875
OK k=16 rounds=8192 table_count=17 oracle1=PASS cfg_conflicts_delta=0 tier1_hits=0 tier1_misses=131072 hit_rate=0.00% oracle2=PASS ns_per_op=29.7
.RESULT k=16
RESULT rotating_rounds=8192
RESULT table_count_at_floor=17
RESULT oracle1_pass=1
RESULT config_conflicts_delta=0
RESULT tier1_hits=0
RESULT tier1_misses=131072
RESULT tier1_total=131072
RESULT expected_total=131072
RESULT oracle2_pass=1
RESULT tier1_hit_rate_pct=0
RESULT churn_elapsed_ns=3891400
RESULT ns_per_op=29.68902587890625
OK k=16 rounds=8192 table_count=17 oracle1=PASS cfg_conflicts_delta=0 tier1_hits=0 tier1_misses=131072 hit_rate=0.00% oracle2=PASS ns_per_op=29.7
.RESULT k=16
RESULT rotating_rounds=8192
RESULT table_count_at_floor=17
RESULT oracle1_pass=1
RESULT config_conflicts_delta=0
RESULT tier1_hits=0
RESULT tier1_misses=131072
RESULT tier1_total=131072
RESULT expected_total=131072
RESULT oracle2_pass=1
RESULT tier1_hit_rate_pct=0
RESULT churn_elapsed_ns=4244100
RESULT ns_per_op=32.379913330078125
OK k=16 rounds=8192 table_count=17 oracle1=PASS cfg_conflicts_delta=0 tier1_hits=0 tier1_misses=131072 hit_rate=0.00% oracle2=PASS ns_per_op=32.4
.RESULT k=16
RESULT rotating_rounds=8192
RESULT table_count_at_floor=17
RESULT oracle1_pass=1
RESULT config_conflicts_delta=0
RESULT tier1_hits=0
RESULT tier1_misses=131072
RESULT tier1_total=131072
RESULT expected_total=131072
RESULT oracle2_pass=1
RESULT tier1_hit_rate_pct=0
RESULT churn_elapsed_ns=3909900
RESULT ns_per_op=29.830169677734375
OK k=16 rounds=8192 table_count=17 oracle1=PASS cfg_conflicts_delta=0 tier1_hits=0 tier1_misses=131072 hit_rate=0.00% oracle2=PASS ns_per_op=29.8
.RESULT k=16
RESULT rotating_rounds=8192
RESULT table_count_at_floor=17
RESULT oracle1_pass=1
RESULT config_conflicts_delta=0
RESULT tier1_hits=0
RESULT tier1_misses=131072
RESULT tier1_total=131072
RESULT expected_total=131072
RESULT oracle2_pass=1
RESULT tier1_hit_rate_pct=0
RESULT churn_elapsed_ns=3740600
RESULT ns_per_op=28.53851318359375
OK k=16 rounds=8192 table_count=17 oracle1=PASS cfg_conflicts_delta=0 tier1_hits=0 tier1_misses=131072 hit_rate=0.00% oracle2=PASS ns_per_op=28.5
.RESULT k=16
RESULT rotating_rounds=8192
RESULT table_count_at_floor=17
RESULT oracle1_pass=1
RESULT config_conflicts_delta=0
RESULT tier1_hits=0
RESULT tier1_misses=131072
RESULT tier1_total=131072
RESULT expected_total=131072
RESULT oracle2_pass=1
RESULT tier1_hit_rate_pct=0
RESULT churn_elapsed_ns=5029500
RESULT ns_per_op=38.372039794921875
OK k=16 rounds=8192 table_count=17 oracle1=PASS cfg_conflicts_delta=0 tier1_hits=0 tier1_misses=131072 hit_rate=0.00% oracle2=PASS ns_per_op=38.4
.RESULT k=16
RESULT rotating_rounds=8192
RESULT table_count_at_floor=17
RESULT oracle1_pass=1
RESULT config_conflicts_delta=0
RESULT tier1_hits=0
RESULT tier1_misses=131072
RESULT tier1_total=131072
RESULT expected_total=131072
RESULT oracle2_pass=1
RESULT tier1_hit_rate_pct=0
RESULT churn_elapsed_ns=4173400
RESULT ns_per_op=31.84051513671875
OK k=16 rounds=8192 table_count=17 oracle1=PASS cfg_conflicts_delta=0 tier1_hits=0 tier1_misses=131072 hit_rate=0.00% oracle2=PASS ns_per_op=31.8
.RESULT k=16
RESULT rotating_rounds=8192
RESULT table_count_at_floor=17
RESULT oracle1_pass=1
RESULT config_conflicts_delta=0
RESULT tier1_hits=0
RESULT tier1_misses=131072
RESULT tier1_total=131072
RESULT expected_total=131072
RESULT oracle2_pass=1
RESULT tier1_hit_rate_pct=0
RESULT churn_elapsed_ns=3948200
RESULT ns_per_op=30.12237548828125
OK k=16 rounds=8192 table_count=17 oracle1=PASS cfg_conflicts_delta=0 tier1_hits=0 tier1_misses=131072 hit_rate=0.00% oracle2=PASS ns_per_op=30.1
.RESULT k=16
RESULT rotating_rounds=8192
RESULT table_count_at_floor=17
RESULT oracle1_pass=1
RESULT config_conflicts_delta=0
RESULT tier1_hits=0
RESULT tier1_misses=131072
RESULT tier1_total=131072
RESULT expected_total=131072
RESULT oracle2_pass=1
RESULT tier1_hit_rate_pct=0
RESULT churn_elapsed_ns=4243300
RESULT ns_per_op=32.373809814453125
OK k=16 rounds=8192 table_count=17 oracle1=PASS cfg_conflicts_delta=0 tier1_hits=0 tier1_misses=131072 hit_rate=0.00% oracle2=PASS ns_per_op=32.4
.RESULT k=16
RESULT rotating_rounds=8192
RESULT table_count_at_floor=17
RESULT oracle1_pass=1
RESULT config_conflicts_delta=0
RESULT tier1_hits=0
RESULT tier1_misses=131072
RESULT tier1_total=131072
RESULT expected_total=131072
RESULT oracle2_pass=1
RESULT tier1_hit_rate_pct=0
RESULT churn_elapsed_ns=4605000
RESULT ns_per_op=35.13336181640625
OK k=16 rounds=8192 table_count=17 oracle1=PASS cfg_conflicts_delta=0 tier1_hits=0 tier1_misses=131072 hit_rate=0.00% oracle2=PASS ns_per_op=35.1
.RESULT k=16
RESULT rotating_rounds=8192
RESULT table_count_at_floor=17
RESULT oracle1_pass=1
RESULT config_conflicts_delta=0
RESULT tier1_hits=0
RESULT tier1_misses=131072
RESULT tier1_total=131072
RESULT expected_total=131072
RESULT oracle2_pass=1
RESULT tier1_hit_rate_pct=0
RESULT churn_elapsed_ns=3875100
RESULT ns_per_op=29.564666748046875
OK k=16 rounds=8192 table_count=17 oracle1=PASS cfg_conflicts_delta=0 tier1_hits=0 tier1_misses=131072 hit_rate=0.00% oracle2=PASS ns_per_op=29.6
.RESULT k=16
RESULT rotating_rounds=8192
RESULT table_count_at_floor=17
RESULT oracle1_pass=1
RESULT config_conflicts_delta=0
RESULT tier1_hits=0
RESULT tier1_misses=131072
RESULT tier1_total=131072
RESULT expected_total=131072
RESULT oracle2_pass=1
RESULT tier1_hit_rate_pct=0
RESULT churn_elapsed_ns=3619500
RESULT ns_per_op=27.614593505859375
OK k=16 rounds=8192 table_count=17 oracle1=PASS cfg_conflicts_delta=0 tier1_hits=0 tier1_misses=131072 hit_rate=0.00% oracle2=PASS ns_per_op=27.6
.RESULT k=16
RESULT rotating_rounds=8192
RESULT table_count_at_floor=17
RESULT oracle1_pass=1
RESULT config_conflicts_delta=0
RESULT tier1_hits=0
RESULT tier1_misses=131072
RESULT tier1_total=131072
RESULT expected_total=131072
RESULT oracle2_pass=1
RESULT tier1_hit_rate_pct=0
RESULT churn_elapsed_ns=4819100
RESULT ns_per_op=36.766815185546875
OK k=16 rounds=8192 table_count=17 oracle1=PASS cfg_conflicts_delta=0 tier1_hits=0 tier1_misses=131072 hit_rate=0.00% oracle2=PASS ns_per_op=36.8
.RESULT k=16
RESULT rotating_rounds=8192
RESULT table_count_at_floor=17
RESULT oracle1_pass=1
RESULT config_conflicts_delta=0
RESULT tier1_hits=0
RESULT tier1_misses=131072
RESULT tier1_total=131072
RESULT expected_total=131072
RESULT oracle2_pass=1
RESULT tier1_hit_rate_pct=0
RESULT churn_elapsed_ns=3828100
RESULT ns_per_op=29.206085205078125
OK k=16 rounds=8192 table_count=17 oracle1=PASS cfg_conflicts_delta=0 tier1_hits=0 tier1_misses=131072 hit_rate=0.00% oracle2=PASS ns_per_op=29.2
.RESULT k=16
RESULT rotating_rounds=8192
RESULT table_count_at_floor=17
RESULT oracle1_pass=1
RESULT config_conflicts_delta=0
RESULT tier1_hits=0
RESULT tier1_misses=131072
RESULT tier1_total=131072
RESULT expected_total=131072
RESULT oracle2_pass=1
RESULT tier1_hit_rate_pct=0
RESULT churn_elapsed_ns=6880900
RESULT ns_per_op=52.497100830078125
OK k=16 rounds=8192 table_count=17 oracle1=PASS cfg_conflicts_delta=0 tier1_hits=0 tier1_misses=131072 hit_rate=0.00% oracle2=PASS ns_per_op=52.5
.RESULT k=16
RESULT rotating_rounds=8192
RESULT table_count_at_floor=17
RESULT oracle1_pass=1
RESULT config_conflicts_delta=0
RESULT tier1_hits=0
RESULT tier1_misses=131072
RESULT tier1_total=131072
RESULT expected_total=131072
RESULT oracle2_pass=1
RESULT tier1_hit_rate_pct=0
RESULT churn_elapsed_ns=3909100
RESULT ns_per_op=29.824066162109375
OK k=16 rounds=8192 table_count=17 oracle1=PASS cfg_conflicts_delta=0 tier1_hits=0 tier1_misses=131072 hit_rate=0.00% oracle2=PASS ns_per_op=29.8
.RESULT k=16
RESULT rotating_rounds=8192
RESULT table_count_at_floor=17
RESULT oracle1_pass=1
RESULT config_conflicts_delta=0
RESULT tier1_hits=0
RESULT tier1_misses=131072
RESULT tier1_total=131072
RESULT expected_total=131072
RESULT oracle2_pass=1
RESULT tier1_hit_rate_pct=0
RESULT churn_elapsed_ns=3871200
RESULT ns_per_op=29.534912109375
OK k=16 rounds=8192 table_count=17 oracle1=PASS cfg_conflicts_delta=0 tier1_hits=0 tier1_misses=131072 hit_rate=0.00% oracle2=PASS ns_per_op=29.5
.RESULT k=16
RESULT rotating_rounds=8192
RESULT table_count_at_floor=17
RESULT oracle1_pass=1
RESULT config_conflicts_delta=0
RESULT tier1_hits=0
RESULT tier1_misses=131072
RESULT tier1_total=131072
RESULT expected_total=131072
RESULT oracle2_pass=1
RESULT tier1_hit_rate_pct=0
RESULT churn_elapsed_ns=3921200
RESULT ns_per_op=29.9163818359375
OK k=16 rounds=8192 table_count=17 oracle1=PASS cfg_conflicts_delta=0 tier1_hits=0 tier1_misses=131072 hit_rate=0.00% oracle2=PASS ns_per_op=29.9
.RESULT k=16
RESULT rotating_rounds=8192
RESULT table_count_at_floor=17
RESULT oracle1_pass=1
RESULT config_conflicts_delta=0
RESULT tier1_hits=0
RESULT tier1_misses=131072
RESULT tier1_total=131072
RESULT expected_total=131072
RESULT oracle2_pass=1
RESULT tier1_hit_rate_pct=0
RESULT churn_elapsed_ns=4178500
RESULT ns_per_op=31.879425048828125
OK k=16 rounds=8192 table_count=17 oracle1=PASS cfg_conflicts_delta=0 tier1_hits=0 tier1_misses=131072 hit_rate=0.00% oracle2=PASS ns_per_op=31.9
.RESULT k=16
RESULT rotating_rounds=8192
RESULT table_count_at_floor=17
RESULT oracle1_pass=1
RESULT config_conflicts_delta=0
RESULT tier1_hits=8191
RESULT tier1_misses=122881
RESULT tier1_total=131072
RESULT expected_total=131072
RESULT oracle2_pass=1
RESULT tier1_hit_rate_pct=6.249237060546875
RESULT churn_elapsed_ns=4357100
RESULT ns_per_op=33.242034912109375
OK k=16 rounds=8192 table_count=17 oracle1=PASS cfg_conflicts_delta=0 tier1_hits=8191 tier1_misses=122881 hit_rate=6.25% oracle2=PASS ns_per_op=33.2
.RESULT k=16
RESULT rotating_rounds=8192
RESULT table_count_at_floor=17
RESULT oracle1_pass=1
RESULT config_conflicts_delta=0
RESULT tier1_hits=0
RESULT tier1_misses=131072
RESULT tier1_total=131072
RESULT expected_total=131072
RESULT oracle2_pass=1
RESULT tier1_hit_rate_pct=0
RESULT churn_elapsed_ns=3676700
RESULT ns_per_op=28.050994873046875
OK k=16 rounds=8192 table_count=17 oracle1=PASS cfg_conflicts_delta=0 tier1_hits=0 tier1_misses=131072 hit_rate=0.00% oracle2=PASS ns_per_op=28.1
.RESULT k=16
RESULT rotating_rounds=8192
RESULT table_count_at_floor=17
RESULT oracle1_pass=1
RESULT config_conflicts_delta=0
RESULT tier1_hits=0
RESULT tier1_misses=131072
RESULT tier1_total=131072
RESULT expected_total=131072
RESULT oracle2_pass=1
RESULT tier1_hit_rate_pct=0
RESULT churn_elapsed_ns=3879900
RESULT ns_per_op=29.601287841796875
OK k=16 rounds=8192 table_count=17 oracle1=PASS cfg_conflicts_delta=0 tier1_hits=0 tier1_misses=131072 hit_rate=0.00% oracle2=PASS ns_per_op=29.6
.RESULT k=16
RESULT rotating_rounds=8192
RESULT table_count_at_floor=17
RESULT oracle1_pass=1
RESULT config_conflicts_delta=0
RESULT tier1_hits=0
RESULT tier1_misses=131072
RESULT tier1_total=131072
RESULT expected_total=131072
RESULT oracle2_pass=1
RESULT tier1_hit_rate_pct=0
RESULT churn_elapsed_ns=3743400
RESULT ns_per_op=28.55987548828125
OK k=16 rounds=8192 table_count=17 oracle1=PASS cfg_conflicts_delta=0 tier1_hits=0 tier1_misses=131072 hit_rate=0.00% oracle2=PASS ns_per_op=28.6
.RESULT k=16
RESULT rotating_rounds=8192
RESULT table_count_at_floor=17
RESULT oracle1_pass=1
RESULT config_conflicts_delta=0
RESULT tier1_hits=0
RESULT tier1_misses=131072
RESULT tier1_total=131072
RESULT expected_total=131072
RESULT oracle2_pass=1
RESULT tier1_hit_rate_pct=0
RESULT churn_elapsed_ns=3873800
RESULT ns_per_op=29.55474853515625
OK k=16 rounds=8192 table_count=17 oracle1=PASS cfg_conflicts_delta=0 tier1_hits=0 tier1_misses=131072 hit_rate=0.00% oracle2=PASS ns_per_op=29.6
.RESULT k=16
RESULT rotating_rounds=8192
RESULT table_count_at_floor=17
RESULT oracle1_pass=1
RESULT config_conflicts_delta=0
RESULT tier1_hits=0
RESULT tier1_misses=131072
RESULT tier1_total=131072
RESULT expected_total=131072
RESULT oracle2_pass=1
RESULT tier1_hit_rate_pct=0
RESULT churn_elapsed_ns=4052600
RESULT ns_per_op=30.91888427734375
OK k=16 rounds=8192 table_count=17 oracle1=PASS cfg_conflicts_delta=0 tier1_hits=0 tier1_misses=131072 hit_rate=0.00% oracle2=PASS ns_per_op=30.9
.RESULT k=16
RESULT rotating_rounds=8192
RESULT table_count_at_floor=17
RESULT oracle1_pass=1
RESULT config_conflicts_delta=0
RESULT tier1_hits=0
RESULT tier1_misses=131072
RESULT tier1_total=131072
RESULT expected_total=131072
RESULT oracle2_pass=1
RESULT tier1_hit_rate_pct=0
RESULT churn_elapsed_ns=3827800
RESULT ns_per_op=29.20379638671875
OK k=16 rounds=8192 table_count=17 oracle1=PASS cfg_conflicts_delta=0 tier1_hits=0 tier1_misses=131072 hit_rate=0.00% oracle2=PASS ns_per_op=29.2
.RESULT k=16
RESULT rotating_rounds=8192
RESULT table_count_at_floor=17
RESULT oracle1_pass=1
RESULT config_conflicts_delta=0
RESULT tier1_hits=0
RESULT tier1_misses=131072
RESULT tier1_total=131072
RESULT expected_total=131072
RESULT oracle2_pass=1
RESULT tier1_hit_rate_pct=0
RESULT churn_elapsed_ns=4062200
RESULT ns_per_op=30.99212646484375
OK k=16 rounds=8192 table_count=17 oracle1=PASS cfg_conflicts_delta=0 tier1_hits=0 tier1_misses=131072 hit_rate=0.00% oracle2=PASS ns_per_op=31.0
.RESULT k=16
RESULT rotating_rounds=8192
RESULT table_count_at_floor=17
RESULT oracle1_pass=1
RESULT config_conflicts_delta=0
RESULT tier1_hits=0
RESULT tier1_misses=131072
RESULT tier1_total=131072
RESULT expected_total=131072
RESULT oracle2_pass=1
RESULT tier1_hit_rate_pct=0
RESULT churn_elapsed_ns=3835300
RESULT ns_per_op=29.261016845703125
OK k=16 rounds=8192 table_count=17 oracle1=PASS cfg_conflicts_delta=0 tier1_hits=0 tier1_misses=131072 hit_rate=0.00% oracle2=PASS ns_per_op=29.3
.RESULT k=16
RESULT rotating_rounds=8192
RESULT table_count_at_floor=17
RESULT oracle1_pass=1
RESULT config_conflicts_delta=0
RESULT tier1_hits=0
RESULT tier1_misses=131072
RESULT tier1_total=131072
RESULT expected_total=131072
RESULT oracle2_pass=1
RESULT tier1_hit_rate_pct=0
RESULT churn_elapsed_ns=4026400
RESULT ns_per_op=30.718994140625
OK k=16 rounds=8192 table_count=17 oracle1=PASS cfg_conflicts_delta=0 tier1_hits=0 tier1_misses=131072 hit_rate=0.00% oracle2=PASS ns_per_op=30.7
.RESULT k=16
RESULT rotating_rounds=8192
RESULT table_count_at_floor=17
RESULT oracle1_pass=1
RESULT config_conflicts_delta=0
RESULT tier1_hits=0
RESULT tier1_misses=131072
RESULT tier1_total=131072
RESULT expected_total=131072
RESULT oracle2_pass=1
RESULT tier1_hit_rate_pct=0
RESULT churn_elapsed_ns=4166200
RESULT ns_per_op=31.78558349609375
OK k=16 rounds=8192 table_count=17 oracle1=PASS cfg_conflicts_delta=0 tier1_hits=0 tier1_misses=131072 hit_rate=0.00% oracle2=PASS ns_per_op=31.8
.RESULT k=16
RESULT rotating_rounds=8192
RESULT table_count_at_floor=17
RESULT oracle1_pass=1
RESULT config_conflicts_delta=0
RESULT tier1_hits=0
RESULT tier1_misses=131072
RESULT tier1_total=131072
RESULT expected_total=131072
RESULT oracle2_pass=1
RESULT tier1_hit_rate_pct=0
RESULT churn_elapsed_ns=4701200
RESULT ns_per_op=35.8673095703125
OK k=16 rounds=8192 table_count=17 oracle1=PASS cfg_conflicts_delta=0 tier1_hits=0 tier1_misses=131072 hit_rate=0.00% oracle2=PASS ns_per_op=35.9
.RESULT k=16
RESULT rotating_rounds=8192
RESULT table_count_at_floor=17
RESULT oracle1_pass=1
RESULT config_conflicts_delta=0
RESULT tier1_hits=0
RESULT tier1_misses=131072
RESULT tier1_total=131072
RESULT expected_total=131072
RESULT oracle2_pass=1
RESULT tier1_hit_rate_pct=0
RESULT churn_elapsed_ns=4340100
RESULT ns_per_op=33.112335205078125
OK k=16 rounds=8192 table_count=17 oracle1=PASS cfg_conflicts_delta=0 tier1_hits=0 tier1_misses=131072 hit_rate=0.00% oracle2=PASS ns_per_op=33.1
.RESULT k=16
RESULT rotating_rounds=8192
RESULT table_count_at_floor=17
RESULT oracle1_pass=1
RESULT config_conflicts_delta=0
RESULT tier1_hits=0
RESULT tier1_misses=131072
RESULT tier1_total=131072
RESULT expected_total=131072
RESULT oracle2_pass=1
RESULT tier1_hit_rate_pct=0
RESULT churn_elapsed_ns=4591500
RESULT ns_per_op=35.030364990234375
OK k=16 rounds=8192 table_count=17 oracle1=PASS cfg_conflicts_delta=0 tier1_hits=0 tier1_misses=131072 hit_rate=0.00% oracle2=PASS ns_per_op=35.0
.RESULT k=16
RESULT rotating_rounds=8192
RESULT table_count_at_floor=17
RESULT oracle1_pass=1
RESULT config_conflicts_delta=0
RESULT tier1_hits=0
RESULT tier1_misses=131072
RESULT tier1_total=131072
RESULT expected_total=131072
RESULT oracle2_pass=1
RESULT tier1_hit_rate_pct=0
RESULT churn_elapsed_ns=4031800
RESULT ns_per_op=30.76019287109375
OK k=16 rounds=8192 table_count=17 oracle1=PASS cfg_conflicts_delta=0 tier1_hits=0 tier1_misses=131072 hit_rate=0.00% oracle2=PASS ns_per_op=30.8
.

  === before(A-slot) vs before(B-slot) (A - B, ns)  [SAME-VS-SAME CONTROL] ===
  n=20  mean Δ=-23.308 us  sd=668.425 us  se=149.464 us  t=-0.156  df=19  crit(p<0.05)=2.101  => NOT statistically distinguishable from noise (fails to reject null)
  sign test: before(A-slot)-faster=9/20  before(B-slot)-faster=11/20  ties=0

[paired-ab] provenance written to D:\dev\rust\sefer-alloc/docs/perf/paired_ab_runs/2026-08-03T15-30-04-177Z.json

[paired-ab] Reading this output: `t` past `crit` (or sign test heavily lopsided, e.g. 17+/20) means a REAL,
  non-noise wall-clock difference on THIS host for THIS workload — mirroring
  docs/perf/R5_R2_CHURN_REGRESSION_PAIRED_AB.md's verdict criteria. A same-vs-same control run
  (--arms sefer,sefer) should show t well under `crit` and a roughly even sign-test split --
  if it does not, that indicates a harness bug (non-reproducible workload, background load
  bleeding into the timed region), not a real self-difference.
