[paired-ab] --config has no "build" step; assuming arm commands are already built.

[paired-ab] after vs after — 20 pairs, A/B/B/A protocol
RESULT k=8
RESULT rotating_rounds=8192
RESULT table_count_at_floor=9
RESULT oracle1_pass=1
RESULT config_conflicts_delta=0
RESULT tier1_hits=65528
RESULT tier1_misses=8
RESULT tier1_total=65536
RESULT expected_total=65536
RESULT oracle2_pass=1
RESULT tier1_hit_rate_pct=99.98779296875
RESULT churn_elapsed_ns=1762400
RESULT ns_per_op=26.89208984375
OK k=8 rounds=8192 table_count=9 oracle1=PASS cfg_conflicts_delta=0 tier1_hits=65528 tier1_misses=8 hit_rate=99.99% oracle2=PASS ns_per_op=26.9
.RESULT k=8
RESULT rotating_rounds=8192
RESULT table_count_at_floor=9
RESULT oracle1_pass=1
RESULT config_conflicts_delta=0
RESULT tier1_hits=65528
RESULT tier1_misses=8
RESULT tier1_total=65536
RESULT expected_total=65536
RESULT oracle2_pass=1
RESULT tier1_hit_rate_pct=99.98779296875
RESULT churn_elapsed_ns=1643100
RESULT ns_per_op=25.07171630859375
OK k=8 rounds=8192 table_count=9 oracle1=PASS cfg_conflicts_delta=0 tier1_hits=65528 tier1_misses=8 hit_rate=99.99% oracle2=PASS ns_per_op=25.1
.RESULT k=8
RESULT rotating_rounds=8192
RESULT table_count_at_floor=9
RESULT oracle1_pass=1
RESULT config_conflicts_delta=0
RESULT tier1_hits=65528
RESULT tier1_misses=8
RESULT tier1_total=65536
RESULT expected_total=65536
RESULT oracle2_pass=1
RESULT tier1_hit_rate_pct=99.98779296875
RESULT churn_elapsed_ns=1673000
RESULT ns_per_op=25.5279541015625
OK k=8 rounds=8192 table_count=9 oracle1=PASS cfg_conflicts_delta=0 tier1_hits=65528 tier1_misses=8 hit_rate=99.99% oracle2=PASS ns_per_op=25.5
.RESULT k=8
RESULT rotating_rounds=8192
RESULT table_count_at_floor=9
RESULT oracle1_pass=1
RESULT config_conflicts_delta=0
RESULT tier1_hits=65528
RESULT tier1_misses=8
RESULT tier1_total=65536
RESULT expected_total=65536
RESULT oracle2_pass=1
RESULT tier1_hit_rate_pct=99.98779296875
RESULT churn_elapsed_ns=1753400
RESULT ns_per_op=26.7547607421875
OK k=8 rounds=8192 table_count=9 oracle1=PASS cfg_conflicts_delta=0 tier1_hits=65528 tier1_misses=8 hit_rate=99.99% oracle2=PASS ns_per_op=26.8
.RESULT k=8
RESULT rotating_rounds=8192
RESULT table_count_at_floor=9
RESULT oracle1_pass=1
RESULT config_conflicts_delta=0
RESULT tier1_hits=65528
RESULT tier1_misses=8
RESULT tier1_total=65536
RESULT expected_total=65536
RESULT oracle2_pass=1
RESULT tier1_hit_rate_pct=99.98779296875
RESULT churn_elapsed_ns=1635800
RESULT ns_per_op=24.9603271484375
OK k=8 rounds=8192 table_count=9 oracle1=PASS cfg_conflicts_delta=0 tier1_hits=65528 tier1_misses=8 hit_rate=99.99% oracle2=PASS ns_per_op=25.0
.RESULT k=8
RESULT rotating_rounds=8192
RESULT table_count_at_floor=9
RESULT oracle1_pass=1
RESULT config_conflicts_delta=0
RESULT tier1_hits=65528
RESULT tier1_misses=8
RESULT tier1_total=65536
RESULT expected_total=65536
RESULT oracle2_pass=1
RESULT tier1_hit_rate_pct=99.98779296875
RESULT churn_elapsed_ns=1559100
RESULT ns_per_op=23.78997802734375
OK k=8 rounds=8192 table_count=9 oracle1=PASS cfg_conflicts_delta=0 tier1_hits=65528 tier1_misses=8 hit_rate=99.99% oracle2=PASS ns_per_op=23.8
.RESULT k=8
RESULT rotating_rounds=8192
RESULT table_count_at_floor=9
RESULT oracle1_pass=1
RESULT config_conflicts_delta=0
RESULT tier1_hits=65528
RESULT tier1_misses=8
RESULT tier1_total=65536
RESULT expected_total=65536
RESULT oracle2_pass=1
RESULT tier1_hit_rate_pct=99.98779296875
RESULT churn_elapsed_ns=1727000
RESULT ns_per_op=26.3519287109375
OK k=8 rounds=8192 table_count=9 oracle1=PASS cfg_conflicts_delta=0 tier1_hits=65528 tier1_misses=8 hit_rate=99.99% oracle2=PASS ns_per_op=26.4
.RESULT k=8
RESULT rotating_rounds=8192
RESULT table_count_at_floor=9
RESULT oracle1_pass=1
RESULT config_conflicts_delta=0
RESULT tier1_hits=65528
RESULT tier1_misses=8
RESULT tier1_total=65536
RESULT expected_total=65536
RESULT oracle2_pass=1
RESULT tier1_hit_rate_pct=99.98779296875
RESULT churn_elapsed_ns=1754800
RESULT ns_per_op=26.776123046875
OK k=8 rounds=8192 table_count=9 oracle1=PASS cfg_conflicts_delta=0 tier1_hits=65528 tier1_misses=8 hit_rate=99.99% oracle2=PASS ns_per_op=26.8
.RESULT k=8
RESULT rotating_rounds=8192
RESULT table_count_at_floor=9
RESULT oracle1_pass=1
RESULT config_conflicts_delta=0
RESULT tier1_hits=65528
RESULT tier1_misses=8
RESULT tier1_total=65536
RESULT expected_total=65536
RESULT oracle2_pass=1
RESULT tier1_hit_rate_pct=99.98779296875
RESULT churn_elapsed_ns=1662700
RESULT ns_per_op=25.37078857421875
OK k=8 rounds=8192 table_count=9 oracle1=PASS cfg_conflicts_delta=0 tier1_hits=65528 tier1_misses=8 hit_rate=99.99% oracle2=PASS ns_per_op=25.4
.RESULT k=8
RESULT rotating_rounds=8192
RESULT table_count_at_floor=9
RESULT oracle1_pass=1
RESULT config_conflicts_delta=0
RESULT tier1_hits=65528
RESULT tier1_misses=8
RESULT tier1_total=65536
RESULT expected_total=65536
RESULT oracle2_pass=1
RESULT tier1_hit_rate_pct=99.98779296875
RESULT churn_elapsed_ns=1729700
RESULT ns_per_op=26.39312744140625
OK k=8 rounds=8192 table_count=9 oracle1=PASS cfg_conflicts_delta=0 tier1_hits=65528 tier1_misses=8 hit_rate=99.99% oracle2=PASS ns_per_op=26.4
.RESULT k=8
RESULT rotating_rounds=8192
RESULT table_count_at_floor=9
RESULT oracle1_pass=1
RESULT config_conflicts_delta=0
RESULT tier1_hits=65528
RESULT tier1_misses=8
RESULT tier1_total=65536
RESULT expected_total=65536
RESULT oracle2_pass=1
RESULT tier1_hit_rate_pct=99.98779296875
RESULT churn_elapsed_ns=2065900
RESULT ns_per_op=31.52313232421875
OK k=8 rounds=8192 table_count=9 oracle1=PASS cfg_conflicts_delta=0 tier1_hits=65528 tier1_misses=8 hit_rate=99.99% oracle2=PASS ns_per_op=31.5
.RESULT k=8
RESULT rotating_rounds=8192
RESULT table_count_at_floor=9
RESULT oracle1_pass=1
RESULT config_conflicts_delta=0
RESULT tier1_hits=65528
RESULT tier1_misses=8
RESULT tier1_total=65536
RESULT expected_total=65536
RESULT oracle2_pass=1
RESULT tier1_hit_rate_pct=99.98779296875
RESULT churn_elapsed_ns=1749600
RESULT ns_per_op=26.69677734375
OK k=8 rounds=8192 table_count=9 oracle1=PASS cfg_conflicts_delta=0 tier1_hits=65528 tier1_misses=8 hit_rate=99.99% oracle2=PASS ns_per_op=26.7
.RESULT k=8
RESULT rotating_rounds=8192
RESULT table_count_at_floor=9
RESULT oracle1_pass=1
RESULT config_conflicts_delta=0
RESULT tier1_hits=65528
RESULT tier1_misses=8
RESULT tier1_total=65536
RESULT expected_total=65536
RESULT oracle2_pass=1
RESULT tier1_hit_rate_pct=99.98779296875
RESULT churn_elapsed_ns=1741800
RESULT ns_per_op=26.5777587890625
OK k=8 rounds=8192 table_count=9 oracle1=PASS cfg_conflicts_delta=0 tier1_hits=65528 tier1_misses=8 hit_rate=99.99% oracle2=PASS ns_per_op=26.6
.RESULT k=8
RESULT rotating_rounds=8192
RESULT table_count_at_floor=9
RESULT oracle1_pass=1
RESULT config_conflicts_delta=0
RESULT tier1_hits=65528
RESULT tier1_misses=8
RESULT tier1_total=65536
RESULT expected_total=65536
RESULT oracle2_pass=1
RESULT tier1_hit_rate_pct=99.98779296875
RESULT churn_elapsed_ns=1703500
RESULT ns_per_op=25.99334716796875
OK k=8 rounds=8192 table_count=9 oracle1=PASS cfg_conflicts_delta=0 tier1_hits=65528 tier1_misses=8 hit_rate=99.99% oracle2=PASS ns_per_op=26.0
.RESULT k=8
RESULT rotating_rounds=8192
RESULT table_count_at_floor=9
RESULT oracle1_pass=1
RESULT config_conflicts_delta=0
RESULT tier1_hits=65528
RESULT tier1_misses=8
RESULT tier1_total=65536
RESULT expected_total=65536
RESULT oracle2_pass=1
RESULT tier1_hit_rate_pct=99.98779296875
RESULT churn_elapsed_ns=1562700
RESULT ns_per_op=23.84490966796875
OK k=8 rounds=8192 table_count=9 oracle1=PASS cfg_conflicts_delta=0 tier1_hits=65528 tier1_misses=8 hit_rate=99.99% oracle2=PASS ns_per_op=23.8
.RESULT k=8
RESULT rotating_rounds=8192
RESULT table_count_at_floor=9
RESULT oracle1_pass=1
RESULT config_conflicts_delta=0
RESULT tier1_hits=65528
RESULT tier1_misses=8
RESULT tier1_total=65536
RESULT expected_total=65536
RESULT oracle2_pass=1
RESULT tier1_hit_rate_pct=99.98779296875
RESULT churn_elapsed_ns=1713400
RESULT ns_per_op=26.1444091796875
OK k=8 rounds=8192 table_count=9 oracle1=PASS cfg_conflicts_delta=0 tier1_hits=65528 tier1_misses=8 hit_rate=99.99% oracle2=PASS ns_per_op=26.1
.RESULT k=8
RESULT rotating_rounds=8192
RESULT table_count_at_floor=9
RESULT oracle1_pass=1
RESULT config_conflicts_delta=0
RESULT tier1_hits=65528
RESULT tier1_misses=8
RESULT tier1_total=65536
RESULT expected_total=65536
RESULT oracle2_pass=1
RESULT tier1_hit_rate_pct=99.98779296875
RESULT churn_elapsed_ns=1807500
RESULT ns_per_op=27.58026123046875
OK k=8 rounds=8192 table_count=9 oracle1=PASS cfg_conflicts_delta=0 tier1_hits=65528 tier1_misses=8 hit_rate=99.99% oracle2=PASS ns_per_op=27.6
.RESULT k=8
RESULT rotating_rounds=8192
RESULT table_count_at_floor=9
RESULT oracle1_pass=1
RESULT config_conflicts_delta=0
RESULT tier1_hits=65528
RESULT tier1_misses=8
RESULT tier1_total=65536
RESULT expected_total=65536
RESULT oracle2_pass=1
RESULT tier1_hit_rate_pct=99.98779296875
RESULT churn_elapsed_ns=1764800
RESULT ns_per_op=26.9287109375
OK k=8 rounds=8192 table_count=9 oracle1=PASS cfg_conflicts_delta=0 tier1_hits=65528 tier1_misses=8 hit_rate=99.99% oracle2=PASS ns_per_op=26.9
.RESULT k=8
RESULT rotating_rounds=8192
RESULT table_count_at_floor=9
RESULT oracle1_pass=1
RESULT config_conflicts_delta=0
RESULT tier1_hits=65528
RESULT tier1_misses=8
RESULT tier1_total=65536
RESULT expected_total=65536
RESULT oracle2_pass=1
RESULT tier1_hit_rate_pct=99.98779296875
RESULT churn_elapsed_ns=1709600
RESULT ns_per_op=26.08642578125
OK k=8 rounds=8192 table_count=9 oracle1=PASS cfg_conflicts_delta=0 tier1_hits=65528 tier1_misses=8 hit_rate=99.99% oracle2=PASS ns_per_op=26.1
.RESULT k=8
RESULT rotating_rounds=8192
RESULT table_count_at_floor=9
RESULT oracle1_pass=1
RESULT config_conflicts_delta=0
RESULT tier1_hits=65528
RESULT tier1_misses=8
RESULT tier1_total=65536
RESULT expected_total=65536
RESULT oracle2_pass=1
RESULT tier1_hit_rate_pct=99.98779296875
RESULT churn_elapsed_ns=1837200
RESULT ns_per_op=28.033447265625
OK k=8 rounds=8192 table_count=9 oracle1=PASS cfg_conflicts_delta=0 tier1_hits=65528 tier1_misses=8 hit_rate=99.99% oracle2=PASS ns_per_op=28.0
.RESULT k=8
RESULT rotating_rounds=8192
RESULT table_count_at_floor=9
RESULT oracle1_pass=1
RESULT config_conflicts_delta=0
RESULT tier1_hits=65528
RESULT tier1_misses=8
RESULT tier1_total=65536
RESULT expected_total=65536
RESULT oracle2_pass=1
RESULT tier1_hit_rate_pct=99.98779296875
RESULT churn_elapsed_ns=1772100
RESULT ns_per_op=27.04010009765625
OK k=8 rounds=8192 table_count=9 oracle1=PASS cfg_conflicts_delta=0 tier1_hits=65528 tier1_misses=8 hit_rate=99.99% oracle2=PASS ns_per_op=27.0
.RESULT k=8
RESULT rotating_rounds=8192
RESULT table_count_at_floor=9
RESULT oracle1_pass=1
RESULT config_conflicts_delta=0
RESULT tier1_hits=65528
RESULT tier1_misses=8
RESULT tier1_total=65536
RESULT expected_total=65536
RESULT oracle2_pass=1
RESULT tier1_hit_rate_pct=99.98779296875
RESULT churn_elapsed_ns=1965500
RESULT ns_per_op=29.99114990234375
OK k=8 rounds=8192 table_count=9 oracle1=PASS cfg_conflicts_delta=0 tier1_hits=65528 tier1_misses=8 hit_rate=99.99% oracle2=PASS ns_per_op=30.0
.RESULT k=8
RESULT rotating_rounds=8192
RESULT table_count_at_floor=9
RESULT oracle1_pass=1
RESULT config_conflicts_delta=0
RESULT tier1_hits=65528
RESULT tier1_misses=8
RESULT tier1_total=65536
RESULT expected_total=65536
RESULT oracle2_pass=1
RESULT tier1_hit_rate_pct=99.98779296875
RESULT churn_elapsed_ns=1878600
RESULT ns_per_op=28.6651611328125
OK k=8 rounds=8192 table_count=9 oracle1=PASS cfg_conflicts_delta=0 tier1_hits=65528 tier1_misses=8 hit_rate=99.99% oracle2=PASS ns_per_op=28.7
.RESULT k=8
RESULT rotating_rounds=8192
RESULT table_count_at_floor=9
RESULT oracle1_pass=1
RESULT config_conflicts_delta=0
RESULT tier1_hits=65528
RESULT tier1_misses=8
RESULT tier1_total=65536
RESULT expected_total=65536
RESULT oracle2_pass=1
RESULT tier1_hit_rate_pct=99.98779296875
RESULT churn_elapsed_ns=1707700
RESULT ns_per_op=26.05743408203125
OK k=8 rounds=8192 table_count=9 oracle1=PASS cfg_conflicts_delta=0 tier1_hits=65528 tier1_misses=8 hit_rate=99.99% oracle2=PASS ns_per_op=26.1
.RESULT k=8
RESULT rotating_rounds=8192
RESULT table_count_at_floor=9
RESULT oracle1_pass=1
RESULT config_conflicts_delta=0
RESULT tier1_hits=65528
RESULT tier1_misses=8
RESULT tier1_total=65536
RESULT expected_total=65536
RESULT oracle2_pass=1
RESULT tier1_hit_rate_pct=99.98779296875
RESULT churn_elapsed_ns=1695900
RESULT ns_per_op=25.87738037109375
OK k=8 rounds=8192 table_count=9 oracle1=PASS cfg_conflicts_delta=0 tier1_hits=65528 tier1_misses=8 hit_rate=99.99% oracle2=PASS ns_per_op=25.9
.RESULT k=8
RESULT rotating_rounds=8192
RESULT table_count_at_floor=9
RESULT oracle1_pass=1
RESULT config_conflicts_delta=0
RESULT tier1_hits=65528
RESULT tier1_misses=8
RESULT tier1_total=65536
RESULT expected_total=65536
RESULT oracle2_pass=1
RESULT tier1_hit_rate_pct=99.98779296875
RESULT churn_elapsed_ns=1621600
RESULT ns_per_op=24.74365234375
OK k=8 rounds=8192 table_count=9 oracle1=PASS cfg_conflicts_delta=0 tier1_hits=65528 tier1_misses=8 hit_rate=99.99% oracle2=PASS ns_per_op=24.7
.RESULT k=8
RESULT rotating_rounds=8192
RESULT table_count_at_floor=9
RESULT oracle1_pass=1
RESULT config_conflicts_delta=0
RESULT tier1_hits=65528
RESULT tier1_misses=8
RESULT tier1_total=65536
RESULT expected_total=65536
RESULT oracle2_pass=1
RESULT tier1_hit_rate_pct=99.98779296875
RESULT churn_elapsed_ns=1759700
RESULT ns_per_op=26.85089111328125
OK k=8 rounds=8192 table_count=9 oracle1=PASS cfg_conflicts_delta=0 tier1_hits=65528 tier1_misses=8 hit_rate=99.99% oracle2=PASS ns_per_op=26.9
.RESULT k=8
RESULT rotating_rounds=8192
RESULT table_count_at_floor=9
RESULT oracle1_pass=1
RESULT config_conflicts_delta=0
RESULT tier1_hits=65528
RESULT tier1_misses=8
RESULT tier1_total=65536
RESULT expected_total=65536
RESULT oracle2_pass=1
RESULT tier1_hit_rate_pct=99.98779296875
RESULT churn_elapsed_ns=1660000
RESULT ns_per_op=25.32958984375
OK k=8 rounds=8192 table_count=9 oracle1=PASS cfg_conflicts_delta=0 tier1_hits=65528 tier1_misses=8 hit_rate=99.99% oracle2=PASS ns_per_op=25.3
.RESULT k=8
RESULT rotating_rounds=8192
RESULT table_count_at_floor=9
RESULT oracle1_pass=1
RESULT config_conflicts_delta=0
RESULT tier1_hits=65528
RESULT tier1_misses=8
RESULT tier1_total=65536
RESULT expected_total=65536
RESULT oracle2_pass=1
RESULT tier1_hit_rate_pct=99.98779296875
RESULT churn_elapsed_ns=2082500
RESULT ns_per_op=31.77642822265625
OK k=8 rounds=8192 table_count=9 oracle1=PASS cfg_conflicts_delta=0 tier1_hits=65528 tier1_misses=8 hit_rate=99.99% oracle2=PASS ns_per_op=31.8
.RESULT k=8
RESULT rotating_rounds=8192
RESULT table_count_at_floor=9
RESULT oracle1_pass=1
RESULT config_conflicts_delta=0
RESULT tier1_hits=65528
RESULT tier1_misses=8
RESULT tier1_total=65536
RESULT expected_total=65536
RESULT oracle2_pass=1
RESULT tier1_hit_rate_pct=99.98779296875
RESULT churn_elapsed_ns=1707600
RESULT ns_per_op=26.055908203125
OK k=8 rounds=8192 table_count=9 oracle1=PASS cfg_conflicts_delta=0 tier1_hits=65528 tier1_misses=8 hit_rate=99.99% oracle2=PASS ns_per_op=26.1
.RESULT k=8
RESULT rotating_rounds=8192
RESULT table_count_at_floor=9
RESULT oracle1_pass=1
RESULT config_conflicts_delta=0
RESULT tier1_hits=65528
RESULT tier1_misses=8
RESULT tier1_total=65536
RESULT expected_total=65536
RESULT oracle2_pass=1
RESULT tier1_hit_rate_pct=99.98779296875
RESULT churn_elapsed_ns=1699200
RESULT ns_per_op=25.927734375
OK k=8 rounds=8192 table_count=9 oracle1=PASS cfg_conflicts_delta=0 tier1_hits=65528 tier1_misses=8 hit_rate=99.99% oracle2=PASS ns_per_op=25.9
.RESULT k=8
RESULT rotating_rounds=8192
RESULT table_count_at_floor=9
RESULT oracle1_pass=1
RESULT config_conflicts_delta=0
RESULT tier1_hits=65528
RESULT tier1_misses=8
RESULT tier1_total=65536
RESULT expected_total=65536
RESULT oracle2_pass=1
RESULT tier1_hit_rate_pct=99.98779296875
RESULT churn_elapsed_ns=2422300
RESULT ns_per_op=36.96136474609375
OK k=8 rounds=8192 table_count=9 oracle1=PASS cfg_conflicts_delta=0 tier1_hits=65528 tier1_misses=8 hit_rate=99.99% oracle2=PASS ns_per_op=37.0
.RESULT k=8
RESULT rotating_rounds=8192
RESULT table_count_at_floor=9
RESULT oracle1_pass=1
RESULT config_conflicts_delta=0
RESULT tier1_hits=65528
RESULT tier1_misses=8
RESULT tier1_total=65536
RESULT expected_total=65536
RESULT oracle2_pass=1
RESULT tier1_hit_rate_pct=99.98779296875
RESULT churn_elapsed_ns=1809100
RESULT ns_per_op=27.60467529296875
OK k=8 rounds=8192 table_count=9 oracle1=PASS cfg_conflicts_delta=0 tier1_hits=65528 tier1_misses=8 hit_rate=99.99% oracle2=PASS ns_per_op=27.6
.RESULT k=8
RESULT rotating_rounds=8192
RESULT table_count_at_floor=9
RESULT oracle1_pass=1
RESULT config_conflicts_delta=0
RESULT tier1_hits=65528
RESULT tier1_misses=8
RESULT tier1_total=65536
RESULT expected_total=65536
RESULT oracle2_pass=1
RESULT tier1_hit_rate_pct=99.98779296875
RESULT churn_elapsed_ns=2345300
RESULT ns_per_op=35.78643798828125
OK k=8 rounds=8192 table_count=9 oracle1=PASS cfg_conflicts_delta=0 tier1_hits=65528 tier1_misses=8 hit_rate=99.99% oracle2=PASS ns_per_op=35.8
.RESULT k=8
RESULT rotating_rounds=8192
RESULT table_count_at_floor=9
RESULT oracle1_pass=1
RESULT config_conflicts_delta=0
RESULT tier1_hits=65528
RESULT tier1_misses=8
RESULT tier1_total=65536
RESULT expected_total=65536
RESULT oracle2_pass=1
RESULT tier1_hit_rate_pct=99.98779296875
RESULT churn_elapsed_ns=2684700
RESULT ns_per_op=40.96527099609375
OK k=8 rounds=8192 table_count=9 oracle1=PASS cfg_conflicts_delta=0 tier1_hits=65528 tier1_misses=8 hit_rate=99.99% oracle2=PASS ns_per_op=41.0
.RESULT k=8
RESULT rotating_rounds=8192
RESULT table_count_at_floor=9
RESULT oracle1_pass=1
RESULT config_conflicts_delta=0
RESULT tier1_hits=65528
RESULT tier1_misses=8
RESULT tier1_total=65536
RESULT expected_total=65536
RESULT oracle2_pass=1
RESULT tier1_hit_rate_pct=99.98779296875
RESULT churn_elapsed_ns=1693500
RESULT ns_per_op=25.84075927734375
OK k=8 rounds=8192 table_count=9 oracle1=PASS cfg_conflicts_delta=0 tier1_hits=65528 tier1_misses=8 hit_rate=99.99% oracle2=PASS ns_per_op=25.8
.RESULT k=8
RESULT rotating_rounds=8192
RESULT table_count_at_floor=9
RESULT oracle1_pass=1
RESULT config_conflicts_delta=0
RESULT tier1_hits=65528
RESULT tier1_misses=8
RESULT tier1_total=65536
RESULT expected_total=65536
RESULT oracle2_pass=1
RESULT tier1_hit_rate_pct=99.98779296875
RESULT churn_elapsed_ns=1822400
RESULT ns_per_op=27.8076171875
OK k=8 rounds=8192 table_count=9 oracle1=PASS cfg_conflicts_delta=0 tier1_hits=65528 tier1_misses=8 hit_rate=99.99% oracle2=PASS ns_per_op=27.8
.RESULT k=8
RESULT rotating_rounds=8192
RESULT table_count_at_floor=9
RESULT oracle1_pass=1
RESULT config_conflicts_delta=0
RESULT tier1_hits=65528
RESULT tier1_misses=8
RESULT tier1_total=65536
RESULT expected_total=65536
RESULT oracle2_pass=1
RESULT tier1_hit_rate_pct=99.98779296875
RESULT churn_elapsed_ns=1745100
RESULT ns_per_op=26.62811279296875
OK k=8 rounds=8192 table_count=9 oracle1=PASS cfg_conflicts_delta=0 tier1_hits=65528 tier1_misses=8 hit_rate=99.99% oracle2=PASS ns_per_op=26.6
.RESULT k=8
RESULT rotating_rounds=8192
RESULT table_count_at_floor=9
RESULT oracle1_pass=1
RESULT config_conflicts_delta=0
RESULT tier1_hits=65528
RESULT tier1_misses=8
RESULT tier1_total=65536
RESULT expected_total=65536
RESULT oracle2_pass=1
RESULT tier1_hit_rate_pct=99.98779296875
RESULT churn_elapsed_ns=2682400
RESULT ns_per_op=40.93017578125
OK k=8 rounds=8192 table_count=9 oracle1=PASS cfg_conflicts_delta=0 tier1_hits=65528 tier1_misses=8 hit_rate=99.99% oracle2=PASS ns_per_op=40.9
.RESULT k=8
RESULT rotating_rounds=8192
RESULT table_count_at_floor=9
RESULT oracle1_pass=1
RESULT config_conflicts_delta=0
RESULT tier1_hits=65528
RESULT tier1_misses=8
RESULT tier1_total=65536
RESULT expected_total=65536
RESULT oracle2_pass=1
RESULT tier1_hit_rate_pct=99.98779296875
RESULT churn_elapsed_ns=1756300
RESULT ns_per_op=26.79901123046875
OK k=8 rounds=8192 table_count=9 oracle1=PASS cfg_conflicts_delta=0 tier1_hits=65528 tier1_misses=8 hit_rate=99.99% oracle2=PASS ns_per_op=26.8
.RESULT k=8
RESULT rotating_rounds=8192
RESULT table_count_at_floor=9
RESULT oracle1_pass=1
RESULT config_conflicts_delta=0
RESULT tier1_hits=65528
RESULT tier1_misses=8
RESULT tier1_total=65536
RESULT expected_total=65536
RESULT oracle2_pass=1
RESULT tier1_hit_rate_pct=99.98779296875
RESULT churn_elapsed_ns=1690400
RESULT ns_per_op=25.79345703125
OK k=8 rounds=8192 table_count=9 oracle1=PASS cfg_conflicts_delta=0 tier1_hits=65528 tier1_misses=8 hit_rate=99.99% oracle2=PASS ns_per_op=25.8
.RESULT k=8
RESULT rotating_rounds=8192
RESULT table_count_at_floor=9
RESULT oracle1_pass=1
RESULT config_conflicts_delta=0
RESULT tier1_hits=65528
RESULT tier1_misses=8
RESULT tier1_total=65536
RESULT expected_total=65536
RESULT oracle2_pass=1
RESULT tier1_hit_rate_pct=99.98779296875
RESULT churn_elapsed_ns=1740500
RESULT ns_per_op=26.55792236328125
OK k=8 rounds=8192 table_count=9 oracle1=PASS cfg_conflicts_delta=0 tier1_hits=65528 tier1_misses=8 hit_rate=99.99% oracle2=PASS ns_per_op=26.6
.RESULT k=8
RESULT rotating_rounds=8192
RESULT table_count_at_floor=9
RESULT oracle1_pass=1
RESULT config_conflicts_delta=0
RESULT tier1_hits=65528
RESULT tier1_misses=8
RESULT tier1_total=65536
RESULT expected_total=65536
RESULT oracle2_pass=1
RESULT tier1_hit_rate_pct=99.98779296875
RESULT churn_elapsed_ns=1687100
RESULT ns_per_op=25.74310302734375
OK k=8 rounds=8192 table_count=9 oracle1=PASS cfg_conflicts_delta=0 tier1_hits=65528 tier1_misses=8 hit_rate=99.99% oracle2=PASS ns_per_op=25.7
.RESULT k=8
RESULT rotating_rounds=8192
RESULT table_count_at_floor=9
RESULT oracle1_pass=1
RESULT config_conflicts_delta=0
RESULT tier1_hits=65528
RESULT tier1_misses=8
RESULT tier1_total=65536
RESULT expected_total=65536
RESULT oracle2_pass=1
RESULT tier1_hit_rate_pct=99.98779296875
RESULT churn_elapsed_ns=1996600
RESULT ns_per_op=30.4656982421875
OK k=8 rounds=8192 table_count=9 oracle1=PASS cfg_conflicts_delta=0 tier1_hits=65528 tier1_misses=8 hit_rate=99.99% oracle2=PASS ns_per_op=30.5
.RESULT k=8
RESULT rotating_rounds=8192
RESULT table_count_at_floor=9
RESULT oracle1_pass=1
RESULT config_conflicts_delta=0
RESULT tier1_hits=65528
RESULT tier1_misses=8
RESULT tier1_total=65536
RESULT expected_total=65536
RESULT oracle2_pass=1
RESULT tier1_hit_rate_pct=99.98779296875
RESULT churn_elapsed_ns=1720900
RESULT ns_per_op=26.25885009765625
OK k=8 rounds=8192 table_count=9 oracle1=PASS cfg_conflicts_delta=0 tier1_hits=65528 tier1_misses=8 hit_rate=99.99% oracle2=PASS ns_per_op=26.3
.RESULT k=8
RESULT rotating_rounds=8192
RESULT table_count_at_floor=9
RESULT oracle1_pass=1
RESULT config_conflicts_delta=0
RESULT tier1_hits=65528
RESULT tier1_misses=8
RESULT tier1_total=65536
RESULT expected_total=65536
RESULT oracle2_pass=1
RESULT tier1_hit_rate_pct=99.98779296875
RESULT churn_elapsed_ns=1719300
RESULT ns_per_op=26.23443603515625
OK k=8 rounds=8192 table_count=9 oracle1=PASS cfg_conflicts_delta=0 tier1_hits=65528 tier1_misses=8 hit_rate=99.99% oracle2=PASS ns_per_op=26.2
.RESULT k=8
RESULT rotating_rounds=8192
RESULT table_count_at_floor=9
RESULT oracle1_pass=1
RESULT config_conflicts_delta=0
RESULT tier1_hits=65528
RESULT tier1_misses=8
RESULT tier1_total=65536
RESULT expected_total=65536
RESULT oracle2_pass=1
RESULT tier1_hit_rate_pct=99.98779296875
RESULT churn_elapsed_ns=1757000
RESULT ns_per_op=26.8096923828125
OK k=8 rounds=8192 table_count=9 oracle1=PASS cfg_conflicts_delta=0 tier1_hits=65528 tier1_misses=8 hit_rate=99.99% oracle2=PASS ns_per_op=26.8
.RESULT k=8
RESULT rotating_rounds=8192
RESULT table_count_at_floor=9
RESULT oracle1_pass=1
RESULT config_conflicts_delta=0
RESULT tier1_hits=65528
RESULT tier1_misses=8
RESULT tier1_total=65536
RESULT expected_total=65536
RESULT oracle2_pass=1
RESULT tier1_hit_rate_pct=99.98779296875
RESULT churn_elapsed_ns=1705100
RESULT ns_per_op=26.01776123046875
OK k=8 rounds=8192 table_count=9 oracle1=PASS cfg_conflicts_delta=0 tier1_hits=65528 tier1_misses=8 hit_rate=99.99% oracle2=PASS ns_per_op=26.0
.RESULT k=8
RESULT rotating_rounds=8192
RESULT table_count_at_floor=9
RESULT oracle1_pass=1
RESULT config_conflicts_delta=0
RESULT tier1_hits=65528
RESULT tier1_misses=8
RESULT tier1_total=65536
RESULT expected_total=65536
RESULT oracle2_pass=1
RESULT tier1_hit_rate_pct=99.98779296875
RESULT churn_elapsed_ns=1678800
RESULT ns_per_op=25.616455078125
OK k=8 rounds=8192 table_count=9 oracle1=PASS cfg_conflicts_delta=0 tier1_hits=65528 tier1_misses=8 hit_rate=99.99% oracle2=PASS ns_per_op=25.6
.RESULT k=8
RESULT rotating_rounds=8192
RESULT table_count_at_floor=9
RESULT oracle1_pass=1
RESULT config_conflicts_delta=0
RESULT tier1_hits=65528
RESULT tier1_misses=8
RESULT tier1_total=65536
RESULT expected_total=65536
RESULT oracle2_pass=1
RESULT tier1_hit_rate_pct=99.98779296875
RESULT churn_elapsed_ns=1723200
RESULT ns_per_op=26.2939453125
OK k=8 rounds=8192 table_count=9 oracle1=PASS cfg_conflicts_delta=0 tier1_hits=65528 tier1_misses=8 hit_rate=99.99% oracle2=PASS ns_per_op=26.3
.RESULT k=8
RESULT rotating_rounds=8192
RESULT table_count_at_floor=9
RESULT oracle1_pass=1
RESULT config_conflicts_delta=0
RESULT tier1_hits=65528
RESULT tier1_misses=8
RESULT tier1_total=65536
RESULT expected_total=65536
RESULT oracle2_pass=1
RESULT tier1_hit_rate_pct=99.98779296875
RESULT churn_elapsed_ns=1752600
RESULT ns_per_op=26.7425537109375
OK k=8 rounds=8192 table_count=9 oracle1=PASS cfg_conflicts_delta=0 tier1_hits=65528 tier1_misses=8 hit_rate=99.99% oracle2=PASS ns_per_op=26.7
.RESULT k=8
RESULT rotating_rounds=8192
RESULT table_count_at_floor=9
RESULT oracle1_pass=1
RESULT config_conflicts_delta=0
RESULT tier1_hits=65528
RESULT tier1_misses=8
RESULT tier1_total=65536
RESULT expected_total=65536
RESULT oracle2_pass=1
RESULT tier1_hit_rate_pct=99.98779296875
RESULT churn_elapsed_ns=1824900
RESULT ns_per_op=27.84576416015625
OK k=8 rounds=8192 table_count=9 oracle1=PASS cfg_conflicts_delta=0 tier1_hits=65528 tier1_misses=8 hit_rate=99.99% oracle2=PASS ns_per_op=27.8
.RESULT k=8
RESULT rotating_rounds=8192
RESULT table_count_at_floor=9
RESULT oracle1_pass=1
RESULT config_conflicts_delta=0
RESULT tier1_hits=65528
RESULT tier1_misses=8
RESULT tier1_total=65536
RESULT expected_total=65536
RESULT oracle2_pass=1
RESULT tier1_hit_rate_pct=99.98779296875
RESULT churn_elapsed_ns=1722300
RESULT ns_per_op=26.28021240234375
OK k=8 rounds=8192 table_count=9 oracle1=PASS cfg_conflicts_delta=0 tier1_hits=65528 tier1_misses=8 hit_rate=99.99% oracle2=PASS ns_per_op=26.3
.RESULT k=8
RESULT rotating_rounds=8192
RESULT table_count_at_floor=9
RESULT oracle1_pass=1
RESULT config_conflicts_delta=0
RESULT tier1_hits=65528
RESULT tier1_misses=8
RESULT tier1_total=65536
RESULT expected_total=65536
RESULT oracle2_pass=1
RESULT tier1_hit_rate_pct=99.98779296875
RESULT churn_elapsed_ns=1748700
RESULT ns_per_op=26.68304443359375
OK k=8 rounds=8192 table_count=9 oracle1=PASS cfg_conflicts_delta=0 tier1_hits=65528 tier1_misses=8 hit_rate=99.99% oracle2=PASS ns_per_op=26.7
.RESULT k=8
RESULT rotating_rounds=8192
RESULT table_count_at_floor=9
RESULT oracle1_pass=1
RESULT config_conflicts_delta=0
RESULT tier1_hits=65528
RESULT tier1_misses=8
RESULT tier1_total=65536
RESULT expected_total=65536
RESULT oracle2_pass=1
RESULT tier1_hit_rate_pct=99.98779296875
RESULT churn_elapsed_ns=2091200
RESULT ns_per_op=31.9091796875
OK k=8 rounds=8192 table_count=9 oracle1=PASS cfg_conflicts_delta=0 tier1_hits=65528 tier1_misses=8 hit_rate=99.99% oracle2=PASS ns_per_op=31.9
.RESULT k=8
RESULT rotating_rounds=8192
RESULT table_count_at_floor=9
RESULT oracle1_pass=1
RESULT config_conflicts_delta=0
RESULT tier1_hits=65528
RESULT tier1_misses=8
RESULT tier1_total=65536
RESULT expected_total=65536
RESULT oracle2_pass=1
RESULT tier1_hit_rate_pct=99.98779296875
RESULT churn_elapsed_ns=1742400
RESULT ns_per_op=26.5869140625
OK k=8 rounds=8192 table_count=9 oracle1=PASS cfg_conflicts_delta=0 tier1_hits=65528 tier1_misses=8 hit_rate=99.99% oracle2=PASS ns_per_op=26.6
.RESULT k=8
RESULT rotating_rounds=8192
RESULT table_count_at_floor=9
RESULT oracle1_pass=1
RESULT config_conflicts_delta=0
RESULT tier1_hits=65528
RESULT tier1_misses=8
RESULT tier1_total=65536
RESULT expected_total=65536
RESULT oracle2_pass=1
RESULT tier1_hit_rate_pct=99.98779296875
RESULT churn_elapsed_ns=1710700
RESULT ns_per_op=26.10321044921875
OK k=8 rounds=8192 table_count=9 oracle1=PASS cfg_conflicts_delta=0 tier1_hits=65528 tier1_misses=8 hit_rate=99.99% oracle2=PASS ns_per_op=26.1
.RESULT k=8
RESULT rotating_rounds=8192
RESULT table_count_at_floor=9
RESULT oracle1_pass=1
RESULT config_conflicts_delta=0
RESULT tier1_hits=65528
RESULT tier1_misses=8
RESULT tier1_total=65536
RESULT expected_total=65536
RESULT oracle2_pass=1
RESULT tier1_hit_rate_pct=99.98779296875
RESULT churn_elapsed_ns=1824600
RESULT ns_per_op=27.8411865234375
OK k=8 rounds=8192 table_count=9 oracle1=PASS cfg_conflicts_delta=0 tier1_hits=65528 tier1_misses=8 hit_rate=99.99% oracle2=PASS ns_per_op=27.8
.RESULT k=8
RESULT rotating_rounds=8192
RESULT table_count_at_floor=9
RESULT oracle1_pass=1
RESULT config_conflicts_delta=0
RESULT tier1_hits=65528
RESULT tier1_misses=8
RESULT tier1_total=65536
RESULT expected_total=65536
RESULT oracle2_pass=1
RESULT tier1_hit_rate_pct=99.98779296875
RESULT churn_elapsed_ns=1721700
RESULT ns_per_op=26.27105712890625
OK k=8 rounds=8192 table_count=9 oracle1=PASS cfg_conflicts_delta=0 tier1_hits=65528 tier1_misses=8 hit_rate=99.99% oracle2=PASS ns_per_op=26.3
.RESULT k=8
RESULT rotating_rounds=8192
RESULT table_count_at_floor=9
RESULT oracle1_pass=1
RESULT config_conflicts_delta=0
RESULT tier1_hits=65528
RESULT tier1_misses=8
RESULT tier1_total=65536
RESULT expected_total=65536
RESULT oracle2_pass=1
RESULT tier1_hit_rate_pct=99.98779296875
RESULT churn_elapsed_ns=1713000
RESULT ns_per_op=26.1383056640625
OK k=8 rounds=8192 table_count=9 oracle1=PASS cfg_conflicts_delta=0 tier1_hits=65528 tier1_misses=8 hit_rate=99.99% oracle2=PASS ns_per_op=26.1
.RESULT k=8
RESULT rotating_rounds=8192
RESULT table_count_at_floor=9
RESULT oracle1_pass=1
RESULT config_conflicts_delta=0
RESULT tier1_hits=65528
RESULT tier1_misses=8
RESULT tier1_total=65536
RESULT expected_total=65536
RESULT oracle2_pass=1
RESULT tier1_hit_rate_pct=99.98779296875
RESULT churn_elapsed_ns=1733700
RESULT ns_per_op=26.45416259765625
OK k=8 rounds=8192 table_count=9 oracle1=PASS cfg_conflicts_delta=0 tier1_hits=65528 tier1_misses=8 hit_rate=99.99% oracle2=PASS ns_per_op=26.5
.RESULT k=8
RESULT rotating_rounds=8192
RESULT table_count_at_floor=9
RESULT oracle1_pass=1
RESULT config_conflicts_delta=0
RESULT tier1_hits=65528
RESULT tier1_misses=8
RESULT tier1_total=65536
RESULT expected_total=65536
RESULT oracle2_pass=1
RESULT tier1_hit_rate_pct=99.98779296875
RESULT churn_elapsed_ns=1745700
RESULT ns_per_op=26.63726806640625
OK k=8 rounds=8192 table_count=9 oracle1=PASS cfg_conflicts_delta=0 tier1_hits=65528 tier1_misses=8 hit_rate=99.99% oracle2=PASS ns_per_op=26.6
.RESULT k=8
RESULT rotating_rounds=8192
RESULT table_count_at_floor=9
RESULT oracle1_pass=1
RESULT config_conflicts_delta=0
RESULT tier1_hits=65528
RESULT tier1_misses=8
RESULT tier1_total=65536
RESULT expected_total=65536
RESULT oracle2_pass=1
RESULT tier1_hit_rate_pct=99.98779296875
RESULT churn_elapsed_ns=2112900
RESULT ns_per_op=32.24029541015625
OK k=8 rounds=8192 table_count=9 oracle1=PASS cfg_conflicts_delta=0 tier1_hits=65528 tier1_misses=8 hit_rate=99.99% oracle2=PASS ns_per_op=32.2
.RESULT k=8
RESULT rotating_rounds=8192
RESULT table_count_at_floor=9
RESULT oracle1_pass=1
RESULT config_conflicts_delta=0
RESULT tier1_hits=65528
RESULT tier1_misses=8
RESULT tier1_total=65536
RESULT expected_total=65536
RESULT oracle2_pass=1
RESULT tier1_hit_rate_pct=99.98779296875
RESULT churn_elapsed_ns=1692200
RESULT ns_per_op=25.8209228515625
OK k=8 rounds=8192 table_count=9 oracle1=PASS cfg_conflicts_delta=0 tier1_hits=65528 tier1_misses=8 hit_rate=99.99% oracle2=PASS ns_per_op=25.8
.RESULT k=8
RESULT rotating_rounds=8192
RESULT table_count_at_floor=9
RESULT oracle1_pass=1
RESULT config_conflicts_delta=0
RESULT tier1_hits=65528
RESULT tier1_misses=8
RESULT tier1_total=65536
RESULT expected_total=65536
RESULT oracle2_pass=1
RESULT tier1_hit_rate_pct=99.98779296875
RESULT churn_elapsed_ns=2228200
RESULT ns_per_op=33.9996337890625
OK k=8 rounds=8192 table_count=9 oracle1=PASS cfg_conflicts_delta=0 tier1_hits=65528 tier1_misses=8 hit_rate=99.99% oracle2=PASS ns_per_op=34.0
.RESULT k=8
RESULT rotating_rounds=8192
RESULT table_count_at_floor=9
RESULT oracle1_pass=1
RESULT config_conflicts_delta=0
RESULT tier1_hits=65528
RESULT tier1_misses=8
RESULT tier1_total=65536
RESULT expected_total=65536
RESULT oracle2_pass=1
RESULT tier1_hit_rate_pct=99.98779296875
RESULT churn_elapsed_ns=1654200
RESULT ns_per_op=25.2410888671875
OK k=8 rounds=8192 table_count=9 oracle1=PASS cfg_conflicts_delta=0 tier1_hits=65528 tier1_misses=8 hit_rate=99.99% oracle2=PASS ns_per_op=25.2
.RESULT k=8
RESULT rotating_rounds=8192
RESULT table_count_at_floor=9
RESULT oracle1_pass=1
RESULT config_conflicts_delta=0
RESULT tier1_hits=65528
RESULT tier1_misses=8
RESULT tier1_total=65536
RESULT expected_total=65536
RESULT oracle2_pass=1
RESULT tier1_hit_rate_pct=99.98779296875
RESULT churn_elapsed_ns=1665300
RESULT ns_per_op=25.41046142578125
OK k=8 rounds=8192 table_count=9 oracle1=PASS cfg_conflicts_delta=0 tier1_hits=65528 tier1_misses=8 hit_rate=99.99% oracle2=PASS ns_per_op=25.4
.RESULT k=8
RESULT rotating_rounds=8192
RESULT table_count_at_floor=9
RESULT oracle1_pass=1
RESULT config_conflicts_delta=0
RESULT tier1_hits=65528
RESULT tier1_misses=8
RESULT tier1_total=65536
RESULT expected_total=65536
RESULT oracle2_pass=1
RESULT tier1_hit_rate_pct=99.98779296875
RESULT churn_elapsed_ns=1769600
RESULT ns_per_op=27.001953125
OK k=8 rounds=8192 table_count=9 oracle1=PASS cfg_conflicts_delta=0 tier1_hits=65528 tier1_misses=8 hit_rate=99.99% oracle2=PASS ns_per_op=27.0
.RESULT k=8
RESULT rotating_rounds=8192
RESULT table_count_at_floor=9
RESULT oracle1_pass=1
RESULT config_conflicts_delta=0
RESULT tier1_hits=65528
RESULT tier1_misses=8
RESULT tier1_total=65536
RESULT expected_total=65536
RESULT oracle2_pass=1
RESULT tier1_hit_rate_pct=99.98779296875
RESULT churn_elapsed_ns=1766100
RESULT ns_per_op=26.94854736328125
OK k=8 rounds=8192 table_count=9 oracle1=PASS cfg_conflicts_delta=0 tier1_hits=65528 tier1_misses=8 hit_rate=99.99% oracle2=PASS ns_per_op=26.9
.RESULT k=8
RESULT rotating_rounds=8192
RESULT table_count_at_floor=9
RESULT oracle1_pass=1
RESULT config_conflicts_delta=0
RESULT tier1_hits=65528
RESULT tier1_misses=8
RESULT tier1_total=65536
RESULT expected_total=65536
RESULT oracle2_pass=1
RESULT tier1_hit_rate_pct=99.98779296875
RESULT churn_elapsed_ns=2162200
RESULT ns_per_op=32.9925537109375
OK k=8 rounds=8192 table_count=9 oracle1=PASS cfg_conflicts_delta=0 tier1_hits=65528 tier1_misses=8 hit_rate=99.99% oracle2=PASS ns_per_op=33.0
.RESULT k=8
RESULT rotating_rounds=8192
RESULT table_count_at_floor=9
RESULT oracle1_pass=1
RESULT config_conflicts_delta=0
RESULT tier1_hits=65528
RESULT tier1_misses=8
RESULT tier1_total=65536
RESULT expected_total=65536
RESULT oracle2_pass=1
RESULT tier1_hit_rate_pct=99.98779296875
RESULT churn_elapsed_ns=1776000
RESULT ns_per_op=27.099609375
OK k=8 rounds=8192 table_count=9 oracle1=PASS cfg_conflicts_delta=0 tier1_hits=65528 tier1_misses=8 hit_rate=99.99% oracle2=PASS ns_per_op=27.1
.RESULT k=8
RESULT rotating_rounds=8192
RESULT table_count_at_floor=9
RESULT oracle1_pass=1
RESULT config_conflicts_delta=0
RESULT tier1_hits=65528
RESULT tier1_misses=8
RESULT tier1_total=65536
RESULT expected_total=65536
RESULT oracle2_pass=1
RESULT tier1_hit_rate_pct=99.98779296875
RESULT churn_elapsed_ns=1721600
RESULT ns_per_op=26.26953125
OK k=8 rounds=8192 table_count=9 oracle1=PASS cfg_conflicts_delta=0 tier1_hits=65528 tier1_misses=8 hit_rate=99.99% oracle2=PASS ns_per_op=26.3
.RESULT k=8
RESULT rotating_rounds=8192
RESULT table_count_at_floor=9
RESULT oracle1_pass=1
RESULT config_conflicts_delta=0
RESULT tier1_hits=65528
RESULT tier1_misses=8
RESULT tier1_total=65536
RESULT expected_total=65536
RESULT oracle2_pass=1
RESULT tier1_hit_rate_pct=99.98779296875
RESULT churn_elapsed_ns=1765400
RESULT ns_per_op=26.9378662109375
OK k=8 rounds=8192 table_count=9 oracle1=PASS cfg_conflicts_delta=0 tier1_hits=65528 tier1_misses=8 hit_rate=99.99% oracle2=PASS ns_per_op=26.9
.RESULT k=8
RESULT rotating_rounds=8192
RESULT table_count_at_floor=9
RESULT oracle1_pass=1
RESULT config_conflicts_delta=0
RESULT tier1_hits=65528
RESULT tier1_misses=8
RESULT tier1_total=65536
RESULT expected_total=65536
RESULT oracle2_pass=1
RESULT tier1_hit_rate_pct=99.98779296875
RESULT churn_elapsed_ns=1737100
RESULT ns_per_op=26.50604248046875
OK k=8 rounds=8192 table_count=9 oracle1=PASS cfg_conflicts_delta=0 tier1_hits=65528 tier1_misses=8 hit_rate=99.99% oracle2=PASS ns_per_op=26.5
.RESULT k=8
RESULT rotating_rounds=8192
RESULT table_count_at_floor=9
RESULT oracle1_pass=1
RESULT config_conflicts_delta=0
RESULT tier1_hits=65528
RESULT tier1_misses=8
RESULT tier1_total=65536
RESULT expected_total=65536
RESULT oracle2_pass=1
RESULT tier1_hit_rate_pct=99.98779296875
RESULT churn_elapsed_ns=1720100
RESULT ns_per_op=26.24664306640625
OK k=8 rounds=8192 table_count=9 oracle1=PASS cfg_conflicts_delta=0 tier1_hits=65528 tier1_misses=8 hit_rate=99.99% oracle2=PASS ns_per_op=26.2
.RESULT k=8
RESULT rotating_rounds=8192
RESULT table_count_at_floor=9
RESULT oracle1_pass=1
RESULT config_conflicts_delta=0
RESULT tier1_hits=65528
RESULT tier1_misses=8
RESULT tier1_total=65536
RESULT expected_total=65536
RESULT oracle2_pass=1
RESULT tier1_hit_rate_pct=99.98779296875
RESULT churn_elapsed_ns=1904600
RESULT ns_per_op=29.0618896484375
OK k=8 rounds=8192 table_count=9 oracle1=PASS cfg_conflicts_delta=0 tier1_hits=65528 tier1_misses=8 hit_rate=99.99% oracle2=PASS ns_per_op=29.1
.RESULT k=8
RESULT rotating_rounds=8192
RESULT table_count_at_floor=9
RESULT oracle1_pass=1
RESULT config_conflicts_delta=0
RESULT tier1_hits=65528
RESULT tier1_misses=8
RESULT tier1_total=65536
RESULT expected_total=65536
RESULT oracle2_pass=1
RESULT tier1_hit_rate_pct=99.98779296875
RESULT churn_elapsed_ns=1801700
RESULT ns_per_op=27.49176025390625
OK k=8 rounds=8192 table_count=9 oracle1=PASS cfg_conflicts_delta=0 tier1_hits=65528 tier1_misses=8 hit_rate=99.99% oracle2=PASS ns_per_op=27.5
.RESULT k=8
RESULT rotating_rounds=8192
RESULT table_count_at_floor=9
RESULT oracle1_pass=1
RESULT config_conflicts_delta=0
RESULT tier1_hits=65528
RESULT tier1_misses=8
RESULT tier1_total=65536
RESULT expected_total=65536
RESULT oracle2_pass=1
RESULT tier1_hit_rate_pct=99.98779296875
RESULT churn_elapsed_ns=2119000
RESULT ns_per_op=32.3333740234375
OK k=8 rounds=8192 table_count=9 oracle1=PASS cfg_conflicts_delta=0 tier1_hits=65528 tier1_misses=8 hit_rate=99.99% oracle2=PASS ns_per_op=32.3
.RESULT k=8
RESULT rotating_rounds=8192
RESULT table_count_at_floor=9
RESULT oracle1_pass=1
RESULT config_conflicts_delta=0
RESULT tier1_hits=65528
RESULT tier1_misses=8
RESULT tier1_total=65536
RESULT expected_total=65536
RESULT oracle2_pass=1
RESULT tier1_hit_rate_pct=99.98779296875
RESULT churn_elapsed_ns=1855200
RESULT ns_per_op=28.30810546875
OK k=8 rounds=8192 table_count=9 oracle1=PASS cfg_conflicts_delta=0 tier1_hits=65528 tier1_misses=8 hit_rate=99.99% oracle2=PASS ns_per_op=28.3
.RESULT k=8
RESULT rotating_rounds=8192
RESULT table_count_at_floor=9
RESULT oracle1_pass=1
RESULT config_conflicts_delta=0
RESULT tier1_hits=65528
RESULT tier1_misses=8
RESULT tier1_total=65536
RESULT expected_total=65536
RESULT oracle2_pass=1
RESULT tier1_hit_rate_pct=99.98779296875
RESULT churn_elapsed_ns=1714400
RESULT ns_per_op=26.15966796875
OK k=8 rounds=8192 table_count=9 oracle1=PASS cfg_conflicts_delta=0 tier1_hits=65528 tier1_misses=8 hit_rate=99.99% oracle2=PASS ns_per_op=26.2
.

  === after(A-slot) vs after(B-slot) (A - B, ns)  [SAME-VS-SAME CONTROL] ===
  n=20  mean Δ=-52.468 us  sd=275.452 us  se=61.593 us  t=-0.852  df=19  crit(p<0.05)=2.101  => NOT statistically distinguishable from noise (fails to reject null)
  sign test: after(A-slot)-faster=11/20  after(B-slot)-faster=9/20  ties=0

[paired-ab] provenance written to D:\dev\rust\sefer-alloc/docs/perf/paired_ab_runs/2026-08-03T15-29-46-422Z.json

[paired-ab] Reading this output: `t` past `crit` (or sign test heavily lopsided, e.g. 17+/20) means a REAL,
  non-noise wall-clock difference on THIS host for THIS workload — mirroring
  docs/perf/R5_R2_CHURN_REGRESSION_PAIRED_AB.md's verdict criteria. A same-vs-same control run
  (--arms sefer,sefer) should show t well under `crit` and a roughly even sign-test split --
  if it does not, that indicates a harness bug (non-reproducible workload, background load
  bleeding into the timed region), not a real self-difference.
