[paired-ab] --config has no "build" step; assuming arm commands are already built.

[paired-ab] off vs on — 20 pairs, A/B/B/A protocol
RESULT arm=large_cache_extended_narrow_off
RESULT narrow_n=2
RESULT elapsed_ns=246200
RESULT large_cache_hits=800
RESULT total_deallocs=800
RESULT rss_after_kib=3156
RESULT commit_after_kib=2094728
RESULT segments_reserved_total=10
.RESULT arm=large_cache_extended_narrow_on
RESULT narrow_n=2
RESULT elapsed_ns=63500
RESULT large_cache_hits=800
RESULT total_deallocs=800
RESULT rss_after_kib=3108
RESULT commit_after_kib=13996
RESULT segments_reserved_total=12
.RESULT arm=large_cache_extended_narrow_on
RESULT narrow_n=2
RESULT elapsed_ns=89100
RESULT large_cache_hits=800
RESULT total_deallocs=800
RESULT rss_after_kib=3108
RESULT commit_after_kib=13992
RESULT segments_reserved_total=12
.RESULT arm=large_cache_extended_narrow_off
RESULT narrow_n=2
RESULT elapsed_ns=152400
RESULT large_cache_hits=800
RESULT total_deallocs=800
RESULT rss_after_kib=3160
RESULT commit_after_kib=2094732
RESULT segments_reserved_total=10
.RESULT arm=large_cache_extended_narrow_off
RESULT narrow_n=2
RESULT elapsed_ns=193200
RESULT large_cache_hits=800
RESULT total_deallocs=800
RESULT rss_after_kib=3160
RESULT commit_after_kib=2094728
RESULT segments_reserved_total=10
.RESULT arm=large_cache_extended_narrow_on
RESULT narrow_n=2
RESULT elapsed_ns=62400
RESULT large_cache_hits=800
RESULT total_deallocs=800
RESULT rss_after_kib=3116
RESULT commit_after_kib=14012
RESULT segments_reserved_total=12
.RESULT arm=large_cache_extended_narrow_on
RESULT narrow_n=2
RESULT elapsed_ns=104000
RESULT large_cache_hits=800
RESULT total_deallocs=800
RESULT rss_after_kib=3108
RESULT commit_after_kib=13992
RESULT segments_reserved_total=12
.RESULT arm=large_cache_extended_narrow_off
RESULT narrow_n=2
RESULT elapsed_ns=203600
RESULT large_cache_hits=800
RESULT total_deallocs=800
RESULT rss_after_kib=3160
RESULT commit_after_kib=2094728
RESULT segments_reserved_total=10
.RESULT arm=large_cache_extended_narrow_off
RESULT narrow_n=2
RESULT elapsed_ns=206000
RESULT large_cache_hits=800
RESULT total_deallocs=800
RESULT rss_after_kib=3156
RESULT commit_after_kib=2094720
RESULT segments_reserved_total=10
.RESULT arm=large_cache_extended_narrow_on
RESULT narrow_n=2
RESULT elapsed_ns=63100
RESULT large_cache_hits=800
RESULT total_deallocs=800
RESULT rss_after_kib=3104
RESULT commit_after_kib=13992
RESULT segments_reserved_total=12
.RESULT arm=large_cache_extended_narrow_on
RESULT narrow_n=2
RESULT elapsed_ns=67300
RESULT large_cache_hits=800
RESULT total_deallocs=800
RESULT rss_after_kib=3112
RESULT commit_after_kib=14000
RESULT segments_reserved_total=12
.RESULT arm=large_cache_extended_narrow_off
RESULT narrow_n=2
RESULT elapsed_ns=145700
RESULT large_cache_hits=800
RESULT total_deallocs=800
RESULT rss_after_kib=3156
RESULT commit_after_kib=2094724
RESULT segments_reserved_total=10
.RESULT arm=large_cache_extended_narrow_off
RESULT narrow_n=2
RESULT elapsed_ns=141500
RESULT large_cache_hits=800
RESULT total_deallocs=800
RESULT rss_after_kib=3140
RESULT commit_after_kib=2094688
RESULT segments_reserved_total=10
.RESULT arm=large_cache_extended_narrow_on
RESULT narrow_n=2
RESULT elapsed_ns=62500
RESULT large_cache_hits=800
RESULT total_deallocs=800
RESULT rss_after_kib=3088
RESULT commit_after_kib=13964
RESULT segments_reserved_total=12
.RESULT arm=large_cache_extended_narrow_on
RESULT narrow_n=2
RESULT elapsed_ns=125000
RESULT large_cache_hits=800
RESULT total_deallocs=800
RESULT rss_after_kib=3088
RESULT commit_after_kib=13964
RESULT segments_reserved_total=12
.RESULT arm=large_cache_extended_narrow_off
RESULT narrow_n=2
RESULT elapsed_ns=143700
RESULT large_cache_hits=800
RESULT total_deallocs=800
RESULT rss_after_kib=3156
RESULT commit_after_kib=2094724
RESULT segments_reserved_total=10
.RESULT arm=large_cache_extended_narrow_off
RESULT narrow_n=2
RESULT elapsed_ns=224600
RESULT large_cache_hits=800
RESULT total_deallocs=800
RESULT rss_after_kib=3160
RESULT commit_after_kib=2094732
RESULT segments_reserved_total=10
.RESULT arm=large_cache_extended_narrow_on
RESULT narrow_n=2
RESULT elapsed_ns=123600
RESULT large_cache_hits=800
RESULT total_deallocs=800
RESULT rss_after_kib=3108
RESULT commit_after_kib=13996
RESULT segments_reserved_total=12
.RESULT arm=large_cache_extended_narrow_on
RESULT narrow_n=2
RESULT elapsed_ns=120000
RESULT large_cache_hits=800
RESULT total_deallocs=800
RESULT rss_after_kib=3108
RESULT commit_after_kib=13992
RESULT segments_reserved_total=12
.RESULT arm=large_cache_extended_narrow_off
RESULT narrow_n=2
RESULT elapsed_ns=306400
RESULT large_cache_hits=800
RESULT total_deallocs=800
RESULT rss_after_kib=3164
RESULT commit_after_kib=2094732
RESULT segments_reserved_total=10
.RESULT arm=large_cache_extended_narrow_off
RESULT narrow_n=2
RESULT elapsed_ns=141800
RESULT large_cache_hits=800
RESULT total_deallocs=800
RESULT rss_after_kib=3164
RESULT commit_after_kib=2094732
RESULT segments_reserved_total=10
.RESULT arm=large_cache_extended_narrow_on
RESULT narrow_n=2
RESULT elapsed_ns=62600
RESULT large_cache_hits=800
RESULT total_deallocs=800
RESULT rss_after_kib=3104
RESULT commit_after_kib=14000
RESULT segments_reserved_total=12
.RESULT arm=large_cache_extended_narrow_on
RESULT narrow_n=2
RESULT elapsed_ns=91000
RESULT large_cache_hits=800
RESULT total_deallocs=800
RESULT rss_after_kib=3112
RESULT commit_after_kib=14004
RESULT segments_reserved_total=12
.RESULT arm=large_cache_extended_narrow_off
RESULT narrow_n=2
RESULT elapsed_ns=233700
RESULT large_cache_hits=800
RESULT total_deallocs=800
RESULT rss_after_kib=3156
RESULT commit_after_kib=2094720
RESULT segments_reserved_total=10
.RESULT arm=large_cache_extended_narrow_off
RESULT narrow_n=2
RESULT elapsed_ns=242700
RESULT large_cache_hits=800
RESULT total_deallocs=800
RESULT rss_after_kib=3156
RESULT commit_after_kib=2094724
RESULT segments_reserved_total=10
.RESULT arm=large_cache_extended_narrow_on
RESULT narrow_n=2
RESULT elapsed_ns=153200
RESULT large_cache_hits=800
RESULT total_deallocs=800
RESULT rss_after_kib=3112
RESULT commit_after_kib=13996
RESULT segments_reserved_total=12
.RESULT arm=large_cache_extended_narrow_on
RESULT narrow_n=2
RESULT elapsed_ns=124100
RESULT large_cache_hits=800
RESULT total_deallocs=800
RESULT rss_after_kib=3116
RESULT commit_after_kib=14000
RESULT segments_reserved_total=12
.RESULT arm=large_cache_extended_narrow_off
RESULT narrow_n=2
RESULT elapsed_ns=146100
RESULT large_cache_hits=800
RESULT total_deallocs=800
RESULT rss_after_kib=3156
RESULT commit_after_kib=2094720
RESULT segments_reserved_total=10
.RESULT arm=large_cache_extended_narrow_off
RESULT narrow_n=2
RESULT elapsed_ns=222600
RESULT large_cache_hits=800
RESULT total_deallocs=800
RESULT rss_after_kib=3160
RESULT commit_after_kib=2094724
RESULT segments_reserved_total=10
.RESULT arm=large_cache_extended_narrow_on
RESULT narrow_n=2
RESULT elapsed_ns=62500
RESULT large_cache_hits=800
RESULT total_deallocs=800
RESULT rss_after_kib=3124
RESULT commit_after_kib=14012
RESULT segments_reserved_total=12
.RESULT arm=large_cache_extended_narrow_on
RESULT narrow_n=2
RESULT elapsed_ns=109100
RESULT large_cache_hits=800
RESULT total_deallocs=800
RESULT rss_after_kib=3108
RESULT commit_after_kib=13992
RESULT segments_reserved_total=12
.RESULT arm=large_cache_extended_narrow_off
RESULT narrow_n=2
RESULT elapsed_ns=238300
RESULT large_cache_hits=800
RESULT total_deallocs=800
RESULT rss_after_kib=3156
RESULT commit_after_kib=2094728
RESULT segments_reserved_total=10
.RESULT arm=large_cache_extended_narrow_off
RESULT narrow_n=2
RESULT elapsed_ns=188100
RESULT large_cache_hits=800
RESULT total_deallocs=800
RESULT rss_after_kib=3160
RESULT commit_after_kib=2094728
RESULT segments_reserved_total=10
.RESULT arm=large_cache_extended_narrow_on
RESULT narrow_n=2
RESULT elapsed_ns=105100
RESULT large_cache_hits=800
RESULT total_deallocs=800
RESULT rss_after_kib=3104
RESULT commit_after_kib=13988
RESULT segments_reserved_total=12
.RESULT arm=large_cache_extended_narrow_on
RESULT narrow_n=2
RESULT elapsed_ns=62700
RESULT large_cache_hits=800
RESULT total_deallocs=800
RESULT rss_after_kib=3084
RESULT commit_after_kib=13960
RESULT segments_reserved_total=12
.RESULT arm=large_cache_extended_narrow_off
RESULT narrow_n=2
RESULT elapsed_ns=244100
RESULT large_cache_hits=800
RESULT total_deallocs=800
RESULT rss_after_kib=3156
RESULT commit_after_kib=2094720
RESULT segments_reserved_total=10
.RESULT arm=large_cache_extended_narrow_off
RESULT narrow_n=2
RESULT elapsed_ns=263700
RESULT large_cache_hits=800
RESULT total_deallocs=800
RESULT rss_after_kib=3160
RESULT commit_after_kib=2094736
RESULT segments_reserved_total=10
.RESULT arm=large_cache_extended_narrow_on
RESULT narrow_n=2
RESULT elapsed_ns=127500
RESULT large_cache_hits=800
RESULT total_deallocs=800
RESULT rss_after_kib=3104
RESULT commit_after_kib=14000
RESULT segments_reserved_total=12
.RESULT arm=large_cache_extended_narrow_on
RESULT narrow_n=2
RESULT elapsed_ns=104900
RESULT large_cache_hits=800
RESULT total_deallocs=800
RESULT rss_after_kib=3104
RESULT commit_after_kib=13988
RESULT segments_reserved_total=12
.RESULT arm=large_cache_extended_narrow_off
RESULT narrow_n=2
RESULT elapsed_ns=235400
RESULT large_cache_hits=800
RESULT total_deallocs=800
RESULT rss_after_kib=3160
RESULT commit_after_kib=2094728
RESULT segments_reserved_total=10
.RESULT arm=large_cache_extended_narrow_off
RESULT narrow_n=2
RESULT elapsed_ns=236400
RESULT large_cache_hits=800
RESULT total_deallocs=800
RESULT rss_after_kib=3156
RESULT commit_after_kib=2094728
RESULT segments_reserved_total=10
.RESULT arm=large_cache_extended_narrow_on
RESULT narrow_n=2
RESULT elapsed_ns=127200
RESULT large_cache_hits=800
RESULT total_deallocs=800
RESULT rss_after_kib=3112
RESULT commit_after_kib=13992
RESULT segments_reserved_total=12
.RESULT arm=large_cache_extended_narrow_on
RESULT narrow_n=2
RESULT elapsed_ns=124800
RESULT large_cache_hits=800
RESULT total_deallocs=800
RESULT rss_after_kib=3116
RESULT commit_after_kib=14008
RESULT segments_reserved_total=12
.RESULT arm=large_cache_extended_narrow_off
RESULT narrow_n=2
RESULT elapsed_ns=240500
RESULT large_cache_hits=800
RESULT total_deallocs=800
RESULT rss_after_kib=3160
RESULT commit_after_kib=2094732
RESULT segments_reserved_total=10
.RESULT arm=large_cache_extended_narrow_off
RESULT narrow_n=2
RESULT elapsed_ns=218700
RESULT large_cache_hits=800
RESULT total_deallocs=800
RESULT rss_after_kib=3144
RESULT commit_after_kib=2094704
RESULT segments_reserved_total=10
.RESULT arm=large_cache_extended_narrow_on
RESULT narrow_n=2
RESULT elapsed_ns=129300
RESULT large_cache_hits=800
RESULT total_deallocs=800
RESULT rss_after_kib=3108
RESULT commit_after_kib=14004
RESULT segments_reserved_total=12
.RESULT arm=large_cache_extended_narrow_on
RESULT narrow_n=2
RESULT elapsed_ns=66300
RESULT large_cache_hits=800
RESULT total_deallocs=800
RESULT rss_after_kib=3108
RESULT commit_after_kib=14000
RESULT segments_reserved_total=12
.RESULT arm=large_cache_extended_narrow_off
RESULT narrow_n=2
RESULT elapsed_ns=163400
RESULT large_cache_hits=800
RESULT total_deallocs=800
RESULT rss_after_kib=3160
RESULT commit_after_kib=2094736
RESULT segments_reserved_total=10
.RESULT arm=large_cache_extended_narrow_off
RESULT narrow_n=2
RESULT elapsed_ns=174700
RESULT large_cache_hits=800
RESULT total_deallocs=800
RESULT rss_after_kib=3160
RESULT commit_after_kib=2094736
RESULT segments_reserved_total=10
.RESULT arm=large_cache_extended_narrow_on
RESULT narrow_n=2
RESULT elapsed_ns=88700
RESULT large_cache_hits=800
RESULT total_deallocs=800
RESULT rss_after_kib=3104
RESULT commit_after_kib=13992
RESULT segments_reserved_total=12
.RESULT arm=large_cache_extended_narrow_on
RESULT narrow_n=2
RESULT elapsed_ns=128000
RESULT large_cache_hits=800
RESULT total_deallocs=800
RESULT rss_after_kib=3108
RESULT commit_after_kib=13992
RESULT segments_reserved_total=12
.RESULT arm=large_cache_extended_narrow_off
RESULT narrow_n=2
RESULT elapsed_ns=237500
RESULT large_cache_hits=800
RESULT total_deallocs=800
RESULT rss_after_kib=3156
RESULT commit_after_kib=2094728
RESULT segments_reserved_total=10
.RESULT arm=large_cache_extended_narrow_off
RESULT narrow_n=2
RESULT elapsed_ns=220000
RESULT large_cache_hits=800
RESULT total_deallocs=800
RESULT rss_after_kib=3160
RESULT commit_after_kib=2094724
RESULT segments_reserved_total=10
.RESULT arm=large_cache_extended_narrow_on
RESULT narrow_n=2
RESULT elapsed_ns=127700
RESULT large_cache_hits=800
RESULT total_deallocs=800
RESULT rss_after_kib=3104
RESULT commit_after_kib=13996
RESULT segments_reserved_total=12
.RESULT arm=large_cache_extended_narrow_on
RESULT narrow_n=2
RESULT elapsed_ns=124100
RESULT large_cache_hits=800
RESULT total_deallocs=800
RESULT rss_after_kib=3108
RESULT commit_after_kib=13996
RESULT segments_reserved_total=12
.RESULT arm=large_cache_extended_narrow_off
RESULT narrow_n=2
RESULT elapsed_ns=236300
RESULT large_cache_hits=800
RESULT total_deallocs=800
RESULT rss_after_kib=3140
RESULT commit_after_kib=2094696
RESULT segments_reserved_total=10
.RESULT arm=large_cache_extended_narrow_off
RESULT narrow_n=2
RESULT elapsed_ns=245300
RESULT large_cache_hits=800
RESULT total_deallocs=800
RESULT rss_after_kib=3156
RESULT commit_after_kib=2094724
RESULT segments_reserved_total=10
.RESULT arm=large_cache_extended_narrow_on
RESULT narrow_n=2
RESULT elapsed_ns=63500
RESULT large_cache_hits=800
RESULT total_deallocs=800
RESULT rss_after_kib=3108
RESULT commit_after_kib=13992
RESULT segments_reserved_total=12
.RESULT arm=large_cache_extended_narrow_on
RESULT narrow_n=2
RESULT elapsed_ns=124300
RESULT large_cache_hits=800
RESULT total_deallocs=800
RESULT rss_after_kib=3104
RESULT commit_after_kib=13988
RESULT segments_reserved_total=12
.RESULT arm=large_cache_extended_narrow_off
RESULT narrow_n=2
RESULT elapsed_ns=202100
RESULT large_cache_hits=800
RESULT total_deallocs=800
RESULT rss_after_kib=3160
RESULT commit_after_kib=2094728
RESULT segments_reserved_total=10
.RESULT arm=large_cache_extended_narrow_off
RESULT narrow_n=2
RESULT elapsed_ns=231300
RESULT large_cache_hits=800
RESULT total_deallocs=800
RESULT rss_after_kib=3160
RESULT commit_after_kib=2094728
RESULT segments_reserved_total=10
.RESULT arm=large_cache_extended_narrow_on
RESULT narrow_n=2
RESULT elapsed_ns=130000
RESULT large_cache_hits=800
RESULT total_deallocs=800
RESULT rss_after_kib=3108
RESULT commit_after_kib=13996
RESULT segments_reserved_total=12
.RESULT arm=large_cache_extended_narrow_on
RESULT narrow_n=2
RESULT elapsed_ns=127600
RESULT large_cache_hits=800
RESULT total_deallocs=800
RESULT rss_after_kib=3112
RESULT commit_after_kib=14000
RESULT segments_reserved_total=12
.RESULT arm=large_cache_extended_narrow_off
RESULT narrow_n=2
RESULT elapsed_ns=247500
RESULT large_cache_hits=800
RESULT total_deallocs=800
RESULT rss_after_kib=3168
RESULT commit_after_kib=2094732
RESULT segments_reserved_total=10
.RESULT arm=large_cache_extended_narrow_off
RESULT narrow_n=2
RESULT elapsed_ns=200300
RESULT large_cache_hits=800
RESULT total_deallocs=800
RESULT rss_after_kib=3160
RESULT commit_after_kib=2094728
RESULT segments_reserved_total=10
.RESULT arm=large_cache_extended_narrow_on
RESULT narrow_n=2
RESULT elapsed_ns=103800
RESULT large_cache_hits=800
RESULT total_deallocs=800
RESULT rss_after_kib=3104
RESULT commit_after_kib=13988
RESULT segments_reserved_total=12
.RESULT arm=large_cache_extended_narrow_on
RESULT narrow_n=2
RESULT elapsed_ns=121400
RESULT large_cache_hits=800
RESULT total_deallocs=800
RESULT rss_after_kib=3108
RESULT commit_after_kib=13996
RESULT segments_reserved_total=12
.RESULT arm=large_cache_extended_narrow_off
RESULT narrow_n=2
RESULT elapsed_ns=222700
RESULT large_cache_hits=800
RESULT total_deallocs=800
RESULT rss_after_kib=3164
RESULT commit_after_kib=2094728
RESULT segments_reserved_total=10
.RESULT arm=large_cache_extended_narrow_off
RESULT narrow_n=2
RESULT elapsed_ns=240900
RESULT large_cache_hits=800
RESULT total_deallocs=800
RESULT rss_after_kib=3160
RESULT commit_after_kib=2094732
RESULT segments_reserved_total=10
.RESULT arm=large_cache_extended_narrow_on
RESULT narrow_n=2
RESULT elapsed_ns=121200
RESULT large_cache_hits=800
RESULT total_deallocs=800
RESULT rss_after_kib=3108
RESULT commit_after_kib=14000
RESULT segments_reserved_total=12
.RESULT arm=large_cache_extended_narrow_on
RESULT narrow_n=2
RESULT elapsed_ns=62600
RESULT large_cache_hits=800
RESULT total_deallocs=800
RESULT rss_after_kib=3104
RESULT commit_after_kib=13988
RESULT segments_reserved_total=12
.RESULT arm=large_cache_extended_narrow_off
RESULT narrow_n=2
RESULT elapsed_ns=163900
RESULT large_cache_hits=800
RESULT total_deallocs=800
RESULT rss_after_kib=3172
RESULT commit_after_kib=2094740
RESULT segments_reserved_total=10
.RESULT arm=large_cache_extended_narrow_off
RESULT narrow_n=2
RESULT elapsed_ns=324300
RESULT large_cache_hits=800
RESULT total_deallocs=800
RESULT rss_after_kib=3156
RESULT commit_after_kib=2094728
RESULT segments_reserved_total=10
.RESULT arm=large_cache_extended_narrow_on
RESULT narrow_n=2
RESULT elapsed_ns=108900
RESULT large_cache_hits=800
RESULT total_deallocs=800
RESULT rss_after_kib=3092
RESULT commit_after_kib=13968
RESULT segments_reserved_total=12
.RESULT arm=large_cache_extended_narrow_on
RESULT narrow_n=2
RESULT elapsed_ns=63100
RESULT large_cache_hits=800
RESULT total_deallocs=800
RESULT rss_after_kib=3108
RESULT commit_after_kib=13992
RESULT segments_reserved_total=12
.RESULT arm=large_cache_extended_narrow_off
RESULT narrow_n=2
RESULT elapsed_ns=193600
RESULT large_cache_hits=800
RESULT total_deallocs=800
RESULT rss_after_kib=3160
RESULT commit_after_kib=2094728
RESULT segments_reserved_total=10
.RESULT arm=large_cache_extended_narrow_off
RESULT narrow_n=2
RESULT elapsed_ns=141400
RESULT large_cache_hits=800
RESULT total_deallocs=800
RESULT rss_after_kib=3176
RESULT commit_after_kib=2094740
RESULT segments_reserved_total=10
.RESULT arm=large_cache_extended_narrow_on
RESULT narrow_n=2
RESULT elapsed_ns=114400
RESULT large_cache_hits=800
RESULT total_deallocs=800
RESULT rss_after_kib=3112
RESULT commit_after_kib=14000
RESULT segments_reserved_total=12
.RESULT arm=large_cache_extended_narrow_on
RESULT narrow_n=2
RESULT elapsed_ns=62300
RESULT large_cache_hits=800
RESULT total_deallocs=800
RESULT rss_after_kib=3108
RESULT commit_after_kib=13996
RESULT segments_reserved_total=12
.RESULT arm=large_cache_extended_narrow_off
RESULT narrow_n=2
RESULT elapsed_ns=244700
RESULT large_cache_hits=800
RESULT total_deallocs=800
RESULT rss_after_kib=3156
RESULT commit_after_kib=2094720
RESULT segments_reserved_total=10
.

  === off vs on (A - B, ns) ===
  n=20  mean Δ=112.573 us  sd=28.215 us  se=6.309 us  t=17.843  df=19  crit(p<0.05)=2.101  => REAL (rejects null)
  sign test: off-faster=0/20  on-faster=20/20  ties=0

[paired-ab] provenance written to D:\dev\rust\sefer-alloc/docs/perf/paired_ab_runs/2026-07-30T19-52-44-496Z.json

[paired-ab] Reading this output: `t` past `crit` (or sign test heavily lopsided, e.g. 17+/20) means a REAL,
  non-noise wall-clock difference on THIS host for THIS workload — mirroring
  docs/perf/R5_R2_CHURN_REGRESSION_PAIRED_AB.md's verdict criteria. A same-vs-same control run
  (--arms sefer,sefer) should show t well under `crit` and a roughly even sign-test split --
  if it does not, that indicates a harness bug (non-reproducible workload, background load
  bleeding into the timed region), not a real self-difference.
