[paired-ab] --config has no "build" step; assuming arm commands are already built.

[paired-ab] off vs on — 20 pairs, A/B/B/A protocol
RESULT arm=large_cache_extended_narrow_off
RESULT narrow_n=1
RESULT elapsed_ns=105900
RESULT large_cache_hits=400
RESULT total_deallocs=400
RESULT rss_after_kib=3168
RESULT commit_after_kib=2094736
RESULT segments_reserved_total=10
.RESULT arm=large_cache_extended_narrow_on
RESULT narrow_n=1
RESULT elapsed_ns=36700
RESULT large_cache_hits=400
RESULT total_deallocs=400
RESULT rss_after_kib=3096
RESULT commit_after_kib=5788
RESULT segments_reserved_total=11
.RESULT arm=large_cache_extended_narrow_on
RESULT narrow_n=1
RESULT elapsed_ns=63000
RESULT large_cache_hits=400
RESULT total_deallocs=400
RESULT rss_after_kib=3104
RESULT commit_after_kib=5788
RESULT segments_reserved_total=11
.RESULT arm=large_cache_extended_narrow_off
RESULT narrow_n=1
RESULT elapsed_ns=99600
RESULT large_cache_hits=400
RESULT total_deallocs=400
RESULT rss_after_kib=3160
RESULT commit_after_kib=2094728
RESULT segments_reserved_total=10
.RESULT arm=large_cache_extended_narrow_off
RESULT narrow_n=1
RESULT elapsed_ns=74400
RESULT large_cache_hits=400
RESULT total_deallocs=400
RESULT rss_after_kib=3160
RESULT commit_after_kib=2094720
RESULT segments_reserved_total=10
.RESULT arm=large_cache_extended_narrow_on
RESULT narrow_n=1
RESULT elapsed_ns=73300
RESULT large_cache_hits=400
RESULT total_deallocs=400
RESULT rss_after_kib=3108
RESULT commit_after_kib=5788
RESULT segments_reserved_total=11
.RESULT arm=large_cache_extended_narrow_on
RESULT narrow_n=1
RESULT elapsed_ns=103400
RESULT large_cache_hits=400
RESULT total_deallocs=400
RESULT rss_after_kib=3100
RESULT commit_after_kib=5784
RESULT segments_reserved_total=11
.RESULT arm=large_cache_extended_narrow_off
RESULT narrow_n=1
RESULT elapsed_ns=74900
RESULT large_cache_hits=400
RESULT total_deallocs=400
RESULT rss_after_kib=3156
RESULT commit_after_kib=2094724
RESULT segments_reserved_total=10
.RESULT arm=large_cache_extended_narrow_off
RESULT narrow_n=1
RESULT elapsed_ns=104500
RESULT large_cache_hits=400
RESULT total_deallocs=400
RESULT rss_after_kib=3156
RESULT commit_after_kib=2094724
RESULT segments_reserved_total=10
.RESULT arm=large_cache_extended_narrow_on
RESULT narrow_n=1
RESULT elapsed_ns=66500
RESULT large_cache_hits=400
RESULT total_deallocs=400
RESULT rss_after_kib=3100
RESULT commit_after_kib=5796
RESULT segments_reserved_total=11
.RESULT arm=large_cache_extended_narrow_on
RESULT narrow_n=1
RESULT elapsed_ns=70500
RESULT large_cache_hits=400
RESULT total_deallocs=400
RESULT rss_after_kib=3100
RESULT commit_after_kib=5784
RESULT segments_reserved_total=11
.RESULT arm=large_cache_extended_narrow_off
RESULT narrow_n=1
RESULT elapsed_ns=87100
RESULT large_cache_hits=400
RESULT total_deallocs=400
RESULT rss_after_kib=3156
RESULT commit_after_kib=2094728
RESULT segments_reserved_total=10
.RESULT arm=large_cache_extended_narrow_off
RESULT narrow_n=1
RESULT elapsed_ns=75100
RESULT large_cache_hits=400
RESULT total_deallocs=400
RESULT rss_after_kib=3160
RESULT commit_after_kib=2094724
RESULT segments_reserved_total=10
.RESULT arm=large_cache_extended_narrow_on
RESULT narrow_n=1
RESULT elapsed_ns=59500
RESULT large_cache_hits=400
RESULT total_deallocs=400
RESULT rss_after_kib=3100
RESULT commit_after_kib=5788
RESULT segments_reserved_total=11
.RESULT arm=large_cache_extended_narrow_on
RESULT narrow_n=1
RESULT elapsed_ns=62900
RESULT large_cache_hits=400
RESULT total_deallocs=400
RESULT rss_after_kib=3096
RESULT commit_after_kib=5772
RESULT segments_reserved_total=11
.RESULT arm=large_cache_extended_narrow_off
RESULT narrow_n=1
RESULT elapsed_ns=149300
RESULT large_cache_hits=400
RESULT total_deallocs=400
RESULT rss_after_kib=3160
RESULT commit_after_kib=2094728
RESULT segments_reserved_total=10
.RESULT arm=large_cache_extended_narrow_off
RESULT narrow_n=1
RESULT elapsed_ns=112800
RESULT large_cache_hits=400
RESULT total_deallocs=400
RESULT rss_after_kib=3144
RESULT commit_after_kib=2094696
RESULT segments_reserved_total=10
.RESULT arm=large_cache_extended_narrow_on
RESULT narrow_n=1
RESULT elapsed_ns=65700
RESULT large_cache_hits=400
RESULT total_deallocs=400
RESULT rss_after_kib=3100
RESULT commit_after_kib=5788
RESULT segments_reserved_total=11
.RESULT arm=large_cache_extended_narrow_on
RESULT narrow_n=1
RESULT elapsed_ns=73100
RESULT large_cache_hits=400
RESULT total_deallocs=400
RESULT rss_after_kib=3096
RESULT commit_after_kib=5788
RESULT segments_reserved_total=11
.RESULT arm=large_cache_extended_narrow_off
RESULT narrow_n=1
RESULT elapsed_ns=139500
RESULT large_cache_hits=400
RESULT total_deallocs=400
RESULT rss_after_kib=3156
RESULT commit_after_kib=2094732
RESULT segments_reserved_total=10
.RESULT arm=large_cache_extended_narrow_off
RESULT narrow_n=1
RESULT elapsed_ns=76300
RESULT large_cache_hits=400
RESULT total_deallocs=400
RESULT rss_after_kib=3156
RESULT commit_after_kib=2094724
RESULT segments_reserved_total=10
.RESULT arm=large_cache_extended_narrow_on
RESULT narrow_n=1
RESULT elapsed_ns=73200
RESULT large_cache_hits=400
RESULT total_deallocs=400
RESULT rss_after_kib=3096
RESULT commit_after_kib=5784
RESULT segments_reserved_total=11
.RESULT arm=large_cache_extended_narrow_on
RESULT narrow_n=1
RESULT elapsed_ns=56100
RESULT large_cache_hits=400
RESULT total_deallocs=400
RESULT rss_after_kib=3100
RESULT commit_after_kib=5796
RESULT segments_reserved_total=11
.RESULT arm=large_cache_extended_narrow_off
RESULT narrow_n=1
RESULT elapsed_ns=134000
RESULT large_cache_hits=400
RESULT total_deallocs=400
RESULT rss_after_kib=3160
RESULT commit_after_kib=2094732
RESULT segments_reserved_total=10
.RESULT arm=large_cache_extended_narrow_off
RESULT narrow_n=1
RESULT elapsed_ns=100900
RESULT large_cache_hits=400
RESULT total_deallocs=400
RESULT rss_after_kib=3160
RESULT commit_after_kib=2094728
RESULT segments_reserved_total=10
.RESULT arm=large_cache_extended_narrow_on
RESULT narrow_n=1
RESULT elapsed_ns=90800
RESULT large_cache_hits=400
RESULT total_deallocs=400
RESULT rss_after_kib=3104
RESULT commit_after_kib=5792
RESULT segments_reserved_total=11
.RESULT arm=large_cache_extended_narrow_on
RESULT narrow_n=1
RESULT elapsed_ns=70400
RESULT large_cache_hits=400
RESULT total_deallocs=400
RESULT rss_after_kib=3100
RESULT commit_after_kib=5784
RESULT segments_reserved_total=11
.RESULT arm=large_cache_extended_narrow_off
RESULT narrow_n=1
RESULT elapsed_ns=125700
RESULT large_cache_hits=400
RESULT total_deallocs=400
RESULT rss_after_kib=3156
RESULT commit_after_kib=2094724
RESULT segments_reserved_total=10
.RESULT arm=large_cache_extended_narrow_off
RESULT narrow_n=1
RESULT elapsed_ns=128300
RESULT large_cache_hits=400
RESULT total_deallocs=400
RESULT rss_after_kib=3140
RESULT commit_after_kib=2094692
RESULT segments_reserved_total=10
.RESULT arm=large_cache_extended_narrow_on
RESULT narrow_n=1
RESULT elapsed_ns=111700
RESULT large_cache_hits=400
RESULT total_deallocs=400
RESULT rss_after_kib=3104
RESULT commit_after_kib=5788
RESULT segments_reserved_total=11
.RESULT arm=large_cache_extended_narrow_on
RESULT narrow_n=1
RESULT elapsed_ns=72900
RESULT large_cache_hits=400
RESULT total_deallocs=400
RESULT rss_after_kib=3100
RESULT commit_after_kib=5796
RESULT segments_reserved_total=11
.RESULT arm=large_cache_extended_narrow_off
RESULT narrow_n=1
RESULT elapsed_ns=134800
RESULT large_cache_hits=400
RESULT total_deallocs=400
RESULT rss_after_kib=3152
RESULT commit_after_kib=2094720
RESULT segments_reserved_total=10
.RESULT arm=large_cache_extended_narrow_off
RESULT narrow_n=1
RESULT elapsed_ns=107500
RESULT large_cache_hits=400
RESULT total_deallocs=400
RESULT rss_after_kib=3160
RESULT commit_after_kib=2094736
RESULT segments_reserved_total=10
.RESULT arm=large_cache_extended_narrow_on
RESULT narrow_n=1
RESULT elapsed_ns=75100
RESULT large_cache_hits=400
RESULT total_deallocs=400
RESULT rss_after_kib=3100
RESULT commit_after_kib=5784
RESULT segments_reserved_total=11
.RESULT arm=large_cache_extended_narrow_on
RESULT narrow_n=1
RESULT elapsed_ns=76900
RESULT large_cache_hits=400
RESULT total_deallocs=400
RESULT rss_after_kib=3104
RESULT commit_after_kib=5796
RESULT segments_reserved_total=11
.RESULT arm=large_cache_extended_narrow_off
RESULT narrow_n=1
RESULT elapsed_ns=101400
RESULT large_cache_hits=400
RESULT total_deallocs=400
RESULT rss_after_kib=3156
RESULT commit_after_kib=2094720
RESULT segments_reserved_total=10
.RESULT arm=large_cache_extended_narrow_off
RESULT narrow_n=1
RESULT elapsed_ns=133800
RESULT large_cache_hits=400
RESULT total_deallocs=400
RESULT rss_after_kib=3160
RESULT commit_after_kib=2094732
RESULT segments_reserved_total=10
.RESULT arm=large_cache_extended_narrow_on
RESULT narrow_n=1
RESULT elapsed_ns=41500
RESULT large_cache_hits=400
RESULT total_deallocs=400
RESULT rss_after_kib=3100
RESULT commit_after_kib=5780
RESULT segments_reserved_total=11
.RESULT arm=large_cache_extended_narrow_on
RESULT narrow_n=1
RESULT elapsed_ns=63700
RESULT large_cache_hits=400
RESULT total_deallocs=400
RESULT rss_after_kib=3100
RESULT commit_after_kib=5792
RESULT segments_reserved_total=11
.RESULT arm=large_cache_extended_narrow_off
RESULT narrow_n=1
RESULT elapsed_ns=133300
RESULT large_cache_hits=400
RESULT total_deallocs=400
RESULT rss_after_kib=3160
RESULT commit_after_kib=2094724
RESULT segments_reserved_total=10
.RESULT arm=large_cache_extended_narrow_off
RESULT narrow_n=1
RESULT elapsed_ns=180800
RESULT large_cache_hits=400
RESULT total_deallocs=400
RESULT rss_after_kib=3172
RESULT commit_after_kib=2094744
RESULT segments_reserved_total=10
.RESULT arm=large_cache_extended_narrow_on
RESULT narrow_n=1
RESULT elapsed_ns=38100
RESULT large_cache_hits=400
RESULT total_deallocs=400
RESULT rss_after_kib=3100
RESULT commit_after_kib=5788
RESULT segments_reserved_total=11
.RESULT arm=large_cache_extended_narrow_on
RESULT narrow_n=1
RESULT elapsed_ns=43000
RESULT large_cache_hits=400
RESULT total_deallocs=400
RESULT rss_after_kib=3104
RESULT commit_after_kib=5796
RESULT segments_reserved_total=11
.RESULT arm=large_cache_extended_narrow_off
RESULT narrow_n=1
RESULT elapsed_ns=84300
RESULT large_cache_hits=400
RESULT total_deallocs=400
RESULT rss_after_kib=3160
RESULT commit_after_kib=2094732
RESULT segments_reserved_total=10
.RESULT arm=large_cache_extended_narrow_off
RESULT narrow_n=1
RESULT elapsed_ns=78200
RESULT large_cache_hits=400
RESULT total_deallocs=400
RESULT rss_after_kib=3160
RESULT commit_after_kib=2094732
RESULT segments_reserved_total=10
.RESULT arm=large_cache_extended_narrow_on
RESULT narrow_n=1
RESULT elapsed_ns=72600
RESULT large_cache_hits=400
RESULT total_deallocs=400
RESULT rss_after_kib=3096
RESULT commit_after_kib=5788
RESULT segments_reserved_total=11
.RESULT arm=large_cache_extended_narrow_on
RESULT narrow_n=1
RESULT elapsed_ns=72600
RESULT large_cache_hits=400
RESULT total_deallocs=400
RESULT rss_after_kib=3080
RESULT commit_after_kib=5756
RESULT segments_reserved_total=11
.RESULT arm=large_cache_extended_narrow_off
RESULT narrow_n=1
RESULT elapsed_ns=74700
RESULT large_cache_hits=400
RESULT total_deallocs=400
RESULT rss_after_kib=3144
RESULT commit_after_kib=2094696
RESULT segments_reserved_total=10
.RESULT arm=large_cache_extended_narrow_off
RESULT narrow_n=1
RESULT elapsed_ns=134900
RESULT large_cache_hits=400
RESULT total_deallocs=400
RESULT rss_after_kib=3144
RESULT commit_after_kib=2094700
RESULT segments_reserved_total=10
.RESULT arm=large_cache_extended_narrow_on
RESULT narrow_n=1
RESULT elapsed_ns=49100
RESULT large_cache_hits=400
RESULT total_deallocs=400
RESULT rss_after_kib=3104
RESULT commit_after_kib=5788
RESULT segments_reserved_total=11
.RESULT arm=large_cache_extended_narrow_on
RESULT narrow_n=1
RESULT elapsed_ns=63600
RESULT large_cache_hits=400
RESULT total_deallocs=400
RESULT rss_after_kib=3100
RESULT commit_after_kib=5788
RESULT segments_reserved_total=11
.RESULT arm=large_cache_extended_narrow_off
RESULT narrow_n=1
RESULT elapsed_ns=134500
RESULT large_cache_hits=400
RESULT total_deallocs=400
RESULT rss_after_kib=3160
RESULT commit_after_kib=2094724
RESULT segments_reserved_total=10
.RESULT arm=large_cache_extended_narrow_off
RESULT narrow_n=1
RESULT elapsed_ns=151400
RESULT large_cache_hits=400
RESULT total_deallocs=400
RESULT rss_after_kib=3156
RESULT commit_after_kib=2094720
RESULT segments_reserved_total=10
.RESULT arm=large_cache_extended_narrow_on
RESULT narrow_n=1
RESULT elapsed_ns=36500
RESULT large_cache_hits=400
RESULT total_deallocs=400
RESULT rss_after_kib=3100
RESULT commit_after_kib=5792
RESULT segments_reserved_total=11
.RESULT arm=large_cache_extended_narrow_on
RESULT narrow_n=1
RESULT elapsed_ns=36500
RESULT large_cache_hits=400
RESULT total_deallocs=400
RESULT rss_after_kib=3100
RESULT commit_after_kib=5796
RESULT segments_reserved_total=11
.RESULT arm=large_cache_extended_narrow_off
RESULT narrow_n=1
RESULT elapsed_ns=135100
RESULT large_cache_hits=400
RESULT total_deallocs=400
RESULT rss_after_kib=3160
RESULT commit_after_kib=2094740
RESULT segments_reserved_total=10
.RESULT arm=large_cache_extended_narrow_off
RESULT narrow_n=1
RESULT elapsed_ns=74600
RESULT large_cache_hits=400
RESULT total_deallocs=400
RESULT rss_after_kib=3156
RESULT commit_after_kib=2094724
RESULT segments_reserved_total=10
.RESULT arm=large_cache_extended_narrow_on
RESULT narrow_n=1
RESULT elapsed_ns=83100
RESULT large_cache_hits=400
RESULT total_deallocs=400
RESULT rss_after_kib=3104
RESULT commit_after_kib=5792
RESULT segments_reserved_total=11
.RESULT arm=large_cache_extended_narrow_on
RESULT narrow_n=1
RESULT elapsed_ns=108200
RESULT large_cache_hits=400
RESULT total_deallocs=400
RESULT rss_after_kib=3092
RESULT commit_after_kib=5776
RESULT segments_reserved_total=11
.RESULT arm=large_cache_extended_narrow_off
RESULT narrow_n=1
RESULT elapsed_ns=134100
RESULT large_cache_hits=400
RESULT total_deallocs=400
RESULT rss_after_kib=3160
RESULT commit_after_kib=2094724
RESULT segments_reserved_total=10
.RESULT arm=large_cache_extended_narrow_off
RESULT narrow_n=1
RESULT elapsed_ns=136500
RESULT large_cache_hits=400
RESULT total_deallocs=400
RESULT rss_after_kib=3160
RESULT commit_after_kib=2094724
RESULT segments_reserved_total=10
.RESULT arm=large_cache_extended_narrow_on
RESULT narrow_n=1
RESULT elapsed_ns=55800
RESULT large_cache_hits=400
RESULT total_deallocs=400
RESULT rss_after_kib=3100
RESULT commit_after_kib=5792
RESULT segments_reserved_total=11
.RESULT arm=large_cache_extended_narrow_on
RESULT narrow_n=1
RESULT elapsed_ns=72100
RESULT large_cache_hits=400
RESULT total_deallocs=400
RESULT rss_after_kib=3104
RESULT commit_after_kib=5792
RESULT segments_reserved_total=11
.RESULT arm=large_cache_extended_narrow_off
RESULT narrow_n=1
RESULT elapsed_ns=132100
RESULT large_cache_hits=400
RESULT total_deallocs=400
RESULT rss_after_kib=3160
RESULT commit_after_kib=2094724
RESULT segments_reserved_total=10
.RESULT arm=large_cache_extended_narrow_off
RESULT narrow_n=1
RESULT elapsed_ns=109400
RESULT large_cache_hits=400
RESULT total_deallocs=400
RESULT rss_after_kib=3164
RESULT commit_after_kib=2094732
RESULT segments_reserved_total=10
.RESULT arm=large_cache_extended_narrow_on
RESULT narrow_n=1
RESULT elapsed_ns=72700
RESULT large_cache_hits=400
RESULT total_deallocs=400
RESULT rss_after_kib=3100
RESULT commit_after_kib=5792
RESULT segments_reserved_total=11
.RESULT arm=large_cache_extended_narrow_on
RESULT narrow_n=1
RESULT elapsed_ns=36900
RESULT large_cache_hits=400
RESULT total_deallocs=400
RESULT rss_after_kib=3100
RESULT commit_after_kib=5788
RESULT segments_reserved_total=11
.RESULT arm=large_cache_extended_narrow_off
RESULT narrow_n=1
RESULT elapsed_ns=113700
RESULT large_cache_hits=400
RESULT total_deallocs=400
RESULT rss_after_kib=3160
RESULT commit_after_kib=2094732
RESULT segments_reserved_total=10
.RESULT arm=large_cache_extended_narrow_off
RESULT narrow_n=1
RESULT elapsed_ns=116400
RESULT large_cache_hits=400
RESULT total_deallocs=400
RESULT rss_after_kib=3160
RESULT commit_after_kib=2094728
RESULT segments_reserved_total=10
.RESULT arm=large_cache_extended_narrow_on
RESULT narrow_n=1
RESULT elapsed_ns=70000
RESULT large_cache_hits=400
RESULT total_deallocs=400
RESULT rss_after_kib=3100
RESULT commit_after_kib=5788
RESULT segments_reserved_total=11
.RESULT arm=large_cache_extended_narrow_on
RESULT narrow_n=1
RESULT elapsed_ns=57000
RESULT large_cache_hits=400
RESULT total_deallocs=400
RESULT rss_after_kib=3100
RESULT commit_after_kib=5796
RESULT segments_reserved_total=11
.RESULT arm=large_cache_extended_narrow_off
RESULT narrow_n=1
RESULT elapsed_ns=116100
RESULT large_cache_hits=400
RESULT total_deallocs=400
RESULT rss_after_kib=3160
RESULT commit_after_kib=2094728
RESULT segments_reserved_total=10
.RESULT arm=large_cache_extended_narrow_off
RESULT narrow_n=1
RESULT elapsed_ns=75300
RESULT large_cache_hits=400
RESULT total_deallocs=400
RESULT rss_after_kib=3156
RESULT commit_after_kib=2094724
RESULT segments_reserved_total=10
.RESULT arm=large_cache_extended_narrow_on
RESULT narrow_n=1
RESULT elapsed_ns=74000
RESULT large_cache_hits=400
RESULT total_deallocs=400
RESULT rss_after_kib=3100
RESULT commit_after_kib=5788
RESULT segments_reserved_total=11
.RESULT arm=large_cache_extended_narrow_on
RESULT narrow_n=1
RESULT elapsed_ns=73300
RESULT large_cache_hits=400
RESULT total_deallocs=400
RESULT rss_after_kib=3096
RESULT commit_after_kib=5792
RESULT segments_reserved_total=11
.RESULT arm=large_cache_extended_narrow_off
RESULT narrow_n=1
RESULT elapsed_ns=134300
RESULT large_cache_hits=400
RESULT total_deallocs=400
RESULT rss_after_kib=3156
RESULT commit_after_kib=2094724
RESULT segments_reserved_total=10
.RESULT arm=large_cache_extended_narrow_off
RESULT narrow_n=1
RESULT elapsed_ns=168000
RESULT large_cache_hits=400
RESULT total_deallocs=400
RESULT rss_after_kib=3160
RESULT commit_after_kib=2094728
RESULT segments_reserved_total=10
.RESULT arm=large_cache_extended_narrow_on
RESULT narrow_n=1
RESULT elapsed_ns=37800
RESULT large_cache_hits=400
RESULT total_deallocs=400
RESULT rss_after_kib=3096
RESULT commit_after_kib=5784
RESULT segments_reserved_total=11
.RESULT arm=large_cache_extended_narrow_on
RESULT narrow_n=1
RESULT elapsed_ns=75600
RESULT large_cache_hits=400
RESULT total_deallocs=400
RESULT rss_after_kib=3100
RESULT commit_after_kib=5784
RESULT segments_reserved_total=11
.RESULT arm=large_cache_extended_narrow_off
RESULT narrow_n=1
RESULT elapsed_ns=108300
RESULT large_cache_hits=400
RESULT total_deallocs=400
RESULT rss_after_kib=3160
RESULT commit_after_kib=2094724
RESULT segments_reserved_total=10
.

  === off vs on (A - B, ns) ===
  n=20  mean Δ=48.910 us  sd=30.751 us  se=6.876 us  t=7.113  df=19  crit(p<0.05)=2.101  => REAL (rejects null)
  sign test: off-faster=1/20  on-faster=19/20  ties=0

[paired-ab] provenance written to D:\dev\rust\sefer-alloc/docs/perf/paired_ab_runs/2026-07-30T19-52-36-328Z.json

[paired-ab] Reading this output: `t` past `crit` (or sign test heavily lopsided, e.g. 17+/20) means a REAL,
  non-noise wall-clock difference on THIS host for THIS workload — mirroring
  docs/perf/R5_R2_CHURN_REGRESSION_PAIRED_AB.md's verdict criteria. A same-vs-same control run
  (--arms sefer,sefer) should show t well under `crit` and a roughly even sign-test split --
  if it does not, that indicates a harness bug (non-reproducible workload, background load
  bleeding into the timed region), not a real self-difference.
