[paired-ab] --config has no "build" step; assuming arm commands are already built.

[paired-ab] off vs off — 20 pairs, A/B/B/A protocol
RESULT arm=large_cache_extended_narrow_off
RESULT narrow_n=4
RESULT elapsed_ns=506000
RESULT large_cache_hits=1600
RESULT total_deallocs=1600
RESULT rss_after_kib=3156
RESULT commit_after_kib=2094720
RESULT segments_reserved_total=10
.RESULT arm=large_cache_extended_narrow_off
RESULT narrow_n=4
RESULT elapsed_ns=332200
RESULT large_cache_hits=1600
RESULT total_deallocs=1600
RESULT rss_after_kib=3156
RESULT commit_after_kib=2094728
RESULT segments_reserved_total=10
.RESULT arm=large_cache_extended_narrow_off
RESULT narrow_n=4
RESULT elapsed_ns=406800
RESULT large_cache_hits=1600
RESULT total_deallocs=1600
RESULT rss_after_kib=3160
RESULT commit_after_kib=2094724
RESULT segments_reserved_total=10
.RESULT arm=large_cache_extended_narrow_off
RESULT narrow_n=4
RESULT elapsed_ns=401200
RESULT large_cache_hits=1600
RESULT total_deallocs=1600
RESULT rss_after_kib=3160
RESULT commit_after_kib=2094724
RESULT segments_reserved_total=10
.RESULT arm=large_cache_extended_narrow_off
RESULT narrow_n=4
RESULT elapsed_ns=295900
RESULT large_cache_hits=1600
RESULT total_deallocs=1600
RESULT rss_after_kib=3160
RESULT commit_after_kib=2094732
RESULT segments_reserved_total=10
.RESULT arm=large_cache_extended_narrow_off
RESULT narrow_n=4
RESULT elapsed_ns=451100
RESULT large_cache_hits=1600
RESULT total_deallocs=1600
RESULT rss_after_kib=3152
RESULT commit_after_kib=2094720
RESULT segments_reserved_total=10
.RESULT arm=large_cache_extended_narrow_off
RESULT narrow_n=4
RESULT elapsed_ns=403100
RESULT large_cache_hits=1600
RESULT total_deallocs=1600
RESULT rss_after_kib=3164
RESULT commit_after_kib=2094728
RESULT segments_reserved_total=10
.RESULT arm=large_cache_extended_narrow_off
RESULT narrow_n=4
RESULT elapsed_ns=286100
RESULT large_cache_hits=1600
RESULT total_deallocs=1600
RESULT rss_after_kib=3156
RESULT commit_after_kib=2094724
RESULT segments_reserved_total=10
.RESULT arm=large_cache_extended_narrow_off
RESULT narrow_n=4
RESULT elapsed_ns=281600
RESULT large_cache_hits=1600
RESULT total_deallocs=1600
RESULT rss_after_kib=3164
RESULT commit_after_kib=2094732
RESULT segments_reserved_total=10
.RESULT arm=large_cache_extended_narrow_off
RESULT narrow_n=4
RESULT elapsed_ns=284800
RESULT large_cache_hits=1600
RESULT total_deallocs=1600
RESULT rss_after_kib=3160
RESULT commit_after_kib=2094728
RESULT segments_reserved_total=10
.RESULT arm=large_cache_extended_narrow_off
RESULT narrow_n=4
RESULT elapsed_ns=291100
RESULT large_cache_hits=1600
RESULT total_deallocs=1600
RESULT rss_after_kib=3160
RESULT commit_after_kib=2094724
RESULT segments_reserved_total=10
.RESULT arm=large_cache_extended_narrow_off
RESULT narrow_n=4
RESULT elapsed_ns=465900
RESULT large_cache_hits=1600
RESULT total_deallocs=1600
RESULT rss_after_kib=3156
RESULT commit_after_kib=2094720
RESULT segments_reserved_total=10
.RESULT arm=large_cache_extended_narrow_off
RESULT narrow_n=4
RESULT elapsed_ns=388800
RESULT large_cache_hits=1600
RESULT total_deallocs=1600
RESULT rss_after_kib=3156
RESULT commit_after_kib=2094720
RESULT segments_reserved_total=10
.RESULT arm=large_cache_extended_narrow_off
RESULT narrow_n=4
RESULT elapsed_ns=408100
RESULT large_cache_hits=1600
RESULT total_deallocs=1600
RESULT rss_after_kib=3164
RESULT commit_after_kib=2094736
RESULT segments_reserved_total=10
.RESULT arm=large_cache_extended_narrow_off
RESULT narrow_n=4
RESULT elapsed_ns=294700
RESULT large_cache_hits=1600
RESULT total_deallocs=1600
RESULT rss_after_kib=3164
RESULT commit_after_kib=2094736
RESULT segments_reserved_total=10
.RESULT arm=large_cache_extended_narrow_off
RESULT narrow_n=4
RESULT elapsed_ns=454500
RESULT large_cache_hits=1600
RESULT total_deallocs=1600
RESULT rss_after_kib=3156
RESULT commit_after_kib=2094728
RESULT segments_reserved_total=10
.RESULT arm=large_cache_extended_narrow_off
RESULT narrow_n=4
RESULT elapsed_ns=596600
RESULT large_cache_hits=1600
RESULT total_deallocs=1600
RESULT rss_after_kib=3156
RESULT commit_after_kib=2094728
RESULT segments_reserved_total=10
.RESULT arm=large_cache_extended_narrow_off
RESULT narrow_n=4
RESULT elapsed_ns=349100
RESULT large_cache_hits=1600
RESULT total_deallocs=1600
RESULT rss_after_kib=3160
RESULT commit_after_kib=2094736
RESULT segments_reserved_total=10
.RESULT arm=large_cache_extended_narrow_off
RESULT narrow_n=4
RESULT elapsed_ns=332900
RESULT large_cache_hits=1600
RESULT total_deallocs=1600
RESULT rss_after_kib=3156
RESULT commit_after_kib=2094724
RESULT segments_reserved_total=10
.RESULT arm=large_cache_extended_narrow_off
RESULT narrow_n=4
RESULT elapsed_ns=405200
RESULT large_cache_hits=1600
RESULT total_deallocs=1600
RESULT rss_after_kib=3156
RESULT commit_after_kib=2094720
RESULT segments_reserved_total=10
.RESULT arm=large_cache_extended_narrow_off
RESULT narrow_n=4
RESULT elapsed_ns=381400
RESULT large_cache_hits=1600
RESULT total_deallocs=1600
RESULT rss_after_kib=3160
RESULT commit_after_kib=2094724
RESULT segments_reserved_total=10
.RESULT arm=large_cache_extended_narrow_off
RESULT narrow_n=4
RESULT elapsed_ns=446800
RESULT large_cache_hits=1600
RESULT total_deallocs=1600
RESULT rss_after_kib=3168
RESULT commit_after_kib=2094736
RESULT segments_reserved_total=10
.RESULT arm=large_cache_extended_narrow_off
RESULT narrow_n=4
RESULT elapsed_ns=448400
RESULT large_cache_hits=1600
RESULT total_deallocs=1600
RESULT rss_after_kib=3160
RESULT commit_after_kib=2094728
RESULT segments_reserved_total=10
.RESULT arm=large_cache_extended_narrow_off
RESULT narrow_n=4
RESULT elapsed_ns=375000
RESULT large_cache_hits=1600
RESULT total_deallocs=1600
RESULT rss_after_kib=3156
RESULT commit_after_kib=2094728
RESULT segments_reserved_total=10
.RESULT arm=large_cache_extended_narrow_off
RESULT narrow_n=4
RESULT elapsed_ns=283400
RESULT large_cache_hits=1600
RESULT total_deallocs=1600
RESULT rss_after_kib=3156
RESULT commit_after_kib=2094728
RESULT segments_reserved_total=10
.RESULT arm=large_cache_extended_narrow_off
RESULT narrow_n=4
RESULT elapsed_ns=455800
RESULT large_cache_hits=1600
RESULT total_deallocs=1600
RESULT rss_after_kib=3160
RESULT commit_after_kib=2094732
RESULT segments_reserved_total=10
.RESULT arm=large_cache_extended_narrow_off
RESULT narrow_n=4
RESULT elapsed_ns=417100
RESULT large_cache_hits=1600
RESULT total_deallocs=1600
RESULT rss_after_kib=3156
RESULT commit_after_kib=2094728
RESULT segments_reserved_total=10
.RESULT arm=large_cache_extended_narrow_off
RESULT narrow_n=4
RESULT elapsed_ns=460300
RESULT large_cache_hits=1600
RESULT total_deallocs=1600
RESULT rss_after_kib=3156
RESULT commit_after_kib=2094720
RESULT segments_reserved_total=10
.RESULT arm=large_cache_extended_narrow_off
RESULT narrow_n=4
RESULT elapsed_ns=368700
RESULT large_cache_hits=1600
RESULT total_deallocs=1600
RESULT rss_after_kib=3164
RESULT commit_after_kib=2094728
RESULT segments_reserved_total=10
.RESULT arm=large_cache_extended_narrow_off
RESULT narrow_n=4
RESULT elapsed_ns=490800
RESULT large_cache_hits=1600
RESULT total_deallocs=1600
RESULT rss_after_kib=3156
RESULT commit_after_kib=2094712
RESULT segments_reserved_total=10
.RESULT arm=large_cache_extended_narrow_off
RESULT narrow_n=4
RESULT elapsed_ns=331500
RESULT large_cache_hits=1600
RESULT total_deallocs=1600
RESULT rss_after_kib=3156
RESULT commit_after_kib=2094728
RESULT segments_reserved_total=10
.RESULT arm=large_cache_extended_narrow_off
RESULT narrow_n=4
RESULT elapsed_ns=310000
RESULT large_cache_hits=1600
RESULT total_deallocs=1600
RESULT rss_after_kib=3160
RESULT commit_after_kib=2094724
RESULT segments_reserved_total=10
.RESULT arm=large_cache_extended_narrow_off
RESULT narrow_n=4
RESULT elapsed_ns=401000
RESULT large_cache_hits=1600
RESULT total_deallocs=1600
RESULT rss_after_kib=3160
RESULT commit_after_kib=2094728
RESULT segments_reserved_total=10
.RESULT arm=large_cache_extended_narrow_off
RESULT narrow_n=4
RESULT elapsed_ns=282900
RESULT large_cache_hits=1600
RESULT total_deallocs=1600
RESULT rss_after_kib=3156
RESULT commit_after_kib=2094724
RESULT segments_reserved_total=10
.RESULT arm=large_cache_extended_narrow_off
RESULT narrow_n=4
RESULT elapsed_ns=401800
RESULT large_cache_hits=1600
RESULT total_deallocs=1600
RESULT rss_after_kib=3160
RESULT commit_after_kib=2094732
RESULT segments_reserved_total=10
.RESULT arm=large_cache_extended_narrow_off
RESULT narrow_n=4
RESULT elapsed_ns=373800
RESULT large_cache_hits=1600
RESULT total_deallocs=1600
RESULT rss_after_kib=3156
RESULT commit_after_kib=2094732
RESULT segments_reserved_total=10
.RESULT arm=large_cache_extended_narrow_off
RESULT narrow_n=4
RESULT elapsed_ns=439800
RESULT large_cache_hits=1600
RESULT total_deallocs=1600
RESULT rss_after_kib=3160
RESULT commit_after_kib=2094724
RESULT segments_reserved_total=10
.RESULT arm=large_cache_extended_narrow_off
RESULT narrow_n=4
RESULT elapsed_ns=335200
RESULT large_cache_hits=1600
RESULT total_deallocs=1600
RESULT rss_after_kib=3164
RESULT commit_after_kib=2094728
RESULT segments_reserved_total=10
.RESULT arm=large_cache_extended_narrow_off
RESULT narrow_n=4
RESULT elapsed_ns=287700
RESULT large_cache_hits=1600
RESULT total_deallocs=1600
RESULT rss_after_kib=3164
RESULT commit_after_kib=2094732
RESULT segments_reserved_total=10
.RESULT arm=large_cache_extended_narrow_off
RESULT narrow_n=4
RESULT elapsed_ns=451900
RESULT large_cache_hits=1600
RESULT total_deallocs=1600
RESULT rss_after_kib=3156
RESULT commit_after_kib=2094724
RESULT segments_reserved_total=10
.RESULT arm=large_cache_extended_narrow_off
RESULT narrow_n=4
RESULT elapsed_ns=437500
RESULT large_cache_hits=1600
RESULT total_deallocs=1600
RESULT rss_after_kib=3160
RESULT commit_after_kib=2094728
RESULT segments_reserved_total=10
.RESULT arm=large_cache_extended_narrow_off
RESULT narrow_n=4
RESULT elapsed_ns=465600
RESULT large_cache_hits=1600
RESULT total_deallocs=1600
RESULT rss_after_kib=3156
RESULT commit_after_kib=2094720
RESULT segments_reserved_total=10
.RESULT arm=large_cache_extended_narrow_off
RESULT narrow_n=4
RESULT elapsed_ns=465400
RESULT large_cache_hits=1600
RESULT total_deallocs=1600
RESULT rss_after_kib=3160
RESULT commit_after_kib=2094728
RESULT segments_reserved_total=10
.RESULT arm=large_cache_extended_narrow_off
RESULT narrow_n=4
RESULT elapsed_ns=460600
RESULT large_cache_hits=1600
RESULT total_deallocs=1600
RESULT rss_after_kib=3160
RESULT commit_after_kib=2094724
RESULT segments_reserved_total=10
.RESULT arm=large_cache_extended_narrow_off
RESULT narrow_n=4
RESULT elapsed_ns=464600
RESULT large_cache_hits=1600
RESULT total_deallocs=1600
RESULT rss_after_kib=3156
RESULT commit_after_kib=2094712
RESULT segments_reserved_total=10
.RESULT arm=large_cache_extended_narrow_off
RESULT narrow_n=4
RESULT elapsed_ns=369300
RESULT large_cache_hits=1600
RESULT total_deallocs=1600
RESULT rss_after_kib=3156
RESULT commit_after_kib=2094724
RESULT segments_reserved_total=10
.RESULT arm=large_cache_extended_narrow_off
RESULT narrow_n=4
RESULT elapsed_ns=350600
RESULT large_cache_hits=1600
RESULT total_deallocs=1600
RESULT rss_after_kib=3160
RESULT commit_after_kib=2094728
RESULT segments_reserved_total=10
.RESULT arm=large_cache_extended_narrow_off
RESULT narrow_n=4
RESULT elapsed_ns=418100
RESULT large_cache_hits=1600
RESULT total_deallocs=1600
RESULT rss_after_kib=3152
RESULT commit_after_kib=2094720
RESULT segments_reserved_total=10
.RESULT arm=large_cache_extended_narrow_off
RESULT narrow_n=4
RESULT elapsed_ns=333800
RESULT large_cache_hits=1600
RESULT total_deallocs=1600
RESULT rss_after_kib=3160
RESULT commit_after_kib=2094732
RESULT segments_reserved_total=10
.RESULT arm=large_cache_extended_narrow_off
RESULT narrow_n=4
RESULT elapsed_ns=423200
RESULT large_cache_hits=1600
RESULT total_deallocs=1600
RESULT rss_after_kib=3156
RESULT commit_after_kib=2094724
RESULT segments_reserved_total=10
.RESULT arm=large_cache_extended_narrow_off
RESULT narrow_n=4
RESULT elapsed_ns=280900
RESULT large_cache_hits=1600
RESULT total_deallocs=1600
RESULT rss_after_kib=3156
RESULT commit_after_kib=2094724
RESULT segments_reserved_total=10
.RESULT arm=large_cache_extended_narrow_off
RESULT narrow_n=4
RESULT elapsed_ns=650300
RESULT large_cache_hits=1600
RESULT total_deallocs=1600
RESULT rss_after_kib=3172
RESULT commit_after_kib=2094740
RESULT segments_reserved_total=10
.RESULT arm=large_cache_extended_narrow_off
RESULT narrow_n=4
RESULT elapsed_ns=372200
RESULT large_cache_hits=1600
RESULT total_deallocs=1600
RESULT rss_after_kib=3156
RESULT commit_after_kib=2094720
RESULT segments_reserved_total=10
.RESULT arm=large_cache_extended_narrow_off
RESULT narrow_n=4
RESULT elapsed_ns=430900
RESULT large_cache_hits=1600
RESULT total_deallocs=1600
RESULT rss_after_kib=3168
RESULT commit_after_kib=2094740
RESULT segments_reserved_total=10
.RESULT arm=large_cache_extended_narrow_off
RESULT narrow_n=4
RESULT elapsed_ns=410900
RESULT large_cache_hits=1600
RESULT total_deallocs=1600
RESULT rss_after_kib=3160
RESULT commit_after_kib=2094724
RESULT segments_reserved_total=10
.RESULT arm=large_cache_extended_narrow_off
RESULT narrow_n=4
RESULT elapsed_ns=652900
RESULT large_cache_hits=1600
RESULT total_deallocs=1600
RESULT rss_after_kib=3156
RESULT commit_after_kib=2094720
RESULT segments_reserved_total=10
.RESULT arm=large_cache_extended_narrow_off
RESULT narrow_n=4
RESULT elapsed_ns=392000
RESULT large_cache_hits=1600
RESULT total_deallocs=1600
RESULT rss_after_kib=3160
RESULT commit_after_kib=2094728
RESULT segments_reserved_total=10
.RESULT arm=large_cache_extended_narrow_off
RESULT narrow_n=4
RESULT elapsed_ns=453600
RESULT large_cache_hits=1600
RESULT total_deallocs=1600
RESULT rss_after_kib=3160
RESULT commit_after_kib=2094724
RESULT segments_reserved_total=10
.RESULT arm=large_cache_extended_narrow_off
RESULT narrow_n=4
RESULT elapsed_ns=415100
RESULT large_cache_hits=1600
RESULT total_deallocs=1600
RESULT rss_after_kib=3164
RESULT commit_after_kib=2094732
RESULT segments_reserved_total=10
.RESULT arm=large_cache_extended_narrow_off
RESULT narrow_n=4
RESULT elapsed_ns=284200
RESULT large_cache_hits=1600
RESULT total_deallocs=1600
RESULT rss_after_kib=3148
RESULT commit_after_kib=2094704
RESULT segments_reserved_total=10
.RESULT arm=large_cache_extended_narrow_off
RESULT narrow_n=4
RESULT elapsed_ns=283200
RESULT large_cache_hits=1600
RESULT total_deallocs=1600
RESULT rss_after_kib=3160
RESULT commit_after_kib=2094728
RESULT segments_reserved_total=10
.RESULT arm=large_cache_extended_narrow_off
RESULT narrow_n=4
RESULT elapsed_ns=436300
RESULT large_cache_hits=1600
RESULT total_deallocs=1600
RESULT rss_after_kib=3160
RESULT commit_after_kib=2094728
RESULT segments_reserved_total=10
.RESULT arm=large_cache_extended_narrow_off
RESULT narrow_n=4
RESULT elapsed_ns=462100
RESULT large_cache_hits=1600
RESULT total_deallocs=1600
RESULT rss_after_kib=3156
RESULT commit_after_kib=2094724
RESULT segments_reserved_total=10
.RESULT arm=large_cache_extended_narrow_off
RESULT narrow_n=4
RESULT elapsed_ns=717300
RESULT large_cache_hits=1600
RESULT total_deallocs=1600
RESULT rss_after_kib=3136
RESULT commit_after_kib=2094692
RESULT segments_reserved_total=10
.RESULT arm=large_cache_extended_narrow_off
RESULT narrow_n=4
RESULT elapsed_ns=397200
RESULT large_cache_hits=1600
RESULT total_deallocs=1600
RESULT rss_after_kib=3156
RESULT commit_after_kib=2094720
RESULT segments_reserved_total=10
.RESULT arm=large_cache_extended_narrow_off
RESULT narrow_n=4
RESULT elapsed_ns=454700
RESULT large_cache_hits=1600
RESULT total_deallocs=1600
RESULT rss_after_kib=3160
RESULT commit_after_kib=2094728
RESULT segments_reserved_total=10
.RESULT arm=large_cache_extended_narrow_off
RESULT narrow_n=4
RESULT elapsed_ns=285600
RESULT large_cache_hits=1600
RESULT total_deallocs=1600
RESULT rss_after_kib=3156
RESULT commit_after_kib=2094728
RESULT segments_reserved_total=10
.RESULT arm=large_cache_extended_narrow_off
RESULT narrow_n=4
RESULT elapsed_ns=424800
RESULT large_cache_hits=1600
RESULT total_deallocs=1600
RESULT rss_after_kib=3156
RESULT commit_after_kib=2094724
RESULT segments_reserved_total=10
.RESULT arm=large_cache_extended_narrow_off
RESULT narrow_n=4
RESULT elapsed_ns=466300
RESULT large_cache_hits=1600
RESULT total_deallocs=1600
RESULT rss_after_kib=3160
RESULT commit_after_kib=2094732
RESULT segments_reserved_total=10
.RESULT arm=large_cache_extended_narrow_off
RESULT narrow_n=4
RESULT elapsed_ns=461300
RESULT large_cache_hits=1600
RESULT total_deallocs=1600
RESULT rss_after_kib=3160
RESULT commit_after_kib=2094736
RESULT segments_reserved_total=10
.RESULT arm=large_cache_extended_narrow_off
RESULT narrow_n=4
RESULT elapsed_ns=424100
RESULT large_cache_hits=1600
RESULT total_deallocs=1600
RESULT rss_after_kib=3152
RESULT commit_after_kib=2094700
RESULT segments_reserved_total=10
.RESULT arm=large_cache_extended_narrow_off
RESULT narrow_n=4
RESULT elapsed_ns=399100
RESULT large_cache_hits=1600
RESULT total_deallocs=1600
RESULT rss_after_kib=3140
RESULT commit_after_kib=2094692
RESULT segments_reserved_total=10
.RESULT arm=large_cache_extended_narrow_off
RESULT narrow_n=4
RESULT elapsed_ns=369100
RESULT large_cache_hits=1600
RESULT total_deallocs=1600
RESULT rss_after_kib=3160
RESULT commit_after_kib=2094732
RESULT segments_reserved_total=10
.RESULT arm=large_cache_extended_narrow_off
RESULT narrow_n=4
RESULT elapsed_ns=292500
RESULT large_cache_hits=1600
RESULT total_deallocs=1600
RESULT rss_after_kib=3160
RESULT commit_after_kib=2094728
RESULT segments_reserved_total=10
.RESULT arm=large_cache_extended_narrow_off
RESULT narrow_n=4
RESULT elapsed_ns=412000
RESULT large_cache_hits=1600
RESULT total_deallocs=1600
RESULT rss_after_kib=3156
RESULT commit_after_kib=2094720
RESULT segments_reserved_total=10
.RESULT arm=large_cache_extended_narrow_off
RESULT narrow_n=4
RESULT elapsed_ns=285600
RESULT large_cache_hits=1600
RESULT total_deallocs=1600
RESULT rss_after_kib=3160
RESULT commit_after_kib=2094732
RESULT segments_reserved_total=10
.RESULT arm=large_cache_extended_narrow_off
RESULT narrow_n=4
RESULT elapsed_ns=286800
RESULT large_cache_hits=1600
RESULT total_deallocs=1600
RESULT rss_after_kib=3160
RESULT commit_after_kib=2094728
RESULT segments_reserved_total=10
.RESULT arm=large_cache_extended_narrow_off
RESULT narrow_n=4
RESULT elapsed_ns=456500
RESULT large_cache_hits=1600
RESULT total_deallocs=1600
RESULT rss_after_kib=3160
RESULT commit_after_kib=2094728
RESULT segments_reserved_total=10
.RESULT arm=large_cache_extended_narrow_off
RESULT narrow_n=4
RESULT elapsed_ns=329600
RESULT large_cache_hits=1600
RESULT total_deallocs=1600
RESULT rss_after_kib=3156
RESULT commit_after_kib=2094732
RESULT segments_reserved_total=10
.RESULT arm=large_cache_extended_narrow_off
RESULT narrow_n=4
RESULT elapsed_ns=476700
RESULT large_cache_hits=1600
RESULT total_deallocs=1600
RESULT rss_after_kib=3168
RESULT commit_after_kib=2094736
RESULT segments_reserved_total=10
.

  === off(A-slot) vs off(B-slot) (A - B, ns)  [SAME-VS-SAME CONTROL] ===
  n=20  mean Δ=24.183 us  sd=84.382 us  se=18.868 us  t=1.282  df=19  crit(p<0.05)=2.101  => NOT statistically distinguishable from noise (fails to reject null)
  sign test: off(A-slot)-faster=9/20  off(B-slot)-faster=11/20  ties=0

[paired-ab] provenance written to D:\dev\rust\sefer-alloc/docs/perf/paired_ab_runs/2026-07-30T19-53-12-813Z.json

[paired-ab] Reading this output: `t` past `crit` (or sign test heavily lopsided, e.g. 17+/20) means a REAL,
  non-noise wall-clock difference on THIS host for THIS workload — mirroring
  docs/perf/R5_R2_CHURN_REGRESSION_PAIRED_AB.md's verdict criteria. A same-vs-same control run
  (--arms sefer,sefer) should show t well under `crit` and a roughly even sign-test split --
  if it does not, that indicates a harness bug (non-reproducible workload, background load
  bleeding into the timed region), not a real self-difference.
