// =====================================================================
// RAW MEASUREMENT ARTIFACT — generated by tis_p3_ab_runner.mjs, do not edit.
// generatedAt: 2026-09-06T04:55:56.538Z
// driver:      crates/tagged-index-stack/scripts/tis_p3_ab_runner.mjs
// mode:        codegen
// target:      aarch64-unknown-linux-gnu
// rustc:       rustc 1.97.0 (2d8144b78 2026-07-07) | binary: rustc | commit-hash: 2d8144b7880597b6e6d3dfd63a9a9efae3f533d3 | commit-date: 2026-07-07 | host: x86_64-pc-windows-msvc | release: 1.97.0 | LLVM version: 22.1.6
// rustc-host:  x86_64-pc-windows-msvc
// identity:    {"capturedAt":"2026-09-06T04:55:56.538Z","headSha":"b01580f20c19cbeccb8ec4deb12edfbdef52f201","treeSha":"b9afb4a18f8c137a4a1b7870912fa13ad5b22957","sourceSnapshotDigest":"1c0512112c5e971512a50e3e3eb7152b0045b961924e1f0185188e524bbd9377","sourceInputsAtHead":true,"hostContext":{"json":"{\"platform\":\"win32\",\"release\":\"10.0.19045\",\"arch\":\"x64\",\"cpu_model_set\":{\"status\":\"available\",\"value\":[\"11th Gen Intel(R) Core(TM) i7-11800H @ 2.30GHz\"]},\"logical_cpu_count\":{\"status\":\"available\",\"value\":16},\"online_topology\":{\"status\":\"unavailable\"},\"physical_topology\":{\"status\":\"unavailable\"},\"github\":{\"ImageOS\":{\"status\":\"unavailable\"},\"ImageVersion\":{\"status\":\"unavailable\"},\"RUNNER_ARCH\":{\"status\":\"unavailable\"}},\"scaling_governor\":{\"status\":\"unavailable\"}}","sha256":"cc1db78be23882bb367b3e2120eefe377396f30046fbcb8f7362240849af72f7","b64":"eyJwbGF0Zm9ybSI6IndpbjMyIiwicmVsZWFzZSI6IjEwLjAuMTkwNDUiLCJhcmNoIjoieDY0IiwiY3B1X21vZGVsX3NldCI6eyJzdGF0dXMiOiJhdmFpbGFibGUiLCJ2YWx1ZSI6WyIxMXRoIEdlbiBJbnRlbChSKSBDb3JlKFRNKSBpNy0xMTgwMEggQCAyLjMwR0h6Il19LCJsb2dpY2FsX2NwdV9jb3VudCI6eyJzdGF0dXMiOiJhdmFpbGFibGUiLCJ2YWx1ZSI6MTZ9LCJvbmxpbmVfdG9wb2xvZ3kiOnsic3RhdHVzIjoidW5hdmFpbGFibGUifSwicGh5c2ljYWxfdG9wb2xvZ3kiOnsic3RhdHVzIjoidW5hdmFpbGFibGUifSwiZ2l0aHViIjp7IkltYWdlT1MiOnsic3RhdHVzIjoidW5hdmFpbGFibGUifSwiSW1hZ2VWZXJzaW9uIjp7InN0YXR1cyI6InVuYXZhaWxhYmxlIn0sIlJVTk5FUl9BUkNIIjp7InN0YXR1cyI6InVuYXZhaWxhYmxlIn19LCJzY2FsaW5nX2dvdmVybm9yIjp7InN0YXR1cyI6InVuYXZhaWxhYmxlIn19"}}
// bundle-id:   8bc897d907fa0c03e8a61ad1cafde9ff27214df37e76a98c01f0c751da72f9ff
// profile-id:  release-thin-lto-1cgu-no-incremental
// host-context: {"platform":"win32","release":"10.0.19045","arch":"x64","cpu_model_set":{"status":"available","value":["11th Gen Intel(R) Core(TM) i7-11800H @ 2.30GHz"]},"logical_cpu_count":{"status":"available","value":16},"online_topology":{"status":"unavailable"},"physical_topology":{"status":"unavailable"},"github":{"ImageOS":{"status":"unavailable"},"ImageVersion":{"status":"unavailable"},"RUNNER_ARCH":{"status":"unavailable"}},"scaling_governor":{"status":"unavailable"}}
// host-context-sha256: cc1db78be23882bb367b3e2120eefe377396f30046fbcb8f7362240849af72f7
// host-context-b64: eyJwbGF0Zm9ybSI6IndpbjMyIiwicmVsZWFzZSI6IjEwLjAuMTkwNDUiLCJhcmNoIjoieDY0IiwiY3B1X21vZGVsX3NldCI6eyJzdGF0dXMiOiJhdmFpbGFibGUiLCJ2YWx1ZSI6WyIxMXRoIEdlbiBJbnRlbChSKSBDb3JlKFRNKSBpNy0xMTgwMEggQCAyLjMwR0h6Il19LCJsb2dpY2FsX2NwdV9jb3VudCI6eyJzdGF0dXMiOiJhdmFpbGFibGUiLCJ2YWx1ZSI6MTZ9LCJvbmxpbmVfdG9wb2xvZ3kiOnsic3RhdHVzIjoidW5hdmFpbGFibGUifSwicGh5c2ljYWxfdG9wb2xvZ3kiOnsic3RhdHVzIjoidW5hdmFpbGFibGUifSwiZ2l0aHViIjp7IkltYWdlT1MiOnsic3RhdHVzIjoidW5hdmFpbGFibGUifSwiSW1hZ2VWZXJzaW9uIjp7InN0YXR1cyI6InVuYXZhaWxhYmxlIn0sIlJVTk5FUl9BUkNIIjp7InN0YXR1cyI6InVuYXZhaWxhYmxlIn19LCJzY2FsaW5nX2dvdmVybm9yIjp7InN0YXR1cyI6InVuYXZhaWxhYmxlIn19
// smoke:       false
// source-input-digest: 1c0512112c5e971512a50e3e3eb7152b0045b961924e1f0185188e524bbd9377
// source-inputs: [{"path":"crates/tagged-index-stack/scripts/tis_p3_ab_runner.mjs","bytes":140310,"sha256":"e7de9c8f926a893dd65a725e8cedf7196e3b4d40b9d881c29bad27cd32d20860"},{"path":".cargo/config.toml","bytes":29,"sha256":"afe812b25d330eed3ac5a111c4cfb1b960e7c3d4de4b88e332a95584fd6bb933"},{"path":"crates/tagged-index-stack/src/lib.rs","bytes":28458,"sha256":"e39a33520f543eeccbdaa9c483c5209e92a495730f628f6781465fa3ec1907ff"},{"path":"crates/tagged-index-stack/src/imp.rs","bytes":114995,"sha256":"aff3be0ddb78e30014ff0a485011f5386acb441c5062d7ae54f95fb570a0f100"},{"path":"crates/tagged-index-stack/scripts/tis_p3_ab/codegen_wrapper.rs.tmpl","bytes":5205,"sha256":"4d62c879a568c209ffd83ea62b70dd812b662d59b349d10234636ba31f38cd69"},{"path":"crates/tagged-index-stack/scripts/tis_p3_ab/harness_bin.rs","bytes":18643,"sha256":"66697cb8c54319840defc45ca222d589866630bc23540a5120a10f5efc708c44"},{"path":"crates/tagged-index-stack/scripts/tis_p3_ab/scratch_Cargo.toml.tmpl","bytes":1637,"sha256":"79435127f25ca687050c29f323ac60a29d868aba6dfb63437bf07e756875a7d1"}]
// source-inputs-at-head: true
// cargo-config-policy: Cargo reads live ancestor .cargo/config.toml; evidence checks it byte-for-byte against the captured HEAD object immediately before and after each Cargo build
// toolchain:    rustc 1.97.0 (2d8144b78 2026-07-07) | binary: rustc | commit-hash: 2d8144b7880597b6e6d3dfd63a9a9efae3f533d3 | commit-date: 2026-07-07 | host: x86_64-pc-windows-msvc | release: 1.97.0 | LLVM version: 22.1.6
// effective-production-rustflags: "--remap-path-prefix REPO=REPO --remap-path-prefix SCRATCH=SCRATCH"
// effective-activation-rustflags: "--remap-path-prefix REPO=REPO --remap-path-prefix SCRATCH=SCRATCH --cfg tagged_index_stack_test"
// cargo-encoded-rustflags: canonical
// sanitized-cargo-env: {"removedKeys":["CARGO_HOME","RUSTC_WRAPPER"],"setKeys":["CARGO_ENCODED_RUSTFLAGS","CARGO_HOME","CARGO_INCREMENTAL","CARGO_NET_OFFLINE","CARGO_TARGET_DIR"],"secretValuesLogged":false}
// rustflags-policy: canonical CARGO_ENCODED_RUSTFLAGS remap argv; activation adds --cfg tagged_index_stack_test
// substitution anchors (text-exact, each verified to occur exactly once):
//   match head_ref.compare_exchange(head, new_head, Ordering::Release, Ordering::Relaxed) {  ->  match head_ref.head.compare_exchange_weak(head, new_head, Ordering::Release, Ordering::Relaxed) {
//   match head_ref.compare_exchange(head, new_head, Ordering::Acquire, Ordering::Acquire) {  ->  match head_ref.head.compare_exchange_weak(head, new_head, Ordering::Acquire, Ordering::Acquire) {
//   match head_ref.compare_exchange(head, new_head, Ordering::Acquire, Ordering::Acquire) {  ->  match head_ref.compare_exchange(head, new_head, Ordering::Relaxed, Ordering::Acquire) {
// =====================================================================

// TOOLCHAIN-OBSERVED LOWERING (verified on emitted asm, rustc 1.97.0 / LLVM 22):
//   default feature set: CAS = outlined __aarch64_cas8_acq/rel calls (no inline ldaxr/stlxr);
//   +lse: CAS = single casl/casa instructions (zero outlined calls, zero ldaxr/stlxr);
//   strong compare_exchange == compare_exchange_weak after normalization on BOTH feature
//   sets. The cas_weak and pop_success_relaxed sha-identity asserts below are DELIBERATE
//   negative controls: if a toolchain change makes either differ, they fail loudly.
// Byte-exact sha identity is asserted for cas_weak/pop_success_relaxed and
// store_elided untouched probes; links_relaxed and store_elided push use
// semantic/activation oracles rather than hardcoded instruction counts.
// push/pop: removing a link acquire/release legitimately shifts register allocation.
// For links_relaxed the oracle instead asserts the exact acquire/release instruction
// DELTA formulas derived from the base run: pop ldar == base_pop_ldar - base_load_next_ldar
// (residual >= 1 is the head Acquire load, positively proving head ordering untouched);
// push stlr == 0 with base stlr >= 1; plain ldr/str >= 1 where the link ordering was
// dropped; CAS counts unchanged vs base.

================ FEATURE SET: default ================

aarch64[default]: links oracle basis: FUNCTION BLOCKS (per-function counts) for load_next
aarch64[default]: links oracle basis: FUNCTION BLOCKS (per-function counts) for store_next
================ FEATURE SET: lse ================

aarch64[lse]: links oracle basis: FUNCTION BLOCKS (per-function counts) for load_next
aarch64[lse]: links oracle basis: FUNCTION BLOCKS (per-function counts) for store_next

===== features: default — variants =====
symbol-mangling-v0 fallback used: none

===== variant: base =====
function load_next: blocks=1 labels=["_RNvCseJpwr1mI4s2_13tis_p3ab_base19tis_probe_load_next"]
  sha256_16=2204565b184b3d5f instr_count=13
  families={"ldar":1,"stlr":0,"ldaxr":0,"stlxr":0,"ldapr":0,"ldxr":0,"stxr":0,"ldr":0,"str":0,"mov":4,"lock":0,"cmpxchg":0,"cas":0,"cas8":0}
--- normalized text: features=default variant=base function=load_next ---
mov	x8, x0
cmp	w1, #256
mov	w0, w1
b.hs	.LBB1_2
add	x8, x8, x0, lsl #6
ldar	wzr, [x8]
ret
stp	x29, x30, [sp, #-16]!
mov	x29, sp
adrp	x2, .Lanon.11
add	x2, x2, :lo12:.Lanon.11
mov	w1, #256
bl	_RNvNtCSHASH4core9panicking18panic_bounds_check

function store_next: blocks=1 labels=["_RNvCseJpwr1mI4s2_13tis_p3ab_base20tis_probe_store_next"]
  sha256_16=4184e7c297ce77ef instr_count=13
  families={"ldar":0,"stlr":1,"ldaxr":0,"stlxr":0,"ldapr":0,"ldxr":0,"stxr":0,"ldr":0,"str":0,"mov":4,"lock":0,"cmpxchg":0,"cas":0,"cas8":0}
--- normalized text: features=default variant=base function=store_next ---
mov	x8, x0
cmp	w1, #256
mov	w0, w1
b.hs	.LBB2_2
add	x8, x8, x0, lsl #6
stlr	w2, [x8]
ret
stp	x29, x30, [sp, #-16]!
mov	x29, sp
adrp	x2, .Lanon.11
add	x2, x2, :lo12:.Lanon.11
mov	w1, #256
bl	_RNvNtCSHASH4core9panicking18panic_bounds_check

function push_index_impl: blocks=1 labels=["_RNvCseJpwr1mI4s2_13tis_p3ab_base25tis_probe_push_index_impl"]
  sha256_16=c03d02b1b6dea4b2 instr_count=79
  families={"ldar":0,"stlr":2,"ldaxr":0,"stlxr":0,"ldapr":0,"ldxr":0,"stxr":0,"ldr":1,"str":0,"mov":15,"lock":0,"cmpxchg":0,"cas":0,"cas8":2}
--- normalized text: features=default variant=base function=push_index_impl ---
sub	sp, sp, #80
stp	x29, x30, [sp, #16]
stp	x24, x23, [sp, #32]
stp	x22, x21, [sp, #48]
stp	x20, x19, [sp, #64]
add	x29, sp, #16
mov	w8, #65534
cmp	w1, w8
b.hi	.LBB4_11
ldr	x21, [x0, #16384]
mov	x19, x0
cmn	x21, #16, lsl #12
b.hs	.LBB4_10
cmp	w1, #255
mov	w0, w1
b.hi	.LBB4_12
and	x8, x21, #0xffff
mov	w9, #65535
add	x22, x19, x0, lsl #6
cmp	x8, x9
orr	x23, x0, #0x10000
add	x2, x19, #4, lsl #12
csinv	w8, w8, wzr, ne
mov	x0, x21
stlr	w8, [x22]
and	x8, x21, #0xffffffffffff0000
add	x1, x8, x23
bl	__aarch64_cas8_rel
cmp	x0, x21
b.eq	.LBB4_9
mov	x20, x0
mov	w21, wzr
mov	w24, #65535
and	w8, w21, #0x1f
mov	w9, #1
isb
lsr	w10, w9, w8
add	w9, w9, #1
cbz	w10, .LBB4_6
cmn	x20, #16, lsl #12
b.hs	.LBB4_10
cmp	w21, #6
and	x8, x20, #0xffff
add	x2, x19, #4, lsl #12
cinc	w21, w21, lo
cmp	x8, x24
mov	x0, x20
csinv	w8, w8, wzr, ne
stlr	w8, [x22]
and	x8, x20, #0xffffffffffff0000
add	x1, x8, x23
bl	__aarch64_cas8_rel
cmp	x0, x20
mov	x20, x0
b.ne	.LBB4_5
ldp	x20, x19, [sp, #64]
ldp	x22, x21, [sp, #48]
ldp	x24, x23, [sp, #32]
ldp	x29, x30, [sp, #16]
add	sp, sp, #80
ret
adrp	x0, .Lanon.3
add	x0, x0, :lo12:.Lanon.3
adrp	x3, .Lanon.5
add	x3, x3, :lo12:.Lanon.5
adrp	x4, .Lanon.4
add	x4, x4, :lo12:.Lanon.4
sub	x2, x29, #1
mov	w1, #32
bl	_RNvNtCSHASH4core6result13unwrap_failed
adrp	x2, .Lanon.2
add	x2, x2, :lo12:.Lanon.2
mov	w0, w1
mov	w1, #65535
bl	_RNvNtNtCSHASHTISCRATE3tis3imp23push_index_out_of_range
adrp	x2, .Lanon.11
add	x2, x2, :lo12:.Lanon.11
mov	w1, #256
bl	_RNvNtCSHASH4core9panicking18panic_bounds_check

function pop_index_impl: blocks=1 labels=["_RNvCseJpwr1mI4s2_13tis_p3ab_base24tis_probe_pop_index_impl"]
  sha256_16=b8e5d8af68d91a61 instr_count=66
  families={"ldar":2,"stlr":0,"ldaxr":0,"stlxr":0,"ldapr":0,"ldxr":0,"stxr":0,"ldr":1,"str":1,"mov":13,"lock":0,"cmpxchg":0,"cas":0,"cas8":2}
--- normalized text: features=default variant=base function=pop_index_impl ---
stp	x29, x30, [sp, #-64]!
str	x23, [sp, #16]
stp	x22, x21, [sp, #32]
stp	x20, x19, [sp, #48]
mov	x29, sp
add	x9, x0, #4, lsl #12
mov	x19, x0
mov	w8, #65535
ldar	x20, [x9]
and	x0, x20, #0xffff
cmp	x0, x8
b.ne	.LBB3_2
ldp	x20, x19, [sp, #48]
ldr	x23, [sp, #16]
ldp	x22, x21, [sp, #32]
ldp	x29, x30, [sp], #64
ret
cmp	x0, #255
b.hi	.LBB3_12
mov	w21, wzr
mov	w22, #65535
mov	w23, #65534
add	x8, x19, x0, lsl #6
ldar	w1, [x8]
cmn	w1, #1
b.eq	.LBB3_7
cmp	w1, w23
ccmp	w1, w0, #4, ls
b.eq	.LBB3_13
and	x8, x20, #0xffffffffffff0000
orr	x1, x8, x1
add	x2, x19, #4, lsl #12
mov	x0, x20
bl	__aarch64_cas8_acq
cmp	x0, x20
b.ne	.LBB3_8
b	.LBB3_1
orr	x1, x20, #0xffff
add	x2, x19, #4, lsl #12
mov	x0, x20
bl	__aarch64_cas8_acq
cmp	x0, x20
b.eq	.LBB3_1
mov	x8, x0
and	x0, x0, #0xffff
cmp	x0, x22
b.eq	.LBB3_1
mov	x20, x8
and	w8, w21, #0x1f
mov	w9, #1
isb
lsr	w10, w9, w8
add	w9, w9, #1
cbz	w10, .LBB3_10
cmp	w21, #6
cinc	w21, w21, lo
cmp	x0, #256
b.lo	.LBB3_4
adrp	x2, .Lanon.11
add	x2, x2, :lo12:.Lanon.11
mov	w1, #256
bl	_RNvNtCSHASH4core9panicking18panic_bounds_check
adrp	x3, .Lanon.1
add	x3, x3, :lo12:.Lanon.1
mov	w2, #65535
bl	_RNvNtNtCSHASHTISCRATE3tis3imp21pop_link_out_of_range


===== variant: links_relaxed =====
function load_next: blocks=1 labels=["_RNvCshNnv2WZPhEg_22tis_p3ab_links_relaxed19tis_probe_load_next"]
  sha256_16=36d652399fef9509 instr_count=13
  families={"ldar":0,"stlr":0,"ldaxr":0,"stlxr":0,"ldapr":0,"ldxr":0,"stxr":0,"ldr":1,"str":0,"mov":4,"lock":0,"cmpxchg":0,"cas":0,"cas8":0}
--- normalized text: features=default variant=links_relaxed function=load_next ---
mov	x8, x0
cmp	w1, #256
mov	w0, w1
b.hs	.LBB1_2
lsl	x9, x0, #6
ldr	wzr, [x8, x9]
ret
stp	x29, x30, [sp, #-16]!
mov	x29, sp
adrp	x2, .Lanon.11
add	x2, x2, :lo12:.Lanon.11
mov	w1, #256
bl	_RNvNtCSHASH4core9panicking18panic_bounds_check

function store_next: blocks=1 labels=["_RNvCshNnv2WZPhEg_22tis_p3ab_links_relaxed20tis_probe_store_next"]
  sha256_16=afc12280864b8f47 instr_count=13
  families={"ldar":0,"stlr":0,"ldaxr":0,"stlxr":0,"ldapr":0,"ldxr":0,"stxr":0,"ldr":0,"str":1,"mov":4,"lock":0,"cmpxchg":0,"cas":0,"cas8":0}
--- normalized text: features=default variant=links_relaxed function=store_next ---
mov	x8, x0
cmp	w1, #256
mov	w0, w1
b.hs	.LBB2_2
lsl	x9, x0, #6
str	w2, [x8, x9]
ret
stp	x29, x30, [sp, #-16]!
mov	x29, sp
adrp	x2, .Lanon.11
add	x2, x2, :lo12:.Lanon.11
mov	w1, #256
bl	_RNvNtCSHASH4core9panicking18panic_bounds_check

function push_index_impl: blocks=1 labels=["_RNvCshNnv2WZPhEg_22tis_p3ab_links_relaxed25tis_probe_push_index_impl"]
  sha256_16=21a7ee7c7d5c0b18 instr_count=79
  families={"ldar":0,"stlr":0,"ldaxr":0,"stlxr":0,"ldapr":0,"ldxr":0,"stxr":0,"ldr":1,"str":2,"mov":15,"lock":0,"cmpxchg":0,"cas":0,"cas8":2}
--- normalized text: features=default variant=links_relaxed function=push_index_impl ---
sub	sp, sp, #80
stp	x29, x30, [sp, #16]
stp	x24, x23, [sp, #32]
stp	x22, x21, [sp, #48]
stp	x20, x19, [sp, #64]
add	x29, sp, #16
mov	w8, #65534
cmp	w1, w8
b.hi	.LBB4_11
ldr	x21, [x0, #16384]
mov	x19, x0
cmn	x21, #16, lsl #12
b.hs	.LBB4_10
cmp	w1, #255
mov	w0, w1
b.hi	.LBB4_12
and	x8, x21, #0xffff
mov	w9, #65535
add	x22, x19, x0, lsl #6
cmp	x8, x9
orr	x23, x0, #0x10000
add	x2, x19, #4, lsl #12
csinv	w8, w8, wzr, ne
mov	x0, x21
str	w8, [x22]
and	x8, x21, #0xffffffffffff0000
add	x1, x8, x23
bl	__aarch64_cas8_rel
cmp	x0, x21
b.eq	.LBB4_9
mov	x20, x0
mov	w21, wzr
mov	w24, #65535
and	w8, w21, #0x1f
mov	w9, #1
isb
lsr	w10, w9, w8
add	w9, w9, #1
cbz	w10, .LBB4_6
cmn	x20, #16, lsl #12
b.hs	.LBB4_10
cmp	w21, #6
and	x8, x20, #0xffff
add	x2, x19, #4, lsl #12
cinc	w21, w21, lo
cmp	x8, x24
mov	x0, x20
csinv	w8, w8, wzr, ne
str	w8, [x22]
and	x8, x20, #0xffffffffffff0000
add	x1, x8, x23
bl	__aarch64_cas8_rel
cmp	x0, x20
mov	x20, x0
b.ne	.LBB4_5
ldp	x20, x19, [sp, #64]
ldp	x22, x21, [sp, #48]
ldp	x24, x23, [sp, #32]
ldp	x29, x30, [sp, #16]
add	sp, sp, #80
ret
adrp	x0, .Lanon.3
add	x0, x0, :lo12:.Lanon.3
adrp	x3, .Lanon.5
add	x3, x3, :lo12:.Lanon.5
adrp	x4, .Lanon.4
add	x4, x4, :lo12:.Lanon.4
sub	x2, x29, #1
mov	w1, #32
bl	_RNvNtCSHASH4core6result13unwrap_failed
adrp	x2, .Lanon.2
add	x2, x2, :lo12:.Lanon.2
mov	w0, w1
mov	w1, #65535
bl	_RNvNtNtCSHASHTISCRATE3tis3imp23push_index_out_of_range
adrp	x2, .Lanon.11
add	x2, x2, :lo12:.Lanon.11
mov	w1, #256
bl	_RNvNtCSHASH4core9panicking18panic_bounds_check

function pop_index_impl: blocks=1 labels=["_RNvCshNnv2WZPhEg_22tis_p3ab_links_relaxed24tis_probe_pop_index_impl"]
  sha256_16=0db53f858bf06596 instr_count=66
  families={"ldar":1,"stlr":0,"ldaxr":0,"stlxr":0,"ldapr":0,"ldxr":0,"stxr":0,"ldr":2,"str":1,"mov":13,"lock":0,"cmpxchg":0,"cas":0,"cas8":2}
--- normalized text: features=default variant=links_relaxed function=pop_index_impl ---
stp	x29, x30, [sp, #-64]!
str	x23, [sp, #16]
stp	x22, x21, [sp, #32]
stp	x20, x19, [sp, #48]
mov	x29, sp
add	x9, x0, #4, lsl #12
mov	x19, x0
mov	w8, #65535
ldar	x20, [x9]
and	x0, x20, #0xffff
cmp	x0, x8
b.ne	.LBB3_2
ldp	x20, x19, [sp, #48]
ldr	x23, [sp, #16]
ldp	x22, x21, [sp, #32]
ldp	x29, x30, [sp], #64
ret
cmp	x0, #255
b.hi	.LBB3_12
mov	w21, wzr
mov	w22, #65535
mov	w23, #65534
lsl	x8, x0, #6
ldr	w1, [x19, x8]
cmn	w1, #1
b.eq	.LBB3_7
cmp	w1, w23
ccmp	w1, w0, #4, ls
b.eq	.LBB3_13
and	x8, x20, #0xffffffffffff0000
orr	x1, x8, x1
add	x2, x19, #4, lsl #12
mov	x0, x20
bl	__aarch64_cas8_acq
cmp	x0, x20
b.ne	.LBB3_8
b	.LBB3_1
orr	x1, x20, #0xffff
add	x2, x19, #4, lsl #12
mov	x0, x20
bl	__aarch64_cas8_acq
cmp	x0, x20
b.eq	.LBB3_1
mov	x8, x0
and	x0, x0, #0xffff
cmp	x0, x22
b.eq	.LBB3_1
mov	x20, x8
and	w8, w21, #0x1f
mov	w9, #1
isb
lsr	w10, w9, w8
add	w9, w9, #1
cbz	w10, .LBB3_10
cmp	w21, #6
cinc	w21, w21, lo
cmp	x0, #256
b.lo	.LBB3_4
adrp	x2, .Lanon.11
add	x2, x2, :lo12:.Lanon.11
mov	w1, #256
bl	_RNvNtCSHASH4core9panicking18panic_bounds_check
adrp	x3, .Lanon.1
add	x3, x3, :lo12:.Lanon.1
mov	w2, #65535
bl	_RNvNtNtCSHASHTISCRATE3tis3imp21pop_link_out_of_range


===== variant: cas_weak =====
function load_next: blocks=1 labels=["_RNvCseq9nsRR769q_17tis_p3ab_cas_weak19tis_probe_load_next"]
  sha256_16=2204565b184b3d5f instr_count=13
  families={"ldar":1,"stlr":0,"ldaxr":0,"stlxr":0,"ldapr":0,"ldxr":0,"stxr":0,"ldr":0,"str":0,"mov":4,"lock":0,"cmpxchg":0,"cas":0,"cas8":0}
  (normalized text omitted: identical to base)
function store_next: blocks=1 labels=["_RNvCseq9nsRR769q_17tis_p3ab_cas_weak20tis_probe_store_next"]
  sha256_16=4184e7c297ce77ef instr_count=13
  families={"ldar":0,"stlr":1,"ldaxr":0,"stlxr":0,"ldapr":0,"ldxr":0,"stxr":0,"ldr":0,"str":0,"mov":4,"lock":0,"cmpxchg":0,"cas":0,"cas8":0}
  (normalized text omitted: identical to base)
function push_index_impl: blocks=1 labels=["_RNvCseq9nsRR769q_17tis_p3ab_cas_weak25tis_probe_push_index_impl"]
  sha256_16=c03d02b1b6dea4b2 instr_count=79
  families={"ldar":0,"stlr":2,"ldaxr":0,"stlxr":0,"ldapr":0,"ldxr":0,"stxr":0,"ldr":1,"str":0,"mov":15,"lock":0,"cmpxchg":0,"cas":0,"cas8":2}
  (normalized text omitted: identical to base)
function pop_index_impl: blocks=1 labels=["_RNvCseq9nsRR769q_17tis_p3ab_cas_weak24tis_probe_pop_index_impl"]
  sha256_16=b8e5d8af68d91a61 instr_count=66
  families={"ldar":2,"stlr":0,"ldaxr":0,"stlxr":0,"ldapr":0,"ldxr":0,"stxr":0,"ldr":1,"str":1,"mov":13,"lock":0,"cmpxchg":0,"cas":0,"cas8":2}
  (normalized text omitted: identical to base)

===== variant: pop_success_relaxed =====
function load_next: blocks=1 labels=["_RNvCs7GGGeYBHN0X_28tis_p3ab_pop_success_relaxed19tis_probe_load_next"]
  sha256_16=2204565b184b3d5f instr_count=13
  families={"ldar":1,"stlr":0,"ldaxr":0,"stlxr":0,"ldapr":0,"ldxr":0,"stxr":0,"ldr":0,"str":0,"mov":4,"lock":0,"cmpxchg":0,"cas":0,"cas8":0}
  (normalized text omitted: identical to base)
function store_next: blocks=1 labels=["_RNvCs7GGGeYBHN0X_28tis_p3ab_pop_success_relaxed20tis_probe_store_next"]
  sha256_16=4184e7c297ce77ef instr_count=13
  families={"ldar":0,"stlr":1,"ldaxr":0,"stlxr":0,"ldapr":0,"ldxr":0,"stxr":0,"ldr":0,"str":0,"mov":4,"lock":0,"cmpxchg":0,"cas":0,"cas8":0}
  (normalized text omitted: identical to base)
function push_index_impl: blocks=1 labels=["_RNvCs7GGGeYBHN0X_28tis_p3ab_pop_success_relaxed25tis_probe_push_index_impl"]
  sha256_16=c03d02b1b6dea4b2 instr_count=79
  families={"ldar":0,"stlr":2,"ldaxr":0,"stlxr":0,"ldapr":0,"ldxr":0,"stxr":0,"ldr":1,"str":0,"mov":15,"lock":0,"cmpxchg":0,"cas":0,"cas8":2}
  (normalized text omitted: identical to base)
function pop_index_impl: blocks=1 labels=["_RNvCs7GGGeYBHN0X_28tis_p3ab_pop_success_relaxed24tis_probe_pop_index_impl"]
  sha256_16=b8e5d8af68d91a61 instr_count=66
  families={"ldar":2,"stlr":0,"ldaxr":0,"stlxr":0,"ldapr":0,"ldxr":0,"stxr":0,"ldr":1,"str":1,"mov":13,"lock":0,"cmpxchg":0,"cas":0,"cas8":2}
  (normalized text omitted: identical to base)

===== variant: store_elided =====
function load_next: blocks=1 labels=["_RNvCs8IaXxhSHeUw_21tis_p3ab_store_elided19tis_probe_load_next"]
  sha256_16=2204565b184b3d5f instr_count=13
  families={"ldar":1,"stlr":0,"ldaxr":0,"stlxr":0,"ldapr":0,"ldxr":0,"stxr":0,"ldr":0,"str":0,"mov":4,"lock":0,"cmpxchg":0,"cas":0,"cas8":0}
  (normalized text omitted: identical to base)
function store_next: blocks=1 labels=["_RNvCs8IaXxhSHeUw_21tis_p3ab_store_elided20tis_probe_store_next"]
  sha256_16=4184e7c297ce77ef instr_count=13
  families={"ldar":0,"stlr":1,"ldaxr":0,"stlxr":0,"ldapr":0,"ldxr":0,"stxr":0,"ldr":0,"str":0,"mov":4,"lock":0,"cmpxchg":0,"cas":0,"cas8":0}
  (normalized text omitted: identical to base)
function push_index_impl: blocks=1 labels=["_RNvCs8IaXxhSHeUw_21tis_p3ab_store_elided25tis_probe_push_index_impl"]
  sha256_16=effbc4ce6db645c7 instr_count=77
  families={"ldar":0,"stlr":1,"ldaxr":0,"stlxr":0,"ldapr":0,"ldxr":0,"stxr":0,"ldr":1,"str":0,"mov":15,"lock":0,"cmpxchg":0,"cas":0,"cas8":1}
--- normalized text: features=default variant=store_elided function=push_index_impl ---
sub	sp, sp, #96
stp	x29, x30, [sp, #16]
stp	x26, x25, [sp, #32]
stp	x24, x23, [sp, #48]
stp	x22, x21, [sp, #64]
stp	x20, x19, [sp, #80]
add	x29, sp, #16
mov	w8, #65534
cmp	w1, w8
b.hi	.LBB4_14
ldr	x20, [x0, #16384]
mov	x19, x0
cmn	x20, #16, lsl #12
b.hs	.LBB4_12
cmp	w1, #255
mov	w0, w1
b.hi	.LBB4_15
add	x22, x19, x0, lsl #6
mov	w8, wzr
mov	w21, wzr
orr	x23, x0, #0x10000
mov	w24, #65535
and	x10, x20, #0xffff
cmp	x10, x24
csinv	w9, w10, wzr, ne
tbz	w8, #0, .LBB4_7
cmp	w26, w10
b.ne	.LBB4_7
cmp	w25, w9
b.eq	.LBB4_8
mov	w25, w9
and	x26, x20, #0xffff
stlr	w9, [x22]
and	x8, x20, #0xffffffffffff0000
add	x2, x19, #4, lsl #12
mov	x0, x20
add	x1, x23, x8
bl	__aarch64_cas8_rel
cmp	x0, x20
b.eq	.LBB4_13
mov	x20, x0
and	w8, w21, #0x1f
mov	w9, #1
isb
lsr	w10, w9, w8
add	w9, w9, #1
cbz	w10, .LBB4_10
cmp	w21, #6
mov	w8, #1
cinc	w21, w21, lo
cmn	x0, #16, lsl #12
b.lo	.LBB4_4
adrp	x0, .Lanon.3
add	x0, x0, :lo12:.Lanon.3
adrp	x3, .Lanon.5
add	x3, x3, :lo12:.Lanon.5
adrp	x4, .Lanon.4
add	x4, x4, :lo12:.Lanon.4
sub	x2, x29, #1
mov	w1, #32
bl	_RNvNtCSHASH4core6result13unwrap_failed
ldp	x20, x19, [sp, #80]
ldp	x22, x21, [sp, #64]
ldp	x24, x23, [sp, #48]
ldp	x26, x25, [sp, #32]
ldp	x29, x30, [sp, #16]
add	sp, sp, #96
ret
adrp	x2, .Lanon.2
add	x2, x2, :lo12:.Lanon.2
mov	w0, w1
mov	w1, #65535
bl	_RNvNtNtCSHASHTISCRATE3tis3imp23push_index_out_of_range
adrp	x2, .Lanon.11
add	x2, x2, :lo12:.Lanon.11
mov	w1, #256
bl	_RNvNtCSHASH4core9panicking18panic_bounds_check

function pop_index_impl: blocks=1 labels=["_RNvCs8IaXxhSHeUw_21tis_p3ab_store_elided24tis_probe_pop_index_impl"]
  sha256_16=b8e5d8af68d91a61 instr_count=66
  families={"ldar":2,"stlr":0,"ldaxr":0,"stlxr":0,"ldapr":0,"ldxr":0,"stxr":0,"ldr":1,"str":1,"mov":13,"lock":0,"cmpxchg":0,"cas":0,"cas8":2}
  (normalized text omitted: identical to base)


===== features: lse — variants =====
symbol-mangling-v0 fallback used: none

===== variant: base =====
function load_next: blocks=1 labels=["_RNvCseJpwr1mI4s2_13tis_p3ab_base19tis_probe_load_next"]
  sha256_16=2204565b184b3d5f instr_count=13
  families={"ldar":1,"stlr":0,"ldaxr":0,"stlxr":0,"ldapr":0,"ldxr":0,"stxr":0,"ldr":0,"str":0,"mov":4,"lock":0,"cmpxchg":0,"cas":0,"cas8":0}
--- normalized text: features=lse variant=base function=load_next ---
mov	x8, x0
cmp	w1, #256
mov	w0, w1
b.hs	.LBB1_2
add	x8, x8, x0, lsl #6
ldar	wzr, [x8]
ret
stp	x29, x30, [sp, #-16]!
mov	x29, sp
adrp	x2, .Lanon.11
add	x2, x2, :lo12:.Lanon.11
mov	w1, #256
bl	_RNvNtCSHASH4core9panicking18panic_bounds_check

function store_next: blocks=1 labels=["_RNvCseJpwr1mI4s2_13tis_p3ab_base20tis_probe_store_next"]
  sha256_16=4184e7c297ce77ef instr_count=13
  families={"ldar":0,"stlr":1,"ldaxr":0,"stlxr":0,"ldapr":0,"ldxr":0,"stxr":0,"ldr":0,"str":0,"mov":4,"lock":0,"cmpxchg":0,"cas":0,"cas8":0}
--- normalized text: features=lse variant=base function=store_next ---
mov	x8, x0
cmp	w1, #256
mov	w0, w1
b.hs	.LBB2_2
add	x8, x8, x0, lsl #6
stlr	w2, [x8]
ret
stp	x29, x30, [sp, #-16]!
mov	x29, sp
adrp	x2, .Lanon.11
add	x2, x2, :lo12:.Lanon.11
mov	w1, #256
bl	_RNvNtCSHASH4core9panicking18panic_bounds_check

function push_index_impl: blocks=1 labels=["_RNvCseJpwr1mI4s2_13tis_p3ab_base25tis_probe_push_index_impl"]
  sha256_16=01238a96620b2218 instr_count=72
  families={"ldar":0,"stlr":2,"ldaxr":0,"stlxr":0,"ldapr":0,"ldxr":0,"stxr":0,"ldr":1,"str":0,"mov":14,"lock":0,"cmpxchg":0,"cas":2,"cas8":0}
--- normalized text: features=lse variant=base function=push_index_impl ---
sub	sp, sp, #32
stp	x29, x30, [sp, #16]
add	x29, sp, #16
mov	w8, #65534
cmp	w1, w8
b.hi	.LBB4_11
ldr	x11, [x0, #16384]
cmn	x11, #16, lsl #12
b.hs	.LBB4_10
cmp	w1, #255
mov	w8, w1
b.hi	.LBB4_12
and	x10, x11, #0xffff
mov	w12, #65535
add	x9, x0, x8, lsl #6
cmp	x10, x12
orr	x8, x8, #0x10000
and	x12, x11, #0xffffffffffff0000
csinv	w10, w10, wzr, ne
add	x12, x12, x8
add	x13, x0, #4, lsl #12
stlr	w10, [x9]
mov	x10, x11
casl	x10, x12, [x13]
cmp	x10, x11
b.eq	.LBB4_9
mov	w11, wzr
mov	w12, #65535
and	w13, w11, #0x1f
mov	w14, #1
isb
lsr	w15, w14, w13
add	w14, w14, #1
cbz	w15, .LBB4_6
cmn	x10, #16, lsl #12
b.hs	.LBB4_10
cmp	w11, #6
and	x13, x10, #0xffff
and	x14, x10, #0xffffffffffff0000
cinc	w11, w11, lo
cmp	x13, x12
mov	x15, x10
csinv	w13, w13, wzr, ne
stlr	w13, [x9]
add	x13, x14, x8
add	x14, x0, #4, lsl #12
casl	x15, x13, [x14]
cmp	x15, x10
mov	x10, x15
b.ne	.LBB4_5
ldp	x29, x30, [sp, #16]
add	sp, sp, #32
ret
adrp	x0, .Lanon.3
add	x0, x0, :lo12:.Lanon.3
adrp	x3, .Lanon.5
add	x3, x3, :lo12:.Lanon.5
adrp	x4, .Lanon.4
add	x4, x4, :lo12:.Lanon.4
sub	x2, x29, #1
mov	w1, #32
bl	_RNvNtCSHASH4core6result13unwrap_failed
adrp	x2, .Lanon.2
add	x2, x2, :lo12:.Lanon.2
mov	w0, w1
mov	w1, #65535
bl	_RNvNtNtCSHASHTISCRATE3tis3imp23push_index_out_of_range
adrp	x2, .Lanon.11
add	x2, x2, :lo12:.Lanon.11
mov	x0, x8
mov	w1, #256
bl	_RNvNtCSHASH4core9panicking18panic_bounds_check

function pop_index_impl: blocks=1 labels=["_RNvCseJpwr1mI4s2_13tis_p3ab_base24tis_probe_pop_index_impl"]
  sha256_16=b9a321d5e26fea41 instr_count=60
  families={"ldar":2,"stlr":0,"ldaxr":0,"stlxr":0,"ldapr":0,"ldxr":0,"stxr":0,"ldr":0,"str":0,"mov":13,"lock":0,"cmpxchg":0,"cas":2,"cas8":0}
--- normalized text: features=lse variant=base function=pop_index_impl ---
stp	x29, x30, [sp, #-16]!
mov	x29, sp
add	x8, x0, #4, lsl #12
mov	w10, #65535
ldar	x9, [x8]
and	x8, x9, #0xffff
cmp	x8, x10
b.ne	.LBB3_2
ldp	x29, x30, [sp], #16
ret
cmp	x8, #255
b.hi	.LBB3_12
mov	w10, wzr
mov	w11, #65535
mov	w12, #65534
add	x13, x0, x8, lsl #6
ldar	w1, [x13]
cmn	w1, #1
b.eq	.LBB3_7
cmp	w1, w12
ccmp	w1, w8, #4, ls
b.eq	.LBB3_13
and	x8, x9, #0xffffffffffff0000
orr	x8, x8, x1
add	x14, x0, #4, lsl #12
mov	x13, x9
casa	x13, x8, [x14]
cmp	x13, x9
b.ne	.LBB3_8
b	.LBB3_1
orr	x8, x9, #0xffff
add	x14, x0, #4, lsl #12
mov	x13, x9
casa	x13, x8, [x14]
cmp	x13, x9
b.eq	.LBB3_1
and	x8, x13, #0xffff
cmp	x8, x11
b.eq	.LBB3_1
mov	x9, x13
and	w13, w10, #0x1f
mov	w14, #1
isb
lsr	w15, w14, w13
add	w14, w14, #1
cbz	w15, .LBB3_10
cmp	w10, #6
cinc	w10, w10, lo
cmp	x8, #256
b.lo	.LBB3_4
adrp	x2, .Lanon.11
add	x2, x2, :lo12:.Lanon.11
mov	x0, x8
mov	w1, #256
bl	_RNvNtCSHASH4core9panicking18panic_bounds_check
adrp	x3, .Lanon.1
add	x3, x3, :lo12:.Lanon.1
mov	w0, w8
mov	w2, #65535
bl	_RNvNtNtCSHASHTISCRATE3tis3imp21pop_link_out_of_range


===== variant: links_relaxed =====
function load_next: blocks=1 labels=["_RNvCshNnv2WZPhEg_22tis_p3ab_links_relaxed19tis_probe_load_next"]
  sha256_16=36d652399fef9509 instr_count=13
  families={"ldar":0,"stlr":0,"ldaxr":0,"stlxr":0,"ldapr":0,"ldxr":0,"stxr":0,"ldr":1,"str":0,"mov":4,"lock":0,"cmpxchg":0,"cas":0,"cas8":0}
--- normalized text: features=lse variant=links_relaxed function=load_next ---
mov	x8, x0
cmp	w1, #256
mov	w0, w1
b.hs	.LBB1_2
lsl	x9, x0, #6
ldr	wzr, [x8, x9]
ret
stp	x29, x30, [sp, #-16]!
mov	x29, sp
adrp	x2, .Lanon.11
add	x2, x2, :lo12:.Lanon.11
mov	w1, #256
bl	_RNvNtCSHASH4core9panicking18panic_bounds_check

function store_next: blocks=1 labels=["_RNvCshNnv2WZPhEg_22tis_p3ab_links_relaxed20tis_probe_store_next"]
  sha256_16=afc12280864b8f47 instr_count=13
  families={"ldar":0,"stlr":0,"ldaxr":0,"stlxr":0,"ldapr":0,"ldxr":0,"stxr":0,"ldr":0,"str":1,"mov":4,"lock":0,"cmpxchg":0,"cas":0,"cas8":0}
--- normalized text: features=lse variant=links_relaxed function=store_next ---
mov	x8, x0
cmp	w1, #256
mov	w0, w1
b.hs	.LBB2_2
lsl	x9, x0, #6
str	w2, [x8, x9]
ret
stp	x29, x30, [sp, #-16]!
mov	x29, sp
adrp	x2, .Lanon.11
add	x2, x2, :lo12:.Lanon.11
mov	w1, #256
bl	_RNvNtCSHASH4core9panicking18panic_bounds_check

function push_index_impl: blocks=1 labels=["_RNvCshNnv2WZPhEg_22tis_p3ab_links_relaxed25tis_probe_push_index_impl"]
  sha256_16=27a51bcf9b1531b4 instr_count=72
  families={"ldar":0,"stlr":0,"ldaxr":0,"stlxr":0,"ldapr":0,"ldxr":0,"stxr":0,"ldr":1,"str":2,"mov":14,"lock":0,"cmpxchg":0,"cas":2,"cas8":0}
--- normalized text: features=lse variant=links_relaxed function=push_index_impl ---
sub	sp, sp, #32
stp	x29, x30, [sp, #16]
add	x29, sp, #16
mov	w8, #65534
cmp	w1, w8
b.hi	.LBB4_11
ldr	x11, [x0, #16384]
cmn	x11, #16, lsl #12
b.hs	.LBB4_10
cmp	w1, #255
mov	w8, w1
b.hi	.LBB4_12
and	x10, x11, #0xffff
mov	w12, #65535
add	x9, x0, x8, lsl #6
cmp	x10, x12
orr	x8, x8, #0x10000
and	x12, x11, #0xffffffffffff0000
csinv	w10, w10, wzr, ne
add	x12, x12, x8
add	x13, x0, #4, lsl #12
str	w10, [x9]
mov	x10, x11
casl	x10, x12, [x13]
cmp	x10, x11
b.eq	.LBB4_9
mov	w11, wzr
mov	w12, #65535
and	w13, w11, #0x1f
mov	w14, #1
isb
lsr	w15, w14, w13
add	w14, w14, #1
cbz	w15, .LBB4_6
cmn	x10, #16, lsl #12
b.hs	.LBB4_10
cmp	w11, #6
and	x13, x10, #0xffff
and	x14, x10, #0xffffffffffff0000
cinc	w11, w11, lo
cmp	x13, x12
mov	x15, x10
csinv	w13, w13, wzr, ne
str	w13, [x9]
add	x13, x14, x8
add	x14, x0, #4, lsl #12
casl	x15, x13, [x14]
cmp	x15, x10
mov	x10, x15
b.ne	.LBB4_5
ldp	x29, x30, [sp, #16]
add	sp, sp, #32
ret
adrp	x0, .Lanon.3
add	x0, x0, :lo12:.Lanon.3
adrp	x3, .Lanon.5
add	x3, x3, :lo12:.Lanon.5
adrp	x4, .Lanon.4
add	x4, x4, :lo12:.Lanon.4
sub	x2, x29, #1
mov	w1, #32
bl	_RNvNtCSHASH4core6result13unwrap_failed
adrp	x2, .Lanon.2
add	x2, x2, :lo12:.Lanon.2
mov	w0, w1
mov	w1, #65535
bl	_RNvNtNtCSHASHTISCRATE3tis3imp23push_index_out_of_range
adrp	x2, .Lanon.11
add	x2, x2, :lo12:.Lanon.11
mov	x0, x8
mov	w1, #256
bl	_RNvNtCSHASH4core9panicking18panic_bounds_check

function pop_index_impl: blocks=1 labels=["_RNvCshNnv2WZPhEg_22tis_p3ab_links_relaxed24tis_probe_pop_index_impl"]
  sha256_16=e182afdc050c13a9 instr_count=60
  families={"ldar":1,"stlr":0,"ldaxr":0,"stlxr":0,"ldapr":0,"ldxr":0,"stxr":0,"ldr":1,"str":0,"mov":13,"lock":0,"cmpxchg":0,"cas":2,"cas8":0}
--- normalized text: features=lse variant=links_relaxed function=pop_index_impl ---
stp	x29, x30, [sp, #-16]!
mov	x29, sp
add	x8, x0, #4, lsl #12
mov	w10, #65535
ldar	x9, [x8]
and	x8, x9, #0xffff
cmp	x8, x10
b.ne	.LBB3_2
ldp	x29, x30, [sp], #16
ret
cmp	x8, #255
b.hi	.LBB3_12
mov	w10, wzr
mov	w11, #65535
mov	w12, #65534
lsl	x13, x8, #6
ldr	w1, [x0, x13]
cmn	w1, #1
b.eq	.LBB3_7
cmp	w1, w12
ccmp	w1, w8, #4, ls
b.eq	.LBB3_13
and	x8, x9, #0xffffffffffff0000
orr	x8, x8, x1
add	x14, x0, #4, lsl #12
mov	x13, x9
casa	x13, x8, [x14]
cmp	x13, x9
b.ne	.LBB3_8
b	.LBB3_1
orr	x8, x9, #0xffff
add	x14, x0, #4, lsl #12
mov	x13, x9
casa	x13, x8, [x14]
cmp	x13, x9
b.eq	.LBB3_1
and	x8, x13, #0xffff
cmp	x8, x11
b.eq	.LBB3_1
mov	x9, x13
and	w13, w10, #0x1f
mov	w14, #1
isb
lsr	w15, w14, w13
add	w14, w14, #1
cbz	w15, .LBB3_10
cmp	w10, #6
cinc	w10, w10, lo
cmp	x8, #256
b.lo	.LBB3_4
adrp	x2, .Lanon.11
add	x2, x2, :lo12:.Lanon.11
mov	x0, x8
mov	w1, #256
bl	_RNvNtCSHASH4core9panicking18panic_bounds_check
adrp	x3, .Lanon.1
add	x3, x3, :lo12:.Lanon.1
mov	w0, w8
mov	w2, #65535
bl	_RNvNtNtCSHASHTISCRATE3tis3imp21pop_link_out_of_range


===== variant: cas_weak =====
function load_next: blocks=1 labels=["_RNvCseq9nsRR769q_17tis_p3ab_cas_weak19tis_probe_load_next"]
  sha256_16=2204565b184b3d5f instr_count=13
  families={"ldar":1,"stlr":0,"ldaxr":0,"stlxr":0,"ldapr":0,"ldxr":0,"stxr":0,"ldr":0,"str":0,"mov":4,"lock":0,"cmpxchg":0,"cas":0,"cas8":0}
  (normalized text omitted: identical to base)
function store_next: blocks=1 labels=["_RNvCseq9nsRR769q_17tis_p3ab_cas_weak20tis_probe_store_next"]
  sha256_16=4184e7c297ce77ef instr_count=13
  families={"ldar":0,"stlr":1,"ldaxr":0,"stlxr":0,"ldapr":0,"ldxr":0,"stxr":0,"ldr":0,"str":0,"mov":4,"lock":0,"cmpxchg":0,"cas":0,"cas8":0}
  (normalized text omitted: identical to base)
function push_index_impl: blocks=1 labels=["_RNvCseq9nsRR769q_17tis_p3ab_cas_weak25tis_probe_push_index_impl"]
  sha256_16=01238a96620b2218 instr_count=72
  families={"ldar":0,"stlr":2,"ldaxr":0,"stlxr":0,"ldapr":0,"ldxr":0,"stxr":0,"ldr":1,"str":0,"mov":14,"lock":0,"cmpxchg":0,"cas":2,"cas8":0}
  (normalized text omitted: identical to base)
function pop_index_impl: blocks=1 labels=["_RNvCseq9nsRR769q_17tis_p3ab_cas_weak24tis_probe_pop_index_impl"]
  sha256_16=b9a321d5e26fea41 instr_count=60
  families={"ldar":2,"stlr":0,"ldaxr":0,"stlxr":0,"ldapr":0,"ldxr":0,"stxr":0,"ldr":0,"str":0,"mov":13,"lock":0,"cmpxchg":0,"cas":2,"cas8":0}
  (normalized text omitted: identical to base)

===== variant: pop_success_relaxed =====
function load_next: blocks=1 labels=["_RNvCs7GGGeYBHN0X_28tis_p3ab_pop_success_relaxed19tis_probe_load_next"]
  sha256_16=2204565b184b3d5f instr_count=13
  families={"ldar":1,"stlr":0,"ldaxr":0,"stlxr":0,"ldapr":0,"ldxr":0,"stxr":0,"ldr":0,"str":0,"mov":4,"lock":0,"cmpxchg":0,"cas":0,"cas8":0}
  (normalized text omitted: identical to base)
function store_next: blocks=1 labels=["_RNvCs7GGGeYBHN0X_28tis_p3ab_pop_success_relaxed20tis_probe_store_next"]
  sha256_16=4184e7c297ce77ef instr_count=13
  families={"ldar":0,"stlr":1,"ldaxr":0,"stlxr":0,"ldapr":0,"ldxr":0,"stxr":0,"ldr":0,"str":0,"mov":4,"lock":0,"cmpxchg":0,"cas":0,"cas8":0}
  (normalized text omitted: identical to base)
function push_index_impl: blocks=1 labels=["_RNvCs7GGGeYBHN0X_28tis_p3ab_pop_success_relaxed25tis_probe_push_index_impl"]
  sha256_16=01238a96620b2218 instr_count=72
  families={"ldar":0,"stlr":2,"ldaxr":0,"stlxr":0,"ldapr":0,"ldxr":0,"stxr":0,"ldr":1,"str":0,"mov":14,"lock":0,"cmpxchg":0,"cas":2,"cas8":0}
  (normalized text omitted: identical to base)
function pop_index_impl: blocks=1 labels=["_RNvCs7GGGeYBHN0X_28tis_p3ab_pop_success_relaxed24tis_probe_pop_index_impl"]
  sha256_16=b9a321d5e26fea41 instr_count=60
  families={"ldar":2,"stlr":0,"ldaxr":0,"stlxr":0,"ldapr":0,"ldxr":0,"stxr":0,"ldr":0,"str":0,"mov":13,"lock":0,"cmpxchg":0,"cas":2,"cas8":0}
  (normalized text omitted: identical to base)

===== variant: store_elided =====
function load_next: blocks=1 labels=["_RNvCs8IaXxhSHeUw_21tis_p3ab_store_elided19tis_probe_load_next"]
  sha256_16=2204565b184b3d5f instr_count=13
  families={"ldar":1,"stlr":0,"ldaxr":0,"stlxr":0,"ldapr":0,"ldxr":0,"stxr":0,"ldr":0,"str":0,"mov":4,"lock":0,"cmpxchg":0,"cas":0,"cas8":0}
  (normalized text omitted: identical to base)
function store_next: blocks=1 labels=["_RNvCs8IaXxhSHeUw_21tis_p3ab_store_elided20tis_probe_store_next"]
  sha256_16=4184e7c297ce77ef instr_count=13
  families={"ldar":0,"stlr":1,"ldaxr":0,"stlxr":0,"ldapr":0,"ldxr":0,"stxr":0,"ldr":0,"str":0,"mov":4,"lock":0,"cmpxchg":0,"cas":0,"cas8":0}
  (normalized text omitted: identical to base)
function push_index_impl: blocks=1 labels=["_RNvCs8IaXxhSHeUw_21tis_p3ab_store_elided25tis_probe_push_index_impl"]
  sha256_16=2ac6783343f11c5e instr_count=69
  families={"ldar":0,"stlr":1,"ldaxr":0,"stlxr":0,"ldapr":0,"ldxr":0,"stxr":0,"ldr":1,"str":0,"mov":15,"lock":0,"cmpxchg":0,"cas":1,"cas8":0}
--- normalized text: features=lse variant=store_elided function=push_index_impl ---
sub	sp, sp, #32
stp	x29, x30, [sp, #16]
add	x29, sp, #16
mov	w8, #65534
cmp	w1, w8
b.hi	.LBB4_14
ldr	x9, [x0, #16384]
cmn	x9, #16, lsl #12
b.hs	.LBB4_12
cmp	w1, #255
mov	w8, w1
b.hi	.LBB4_15
add	x11, x0, x8, lsl #6
mov	w15, wzr
mov	w10, wzr
orr	x8, x8, #0x10000
mov	w12, #65535
and	x17, x9, #0xffff
cmp	x17, x12
csinv	w16, w17, wzr, ne
tbz	w15, #0, .LBB4_7
cmp	w14, w17
b.ne	.LBB4_7
cmp	w13, w16
b.eq	.LBB4_8
mov	w13, w16
and	x14, x9, #0xffff
stlr	w16, [x11]
and	x15, x9, #0xffffffffffff0000
add	x17, x0, #4, lsl #12
add	x16, x8, x15
mov	x15, x9
casl	x15, x16, [x17]
cmp	x15, x9
b.eq	.LBB4_13
mov	x9, x15
and	w16, w10, #0x1f
mov	w17, #1
isb
lsr	w18, w17, w16
add	w17, w17, #1
cbz	w18, .LBB4_10
cmp	w10, #6
cinc	w10, w10, lo
cmn	x15, #16, lsl #12
mov	w15, #1
b.lo	.LBB4_4
adrp	x0, .Lanon.3
add	x0, x0, :lo12:.Lanon.3
adrp	x3, .Lanon.5
add	x3, x3, :lo12:.Lanon.5
adrp	x4, .Lanon.4
add	x4, x4, :lo12:.Lanon.4
sub	x2, x29, #1
mov	w1, #32
bl	_RNvNtCSHASH4core6result13unwrap_failed
ldp	x29, x30, [sp, #16]
add	sp, sp, #32
ret
adrp	x2, .Lanon.2
add	x2, x2, :lo12:.Lanon.2
mov	w0, w1
mov	w1, #65535
bl	_RNvNtNtCSHASHTISCRATE3tis3imp23push_index_out_of_range
adrp	x2, .Lanon.11
add	x2, x2, :lo12:.Lanon.11
mov	x0, x8
mov	w1, #256
bl	_RNvNtCSHASH4core9panicking18panic_bounds_check

function pop_index_impl: blocks=1 labels=["_RNvCs8IaXxhSHeUw_21tis_p3ab_store_elided24tis_probe_pop_index_impl"]
  sha256_16=b9a321d5e26fea41 instr_count=60
  families={"ldar":2,"stlr":0,"ldaxr":0,"stlxr":0,"ldapr":0,"ldxr":0,"stxr":0,"ldr":0,"str":0,"mov":13,"lock":0,"cmpxchg":0,"cas":2,"cas8":0}
  (normalized text omitted: identical to base)


# TIS registry-shaped link-ordering/CAS codegen table — target aarch64-unknown-linux-gnu

delta% is instr_count relative to base for the same function (derived, rounded to 3 decimals).

| target | features | function | variant | sha256_16 | instr_count | ldar | stlr | ldaxr | stlxr | cmpxchg | cas | cas8 | delta% vs base |
|---|---|---|---|---|---|---|---|---|---|---|---|---|---|
| aarch64-unknown-linux-gnu | default | load_next | base | 2204565b184b3d5f | 13 | 1 | 0 | 0 | 0 | 0 | 0 | 0 | — |
| aarch64-unknown-linux-gnu | default | load_next | links_relaxed | 36d652399fef9509 | 13 | 0 | 0 | 0 | 0 | 0 | 0 | 0 | 0 |
| aarch64-unknown-linux-gnu | default | load_next | cas_weak | 2204565b184b3d5f | 13 | 1 | 0 | 0 | 0 | 0 | 0 | 0 | 0 |
| aarch64-unknown-linux-gnu | default | load_next | pop_success_relaxed | 2204565b184b3d5f | 13 | 1 | 0 | 0 | 0 | 0 | 0 | 0 | 0 |
| aarch64-unknown-linux-gnu | default | load_next | store_elided | 2204565b184b3d5f | 13 | 1 | 0 | 0 | 0 | 0 | 0 | 0 | 0 |
| aarch64-unknown-linux-gnu | default | store_next | base | 4184e7c297ce77ef | 13 | 0 | 1 | 0 | 0 | 0 | 0 | 0 | — |
| aarch64-unknown-linux-gnu | default | store_next | links_relaxed | afc12280864b8f47 | 13 | 0 | 0 | 0 | 0 | 0 | 0 | 0 | 0 |
| aarch64-unknown-linux-gnu | default | store_next | cas_weak | 4184e7c297ce77ef | 13 | 0 | 1 | 0 | 0 | 0 | 0 | 0 | 0 |
| aarch64-unknown-linux-gnu | default | store_next | pop_success_relaxed | 4184e7c297ce77ef | 13 | 0 | 1 | 0 | 0 | 0 | 0 | 0 | 0 |
| aarch64-unknown-linux-gnu | default | store_next | store_elided | 4184e7c297ce77ef | 13 | 0 | 1 | 0 | 0 | 0 | 0 | 0 | 0 |
| aarch64-unknown-linux-gnu | default | push_index_impl | base | c03d02b1b6dea4b2 | 79 | 0 | 2 | 0 | 0 | 0 | 0 | 2 | — |
| aarch64-unknown-linux-gnu | default | push_index_impl | links_relaxed | 21a7ee7c7d5c0b18 | 79 | 0 | 0 | 0 | 0 | 0 | 0 | 2 | 0 |
| aarch64-unknown-linux-gnu | default | push_index_impl | cas_weak | c03d02b1b6dea4b2 | 79 | 0 | 2 | 0 | 0 | 0 | 0 | 2 | 0 |
| aarch64-unknown-linux-gnu | default | push_index_impl | pop_success_relaxed | c03d02b1b6dea4b2 | 79 | 0 | 2 | 0 | 0 | 0 | 0 | 2 | 0 |
| aarch64-unknown-linux-gnu | default | push_index_impl | store_elided | effbc4ce6db645c7 | 77 | 0 | 1 | 0 | 0 | 0 | 0 | 1 | -2.5 |
| aarch64-unknown-linux-gnu | default | pop_index_impl | base | b8e5d8af68d91a61 | 66 | 2 | 0 | 0 | 0 | 0 | 0 | 2 | — |
| aarch64-unknown-linux-gnu | default | pop_index_impl | links_relaxed | 0db53f858bf06596 | 66 | 1 | 0 | 0 | 0 | 0 | 0 | 2 | 0 |
| aarch64-unknown-linux-gnu | default | pop_index_impl | cas_weak | b8e5d8af68d91a61 | 66 | 2 | 0 | 0 | 0 | 0 | 0 | 2 | 0 |
| aarch64-unknown-linux-gnu | default | pop_index_impl | pop_success_relaxed | b8e5d8af68d91a61 | 66 | 2 | 0 | 0 | 0 | 0 | 0 | 2 | 0 |
| aarch64-unknown-linux-gnu | default | pop_index_impl | store_elided | b8e5d8af68d91a61 | 66 | 2 | 0 | 0 | 0 | 0 | 0 | 2 | 0 |
| aarch64-unknown-linux-gnu | lse | load_next | base | 2204565b184b3d5f | 13 | 1 | 0 | 0 | 0 | 0 | 0 | 0 | — |
| aarch64-unknown-linux-gnu | lse | load_next | links_relaxed | 36d652399fef9509 | 13 | 0 | 0 | 0 | 0 | 0 | 0 | 0 | 0 |
| aarch64-unknown-linux-gnu | lse | load_next | cas_weak | 2204565b184b3d5f | 13 | 1 | 0 | 0 | 0 | 0 | 0 | 0 | 0 |
| aarch64-unknown-linux-gnu | lse | load_next | pop_success_relaxed | 2204565b184b3d5f | 13 | 1 | 0 | 0 | 0 | 0 | 0 | 0 | 0 |
| aarch64-unknown-linux-gnu | lse | load_next | store_elided | 2204565b184b3d5f | 13 | 1 | 0 | 0 | 0 | 0 | 0 | 0 | 0 |
| aarch64-unknown-linux-gnu | lse | store_next | base | 4184e7c297ce77ef | 13 | 0 | 1 | 0 | 0 | 0 | 0 | 0 | — |
| aarch64-unknown-linux-gnu | lse | store_next | links_relaxed | afc12280864b8f47 | 13 | 0 | 0 | 0 | 0 | 0 | 0 | 0 | 0 |
| aarch64-unknown-linux-gnu | lse | store_next | cas_weak | 4184e7c297ce77ef | 13 | 0 | 1 | 0 | 0 | 0 | 0 | 0 | 0 |
| aarch64-unknown-linux-gnu | lse | store_next | pop_success_relaxed | 4184e7c297ce77ef | 13 | 0 | 1 | 0 | 0 | 0 | 0 | 0 | 0 |
| aarch64-unknown-linux-gnu | lse | store_next | store_elided | 4184e7c297ce77ef | 13 | 0 | 1 | 0 | 0 | 0 | 0 | 0 | 0 |
| aarch64-unknown-linux-gnu | lse | push_index_impl | base | 01238a96620b2218 | 72 | 0 | 2 | 0 | 0 | 0 | 2 | 0 | — |
| aarch64-unknown-linux-gnu | lse | push_index_impl | links_relaxed | 27a51bcf9b1531b4 | 72 | 0 | 0 | 0 | 0 | 0 | 2 | 0 | 0 |
| aarch64-unknown-linux-gnu | lse | push_index_impl | cas_weak | 01238a96620b2218 | 72 | 0 | 2 | 0 | 0 | 0 | 2 | 0 | 0 |
| aarch64-unknown-linux-gnu | lse | push_index_impl | pop_success_relaxed | 01238a96620b2218 | 72 | 0 | 2 | 0 | 0 | 0 | 2 | 0 | 0 |
| aarch64-unknown-linux-gnu | lse | push_index_impl | store_elided | 2ac6783343f11c5e | 69 | 0 | 1 | 0 | 0 | 0 | 1 | 0 | -4.2 |
| aarch64-unknown-linux-gnu | lse | pop_index_impl | base | b9a321d5e26fea41 | 60 | 2 | 0 | 0 | 0 | 0 | 2 | 0 | — |
| aarch64-unknown-linux-gnu | lse | pop_index_impl | links_relaxed | e182afdc050c13a9 | 60 | 1 | 0 | 0 | 0 | 0 | 2 | 0 | 0 |
| aarch64-unknown-linux-gnu | lse | pop_index_impl | cas_weak | b9a321d5e26fea41 | 60 | 2 | 0 | 0 | 0 | 0 | 2 | 0 | 0 |
| aarch64-unknown-linux-gnu | lse | pop_index_impl | pop_success_relaxed | b9a321d5e26fea41 | 60 | 2 | 0 | 0 | 0 | 0 | 2 | 0 | 0 |
| aarch64-unknown-linux-gnu | lse | pop_index_impl | store_elided | b9a321d5e26fea41 | 60 | 2 | 0 | 0 | 0 | 0 | 2 | 0 | 0 |

// csv-sha256: 72cde6534aa35dda62b00674236fad041de676399a8f56cfb51259d1490c4002
// asm-sha256: cbc2e517193b2241d37a53f8849aafc7b6e43b0732821c2f5d2ca04e9392e354
// artifact-state: complete
