[iai] wsl: /mnt/d/dev/rust/sefer-alloc
[iai] features: production batch-api bench-internals | target: /tmp/sefer-iai
[iai] filter: dealloc_batch_fresh, small_churn_16b
iai_callgrind_runner: Error: No version information found for iai-callgrind but iai-callgrind-runner (0.14.2) is >= '0.3.0'. Please update iai-callgrind to '0.14.2' in your Cargo.toml file
__MISSING__
[iai] runner already installed: 0.14.2 (skip install)

[iai] running benches...

   Compiling proc-macro2 v1.0.106
   Compiling quote v1.0.46
   Compiling unicode-ident v1.0.24
   Compiling libc v0.2.186
   Compiling cfg-if v1.0.4
   Compiling serde_core v1.0.228
   Compiling zerocopy v0.8.52
   Compiling zmij v1.0.21
   Compiling getrandom v0.3.4
   Compiling crossbeam-utils v0.8.21
   Compiling serde_json v1.0.150
   Compiling serde v1.0.228
   Compiling autocfg v1.5.1
   Compiling getrandom v0.4.3
   Compiling rustix v1.1.4
   Compiling once_cell v1.21.4
   Compiling find-msvc-tools v0.1.9
   Compiling version_check v0.9.5
   Compiling linux-raw-sys v0.12.1
   Compiling regex-syntax v0.8.11
   Compiling num-traits v0.2.19
   Compiling shlex v2.0.1
   Compiling bitflags v2.13.0
   Compiling fastrand v2.4.1
   Compiling rustversion v1.0.22
   Compiling slotmap v1.1.1
   Compiling cc v1.2.65
   Compiling rayon-core v1.13.0
   Compiling either v1.16.0
   Compiling clap_lex v1.1.0
   Compiling plotters-backend v0.3.7
   Compiling itoa v1.0.18
   Compiling fnv v1.0.7
   Compiling crossbeam-epoch v0.9.18
   Compiling quick-error v1.2.3
   Compiling ciborium-io v0.2.2
   Compiling bit-vec v0.8.0
   Compiling iai-callgrind-runner v0.14.2
   Compiling memchr v2.8.2
   Compiling anstyle v1.0.14
   Compiling syn v2.0.118
   Compiling bit-set v0.8.0
   Compiling crossbeam-deque v0.8.6
   Compiling proc-macro-error-attr2 v2.0.0
   Compiling plotters-svg v0.3.7
   Compiling clap_builder v4.6.0
   Compiling itertools v0.10.5
   Compiling iai-callgrind v0.14.2
   Compiling cast v0.3.0
   Compiling unarray v0.1.4
   Compiling wait-timeout v0.2.1
   Compiling rand_core v0.9.5
   Compiling libmimalloc-sys v0.1.49
   Compiling same-file v1.0.6
   Compiling sefer-region v0.1.0 (/mnt/d/dev/rust/sefer-alloc/crates/region)
   Compiling rayon v1.12.0
   Compiling walkdir v2.5.0
   Compiling is-terminal v0.4.17
   Compiling arc-swap v1.9.1
   Compiling rand_xorshift v0.4.0
   Compiling rand v0.9.4
   Compiling plotters v0.3.7
   Compiling pin-project-lite v0.2.17
   Compiling size-classes v0.1.0 (/mnt/d/dev/rust/sefer-alloc/crates/size-classes)
   Compiling anes v0.1.6
   Compiling aligned-vmem v0.2.0 (/mnt/d/dev/rust/sefer-alloc/crates/vmem)
   Compiling proc-memstat v0.1.0 (/mnt/d/dev/rust/sefer-alloc/crates/proc-memstat)
   Compiling regex-automata v0.4.14
   Compiling tagged-index-stack v0.1.0 (/mnt/d/dev/rust/sefer-alloc/crates/tagged-index-stack)
   Compiling oorandom v11.1.5
   Compiling tempfile v3.27.0
   Compiling racy-ptr-cell v0.1.0 (/mnt/d/dev/rust/sefer-alloc/crates/racy-ptr-cell)
   Compiling proc-probe v0.1.0 (/mnt/d/dev/rust/sefer-alloc/crates/proc-probe)
   Compiling malloc-bench-rs v0.1.0 (/mnt/d/dev/rust/sefer-alloc/crates/malloc-bench)
   Compiling sefer-alloc v0.3.0 (/mnt/d/dev/rust/sefer-alloc)
   Compiling rusty-fork v0.3.1
   Compiling criterion-plot v0.5.0
   Compiling clap v4.6.1
   Compiling regex v1.12.4
   Compiling proc-macro-error2 v2.0.1
   Compiling serde_derive v1.0.228
   Compiling zerocopy-derive v0.8.52
   Compiling derive_more-impl v2.1.1
   Compiling tokio-macros v2.7.0
   Compiling tokio v1.52.3
   Compiling derive_more v2.1.1
   Compiling mimalloc v0.1.52
   Compiling iai-callgrind-macros v0.5.1
   Compiling bincode v1.3.3
   Compiling tinytemplate v1.2.1
   Compiling ppv-lite86 v0.2.21
   Compiling half v2.7.1
   Compiling ciborium-ll v0.2.2
   Compiling rand_chacha v0.9.0
   Compiling ciborium v0.2.2
   Compiling proptest v1.11.0
   Compiling criterion v0.5.1
   Compiling globalalloc-model v0.1.0 (/mnt/d/dev/rust/sefer-alloc/crates/globalalloc-model)
    Finished `bench` profile [optimized] target(s) in 1m 28s
warning: the following packages contain code that will be rejected by a future version of Rust: proc-macro-error2 v2.0.1
note: to see what the problems were, use the option `--future-incompat-report`, or run `cargo report future-incompatibilities --id 1`
     Running benches/perf_gate_iai.rs (/tmp/sefer-iai/release/deps/perf_gate_iai-6d630a60091ef2a7)
perf_gate_iai::perf_gate::small_churn_16b
  Instructions:                        8051|N/A                  (*********)
  L1 Hits:                            10534|N/A                  (*********)
  L2 Hits:                              106|N/A                  (*********)
  RAM Hits:                             440|N/A                  (*********)
  Total read+write:                   11080|N/A                  (*********)
  Estimated Cycles:                   26464|N/A                  (*********)
perf_gate_iai::perf_gate::small_churn_16b_2n
  Instructions:                       12467|N/A                  (*********)
  L1 Hits:                            16038|N/A                  (*********)
  L2 Hits:                              106|N/A                  (*********)
  RAM Hits:                             440|N/A                  (*********)
  Total read+write:                   16584|N/A                  (*********)
  Estimated Cycles:                   31968|N/A                  (*********)
perf_gate_iai::perf_gate::dealloc_prealloc_only_16b
  Instructions:                        7003|N/A                  (*********)
  L1 Hits:                             9084|N/A                  (*********)
  L2 Hits:                               97|N/A                  (*********)
  RAM Hits:                             420|N/A                  (*********)
  Total read+write:                    9601|N/A                  (*********)
  Estimated Cycles:                   24269|N/A                  (*********)
perf_gate_iai::perf_gate::dealloc_free_only_16b
  Instructions:                       12923|N/A                  (*********)
  L1 Hits:                            16400|N/A                  (*********)
  L2 Hits:                               97|N/A                  (*********)
  RAM Hits:                             464|N/A                  (*********)
  Total read+write:                   16961|N/A                  (*********)
  Estimated Cycles:                   33125|N/A                  (*********)
perf_gate_iai::perf_gate::dealloc_contains_base_probe_only_16b
  Instructions:                        8104|N/A                  (*********)
  L1 Hits:                            10380|N/A                  (*********)
  L2 Hits:                               97|N/A                  (*********)
  RAM Hits:                             420|N/A                  (*********)
  Total read+write:                   10897|N/A                  (*********)
  Estimated Cycles:                   25565|N/A                  (*********)
perf_gate_iai::perf_gate::dealloc_segment_base_of_ptr_probe_only_16b
  Instructions:                        7581|N/A                  (*********)
  L1 Hits:                             9792|N/A                  (*********)
  L2 Hits:                               97|N/A                  (*********)
  RAM Hits:                             418|N/A                  (*********)
  Total read+write:                   10307|N/A                  (*********)
  Estimated Cycles:                   24907|N/A                  (*********)
perf_gate_iai::perf_gate::alloc_magazine_prefill_only_16b
  Instructions:                        7450|N/A                  (*********)
  L1 Hits:                             9764|N/A                  (*********)
  L2 Hits:                               96|N/A                  (*********)
  RAM Hits:                             421|N/A                  (*********)
  Total read+write:                   10281|N/A                  (*********)
  Estimated Cycles:                   24979|N/A                  (*********)
perf_gate_iai::perf_gate::alloc_magazine_hit_only_16b
  Instructions:                        7808|N/A                  (*********)
  L1 Hits:                            10200|N/A                  (*********)
  L2 Hits:                               96|N/A                  (*********)
  RAM Hits:                             424|N/A                  (*********)
  Total read+write:                   10720|N/A                  (*********)
  Estimated Cycles:                   25520|N/A                  (*********)
perf_gate_iai::perf_gate::dealloc_hash_contains_only_probe_16b
  Instructions:                        8349|N/A                  (*********)
  L1 Hits:                            10687|N/A                  (*********)
  L2 Hits:                               97|N/A                  (*********)
  RAM Hits:                             419|N/A                  (*********)
  Total read+write:                   11203|N/A                  (*********)
  Estimated Cycles:                   25837|N/A                  (*********)
perf_gate_iai::perf_gate::dealloc_own_thread_body_only_16b
  Instructions:                       12362|N/A                  (*********)
  L1 Hits:                            15779|N/A                  (*********)
  L2 Hits:                               97|N/A                  (*********)
  RAM Hits:                             462|N/A                  (*********)
  Total read+write:                   16338|N/A                  (*********)
  Estimated Cycles:                   32434|N/A                  (*********)
perf_gate_iai::perf_gate::dealloc_free_only_16b_n1
  Instructions:                        7058|N/A                  (*********)
  L1 Hits:                             9150|N/A                  (*********)
  L2 Hits:                               97|N/A                  (*********)
  RAM Hits:                             427|N/A                  (*********)
  Total read+write:                    9674|N/A                  (*********)
  Estimated Cycles:                   24580|N/A                  (*********)
perf_gate_iai::perf_gate::dealloc_free_only_16b_n8
  Instructions:                        7367|N/A                  (*********)
  L1 Hits:                             9538|N/A                  (*********)
  L2 Hits:                               97|N/A                  (*********)
  RAM Hits:                             426|N/A                  (*********)
  Total read+write:                   10061|N/A                  (*********)
  Estimated Cycles:                   24933|N/A                  (*********)
perf_gate_iai::perf_gate::dealloc_free_only_16b_n9
  Instructions:                        7410|N/A                  (*********)
  L1 Hits:                             9592|N/A                  (*********)
  L2 Hits:                               97|N/A                  (*********)
  RAM Hits:                             426|N/A                  (*********)
  Total read+write:                   10115|N/A                  (*********)
  Estimated Cycles:                   24987|N/A                  (*********)
perf_gate_iai::perf_gate::dealloc_free_only_16b_n16
  Instructions:                        7711|N/A                  (*********)
  L1 Hits:                             9969|N/A                  (*********)
  L2 Hits:                               97|N/A                  (*********)
  RAM Hits:                             427|N/A                  (*********)
  Total read+write:                   10493|N/A                  (*********)
  Estimated Cycles:                   25399|N/A                  (*********)
perf_gate_iai::perf_gate::dealloc_free_only_16b_n17
  Instructions:                        8282|N/A                  (*********)
  L1 Hits:                            10647|N/A                  (*********)
  L2 Hits:                               97|N/A                  (*********)
  RAM Hits:                             454|N/A                  (*********)
  Total read+write:                   11198|N/A                  (*********)
  Estimated Cycles:                   27022|N/A                  (*********)
perf_gate_iai::perf_gate::dealloc_free_only_16b_n32
  Instructions:                        9451|N/A                  (*********)
  L1 Hits:                            12099|N/A                  (*********)
  L2 Hits:                               98|N/A                  (*********)
  RAM Hits:                             456|N/A                  (*********)
  Total read+write:                   12653|N/A                  (*********)
  Estimated Cycles:                   28549|N/A                  (*********)
perf_gate_iai::perf_gate::dealloc_overflow_bitmap_clear_only_16b
  Instructions:                        7451|N/A                  (*********)
  L1 Hits:                             9637|N/A                  (*********)
  L2 Hits:                               97|N/A                  (*********)
  RAM Hits:                             429|N/A                  (*********)
  Total read+write:                   10163|N/A                  (*********)
  Estimated Cycles:                   25137|N/A                  (*********)
perf_gate_iai::perf_gate::carve_batch_only_16b
  Instructions:                       68284|N/A                  (*********)
  L1 Hits:                           133155|N/A                  (*********)
  L2 Hits:                              102|N/A                  (*********)
  RAM Hits:                            1048|N/A                  (*********)
  Total read+write:                  134305|N/A                  (*********)
  Estimated Cycles:                  170345|N/A                  (*********)
perf_gate_iai::perf_gate::carve_batch_only_16b_2n
  Instructions:                       74185|N/A                  (*********)
  L1 Hits:                           143180|N/A                  (*********)
  L2 Hits:                              104|N/A                  (*********)
  RAM Hits:                            1079|N/A                  (*********)
  Total read+write:                  144363|N/A                  (*********)
  Estimated Cycles:                  181465|N/A                  (*********)
perf_gate_iai::perf_gate::dealloc_batch_fresh_16_16b
  Instructions:                        4449|N/A                  (*********)
  L1 Hits:                             6047|N/A                  (*********)
  L2 Hits:                               97|N/A                  (*********)
  RAM Hits:                             431|N/A                  (*********)
  Total read+write:                    6575|N/A                  (*********)
  Estimated Cycles:                   21617|N/A                  (*********)
perf_gate_iai::perf_gate::dealloc_batch_fresh_64_16b
  Instructions:                       12692|N/A                  (*********)
  L1 Hits:                            16131|N/A                  (*********)
  L2 Hits:                               98|N/A                  (*********)
  RAM Hits:                             464|N/A                  (*********)
  Total read+write:                   16693|N/A                  (*********)
  Estimated Cycles:                   32861|N/A                  (*********)
perf_gate_iai::perf_gate::medium_class_dealloc_churn_16b
  Instructions:                        8051|N/A                  (*********)
  L1 Hits:                            10533|N/A                  (*********)
  L2 Hits:                              108|N/A                  (*********)
  RAM Hits:                             439|N/A                  (*********)
  Total read+write:                   11080|N/A                  (*********)
  Estimated Cycles:                   26438|N/A                  (*********)
perf_gate_iai::perf_gate::aligned_churn_640b_a128
  Instructions:                        7987|N/A                  (*********)
  L1 Hits:                            10468|N/A                  (*********)
  L2 Hits:                              109|N/A                  (*********)
  RAM Hits:                             439|N/A                  (*********)
  Total read+write:                   11016|N/A                  (*********)
  Estimated Cycles:                   26378|N/A                  (*********)
perf_gate_iai::perf_gate::large_alloc_free_cycle
  Instructions:                        3308|N/A                  (*********)
  L1 Hits:                             4748|N/A                  (*********)
  L2 Hits:                              108|N/A                  (*********)
  RAM Hits:                             441|N/A                  (*********)
  Total read+write:                    5297|N/A                  (*********)
  Estimated Cycles:                   20723|N/A                  (*********)
perf_gate_iai::perf_gate::realloc_grow
  Instructions:                      492690|N/A                  (*********)
  L1 Hits:                          1046834|N/A                  (*********)
  L2 Hits:                             3851|N/A                  (*********)
  RAM Hits:                           70323|N/A                  (*********)
  Total read+write:                 1121008|N/A                  (*********)
  Estimated Cycles:                 3527394|N/A                  (*********)
perf_gate_iai::perf_gate::cold_alloc_free_256x16b
  Instructions:                       50164|N/A                  (*********)
  L1 Hits:                            62183|N/A                  (*********)
  L2 Hits:                              107|N/A                  (*********)
  RAM Hits:                             559|N/A                  (*********)
  Total read+write:                   62849|N/A                  (*********)
  Estimated Cycles:                   82283|N/A                  (*********)
perf_gate_iai::perf_gate::cold_alloc_free_256x16b_2n
  Instructions:                      102353|N/A                  (*********)
  L1 Hits:                           129357|N/A                  (*********)
  L2 Hits:                              127|N/A                  (*********)
  RAM Hits:                             655|N/A                  (*********)
  Total read+write:                  130139|N/A                  (*********)
  Estimated Cycles:                  152917|N/A                  (*********)
perf_gate_iai::perf_gate::cold_alloc_free_256x16b_4n
  Instructions:                      202867|N/A                  (*********)
  L1 Hits:                           255865|N/A                  (*********)
  L2 Hits:                              179|N/A                  (*********)
  RAM Hits:                             850|N/A                  (*********)
  Total read+write:                  256894|N/A                  (*********)
  Estimated Cycles:                  286510|N/A                  (*********)
perf_gate_iai::perf_gate::cold_alloc_only_256x16b
  Instructions:                       22318|N/A                  (*********)
  L1 Hits:                            27679|N/A                  (*********)
  L2 Hits:                              107|N/A                  (*********)
  RAM Hits:                             464|N/A                  (*********)
  Total read+write:                   28250|N/A                  (*********)
  Estimated Cycles:                   44454|N/A                  (*********)
perf_gate_iai::perf_gate::cold_alloc_only_256x16b_2n
  Instructions:                       45627|N/A                  (*********)
  L1 Hits:                            59047|N/A                  (*********)
  L2 Hits:                              125|N/A                  (*********)
  RAM Hits:                             496|N/A                  (*********)
  Total read+write:                   59668|N/A                  (*********)
  Estimated Cycles:                   77032|N/A                  (*********)
perf_gate_iai::perf_gate::cold_alloc_only_256x16b_4n
  Instructions:                       88381|N/A                  (*********)
  L1 Hits:                           113939|N/A                  (*********)
  L2 Hits:                              178|N/A                  (*********)
  RAM Hits:                             562|N/A                  (*********)
  Total read+write:                  114679|N/A                  (*********)
  Estimated Cycles:                  134499|N/A                  (*********)
perf_gate_iai::perf_gate::cold_alloc_free_256x64b
  Instructions:                       50164|N/A                  (*********)
  L1 Hits:                            61999|N/A                  (*********)
  L2 Hits:                              109|N/A                  (*********)
  RAM Hits:                             741|N/A                  (*********)
  Total read+write:                   62849|N/A                  (*********)
  Estimated Cycles:                   88479|N/A                  (*********)
perf_gate_iai::perf_gate::recycle_alloc_free_256x16b
  Instructions:                       98343|N/A                  (*********)
  L1 Hits:                           121067|N/A                  (*********)
  L2 Hits:                               30|N/A                  (*********)
  RAM Hits:                             670|N/A                  (*********)
  Total read+write:                  121767|N/A                  (*********)
  Estimated Cycles:                  144667|N/A                  (*********)
perf_gate_iai::perf_gate::recycle_alloc_only_256x16b
  Instructions:                       70310|N/A                  (*********)
  L1 Hits:                            86198|N/A                  (*********)
  L2 Hits:                              108|N/A                  (*********)
  RAM Hits:                             565|N/A                  (*********)
  Total read+write:                   86871|N/A                  (*********)
  Estimated Cycles:                  106513|N/A                  (*********)
perf_gate_iai::perf_gate::recycle_alloc_free_256x64b
  Instructions:                       98343|N/A                  (*********)
  L1 Hits:                           120873|N/A                  (*********)
  L2 Hits:                               31|N/A                  (*********)
  RAM Hits:                             863|N/A                  (*********)
  Total read+write:                  121767|N/A                  (*********)
  Estimated Cycles:                  151233|N/A                  (*********)
perf_gate_iai::perf_gate::churn_256b
  Instructions:                        8051|N/A                  (*********)
  L1 Hits:                            10532|N/A                  (*********)
  L2 Hits:                              107|N/A                  (*********)
  RAM Hits:                             441|N/A                  (*********)
  Total read+write:                   11080|N/A                  (*********)
  Estimated Cycles:                   26502|N/A                  (*********)
perf_gate_iai::perf_gate::churn_write_256b
  Instructions:                        8307|N/A                  (*********)
  L1 Hits:                            10917|N/A                  (*********)
  L2 Hits:                              106|N/A                  (*********)
  RAM Hits:                             441|N/A                  (*********)
  Total read+write:                   11464|N/A                  (*********)
  Estimated Cycles:                   26882|N/A                  (*********)
perf_gate_iai::perf_gate::multiseg_cold_256k
  Instructions:                       25819|N/A                  (*********)
  L1 Hits:                            35019|N/A                  (*********)
  L2 Hits:                               40|N/A                  (*********)
  RAM Hits:                             742|N/A                  (*********)
  Total read+write:                   35801|N/A                  (*********)
  Estimated Cycles:                   61189|N/A                  (*********)
perf_gate_iai::perf_gate::seg_cycle_decommit_256k
  Instructions:                       62127|N/A                  (*********)
  L1 Hits:                            83771|N/A                  (*********)
  L2 Hits:                               94|N/A                  (*********)
  RAM Hits:                             742|N/A                  (*********)
  Total read+write:                   84607|N/A                  (*********)
  Estimated Cycles:                  110211|N/A                  (*********)
perf_gate_iai::perf_gate::mimalloc_small_churn_16b
  Instructions:                       16629|N/A                  (*********)
  L1 Hits:                            21431|N/A                  (*********)
  L2 Hits:                               68|N/A                  (*********)
  RAM Hits:                             499|N/A                  (*********)
  Total read+write:                   21998|N/A                  (*********)
  Estimated Cycles:                   39236|N/A                  (*********)
perf_gate_iai::perf_gate::mimalloc_small_churn_16b_2n
  Instructions:                       21557|N/A                  (*********)
  L1 Hits:                            27895|N/A                  (*********)
  L2 Hits:                               68|N/A                  (*********)
  RAM Hits:                             499|N/A                  (*********)
  Total read+write:                   28462|N/A                  (*********)
  Estimated Cycles:                   45700|N/A                  (*********)
perf_gate_iai::perf_gate::mimalloc_churn_256b
  Instructions:                       16130|N/A                  (*********)
  L1 Hits:                            20944|N/A                  (*********)
  L2 Hits:                               70|N/A                  (*********)
  RAM Hits:                             453|N/A                  (*********)
  Total read+write:                   21467|N/A                  (*********)
  Estimated Cycles:                   37149|N/A                  (*********)
perf_gate_iai::perf_gate::mimalloc_cold_alloc_free_256x16b
  Instructions:                       32325|N/A                  (*********)
  L1 Hits:                            41778|N/A                  (*********)
  L2 Hits:                               97|N/A                  (*********)
  RAM Hits:                             500|N/A                  (*********)
  Total read+write:                   42375|N/A                  (*********)
  Estimated Cycles:                   59763|N/A                  (*********)
perf_gate_iai::perf_gate::mimalloc_cold_alloc_free_256x16b_2n
  Instructions:                       58389|N/A                  (*********)
  L1 Hits:                            78271|N/A                  (*********)
  L2 Hits:                              141|N/A                  (*********)
  RAM Hits:                             579|N/A                  (*********)
  Total read+write:                   78991|N/A                  (*********)
  Estimated Cycles:                   99241|N/A                  (*********)
perf_gate_iai::perf_gate::mimalloc_cold_alloc_free_256x16b_4n
  Instructions:                      106653|N/A                  (*********)
  L1 Hits:                           143422|N/A                  (*********)
  L2 Hits:                              220|N/A                  (*********)
  RAM Hits:                             754|N/A                  (*********)
  Total read+write:                  144396|N/A                  (*********)
  Estimated Cycles:                  170912|N/A                  (*********)
perf_gate_iai::perf_gate::mimalloc_cold_alloc_only_256x16b
  Instructions:                       24584|N/A                  (*********)
  L1 Hits:                            30952|N/A                  (*********)
  L2 Hits:                               99|N/A                  (*********)
  RAM Hits:                             492|N/A                  (*********)
  Total read+write:                   31543|N/A                  (*********)
  Estimated Cycles:                   48667|N/A                  (*********)
perf_gate_iai::perf_gate::mimalloc_cold_alloc_only_256x16b_2n
  Instructions:                       42968|N/A                  (*********)
  L1 Hits:                            56690|N/A                  (*********)
  L2 Hits:                              146|N/A                  (*********)
  RAM Hits:                             571|N/A                  (*********)
  Total read+write:                   57407|N/A                  (*********)
  Estimated Cycles:                   77405|N/A                  (*********)
perf_gate_iai::perf_gate::mimalloc_cold_alloc_only_256x16b_4n
  Instructions:                       75872|N/A                  (*********)
  L1 Hits:                           100343|N/A                  (*********)
  L2 Hits:                              219|N/A                  (*********)
  RAM Hits:                             746|N/A                  (*********)
  Total read+write:                  101308|N/A                  (*********)
  Estimated Cycles:                  127548|N/A                  (*********)
perf_gate_iai::perf_gate::mimalloc_cold_alloc_free_256x64b
  Instructions:                       33329|N/A                  (*********)
  L1 Hits:                            42933|N/A                  (*********)
  L2 Hits:                              108|N/A                  (*********)
  RAM Hits:                             707|N/A                  (*********)
  Total read+write:                   43748|N/A                  (*********)
  Estimated Cycles:                   68218|N/A                  (*********)
perf_gate_iai::perf_gate::mimalloc_recycle_alloc_free_256x16b
  Instructions:                       53020|N/A                  (*********)
  L1 Hits:                            68682|N/A                  (*********)
  L2 Hits:                               98|N/A                  (*********)
  RAM Hits:                             503|N/A                  (*********)
  Total read+write:                   69283|N/A                  (*********)
  Estimated Cycles:                   86777|N/A                  (*********)
perf_gate_iai::perf_gate::mimalloc_recycle_alloc_free_256x64b
  Instructions:                       54024|N/A                  (*********)
  L1 Hits:                            69837|N/A                  (*********)
  L2 Hits:                              110|N/A                  (*********)
  RAM Hits:                             709|N/A                  (*********)
  Total read+write:                   70656|N/A                  (*********)
  Estimated Cycles:                   95202|N/A                  (*********)
perf_gate_iai::perf_gate::mimalloc_bootstrap_proxy
  Instructions:                       13050|N/A                  (*********)
  L1 Hits:                            16718|N/A                  (*********)
  L2 Hits:                               78|N/A                  (*********)
  RAM Hits:                             509|N/A                  (*********)
  Total read+write:                   17305|N/A                  (*********)
  Estimated Cycles:                   34923|N/A                  (*********)

Iai-Callgrind result: Ok. 52 without regressions; 0 regressed; 52 benchmarks finished in 27.5525s

  bench                                  Ir            L1            L2           RAM     EstCycles        Ir/op*
  ---------------------------  ------------  ------------  ------------  ------------  ------------  ------------
  small_churn_16b                     8,051        10,534           106           440        26,464          74.1
  small_churn_16b_2n                 12,467        16,038           106           440        31,968             -
  dealloc_batch_fresh_16_16b          4,449         6,047            97           431        21,617             -
  dealloc_batch_fresh_64_16b         12,692        16,131            98           464        32,861             -
  mimalloc_small_churn_16b           16,629        21,431            68           499        39,236          55.9
  mimalloc_small_churn_16b_2n        21,557        27,895            68           499        45,700             -

  * Ir/op = (Ir − B) / ops — marginal instruction count per operation, with
    the one-time process bootstrap subtracted. B is taken PER ARM: SeferAlloc
    rows use large_alloc_free_cycle (B=3,308); mimalloc_* rows use
    mimalloc_bootstrap_proxy (B=13,050) — the two allocators' bootstrap
    constants are never mixed (R22-15/task #366). Comparable across benches
    within the SAME arm; the honest unit for per-op thresholds (review finding
    F2). "-" = bootstrap proxy / no op-count / that arm's bootstrap bench absent.

  Sefer/mimalloc marginal Ir/op ratio (workload-matched pairs):

  workload          Sefer Ir/op      mi Ir/op         ratio
  ---------------  ------------  ------------  ------------
  small_churn_16b          74.1          55.9         1.326

  ratio = Sefer Ir/op ÷ mimalloc Ir/op — > 1.000 means SeferAlloc retires MORE
    instructions per op than mimalloc on that workload (i.e. mimalloc is
    cheaper in Ir); < 1.000 means the reverse. "-" when a pair's row is
    missing/filtered on either side.

[iai] PASS — 6 bench(es) produced Ir
