[paired-ab] --config has no "build" step; assuming arm commands are already built.

[paired-ab] before vs before — 20 pairs, A/B/B/A protocol
RESULT k=4
RESULT rotating_rounds=8192
RESULT table_count_at_floor=5
RESULT oracle1_pass=1
RESULT config_conflicts_delta=0
RESULT tier1_hits=0
RESULT tier1_misses=32768
RESULT tier1_total=32768
RESULT expected_total=32768
RESULT oracle2_pass=1
RESULT tier1_hit_rate_pct=0
RESULT churn_elapsed_ns=735000
RESULT ns_per_op=22.430419921875
OK k=4 rounds=8192 table_count=5 oracle1=PASS cfg_conflicts_delta=0 tier1_hits=0 tier1_misses=32768 hit_rate=0.00% oracle2=PASS ns_per_op=22.4
.RESULT k=4
RESULT rotating_rounds=8192
RESULT table_count_at_floor=5
RESULT oracle1_pass=1
RESULT config_conflicts_delta=0
RESULT tier1_hits=0
RESULT tier1_misses=32768
RESULT tier1_total=32768
RESULT expected_total=32768
RESULT oracle2_pass=1
RESULT tier1_hit_rate_pct=0
RESULT churn_elapsed_ns=916100
RESULT ns_per_op=27.9571533203125
OK k=4 rounds=8192 table_count=5 oracle1=PASS cfg_conflicts_delta=0 tier1_hits=0 tier1_misses=32768 hit_rate=0.00% oracle2=PASS ns_per_op=28.0
.RESULT k=4
RESULT rotating_rounds=8192
RESULT table_count_at_floor=5
RESULT oracle1_pass=1
RESULT config_conflicts_delta=0
RESULT tier1_hits=0
RESULT tier1_misses=32768
RESULT tier1_total=32768
RESULT expected_total=32768
RESULT oracle2_pass=1
RESULT tier1_hit_rate_pct=0
RESULT churn_elapsed_ns=771400
RESULT ns_per_op=23.541259765625
OK k=4 rounds=8192 table_count=5 oracle1=PASS cfg_conflicts_delta=0 tier1_hits=0 tier1_misses=32768 hit_rate=0.00% oracle2=PASS ns_per_op=23.5
.RESULT k=4
RESULT rotating_rounds=8192
RESULT table_count_at_floor=5
RESULT oracle1_pass=1
RESULT config_conflicts_delta=0
RESULT tier1_hits=0
RESULT tier1_misses=32768
RESULT tier1_total=32768
RESULT expected_total=32768
RESULT oracle2_pass=1
RESULT tier1_hit_rate_pct=0
RESULT churn_elapsed_ns=986200
RESULT ns_per_op=30.096435546875
OK k=4 rounds=8192 table_count=5 oracle1=PASS cfg_conflicts_delta=0 tier1_hits=0 tier1_misses=32768 hit_rate=0.00% oracle2=PASS ns_per_op=30.1
.RESULT k=4
RESULT rotating_rounds=8192
RESULT table_count_at_floor=5
RESULT oracle1_pass=1
RESULT config_conflicts_delta=0
RESULT tier1_hits=0
RESULT tier1_misses=32768
RESULT tier1_total=32768
RESULT expected_total=32768
RESULT oracle2_pass=1
RESULT tier1_hit_rate_pct=0
RESULT churn_elapsed_ns=881300
RESULT ns_per_op=26.8951416015625
OK k=4 rounds=8192 table_count=5 oracle1=PASS cfg_conflicts_delta=0 tier1_hits=0 tier1_misses=32768 hit_rate=0.00% oracle2=PASS ns_per_op=26.9
.RESULT k=4
RESULT rotating_rounds=8192
RESULT table_count_at_floor=5
RESULT oracle1_pass=1
RESULT config_conflicts_delta=0
RESULT tier1_hits=0
RESULT tier1_misses=32768
RESULT tier1_total=32768
RESULT expected_total=32768
RESULT oracle2_pass=1
RESULT tier1_hit_rate_pct=0
RESULT churn_elapsed_ns=893500
RESULT ns_per_op=27.2674560546875
OK k=4 rounds=8192 table_count=5 oracle1=PASS cfg_conflicts_delta=0 tier1_hits=0 tier1_misses=32768 hit_rate=0.00% oracle2=PASS ns_per_op=27.3
.RESULT k=4
RESULT rotating_rounds=8192
RESULT table_count_at_floor=5
RESULT oracle1_pass=1
RESULT config_conflicts_delta=0
RESULT tier1_hits=0
RESULT tier1_misses=32768
RESULT tier1_total=32768
RESULT expected_total=32768
RESULT oracle2_pass=1
RESULT tier1_hit_rate_pct=0
RESULT churn_elapsed_ns=921900
RESULT ns_per_op=28.1341552734375
OK k=4 rounds=8192 table_count=5 oracle1=PASS cfg_conflicts_delta=0 tier1_hits=0 tier1_misses=32768 hit_rate=0.00% oracle2=PASS ns_per_op=28.1
.RESULT k=4
RESULT rotating_rounds=8192
RESULT table_count_at_floor=5
RESULT oracle1_pass=1
RESULT config_conflicts_delta=0
RESULT tier1_hits=0
RESULT tier1_misses=32768
RESULT tier1_total=32768
RESULT expected_total=32768
RESULT oracle2_pass=1
RESULT tier1_hit_rate_pct=0
RESULT churn_elapsed_ns=929100
RESULT ns_per_op=28.3538818359375
OK k=4 rounds=8192 table_count=5 oracle1=PASS cfg_conflicts_delta=0 tier1_hits=0 tier1_misses=32768 hit_rate=0.00% oracle2=PASS ns_per_op=28.4
.RESULT k=4
RESULT rotating_rounds=8192
RESULT table_count_at_floor=5
RESULT oracle1_pass=1
RESULT config_conflicts_delta=0
RESULT tier1_hits=0
RESULT tier1_misses=32768
RESULT tier1_total=32768
RESULT expected_total=32768
RESULT oracle2_pass=1
RESULT tier1_hit_rate_pct=0
RESULT churn_elapsed_ns=915900
RESULT ns_per_op=27.9510498046875
OK k=4 rounds=8192 table_count=5 oracle1=PASS cfg_conflicts_delta=0 tier1_hits=0 tier1_misses=32768 hit_rate=0.00% oracle2=PASS ns_per_op=28.0
.RESULT k=4
RESULT rotating_rounds=8192
RESULT table_count_at_floor=5
RESULT oracle1_pass=1
RESULT config_conflicts_delta=0
RESULT tier1_hits=0
RESULT tier1_misses=32768
RESULT tier1_total=32768
RESULT expected_total=32768
RESULT oracle2_pass=1
RESULT tier1_hit_rate_pct=0
RESULT churn_elapsed_ns=616800
RESULT ns_per_op=18.8232421875
OK k=4 rounds=8192 table_count=5 oracle1=PASS cfg_conflicts_delta=0 tier1_hits=0 tier1_misses=32768 hit_rate=0.00% oracle2=PASS ns_per_op=18.8
.RESULT k=4
RESULT rotating_rounds=8192
RESULT table_count_at_floor=5
RESULT oracle1_pass=1
RESULT config_conflicts_delta=0
RESULT tier1_hits=0
RESULT tier1_misses=32768
RESULT tier1_total=32768
RESULT expected_total=32768
RESULT oracle2_pass=1
RESULT tier1_hit_rate_pct=0
RESULT churn_elapsed_ns=929400
RESULT ns_per_op=28.363037109375
OK k=4 rounds=8192 table_count=5 oracle1=PASS cfg_conflicts_delta=0 tier1_hits=0 tier1_misses=32768 hit_rate=0.00% oracle2=PASS ns_per_op=28.4
.RESULT k=4
RESULT rotating_rounds=8192
RESULT table_count_at_floor=5
RESULT oracle1_pass=1
RESULT config_conflicts_delta=0
RESULT tier1_hits=0
RESULT tier1_misses=32768
RESULT tier1_total=32768
RESULT expected_total=32768
RESULT oracle2_pass=1
RESULT tier1_hit_rate_pct=0
RESULT churn_elapsed_ns=597900
RESULT ns_per_op=18.2464599609375
OK k=4 rounds=8192 table_count=5 oracle1=PASS cfg_conflicts_delta=0 tier1_hits=0 tier1_misses=32768 hit_rate=0.00% oracle2=PASS ns_per_op=18.2
.RESULT k=4
RESULT rotating_rounds=8192
RESULT table_count_at_floor=5
RESULT oracle1_pass=1
RESULT config_conflicts_delta=0
RESULT tier1_hits=0
RESULT tier1_misses=32768
RESULT tier1_total=32768
RESULT expected_total=32768
RESULT oracle2_pass=1
RESULT tier1_hit_rate_pct=0
RESULT churn_elapsed_ns=966700
RESULT ns_per_op=29.5013427734375
OK k=4 rounds=8192 table_count=5 oracle1=PASS cfg_conflicts_delta=0 tier1_hits=0 tier1_misses=32768 hit_rate=0.00% oracle2=PASS ns_per_op=29.5
.RESULT k=4
RESULT rotating_rounds=8192
RESULT table_count_at_floor=5
RESULT oracle1_pass=1
RESULT config_conflicts_delta=0
RESULT tier1_hits=0
RESULT tier1_misses=32768
RESULT tier1_total=32768
RESULT expected_total=32768
RESULT oracle2_pass=1
RESULT tier1_hit_rate_pct=0
RESULT churn_elapsed_ns=901500
RESULT ns_per_op=27.5115966796875
OK k=4 rounds=8192 table_count=5 oracle1=PASS cfg_conflicts_delta=0 tier1_hits=0 tier1_misses=32768 hit_rate=0.00% oracle2=PASS ns_per_op=27.5
.RESULT k=4
RESULT rotating_rounds=8192
RESULT table_count_at_floor=5
RESULT oracle1_pass=1
RESULT config_conflicts_delta=0
RESULT tier1_hits=0
RESULT tier1_misses=32768
RESULT tier1_total=32768
RESULT expected_total=32768
RESULT oracle2_pass=1
RESULT tier1_hit_rate_pct=0
RESULT churn_elapsed_ns=917100
RESULT ns_per_op=27.9876708984375
OK k=4 rounds=8192 table_count=5 oracle1=PASS cfg_conflicts_delta=0 tier1_hits=0 tier1_misses=32768 hit_rate=0.00% oracle2=PASS ns_per_op=28.0
.RESULT k=4
RESULT rotating_rounds=8192
RESULT table_count_at_floor=5
RESULT oracle1_pass=1
RESULT config_conflicts_delta=0
RESULT tier1_hits=0
RESULT tier1_misses=32768
RESULT tier1_total=32768
RESULT expected_total=32768
RESULT oracle2_pass=1
RESULT tier1_hit_rate_pct=0
RESULT churn_elapsed_ns=929200
RESULT ns_per_op=28.35693359375
OK k=4 rounds=8192 table_count=5 oracle1=PASS cfg_conflicts_delta=0 tier1_hits=0 tier1_misses=32768 hit_rate=0.00% oracle2=PASS ns_per_op=28.4
.RESULT k=4
RESULT rotating_rounds=8192
RESULT table_count_at_floor=5
RESULT oracle1_pass=1
RESULT config_conflicts_delta=0
RESULT tier1_hits=0
RESULT tier1_misses=32768
RESULT tier1_total=32768
RESULT expected_total=32768
RESULT oracle2_pass=1
RESULT tier1_hit_rate_pct=0
RESULT churn_elapsed_ns=780400
RESULT ns_per_op=23.81591796875
OK k=4 rounds=8192 table_count=5 oracle1=PASS cfg_conflicts_delta=0 tier1_hits=0 tier1_misses=32768 hit_rate=0.00% oracle2=PASS ns_per_op=23.8
.RESULT k=4
RESULT rotating_rounds=8192
RESULT table_count_at_floor=5
RESULT oracle1_pass=1
RESULT config_conflicts_delta=0
RESULT tier1_hits=0
RESULT tier1_misses=32768
RESULT tier1_total=32768
RESULT expected_total=32768
RESULT oracle2_pass=1
RESULT tier1_hit_rate_pct=0
RESULT churn_elapsed_ns=658300
RESULT ns_per_op=20.0897216796875
OK k=4 rounds=8192 table_count=5 oracle1=PASS cfg_conflicts_delta=0 tier1_hits=0 tier1_misses=32768 hit_rate=0.00% oracle2=PASS ns_per_op=20.1
.RESULT k=4
RESULT rotating_rounds=8192
RESULT table_count_at_floor=5
RESULT oracle1_pass=1
RESULT config_conflicts_delta=0
RESULT tier1_hits=0
RESULT tier1_misses=32768
RESULT tier1_total=32768
RESULT expected_total=32768
RESULT oracle2_pass=1
RESULT tier1_hit_rate_pct=0
RESULT churn_elapsed_ns=610300
RESULT ns_per_op=18.6248779296875
OK k=4 rounds=8192 table_count=5 oracle1=PASS cfg_conflicts_delta=0 tier1_hits=0 tier1_misses=32768 hit_rate=0.00% oracle2=PASS ns_per_op=18.6
.RESULT k=4
RESULT rotating_rounds=8192
RESULT table_count_at_floor=5
RESULT oracle1_pass=1
RESULT config_conflicts_delta=0
RESULT tier1_hits=0
RESULT tier1_misses=32768
RESULT tier1_total=32768
RESULT expected_total=32768
RESULT oracle2_pass=1
RESULT tier1_hit_rate_pct=0
RESULT churn_elapsed_ns=629700
RESULT ns_per_op=19.2169189453125
OK k=4 rounds=8192 table_count=5 oracle1=PASS cfg_conflicts_delta=0 tier1_hits=0 tier1_misses=32768 hit_rate=0.00% oracle2=PASS ns_per_op=19.2
.RESULT k=4
RESULT rotating_rounds=8192
RESULT table_count_at_floor=5
RESULT oracle1_pass=1
RESULT config_conflicts_delta=0
RESULT tier1_hits=0
RESULT tier1_misses=32768
RESULT tier1_total=32768
RESULT expected_total=32768
RESULT oracle2_pass=1
RESULT tier1_hit_rate_pct=0
RESULT churn_elapsed_ns=893700
RESULT ns_per_op=27.2735595703125
OK k=4 rounds=8192 table_count=5 oracle1=PASS cfg_conflicts_delta=0 tier1_hits=0 tier1_misses=32768 hit_rate=0.00% oracle2=PASS ns_per_op=27.3
.RESULT k=4
RESULT rotating_rounds=8192
RESULT table_count_at_floor=5
RESULT oracle1_pass=1
RESULT config_conflicts_delta=0
RESULT tier1_hits=0
RESULT tier1_misses=32768
RESULT tier1_total=32768
RESULT expected_total=32768
RESULT oracle2_pass=1
RESULT tier1_hit_rate_pct=0
RESULT churn_elapsed_ns=961600
RESULT ns_per_op=29.345703125
OK k=4 rounds=8192 table_count=5 oracle1=PASS cfg_conflicts_delta=0 tier1_hits=0 tier1_misses=32768 hit_rate=0.00% oracle2=PASS ns_per_op=29.3
.RESULT k=4
RESULT rotating_rounds=8192
RESULT table_count_at_floor=5
RESULT oracle1_pass=1
RESULT config_conflicts_delta=0
RESULT tier1_hits=0
RESULT tier1_misses=32768
RESULT tier1_total=32768
RESULT expected_total=32768
RESULT oracle2_pass=1
RESULT tier1_hit_rate_pct=0
RESULT churn_elapsed_ns=959400
RESULT ns_per_op=29.278564453125
OK k=4 rounds=8192 table_count=5 oracle1=PASS cfg_conflicts_delta=0 tier1_hits=0 tier1_misses=32768 hit_rate=0.00% oracle2=PASS ns_per_op=29.3
.RESULT k=4
RESULT rotating_rounds=8192
RESULT table_count_at_floor=5
RESULT oracle1_pass=1
RESULT config_conflicts_delta=0
RESULT tier1_hits=0
RESULT tier1_misses=32768
RESULT tier1_total=32768
RESULT expected_total=32768
RESULT oracle2_pass=1
RESULT tier1_hit_rate_pct=0
RESULT churn_elapsed_ns=930800
RESULT ns_per_op=28.40576171875
OK k=4 rounds=8192 table_count=5 oracle1=PASS cfg_conflicts_delta=0 tier1_hits=0 tier1_misses=32768 hit_rate=0.00% oracle2=PASS ns_per_op=28.4
.RESULT k=4
RESULT rotating_rounds=8192
RESULT table_count_at_floor=5
RESULT oracle1_pass=1
RESULT config_conflicts_delta=0
RESULT tier1_hits=0
RESULT tier1_misses=32768
RESULT tier1_total=32768
RESULT expected_total=32768
RESULT oracle2_pass=1
RESULT tier1_hit_rate_pct=0
RESULT churn_elapsed_ns=905900
RESULT ns_per_op=27.6458740234375
OK k=4 rounds=8192 table_count=5 oracle1=PASS cfg_conflicts_delta=0 tier1_hits=0 tier1_misses=32768 hit_rate=0.00% oracle2=PASS ns_per_op=27.6
.RESULT k=4
RESULT rotating_rounds=8192
RESULT table_count_at_floor=5
RESULT oracle1_pass=1
RESULT config_conflicts_delta=0
RESULT tier1_hits=0
RESULT tier1_misses=32768
RESULT tier1_total=32768
RESULT expected_total=32768
RESULT oracle2_pass=1
RESULT tier1_hit_rate_pct=0
RESULT churn_elapsed_ns=863000
RESULT ns_per_op=26.336669921875
OK k=4 rounds=8192 table_count=5 oracle1=PASS cfg_conflicts_delta=0 tier1_hits=0 tier1_misses=32768 hit_rate=0.00% oracle2=PASS ns_per_op=26.3
.RESULT k=4
RESULT rotating_rounds=8192
RESULT table_count_at_floor=5
RESULT oracle1_pass=1
RESULT config_conflicts_delta=0
RESULT tier1_hits=0
RESULT tier1_misses=32768
RESULT tier1_total=32768
RESULT expected_total=32768
RESULT oracle2_pass=1
RESULT tier1_hit_rate_pct=0
RESULT churn_elapsed_ns=950800
RESULT ns_per_op=29.01611328125
OK k=4 rounds=8192 table_count=5 oracle1=PASS cfg_conflicts_delta=0 tier1_hits=0 tier1_misses=32768 hit_rate=0.00% oracle2=PASS ns_per_op=29.0
.RESULT k=4
RESULT rotating_rounds=8192
RESULT table_count_at_floor=5
RESULT oracle1_pass=1
RESULT config_conflicts_delta=0
RESULT tier1_hits=0
RESULT tier1_misses=32768
RESULT tier1_total=32768
RESULT expected_total=32768
RESULT oracle2_pass=1
RESULT tier1_hit_rate_pct=0
RESULT churn_elapsed_ns=974900
RESULT ns_per_op=29.7515869140625
OK k=4 rounds=8192 table_count=5 oracle1=PASS cfg_conflicts_delta=0 tier1_hits=0 tier1_misses=32768 hit_rate=0.00% oracle2=PASS ns_per_op=29.8
.RESULT k=4
RESULT rotating_rounds=8192
RESULT table_count_at_floor=5
RESULT oracle1_pass=1
RESULT config_conflicts_delta=0
RESULT tier1_hits=0
RESULT tier1_misses=32768
RESULT tier1_total=32768
RESULT expected_total=32768
RESULT oracle2_pass=1
RESULT tier1_hit_rate_pct=0
RESULT churn_elapsed_ns=979200
RESULT ns_per_op=29.8828125
OK k=4 rounds=8192 table_count=5 oracle1=PASS cfg_conflicts_delta=0 tier1_hits=0 tier1_misses=32768 hit_rate=0.00% oracle2=PASS ns_per_op=29.9
.RESULT k=4
RESULT rotating_rounds=8192
RESULT table_count_at_floor=5
RESULT oracle1_pass=1
RESULT config_conflicts_delta=0
RESULT tier1_hits=0
RESULT tier1_misses=32768
RESULT tier1_total=32768
RESULT expected_total=32768
RESULT oracle2_pass=1
RESULT tier1_hit_rate_pct=0
RESULT churn_elapsed_ns=940100
RESULT ns_per_op=28.6895751953125
OK k=4 rounds=8192 table_count=5 oracle1=PASS cfg_conflicts_delta=0 tier1_hits=0 tier1_misses=32768 hit_rate=0.00% oracle2=PASS ns_per_op=28.7
.RESULT k=4
RESULT rotating_rounds=8192
RESULT table_count_at_floor=5
RESULT oracle1_pass=1
RESULT config_conflicts_delta=0
RESULT tier1_hits=0
RESULT tier1_misses=32768
RESULT tier1_total=32768
RESULT expected_total=32768
RESULT oracle2_pass=1
RESULT tier1_hit_rate_pct=0
RESULT churn_elapsed_ns=844600
RESULT ns_per_op=25.775146484375
OK k=4 rounds=8192 table_count=5 oracle1=PASS cfg_conflicts_delta=0 tier1_hits=0 tier1_misses=32768 hit_rate=0.00% oracle2=PASS ns_per_op=25.8
.RESULT k=4
RESULT rotating_rounds=8192
RESULT table_count_at_floor=5
RESULT oracle1_pass=1
RESULT config_conflicts_delta=0
RESULT tier1_hits=0
RESULT tier1_misses=32768
RESULT tier1_total=32768
RESULT expected_total=32768
RESULT oracle2_pass=1
RESULT tier1_hit_rate_pct=0
RESULT churn_elapsed_ns=953700
RESULT ns_per_op=29.1046142578125
OK k=4 rounds=8192 table_count=5 oracle1=PASS cfg_conflicts_delta=0 tier1_hits=0 tier1_misses=32768 hit_rate=0.00% oracle2=PASS ns_per_op=29.1
.RESULT k=4
RESULT rotating_rounds=8192
RESULT table_count_at_floor=5
RESULT oracle1_pass=1
RESULT config_conflicts_delta=0
RESULT tier1_hits=0
RESULT tier1_misses=32768
RESULT tier1_total=32768
RESULT expected_total=32768
RESULT oracle2_pass=1
RESULT tier1_hit_rate_pct=0
RESULT churn_elapsed_ns=934000
RESULT ns_per_op=28.50341796875
OK k=4 rounds=8192 table_count=5 oracle1=PASS cfg_conflicts_delta=0 tier1_hits=0 tier1_misses=32768 hit_rate=0.00% oracle2=PASS ns_per_op=28.5
.RESULT k=4
RESULT rotating_rounds=8192
RESULT table_count_at_floor=5
RESULT oracle1_pass=1
RESULT config_conflicts_delta=0
RESULT tier1_hits=0
RESULT tier1_misses=32768
RESULT tier1_total=32768
RESULT expected_total=32768
RESULT oracle2_pass=1
RESULT tier1_hit_rate_pct=0
RESULT churn_elapsed_ns=925200
RESULT ns_per_op=28.23486328125
OK k=4 rounds=8192 table_count=5 oracle1=PASS cfg_conflicts_delta=0 tier1_hits=0 tier1_misses=32768 hit_rate=0.00% oracle2=PASS ns_per_op=28.2
.RESULT k=4
RESULT rotating_rounds=8192
RESULT table_count_at_floor=5
RESULT oracle1_pass=1
RESULT config_conflicts_delta=0
RESULT tier1_hits=0
RESULT tier1_misses=32768
RESULT tier1_total=32768
RESULT expected_total=32768
RESULT oracle2_pass=1
RESULT tier1_hit_rate_pct=0
RESULT churn_elapsed_ns=865100
RESULT ns_per_op=26.4007568359375
OK k=4 rounds=8192 table_count=5 oracle1=PASS cfg_conflicts_delta=0 tier1_hits=0 tier1_misses=32768 hit_rate=0.00% oracle2=PASS ns_per_op=26.4
.RESULT k=4
RESULT rotating_rounds=8192
RESULT table_count_at_floor=5
RESULT oracle1_pass=1
RESULT config_conflicts_delta=0
RESULT tier1_hits=0
RESULT tier1_misses=32768
RESULT tier1_total=32768
RESULT expected_total=32768
RESULT oracle2_pass=1
RESULT tier1_hit_rate_pct=0
RESULT churn_elapsed_ns=908800
RESULT ns_per_op=27.734375
OK k=4 rounds=8192 table_count=5 oracle1=PASS cfg_conflicts_delta=0 tier1_hits=0 tier1_misses=32768 hit_rate=0.00% oracle2=PASS ns_per_op=27.7
.RESULT k=4
RESULT rotating_rounds=8192
RESULT table_count_at_floor=5
RESULT oracle1_pass=1
RESULT config_conflicts_delta=0
RESULT tier1_hits=0
RESULT tier1_misses=32768
RESULT tier1_total=32768
RESULT expected_total=32768
RESULT oracle2_pass=1
RESULT tier1_hit_rate_pct=0
RESULT churn_elapsed_ns=847200
RESULT ns_per_op=25.8544921875
OK k=4 rounds=8192 table_count=5 oracle1=PASS cfg_conflicts_delta=0 tier1_hits=0 tier1_misses=32768 hit_rate=0.00% oracle2=PASS ns_per_op=25.9
.RESULT k=4
RESULT rotating_rounds=8192
RESULT table_count_at_floor=5
RESULT oracle1_pass=1
RESULT config_conflicts_delta=0
RESULT tier1_hits=0
RESULT tier1_misses=32768
RESULT tier1_total=32768
RESULT expected_total=32768
RESULT oracle2_pass=1
RESULT tier1_hit_rate_pct=0
RESULT churn_elapsed_ns=943100
RESULT ns_per_op=28.7811279296875
OK k=4 rounds=8192 table_count=5 oracle1=PASS cfg_conflicts_delta=0 tier1_hits=0 tier1_misses=32768 hit_rate=0.00% oracle2=PASS ns_per_op=28.8
.RESULT k=4
RESULT rotating_rounds=8192
RESULT table_count_at_floor=5
RESULT oracle1_pass=1
RESULT config_conflicts_delta=0
RESULT tier1_hits=0
RESULT tier1_misses=32768
RESULT tier1_total=32768
RESULT expected_total=32768
RESULT oracle2_pass=1
RESULT tier1_hit_rate_pct=0
RESULT churn_elapsed_ns=934000
RESULT ns_per_op=28.50341796875
OK k=4 rounds=8192 table_count=5 oracle1=PASS cfg_conflicts_delta=0 tier1_hits=0 tier1_misses=32768 hit_rate=0.00% oracle2=PASS ns_per_op=28.5
.RESULT k=4
RESULT rotating_rounds=8192
RESULT table_count_at_floor=5
RESULT oracle1_pass=1
RESULT config_conflicts_delta=0
RESULT tier1_hits=0
RESULT tier1_misses=32768
RESULT tier1_total=32768
RESULT expected_total=32768
RESULT oracle2_pass=1
RESULT tier1_hit_rate_pct=0
RESULT churn_elapsed_ns=640700
RESULT ns_per_op=19.5526123046875
OK k=4 rounds=8192 table_count=5 oracle1=PASS cfg_conflicts_delta=0 tier1_hits=0 tier1_misses=32768 hit_rate=0.00% oracle2=PASS ns_per_op=19.6
.RESULT k=4
RESULT rotating_rounds=8192
RESULT table_count_at_floor=5
RESULT oracle1_pass=1
RESULT config_conflicts_delta=0
RESULT tier1_hits=0
RESULT tier1_misses=32768
RESULT tier1_total=32768
RESULT expected_total=32768
RESULT oracle2_pass=1
RESULT tier1_hit_rate_pct=0
RESULT churn_elapsed_ns=858800
RESULT ns_per_op=26.20849609375
OK k=4 rounds=8192 table_count=5 oracle1=PASS cfg_conflicts_delta=0 tier1_hits=0 tier1_misses=32768 hit_rate=0.00% oracle2=PASS ns_per_op=26.2
.RESULT k=4
RESULT rotating_rounds=8192
RESULT table_count_at_floor=5
RESULT oracle1_pass=1
RESULT config_conflicts_delta=0
RESULT tier1_hits=0
RESULT tier1_misses=32768
RESULT tier1_total=32768
RESULT expected_total=32768
RESULT oracle2_pass=1
RESULT tier1_hit_rate_pct=0
RESULT churn_elapsed_ns=909800
RESULT ns_per_op=27.764892578125
OK k=4 rounds=8192 table_count=5 oracle1=PASS cfg_conflicts_delta=0 tier1_hits=0 tier1_misses=32768 hit_rate=0.00% oracle2=PASS ns_per_op=27.8
.RESULT k=4
RESULT rotating_rounds=8192
RESULT table_count_at_floor=5
RESULT oracle1_pass=1
RESULT config_conflicts_delta=0
RESULT tier1_hits=0
RESULT tier1_misses=32768
RESULT tier1_total=32768
RESULT expected_total=32768
RESULT oracle2_pass=1
RESULT tier1_hit_rate_pct=0
RESULT churn_elapsed_ns=920000
RESULT ns_per_op=28.076171875
OK k=4 rounds=8192 table_count=5 oracle1=PASS cfg_conflicts_delta=0 tier1_hits=0 tier1_misses=32768 hit_rate=0.00% oracle2=PASS ns_per_op=28.1
.RESULT k=4
RESULT rotating_rounds=8192
RESULT table_count_at_floor=5
RESULT oracle1_pass=1
RESULT config_conflicts_delta=0
RESULT tier1_hits=0
RESULT tier1_misses=32768
RESULT tier1_total=32768
RESULT expected_total=32768
RESULT oracle2_pass=1
RESULT tier1_hit_rate_pct=0
RESULT churn_elapsed_ns=1017800
RESULT ns_per_op=31.060791015625
OK k=4 rounds=8192 table_count=5 oracle1=PASS cfg_conflicts_delta=0 tier1_hits=0 tier1_misses=32768 hit_rate=0.00% oracle2=PASS ns_per_op=31.1
.RESULT k=4
RESULT rotating_rounds=8192
RESULT table_count_at_floor=5
RESULT oracle1_pass=1
RESULT config_conflicts_delta=0
RESULT tier1_hits=0
RESULT tier1_misses=32768
RESULT tier1_total=32768
RESULT expected_total=32768
RESULT oracle2_pass=1
RESULT tier1_hit_rate_pct=0
RESULT churn_elapsed_ns=617600
RESULT ns_per_op=18.84765625
OK k=4 rounds=8192 table_count=5 oracle1=PASS cfg_conflicts_delta=0 tier1_hits=0 tier1_misses=32768 hit_rate=0.00% oracle2=PASS ns_per_op=18.8
.RESULT k=4
RESULT rotating_rounds=8192
RESULT table_count_at_floor=5
RESULT oracle1_pass=1
RESULT config_conflicts_delta=0
RESULT tier1_hits=0
RESULT tier1_misses=32768
RESULT tier1_total=32768
RESULT expected_total=32768
RESULT oracle2_pass=1
RESULT tier1_hit_rate_pct=0
RESULT churn_elapsed_ns=917200
RESULT ns_per_op=27.99072265625
OK k=4 rounds=8192 table_count=5 oracle1=PASS cfg_conflicts_delta=0 tier1_hits=0 tier1_misses=32768 hit_rate=0.00% oracle2=PASS ns_per_op=28.0
.RESULT k=4
RESULT rotating_rounds=8192
RESULT table_count_at_floor=5
RESULT oracle1_pass=1
RESULT config_conflicts_delta=0
RESULT tier1_hits=0
RESULT tier1_misses=32768
RESULT tier1_total=32768
RESULT expected_total=32768
RESULT oracle2_pass=1
RESULT tier1_hit_rate_pct=0
RESULT churn_elapsed_ns=961000
RESULT ns_per_op=29.327392578125
OK k=4 rounds=8192 table_count=5 oracle1=PASS cfg_conflicts_delta=0 tier1_hits=0 tier1_misses=32768 hit_rate=0.00% oracle2=PASS ns_per_op=29.3
.RESULT k=4
RESULT rotating_rounds=8192
RESULT table_count_at_floor=5
RESULT oracle1_pass=1
RESULT config_conflicts_delta=0
RESULT tier1_hits=0
RESULT tier1_misses=32768
RESULT tier1_total=32768
RESULT expected_total=32768
RESULT oracle2_pass=1
RESULT tier1_hit_rate_pct=0
RESULT churn_elapsed_ns=787300
RESULT ns_per_op=24.0264892578125
OK k=4 rounds=8192 table_count=5 oracle1=PASS cfg_conflicts_delta=0 tier1_hits=0 tier1_misses=32768 hit_rate=0.00% oracle2=PASS ns_per_op=24.0
.RESULT k=4
RESULT rotating_rounds=8192
RESULT table_count_at_floor=5
RESULT oracle1_pass=1
RESULT config_conflicts_delta=0
RESULT tier1_hits=0
RESULT tier1_misses=32768
RESULT tier1_total=32768
RESULT expected_total=32768
RESULT oracle2_pass=1
RESULT tier1_hit_rate_pct=0
RESULT churn_elapsed_ns=933300
RESULT ns_per_op=28.4820556640625
OK k=4 rounds=8192 table_count=5 oracle1=PASS cfg_conflicts_delta=0 tier1_hits=0 tier1_misses=32768 hit_rate=0.00% oracle2=PASS ns_per_op=28.5
.RESULT k=4
RESULT rotating_rounds=8192
RESULT table_count_at_floor=5
RESULT oracle1_pass=1
RESULT config_conflicts_delta=0
RESULT tier1_hits=0
RESULT tier1_misses=32768
RESULT tier1_total=32768
RESULT expected_total=32768
RESULT oracle2_pass=1
RESULT tier1_hit_rate_pct=0
RESULT churn_elapsed_ns=905900
RESULT ns_per_op=27.6458740234375
OK k=4 rounds=8192 table_count=5 oracle1=PASS cfg_conflicts_delta=0 tier1_hits=0 tier1_misses=32768 hit_rate=0.00% oracle2=PASS ns_per_op=27.6
.RESULT k=4
RESULT rotating_rounds=8192
RESULT table_count_at_floor=5
RESULT oracle1_pass=1
RESULT config_conflicts_delta=0
RESULT tier1_hits=0
RESULT tier1_misses=32768
RESULT tier1_total=32768
RESULT expected_total=32768
RESULT oracle2_pass=1
RESULT tier1_hit_rate_pct=0
RESULT churn_elapsed_ns=657900
RESULT ns_per_op=20.0775146484375
OK k=4 rounds=8192 table_count=5 oracle1=PASS cfg_conflicts_delta=0 tier1_hits=0 tier1_misses=32768 hit_rate=0.00% oracle2=PASS ns_per_op=20.1
.RESULT k=4
RESULT rotating_rounds=8192
RESULT table_count_at_floor=5
RESULT oracle1_pass=1
RESULT config_conflicts_delta=0
RESULT tier1_hits=0
RESULT tier1_misses=32768
RESULT tier1_total=32768
RESULT expected_total=32768
RESULT oracle2_pass=1
RESULT tier1_hit_rate_pct=0
RESULT churn_elapsed_ns=828500
RESULT ns_per_op=25.2838134765625
OK k=4 rounds=8192 table_count=5 oracle1=PASS cfg_conflicts_delta=0 tier1_hits=0 tier1_misses=32768 hit_rate=0.00% oracle2=PASS ns_per_op=25.3
.RESULT k=4
RESULT rotating_rounds=8192
RESULT table_count_at_floor=5
RESULT oracle1_pass=1
RESULT config_conflicts_delta=0
RESULT tier1_hits=0
RESULT tier1_misses=32768
RESULT tier1_total=32768
RESULT expected_total=32768
RESULT oracle2_pass=1
RESULT tier1_hit_rate_pct=0
RESULT churn_elapsed_ns=904000
RESULT ns_per_op=27.587890625
OK k=4 rounds=8192 table_count=5 oracle1=PASS cfg_conflicts_delta=0 tier1_hits=0 tier1_misses=32768 hit_rate=0.00% oracle2=PASS ns_per_op=27.6
.RESULT k=4
RESULT rotating_rounds=8192
RESULT table_count_at_floor=5
RESULT oracle1_pass=1
RESULT config_conflicts_delta=0
RESULT tier1_hits=0
RESULT tier1_misses=32768
RESULT tier1_total=32768
RESULT expected_total=32768
RESULT oracle2_pass=1
RESULT tier1_hit_rate_pct=0
RESULT churn_elapsed_ns=815000
RESULT ns_per_op=24.871826171875
OK k=4 rounds=8192 table_count=5 oracle1=PASS cfg_conflicts_delta=0 tier1_hits=0 tier1_misses=32768 hit_rate=0.00% oracle2=PASS ns_per_op=24.9
.RESULT k=4
RESULT rotating_rounds=8192
RESULT table_count_at_floor=5
RESULT oracle1_pass=1
RESULT config_conflicts_delta=0
RESULT tier1_hits=0
RESULT tier1_misses=32768
RESULT tier1_total=32768
RESULT expected_total=32768
RESULT oracle2_pass=1
RESULT tier1_hit_rate_pct=0
RESULT churn_elapsed_ns=1027900
RESULT ns_per_op=31.3690185546875
OK k=4 rounds=8192 table_count=5 oracle1=PASS cfg_conflicts_delta=0 tier1_hits=0 tier1_misses=32768 hit_rate=0.00% oracle2=PASS ns_per_op=31.4
.RESULT k=4
RESULT rotating_rounds=8192
RESULT table_count_at_floor=5
RESULT oracle1_pass=1
RESULT config_conflicts_delta=0
RESULT tier1_hits=0
RESULT tier1_misses=32768
RESULT tier1_total=32768
RESULT expected_total=32768
RESULT oracle2_pass=1
RESULT tier1_hit_rate_pct=0
RESULT churn_elapsed_ns=907200
RESULT ns_per_op=27.685546875
OK k=4 rounds=8192 table_count=5 oracle1=PASS cfg_conflicts_delta=0 tier1_hits=0 tier1_misses=32768 hit_rate=0.00% oracle2=PASS ns_per_op=27.7
.RESULT k=4
RESULT rotating_rounds=8192
RESULT table_count_at_floor=5
RESULT oracle1_pass=1
RESULT config_conflicts_delta=0
RESULT tier1_hits=0
RESULT tier1_misses=32768
RESULT tier1_total=32768
RESULT expected_total=32768
RESULT oracle2_pass=1
RESULT tier1_hit_rate_pct=0
RESULT churn_elapsed_ns=927900
RESULT ns_per_op=28.3172607421875
OK k=4 rounds=8192 table_count=5 oracle1=PASS cfg_conflicts_delta=0 tier1_hits=0 tier1_misses=32768 hit_rate=0.00% oracle2=PASS ns_per_op=28.3
.RESULT k=4
RESULT rotating_rounds=8192
RESULT table_count_at_floor=5
RESULT oracle1_pass=1
RESULT config_conflicts_delta=0
RESULT tier1_hits=0
RESULT tier1_misses=32768
RESULT tier1_total=32768
RESULT expected_total=32768
RESULT oracle2_pass=1
RESULT tier1_hit_rate_pct=0
RESULT churn_elapsed_ns=928400
RESULT ns_per_op=28.33251953125
OK k=4 rounds=8192 table_count=5 oracle1=PASS cfg_conflicts_delta=0 tier1_hits=0 tier1_misses=32768 hit_rate=0.00% oracle2=PASS ns_per_op=28.3
.RESULT k=4
RESULT rotating_rounds=8192
RESULT table_count_at_floor=5
RESULT oracle1_pass=1
RESULT config_conflicts_delta=0
RESULT tier1_hits=0
RESULT tier1_misses=32768
RESULT tier1_total=32768
RESULT expected_total=32768
RESULT oracle2_pass=1
RESULT tier1_hit_rate_pct=0
RESULT churn_elapsed_ns=934300
RESULT ns_per_op=28.5125732421875
OK k=4 rounds=8192 table_count=5 oracle1=PASS cfg_conflicts_delta=0 tier1_hits=0 tier1_misses=32768 hit_rate=0.00% oracle2=PASS ns_per_op=28.5
.RESULT k=4
RESULT rotating_rounds=8192
RESULT table_count_at_floor=5
RESULT oracle1_pass=1
RESULT config_conflicts_delta=0
RESULT tier1_hits=0
RESULT tier1_misses=32768
RESULT tier1_total=32768
RESULT expected_total=32768
RESULT oracle2_pass=1
RESULT tier1_hit_rate_pct=0
RESULT churn_elapsed_ns=908100
RESULT ns_per_op=27.7130126953125
OK k=4 rounds=8192 table_count=5 oracle1=PASS cfg_conflicts_delta=0 tier1_hits=0 tier1_misses=32768 hit_rate=0.00% oracle2=PASS ns_per_op=27.7
.RESULT k=4
RESULT rotating_rounds=8192
RESULT table_count_at_floor=5
RESULT oracle1_pass=1
RESULT config_conflicts_delta=0
RESULT tier1_hits=0
RESULT tier1_misses=32768
RESULT tier1_total=32768
RESULT expected_total=32768
RESULT oracle2_pass=1
RESULT tier1_hit_rate_pct=0
RESULT churn_elapsed_ns=850300
RESULT ns_per_op=25.9490966796875
OK k=4 rounds=8192 table_count=5 oracle1=PASS cfg_conflicts_delta=0 tier1_hits=0 tier1_misses=32768 hit_rate=0.00% oracle2=PASS ns_per_op=25.9
.RESULT k=4
RESULT rotating_rounds=8192
RESULT table_count_at_floor=5
RESULT oracle1_pass=1
RESULT config_conflicts_delta=0
RESULT tier1_hits=0
RESULT tier1_misses=32768
RESULT tier1_total=32768
RESULT expected_total=32768
RESULT oracle2_pass=1
RESULT tier1_hit_rate_pct=0
RESULT churn_elapsed_ns=951000
RESULT ns_per_op=29.022216796875
OK k=4 rounds=8192 table_count=5 oracle1=PASS cfg_conflicts_delta=0 tier1_hits=0 tier1_misses=32768 hit_rate=0.00% oracle2=PASS ns_per_op=29.0
.RESULT k=4
RESULT rotating_rounds=8192
RESULT table_count_at_floor=5
RESULT oracle1_pass=1
RESULT config_conflicts_delta=0
RESULT tier1_hits=0
RESULT tier1_misses=32768
RESULT tier1_total=32768
RESULT expected_total=32768
RESULT oracle2_pass=1
RESULT tier1_hit_rate_pct=0
RESULT churn_elapsed_ns=900100
RESULT ns_per_op=27.4688720703125
OK k=4 rounds=8192 table_count=5 oracle1=PASS cfg_conflicts_delta=0 tier1_hits=0 tier1_misses=32768 hit_rate=0.00% oracle2=PASS ns_per_op=27.5
.RESULT k=4
RESULT rotating_rounds=8192
RESULT table_count_at_floor=5
RESULT oracle1_pass=1
RESULT config_conflicts_delta=0
RESULT tier1_hits=0
RESULT tier1_misses=32768
RESULT tier1_total=32768
RESULT expected_total=32768
RESULT oracle2_pass=1
RESULT tier1_hit_rate_pct=0
RESULT churn_elapsed_ns=939900
RESULT ns_per_op=28.6834716796875
OK k=4 rounds=8192 table_count=5 oracle1=PASS cfg_conflicts_delta=0 tier1_hits=0 tier1_misses=32768 hit_rate=0.00% oracle2=PASS ns_per_op=28.7
.RESULT k=4
RESULT rotating_rounds=8192
RESULT table_count_at_floor=5
RESULT oracle1_pass=1
RESULT config_conflicts_delta=0
RESULT tier1_hits=0
RESULT tier1_misses=32768
RESULT tier1_total=32768
RESULT expected_total=32768
RESULT oracle2_pass=1
RESULT tier1_hit_rate_pct=0
RESULT churn_elapsed_ns=935700
RESULT ns_per_op=28.5552978515625
OK k=4 rounds=8192 table_count=5 oracle1=PASS cfg_conflicts_delta=0 tier1_hits=0 tier1_misses=32768 hit_rate=0.00% oracle2=PASS ns_per_op=28.6
.RESULT k=4
RESULT rotating_rounds=8192
RESULT table_count_at_floor=5
RESULT oracle1_pass=1
RESULT config_conflicts_delta=0
RESULT tier1_hits=0
RESULT tier1_misses=32768
RESULT tier1_total=32768
RESULT expected_total=32768
RESULT oracle2_pass=1
RESULT tier1_hit_rate_pct=0
RESULT churn_elapsed_ns=916500
RESULT ns_per_op=27.9693603515625
OK k=4 rounds=8192 table_count=5 oracle1=PASS cfg_conflicts_delta=0 tier1_hits=0 tier1_misses=32768 hit_rate=0.00% oracle2=PASS ns_per_op=28.0
.RESULT k=4
RESULT rotating_rounds=8192
RESULT table_count_at_floor=5
RESULT oracle1_pass=1
RESULT config_conflicts_delta=0
RESULT tier1_hits=0
RESULT tier1_misses=32768
RESULT tier1_total=32768
RESULT expected_total=32768
RESULT oracle2_pass=1
RESULT tier1_hit_rate_pct=0
RESULT churn_elapsed_ns=939800
RESULT ns_per_op=28.680419921875
OK k=4 rounds=8192 table_count=5 oracle1=PASS cfg_conflicts_delta=0 tier1_hits=0 tier1_misses=32768 hit_rate=0.00% oracle2=PASS ns_per_op=28.7
.RESULT k=4
RESULT rotating_rounds=8192
RESULT table_count_at_floor=5
RESULT oracle1_pass=1
RESULT config_conflicts_delta=0
RESULT tier1_hits=0
RESULT tier1_misses=32768
RESULT tier1_total=32768
RESULT expected_total=32768
RESULT oracle2_pass=1
RESULT tier1_hit_rate_pct=0
RESULT churn_elapsed_ns=905700
RESULT ns_per_op=27.6397705078125
OK k=4 rounds=8192 table_count=5 oracle1=PASS cfg_conflicts_delta=0 tier1_hits=0 tier1_misses=32768 hit_rate=0.00% oracle2=PASS ns_per_op=27.6
.RESULT k=4
RESULT rotating_rounds=8192
RESULT table_count_at_floor=5
RESULT oracle1_pass=1
RESULT config_conflicts_delta=0
RESULT tier1_hits=0
RESULT tier1_misses=32768
RESULT tier1_total=32768
RESULT expected_total=32768
RESULT oracle2_pass=1
RESULT tier1_hit_rate_pct=0
RESULT churn_elapsed_ns=925300
RESULT ns_per_op=28.2379150390625
OK k=4 rounds=8192 table_count=5 oracle1=PASS cfg_conflicts_delta=0 tier1_hits=0 tier1_misses=32768 hit_rate=0.00% oracle2=PASS ns_per_op=28.2
.RESULT k=4
RESULT rotating_rounds=8192
RESULT table_count_at_floor=5
RESULT oracle1_pass=1
RESULT config_conflicts_delta=0
RESULT tier1_hits=0
RESULT tier1_misses=32768
RESULT tier1_total=32768
RESULT expected_total=32768
RESULT oracle2_pass=1
RESULT tier1_hit_rate_pct=0
RESULT churn_elapsed_ns=895200
RESULT ns_per_op=27.3193359375
OK k=4 rounds=8192 table_count=5 oracle1=PASS cfg_conflicts_delta=0 tier1_hits=0 tier1_misses=32768 hit_rate=0.00% oracle2=PASS ns_per_op=27.3
.RESULT k=4
RESULT rotating_rounds=8192
RESULT table_count_at_floor=5
RESULT oracle1_pass=1
RESULT config_conflicts_delta=0
RESULT tier1_hits=0
RESULT tier1_misses=32768
RESULT tier1_total=32768
RESULT expected_total=32768
RESULT oracle2_pass=1
RESULT tier1_hit_rate_pct=0
RESULT churn_elapsed_ns=921100
RESULT ns_per_op=28.1097412109375
OK k=4 rounds=8192 table_count=5 oracle1=PASS cfg_conflicts_delta=0 tier1_hits=0 tier1_misses=32768 hit_rate=0.00% oracle2=PASS ns_per_op=28.1
.RESULT k=4
RESULT rotating_rounds=8192
RESULT table_count_at_floor=5
RESULT oracle1_pass=1
RESULT config_conflicts_delta=0
RESULT tier1_hits=0
RESULT tier1_misses=32768
RESULT tier1_total=32768
RESULT expected_total=32768
RESULT oracle2_pass=1
RESULT tier1_hit_rate_pct=0
RESULT churn_elapsed_ns=913000
RESULT ns_per_op=27.862548828125
OK k=4 rounds=8192 table_count=5 oracle1=PASS cfg_conflicts_delta=0 tier1_hits=0 tier1_misses=32768 hit_rate=0.00% oracle2=PASS ns_per_op=27.9
.RESULT k=4
RESULT rotating_rounds=8192
RESULT table_count_at_floor=5
RESULT oracle1_pass=1
RESULT config_conflicts_delta=0
RESULT tier1_hits=0
RESULT tier1_misses=32768
RESULT tier1_total=32768
RESULT expected_total=32768
RESULT oracle2_pass=1
RESULT tier1_hit_rate_pct=0
RESULT churn_elapsed_ns=989100
RESULT ns_per_op=30.1849365234375
OK k=4 rounds=8192 table_count=5 oracle1=PASS cfg_conflicts_delta=0 tier1_hits=0 tier1_misses=32768 hit_rate=0.00% oracle2=PASS ns_per_op=30.2
.RESULT k=4
RESULT rotating_rounds=8192
RESULT table_count_at_floor=5
RESULT oracle1_pass=1
RESULT config_conflicts_delta=0
RESULT tier1_hits=0
RESULT tier1_misses=32768
RESULT tier1_total=32768
RESULT expected_total=32768
RESULT oracle2_pass=1
RESULT tier1_hit_rate_pct=0
RESULT churn_elapsed_ns=1280300
RESULT ns_per_op=39.0716552734375
OK k=4 rounds=8192 table_count=5 oracle1=PASS cfg_conflicts_delta=0 tier1_hits=0 tier1_misses=32768 hit_rate=0.00% oracle2=PASS ns_per_op=39.1
.RESULT k=4
RESULT rotating_rounds=8192
RESULT table_count_at_floor=5
RESULT oracle1_pass=1
RESULT config_conflicts_delta=0
RESULT tier1_hits=0
RESULT tier1_misses=32768
RESULT tier1_total=32768
RESULT expected_total=32768
RESULT oracle2_pass=1
RESULT tier1_hit_rate_pct=0
RESULT churn_elapsed_ns=1236400
RESULT ns_per_op=37.73193359375
OK k=4 rounds=8192 table_count=5 oracle1=PASS cfg_conflicts_delta=0 tier1_hits=0 tier1_misses=32768 hit_rate=0.00% oracle2=PASS ns_per_op=37.7
.RESULT k=4
RESULT rotating_rounds=8192
RESULT table_count_at_floor=5
RESULT oracle1_pass=1
RESULT config_conflicts_delta=0
RESULT tier1_hits=0
RESULT tier1_misses=32768
RESULT tier1_total=32768
RESULT expected_total=32768
RESULT oracle2_pass=1
RESULT tier1_hit_rate_pct=0
RESULT churn_elapsed_ns=834700
RESULT ns_per_op=25.4730224609375
OK k=4 rounds=8192 table_count=5 oracle1=PASS cfg_conflicts_delta=0 tier1_hits=0 tier1_misses=32768 hit_rate=0.00% oracle2=PASS ns_per_op=25.5
.RESULT k=4
RESULT rotating_rounds=8192
RESULT table_count_at_floor=5
RESULT oracle1_pass=1
RESULT config_conflicts_delta=0
RESULT tier1_hits=0
RESULT tier1_misses=32768
RESULT tier1_total=32768
RESULT expected_total=32768
RESULT oracle2_pass=1
RESULT tier1_hit_rate_pct=0
RESULT churn_elapsed_ns=940800
RESULT ns_per_op=28.7109375
OK k=4 rounds=8192 table_count=5 oracle1=PASS cfg_conflicts_delta=0 tier1_hits=0 tier1_misses=32768 hit_rate=0.00% oracle2=PASS ns_per_op=28.7
.RESULT k=4
RESULT rotating_rounds=8192
RESULT table_count_at_floor=5
RESULT oracle1_pass=1
RESULT config_conflicts_delta=0
RESULT tier1_hits=0
RESULT tier1_misses=32768
RESULT tier1_total=32768
RESULT expected_total=32768
RESULT oracle2_pass=1
RESULT tier1_hit_rate_pct=0
RESULT churn_elapsed_ns=937300
RESULT ns_per_op=28.6041259765625
OK k=4 rounds=8192 table_count=5 oracle1=PASS cfg_conflicts_delta=0 tier1_hits=0 tier1_misses=32768 hit_rate=0.00% oracle2=PASS ns_per_op=28.6
.RESULT k=4
RESULT rotating_rounds=8192
RESULT table_count_at_floor=5
RESULT oracle1_pass=1
RESULT config_conflicts_delta=0
RESULT tier1_hits=0
RESULT tier1_misses=32768
RESULT tier1_total=32768
RESULT expected_total=32768
RESULT oracle2_pass=1
RESULT tier1_hit_rate_pct=0
RESULT churn_elapsed_ns=597900
RESULT ns_per_op=18.2464599609375
OK k=4 rounds=8192 table_count=5 oracle1=PASS cfg_conflicts_delta=0 tier1_hits=0 tier1_misses=32768 hit_rate=0.00% oracle2=PASS ns_per_op=18.2
.RESULT k=4
RESULT rotating_rounds=8192
RESULT table_count_at_floor=5
RESULT oracle1_pass=1
RESULT config_conflicts_delta=0
RESULT tier1_hits=0
RESULT tier1_misses=32768
RESULT tier1_total=32768
RESULT expected_total=32768
RESULT oracle2_pass=1
RESULT tier1_hit_rate_pct=0
RESULT churn_elapsed_ns=927400
RESULT ns_per_op=28.302001953125
OK k=4 rounds=8192 table_count=5 oracle1=PASS cfg_conflicts_delta=0 tier1_hits=0 tier1_misses=32768 hit_rate=0.00% oracle2=PASS ns_per_op=28.3
.

  === before(A-slot) vs before(B-slot) (A - B, ns)  [SAME-VS-SAME CONTROL] ===
  n=20  mean Δ=-17.587 us  sd=117.876 us  se=26.358 us  t=-0.667  df=19  crit(p<0.05)=2.101  => NOT statistically distinguishable from noise (fails to reject null)
  sign test: before(A-slot)-faster=10/20  before(B-slot)-faster=10/20  ties=0

[paired-ab] provenance written to D:\dev\rust\sefer-alloc/docs/perf/paired_ab_runs/2026-08-03T15-28-19-101Z.json

[paired-ab] Reading this output: `t` past `crit` (or sign test heavily lopsided, e.g. 17+/20) means a REAL,
  non-noise wall-clock difference on THIS host for THIS workload — mirroring
  docs/perf/R5_R2_CHURN_REGRESSION_PAIRED_AB.md's verdict criteria. A same-vs-same control run
  (--arms sefer,sefer) should show t well under `crit` and a roughly even sign-test split --
  if it does not, that indicates a harness bug (non-reproducible workload, background load
  bleeding into the timed region), not a real self-difference.
