[paired-ab] --config has no "build" step; assuming arm commands are already built.

[paired-ab] default vs default — 20 pairs, A/B/B/A protocol
RESULT arm=default
RESULT elapsed_ns=173456000
RESULT threads=8
RESULT rounds_per_thread=6
RESULT segments_reserved_total=72
RESULT decommit_calls_total=40
RESULT large_cache_hits=45
RESULT rss_after_kib=77464
RESULT commit_after_kib=99752
.RESULT arm=default
RESULT elapsed_ns=344386900
RESULT threads=8
RESULT rounds_per_thread=6
RESULT segments_reserved_total=72
RESULT decommit_calls_total=40
RESULT large_cache_hits=45
RESULT rss_after_kib=77448
RESULT commit_after_kib=99728
.RESULT arm=default
RESULT elapsed_ns=212969100
RESULT threads=8
RESULT rounds_per_thread=6
RESULT segments_reserved_total=72
RESULT decommit_calls_total=40
RESULT large_cache_hits=45
RESULT rss_after_kib=77460
RESULT commit_after_kib=99740
.RESULT arm=default
RESULT elapsed_ns=121273500
RESULT threads=8
RESULT rounds_per_thread=6
RESULT segments_reserved_total=72
RESULT decommit_calls_total=40
RESULT large_cache_hits=45
RESULT rss_after_kib=77460
RESULT commit_after_kib=99740
.RESULT arm=default
RESULT elapsed_ns=156272900
RESULT threads=8
RESULT rounds_per_thread=6
RESULT segments_reserved_total=72
RESULT decommit_calls_total=40
RESULT large_cache_hits=45
RESULT rss_after_kib=77468
RESULT commit_after_kib=99748
.RESULT arm=default
RESULT elapsed_ns=186242800
RESULT threads=8
RESULT rounds_per_thread=6
RESULT segments_reserved_total=72
RESULT decommit_calls_total=40
RESULT large_cache_hits=45
RESULT rss_after_kib=77472
RESULT commit_after_kib=99756
.RESULT arm=default
RESULT elapsed_ns=129358100
RESULT threads=8
RESULT rounds_per_thread=6
RESULT segments_reserved_total=72
RESULT decommit_calls_total=40
RESULT large_cache_hits=45
RESULT rss_after_kib=77468
RESULT commit_after_kib=99748
.RESULT arm=default
RESULT elapsed_ns=133093600
RESULT threads=8
RESULT rounds_per_thread=6
RESULT segments_reserved_total=72
RESULT decommit_calls_total=40
RESULT large_cache_hits=45
RESULT rss_after_kib=77476
RESULT commit_after_kib=99772
.RESULT arm=default
RESULT elapsed_ns=143298000
RESULT threads=8
RESULT rounds_per_thread=6
RESULT segments_reserved_total=72
RESULT decommit_calls_total=40
RESULT large_cache_hits=45
RESULT rss_after_kib=77460
RESULT commit_after_kib=99748
.RESULT arm=default
RESULT elapsed_ns=159014000
RESULT threads=8
RESULT rounds_per_thread=6
RESULT segments_reserved_total=72
RESULT decommit_calls_total=40
RESULT large_cache_hits=45
RESULT rss_after_kib=77460
RESULT commit_after_kib=99748
.RESULT arm=default
RESULT elapsed_ns=149532400
RESULT threads=8
RESULT rounds_per_thread=6
RESULT segments_reserved_total=72
RESULT decommit_calls_total=40
RESULT large_cache_hits=45
RESULT rss_after_kib=77472
RESULT commit_after_kib=99756
.RESULT arm=default
RESULT elapsed_ns=151715100
RESULT threads=8
RESULT rounds_per_thread=6
RESULT segments_reserved_total=72
RESULT decommit_calls_total=40
RESULT large_cache_hits=45
RESULT rss_after_kib=77460
RESULT commit_after_kib=99740
.RESULT arm=default
RESULT elapsed_ns=130850100
RESULT threads=8
RESULT rounds_per_thread=6
RESULT segments_reserved_total=72
RESULT decommit_calls_total=40
RESULT large_cache_hits=45
RESULT rss_after_kib=77460
RESULT commit_after_kib=99748
.RESULT arm=default
RESULT elapsed_ns=135145500
RESULT threads=8
RESULT rounds_per_thread=6
RESULT segments_reserved_total=72
RESULT decommit_calls_total=40
RESULT large_cache_hits=45
RESULT rss_after_kib=77464
RESULT commit_after_kib=99744
.RESULT arm=default
RESULT elapsed_ns=166226200
RESULT threads=8
RESULT rounds_per_thread=6
RESULT segments_reserved_total=72
RESULT decommit_calls_total=40
RESULT large_cache_hits=45
RESULT rss_after_kib=77460
RESULT commit_after_kib=99744
.RESULT arm=default
RESULT elapsed_ns=164363300
RESULT threads=8
RESULT rounds_per_thread=6
RESULT segments_reserved_total=72
RESULT decommit_calls_total=40
RESULT large_cache_hits=45
RESULT rss_after_kib=77460
RESULT commit_after_kib=99744
.RESULT arm=default
RESULT elapsed_ns=173015200
RESULT threads=8
RESULT rounds_per_thread=6
RESULT segments_reserved_total=72
RESULT decommit_calls_total=40
RESULT large_cache_hits=45
RESULT rss_after_kib=77460
RESULT commit_after_kib=99748
.RESULT arm=default
RESULT elapsed_ns=164013600
RESULT threads=8
RESULT rounds_per_thread=6
RESULT segments_reserved_total=72
RESULT decommit_calls_total=40
RESULT large_cache_hits=45
RESULT rss_after_kib=77464
RESULT commit_after_kib=99740
.RESULT arm=default
RESULT elapsed_ns=185151500
RESULT threads=8
RESULT rounds_per_thread=6
RESULT segments_reserved_total=72
RESULT decommit_calls_total=40
RESULT large_cache_hits=45
RESULT rss_after_kib=77460
RESULT commit_after_kib=99736
.RESULT arm=default
RESULT elapsed_ns=190582900
RESULT threads=8
RESULT rounds_per_thread=6
RESULT segments_reserved_total=72
RESULT decommit_calls_total=40
RESULT large_cache_hits=45
RESULT rss_after_kib=77460
RESULT commit_after_kib=99740
.RESULT arm=default
RESULT elapsed_ns=147309700
RESULT threads=8
RESULT rounds_per_thread=6
RESULT segments_reserved_total=72
RESULT decommit_calls_total=40
RESULT large_cache_hits=45
RESULT rss_after_kib=77464
RESULT commit_after_kib=99744
.RESULT arm=default
RESULT elapsed_ns=115352700
RESULT threads=8
RESULT rounds_per_thread=6
RESULT segments_reserved_total=72
RESULT decommit_calls_total=40
RESULT large_cache_hits=45
RESULT rss_after_kib=77472
RESULT commit_after_kib=99764
.RESULT arm=default
RESULT elapsed_ns=115169400
RESULT threads=8
RESULT rounds_per_thread=6
RESULT segments_reserved_total=72
RESULT decommit_calls_total=40
RESULT large_cache_hits=45
RESULT rss_after_kib=77468
RESULT commit_after_kib=99744
.RESULT arm=default
RESULT elapsed_ns=129413800
RESULT threads=8
RESULT rounds_per_thread=6
RESULT segments_reserved_total=72
RESULT decommit_calls_total=40
RESULT large_cache_hits=45
RESULT rss_after_kib=77488
RESULT commit_after_kib=99776
.RESULT arm=default
RESULT elapsed_ns=129822000
RESULT threads=8
RESULT rounds_per_thread=6
RESULT segments_reserved_total=72
RESULT decommit_calls_total=40
RESULT large_cache_hits=45
RESULT rss_after_kib=77464
RESULT commit_after_kib=99752
.RESULT arm=default
RESULT elapsed_ns=192675500
RESULT threads=8
RESULT rounds_per_thread=6
RESULT segments_reserved_total=72
RESULT decommit_calls_total=40
RESULT large_cache_hits=45
RESULT rss_after_kib=77480
RESULT commit_after_kib=99772
.RESULT arm=default
RESULT elapsed_ns=159624800
RESULT threads=8
RESULT rounds_per_thread=6
RESULT segments_reserved_total=72
RESULT decommit_calls_total=40
RESULT large_cache_hits=45
RESULT rss_after_kib=77456
RESULT commit_after_kib=99732
.RESULT arm=default
RESULT elapsed_ns=210279600
RESULT threads=8
RESULT rounds_per_thread=6
RESULT segments_reserved_total=72
RESULT decommit_calls_total=40
RESULT large_cache_hits=45
RESULT rss_after_kib=77464
RESULT commit_after_kib=99748
.RESULT arm=default
RESULT elapsed_ns=154156200
RESULT threads=8
RESULT rounds_per_thread=6
RESULT segments_reserved_total=72
RESULT decommit_calls_total=40
RESULT large_cache_hits=45
RESULT rss_after_kib=77468
RESULT commit_after_kib=99748
.RESULT arm=default
RESULT elapsed_ns=127927300
RESULT threads=8
RESULT rounds_per_thread=6
RESULT segments_reserved_total=72
RESULT decommit_calls_total=40
RESULT large_cache_hits=45
RESULT rss_after_kib=77464
RESULT commit_after_kib=99748
.RESULT arm=default
RESULT elapsed_ns=131552000
RESULT threads=8
RESULT rounds_per_thread=6
RESULT segments_reserved_total=72
RESULT decommit_calls_total=40
RESULT large_cache_hits=45
RESULT rss_after_kib=77460
RESULT commit_after_kib=99748
.RESULT arm=default
RESULT elapsed_ns=164661600
RESULT threads=8
RESULT rounds_per_thread=6
RESULT segments_reserved_total=72
RESULT decommit_calls_total=40
RESULT large_cache_hits=45
RESULT rss_after_kib=77468
RESULT commit_after_kib=99752
.RESULT arm=default
RESULT elapsed_ns=225620800
RESULT threads=8
RESULT rounds_per_thread=6
RESULT segments_reserved_total=72
RESULT decommit_calls_total=40
RESULT large_cache_hits=45
RESULT rss_after_kib=77464
RESULT commit_after_kib=99748
.RESULT arm=default
RESULT elapsed_ns=143870200
RESULT threads=8
RESULT rounds_per_thread=6
RESULT segments_reserved_total=72
RESULT decommit_calls_total=40
RESULT large_cache_hits=45
RESULT rss_after_kib=77464
RESULT commit_after_kib=99748
.RESULT arm=default
RESULT elapsed_ns=137434600
RESULT threads=8
RESULT rounds_per_thread=6
RESULT segments_reserved_total=72
RESULT decommit_calls_total=40
RESULT large_cache_hits=45
RESULT rss_after_kib=77476
RESULT commit_after_kib=99772
.RESULT arm=default
RESULT elapsed_ns=155324100
RESULT threads=8
RESULT rounds_per_thread=6
RESULT segments_reserved_total=72
RESULT decommit_calls_total=40
RESULT large_cache_hits=45
RESULT rss_after_kib=77480
RESULT commit_after_kib=99776
.RESULT arm=default
RESULT elapsed_ns=127946400
RESULT threads=8
RESULT rounds_per_thread=6
RESULT segments_reserved_total=72
RESULT decommit_calls_total=40
RESULT large_cache_hits=45
RESULT rss_after_kib=77460
RESULT commit_after_kib=99744
.RESULT arm=default
RESULT elapsed_ns=128729200
RESULT threads=8
RESULT rounds_per_thread=6
RESULT segments_reserved_total=72
RESULT decommit_calls_total=40
RESULT large_cache_hits=45
RESULT rss_after_kib=77500
RESULT commit_after_kib=99800
.RESULT arm=default
RESULT elapsed_ns=179306900
RESULT threads=8
RESULT rounds_per_thread=6
RESULT segments_reserved_total=72
RESULT decommit_calls_total=40
RESULT large_cache_hits=45
RESULT rss_after_kib=77472
RESULT commit_after_kib=99760
.RESULT arm=default
RESULT elapsed_ns=203270500
RESULT threads=8
RESULT rounds_per_thread=6
RESULT segments_reserved_total=72
RESULT decommit_calls_total=40
RESULT large_cache_hits=45
RESULT rss_after_kib=77460
RESULT commit_after_kib=99744
.RESULT arm=default
RESULT elapsed_ns=233094000
RESULT threads=8
RESULT rounds_per_thread=6
RESULT segments_reserved_total=72
RESULT decommit_calls_total=40
RESULT large_cache_hits=45
RESULT rss_after_kib=77448
RESULT commit_after_kib=99736
.RESULT arm=default
RESULT elapsed_ns=420427900
RESULT threads=8
RESULT rounds_per_thread=6
RESULT segments_reserved_total=72
RESULT decommit_calls_total=40
RESULT large_cache_hits=45
RESULT rss_after_kib=77448
RESULT commit_after_kib=99732
.RESULT arm=default
RESULT elapsed_ns=318682000
RESULT threads=8
RESULT rounds_per_thread=6
RESULT segments_reserved_total=72
RESULT decommit_calls_total=40
RESULT large_cache_hits=45
RESULT rss_after_kib=77448
RESULT commit_after_kib=99732
.RESULT arm=default
RESULT elapsed_ns=294657900
RESULT threads=8
RESULT rounds_per_thread=6
RESULT segments_reserved_total=72
RESULT decommit_calls_total=40
RESULT large_cache_hits=45
RESULT rss_after_kib=77456
RESULT commit_after_kib=99728
.RESULT arm=default
RESULT elapsed_ns=241812400
RESULT threads=8
RESULT rounds_per_thread=6
RESULT segments_reserved_total=72
RESULT decommit_calls_total=40
RESULT large_cache_hits=45
RESULT rss_after_kib=77460
RESULT commit_after_kib=99736
.RESULT arm=default
RESULT elapsed_ns=221791800
RESULT threads=8
RESULT rounds_per_thread=6
RESULT segments_reserved_total=72
RESULT decommit_calls_total=40
RESULT large_cache_hits=45
RESULT rss_after_kib=77464
RESULT commit_after_kib=99752
.RESULT arm=default
RESULT elapsed_ns=191611200
RESULT threads=8
RESULT rounds_per_thread=6
RESULT segments_reserved_total=72
RESULT decommit_calls_total=40
RESULT large_cache_hits=45
RESULT rss_after_kib=77456
RESULT commit_after_kib=99740
.RESULT arm=default
RESULT elapsed_ns=178837100
RESULT threads=8
RESULT rounds_per_thread=6
RESULT segments_reserved_total=72
RESULT decommit_calls_total=40
RESULT large_cache_hits=45
RESULT rss_after_kib=77472
RESULT commit_after_kib=99752
.RESULT arm=default
RESULT elapsed_ns=183384100
RESULT threads=8
RESULT rounds_per_thread=6
RESULT segments_reserved_total=72
RESULT decommit_calls_total=40
RESULT large_cache_hits=45
RESULT rss_after_kib=77460
RESULT commit_after_kib=99740
.RESULT arm=default
RESULT elapsed_ns=191126600
RESULT threads=8
RESULT rounds_per_thread=6
RESULT segments_reserved_total=72
RESULT decommit_calls_total=40
RESULT large_cache_hits=45
RESULT rss_after_kib=77460
RESULT commit_after_kib=99744
.RESULT arm=default
RESULT elapsed_ns=150967400
RESULT threads=8
RESULT rounds_per_thread=6
RESULT segments_reserved_total=72
RESULT decommit_calls_total=40
RESULT large_cache_hits=45
RESULT rss_after_kib=77464
RESULT commit_after_kib=99752
.RESULT arm=default
RESULT elapsed_ns=156773000
RESULT threads=8
RESULT rounds_per_thread=6
RESULT segments_reserved_total=72
RESULT decommit_calls_total=40
RESULT large_cache_hits=45
RESULT rss_after_kib=77464
RESULT commit_after_kib=99748
.RESULT arm=default
RESULT elapsed_ns=135535200
RESULT threads=8
RESULT rounds_per_thread=6
RESULT segments_reserved_total=72
RESULT decommit_calls_total=40
RESULT large_cache_hits=45
RESULT rss_after_kib=77460
RESULT commit_after_kib=99744
.RESULT arm=default
RESULT elapsed_ns=128821600
RESULT threads=8
RESULT rounds_per_thread=6
RESULT segments_reserved_total=72
RESULT decommit_calls_total=40
RESULT large_cache_hits=45
RESULT rss_after_kib=77460
RESULT commit_after_kib=99748
.RESULT arm=default
RESULT elapsed_ns=118848900
RESULT threads=8
RESULT rounds_per_thread=6
RESULT segments_reserved_total=72
RESULT decommit_calls_total=40
RESULT large_cache_hits=45
RESULT rss_after_kib=77460
RESULT commit_after_kib=99744
.RESULT arm=default
RESULT elapsed_ns=128866100
RESULT threads=8
RESULT rounds_per_thread=6
RESULT segments_reserved_total=72
RESULT decommit_calls_total=40
RESULT large_cache_hits=45
RESULT rss_after_kib=77464
RESULT commit_after_kib=99748
.RESULT arm=default
RESULT elapsed_ns=142293100
RESULT threads=8
RESULT rounds_per_thread=6
RESULT segments_reserved_total=72
RESULT decommit_calls_total=40
RESULT large_cache_hits=45
RESULT rss_after_kib=77464
RESULT commit_after_kib=99752
.RESULT arm=default
RESULT elapsed_ns=136166000
RESULT threads=8
RESULT rounds_per_thread=6
RESULT segments_reserved_total=72
RESULT decommit_calls_total=40
RESULT large_cache_hits=45
RESULT rss_after_kib=77460
RESULT commit_after_kib=99744
.RESULT arm=default
RESULT elapsed_ns=174598900
RESULT threads=8
RESULT rounds_per_thread=6
RESULT segments_reserved_total=72
RESULT decommit_calls_total=40
RESULT large_cache_hits=45
RESULT rss_after_kib=77476
RESULT commit_after_kib=99752
.RESULT arm=default
RESULT elapsed_ns=131069600
RESULT threads=8
RESULT rounds_per_thread=6
RESULT segments_reserved_total=72
RESULT decommit_calls_total=40
RESULT large_cache_hits=45
RESULT rss_after_kib=77464
RESULT commit_after_kib=99748
.RESULT arm=default
RESULT elapsed_ns=151965400
RESULT threads=8
RESULT rounds_per_thread=6
RESULT segments_reserved_total=72
RESULT decommit_calls_total=40
RESULT large_cache_hits=45
RESULT rss_after_kib=77456
RESULT commit_after_kib=99736
.RESULT arm=default
RESULT elapsed_ns=134407600
RESULT threads=8
RESULT rounds_per_thread=6
RESULT segments_reserved_total=72
RESULT decommit_calls_total=40
RESULT large_cache_hits=45
RESULT rss_after_kib=77460
RESULT commit_after_kib=99744
.RESULT arm=default
RESULT elapsed_ns=172398600
RESULT threads=8
RESULT rounds_per_thread=6
RESULT segments_reserved_total=72
RESULT decommit_calls_total=40
RESULT large_cache_hits=45
RESULT rss_after_kib=77456
RESULT commit_after_kib=99732
.RESULT arm=default
RESULT elapsed_ns=231801200
RESULT threads=8
RESULT rounds_per_thread=6
RESULT segments_reserved_total=72
RESULT decommit_calls_total=40
RESULT large_cache_hits=45
RESULT rss_after_kib=77456
RESULT commit_after_kib=99732
.RESULT arm=default
RESULT elapsed_ns=191460800
RESULT threads=8
RESULT rounds_per_thread=6
RESULT segments_reserved_total=72
RESULT decommit_calls_total=40
RESULT large_cache_hits=45
RESULT rss_after_kib=77460
RESULT commit_after_kib=99740
.RESULT arm=default
RESULT elapsed_ns=240781900
RESULT threads=8
RESULT rounds_per_thread=6
RESULT segments_reserved_total=72
RESULT decommit_calls_total=40
RESULT large_cache_hits=45
RESULT rss_after_kib=77464
RESULT commit_after_kib=99744
.RESULT arm=default
RESULT elapsed_ns=167501900
RESULT threads=8
RESULT rounds_per_thread=6
RESULT segments_reserved_total=72
RESULT decommit_calls_total=40
RESULT large_cache_hits=45
RESULT rss_after_kib=77480
RESULT commit_after_kib=99776
.RESULT arm=default
RESULT elapsed_ns=157623600
RESULT threads=8
RESULT rounds_per_thread=6
RESULT segments_reserved_total=72
RESULT decommit_calls_total=40
RESULT large_cache_hits=45
RESULT rss_after_kib=77460
RESULT commit_after_kib=99740
.RESULT arm=default
RESULT elapsed_ns=230940900
RESULT threads=8
RESULT rounds_per_thread=6
RESULT segments_reserved_total=72
RESULT decommit_calls_total=40
RESULT large_cache_hits=45
RESULT rss_after_kib=77460
RESULT commit_after_kib=99740
.RESULT arm=default
RESULT elapsed_ns=235789900
RESULT threads=8
RESULT rounds_per_thread=6
RESULT segments_reserved_total=72
RESULT decommit_calls_total=40
RESULT large_cache_hits=45
RESULT rss_after_kib=77460
RESULT commit_after_kib=99744
.RESULT arm=default
RESULT elapsed_ns=127246600
RESULT threads=8
RESULT rounds_per_thread=6
RESULT segments_reserved_total=72
RESULT decommit_calls_total=40
RESULT large_cache_hits=45
RESULT rss_after_kib=77460
RESULT commit_after_kib=99744
.RESULT arm=default
RESULT elapsed_ns=139101400
RESULT threads=8
RESULT rounds_per_thread=6
RESULT segments_reserved_total=72
RESULT decommit_calls_total=40
RESULT large_cache_hits=45
RESULT rss_after_kib=77468
RESULT commit_after_kib=99748
.RESULT arm=default
RESULT elapsed_ns=125334600
RESULT threads=8
RESULT rounds_per_thread=6
RESULT segments_reserved_total=72
RESULT decommit_calls_total=40
RESULT large_cache_hits=45
RESULT rss_after_kib=77468
RESULT commit_after_kib=99752
.RESULT arm=default
RESULT elapsed_ns=155158100
RESULT threads=8
RESULT rounds_per_thread=6
RESULT segments_reserved_total=72
RESULT decommit_calls_total=40
RESULT large_cache_hits=45
RESULT rss_after_kib=77460
RESULT commit_after_kib=99736
.RESULT arm=default
RESULT elapsed_ns=137696900
RESULT threads=8
RESULT rounds_per_thread=6
RESULT segments_reserved_total=72
RESULT decommit_calls_total=40
RESULT large_cache_hits=45
RESULT rss_after_kib=77460
RESULT commit_after_kib=99748
.RESULT arm=default
RESULT elapsed_ns=133068600
RESULT threads=8
RESULT rounds_per_thread=6
RESULT segments_reserved_total=72
RESULT decommit_calls_total=40
RESULT large_cache_hits=45
RESULT rss_after_kib=77464
RESULT commit_after_kib=99744
.RESULT arm=default
RESULT elapsed_ns=141473700
RESULT threads=8
RESULT rounds_per_thread=6
RESULT segments_reserved_total=72
RESULT decommit_calls_total=40
RESULT large_cache_hits=45
RESULT rss_after_kib=77464
RESULT commit_after_kib=99752
.RESULT arm=default
RESULT elapsed_ns=236446700
RESULT threads=8
RESULT rounds_per_thread=6
RESULT segments_reserved_total=72
RESULT decommit_calls_total=40
RESULT large_cache_hits=45
RESULT rss_after_kib=77472
RESULT commit_after_kib=99736
.RESULT arm=default
RESULT elapsed_ns=122315000
RESULT threads=8
RESULT rounds_per_thread=6
RESULT segments_reserved_total=72
RESULT decommit_calls_total=40
RESULT large_cache_hits=45
RESULT rss_after_kib=77472
RESULT commit_after_kib=99744
.RESULT arm=default
RESULT elapsed_ns=128076900
RESULT threads=8
RESULT rounds_per_thread=6
RESULT segments_reserved_total=72
RESULT decommit_calls_total=40
RESULT large_cache_hits=45
RESULT rss_after_kib=77476
RESULT commit_after_kib=99744
.

  === default(A-slot) vs default(B-slot) (A - B, ns)  [SAME-VS-SAME CONTROL] ===
  n=20  mean Δ=-10.089 ms  sd=43.414 ms  se=9.708 ms  t=-1.039  df=19  crit(p<0.05)=2.101  => NOT statistically distinguishable from noise (fails to reject null)
  sign test: default(A-slot)-faster=11/20  default(B-slot)-faster=9/20  ties=0

[paired-ab] provenance written to D:\dev\rust\sefer-alloc/docs/perf/paired_ab_runs/2026-07-30T12-58-24-246Z.json

[paired-ab] Reading this output: `t` past `crit` (or sign test heavily lopsided, e.g. 17+/20) means a REAL,
  non-noise wall-clock difference on THIS host for THIS workload — mirroring
  docs/perf/R5_R2_CHURN_REGRESSION_PAIRED_AB.md's verdict criteria. A same-vs-same control run
  (--arms sefer,sefer) should show t well under `crit` and a roughly even sign-test split --
  if it does not, that indicates a harness bug (non-reproducible workload, background load
  bleeding into the timed region), not a real self-difference.
