[paired-ab] --config has no "build" step; assuming arm commands are already built.

[paired-ab] before vs after — 20 pairs, A/B/B/A protocol
RESULT k=8
RESULT rotating_rounds=8192
RESULT table_count_at_floor=9
RESULT oracle1_pass=1
RESULT config_conflicts_delta=0
RESULT tier1_hits=0
RESULT tier1_misses=65536
RESULT tier1_total=65536
RESULT expected_total=65536
RESULT oracle2_pass=1
RESULT tier1_hit_rate_pct=0
RESULT churn_elapsed_ns=3336300
RESULT ns_per_op=50.90789794921875
OK k=8 rounds=8192 table_count=9 oracle1=PASS cfg_conflicts_delta=0 tier1_hits=0 tier1_misses=65536 hit_rate=0.00% oracle2=PASS ns_per_op=50.9
.RESULT k=8
RESULT rotating_rounds=8192
RESULT table_count_at_floor=9
RESULT oracle1_pass=1
RESULT config_conflicts_delta=0
RESULT tier1_hits=65528
RESULT tier1_misses=8
RESULT tier1_total=65536
RESULT expected_total=65536
RESULT oracle2_pass=1
RESULT tier1_hit_rate_pct=99.98779296875
RESULT churn_elapsed_ns=1928100
RESULT ns_per_op=29.42047119140625
OK k=8 rounds=8192 table_count=9 oracle1=PASS cfg_conflicts_delta=0 tier1_hits=65528 tier1_misses=8 hit_rate=99.99% oracle2=PASS ns_per_op=29.4
.RESULT k=8
RESULT rotating_rounds=8192
RESULT table_count_at_floor=9
RESULT oracle1_pass=1
RESULT config_conflicts_delta=0
RESULT tier1_hits=65528
RESULT tier1_misses=8
RESULT tier1_total=65536
RESULT expected_total=65536
RESULT oracle2_pass=1
RESULT tier1_hit_rate_pct=99.98779296875
RESULT churn_elapsed_ns=1865000
RESULT ns_per_op=28.4576416015625
OK k=8 rounds=8192 table_count=9 oracle1=PASS cfg_conflicts_delta=0 tier1_hits=65528 tier1_misses=8 hit_rate=99.99% oracle2=PASS ns_per_op=28.5
.RESULT k=8
RESULT rotating_rounds=8192
RESULT table_count_at_floor=9
RESULT oracle1_pass=1
RESULT config_conflicts_delta=0
RESULT tier1_hits=0
RESULT tier1_misses=65536
RESULT tier1_total=65536
RESULT expected_total=65536
RESULT oracle2_pass=1
RESULT tier1_hit_rate_pct=0
RESULT churn_elapsed_ns=2229700
RESULT ns_per_op=34.02252197265625
OK k=8 rounds=8192 table_count=9 oracle1=PASS cfg_conflicts_delta=0 tier1_hits=0 tier1_misses=65536 hit_rate=0.00% oracle2=PASS ns_per_op=34.0
.RESULT k=8
RESULT rotating_rounds=8192
RESULT table_count_at_floor=9
RESULT oracle1_pass=1
RESULT config_conflicts_delta=0
RESULT tier1_hits=0
RESULT tier1_misses=65536
RESULT tier1_total=65536
RESULT expected_total=65536
RESULT oracle2_pass=1
RESULT tier1_hit_rate_pct=0
RESULT churn_elapsed_ns=2234200
RESULT ns_per_op=34.0911865234375
OK k=8 rounds=8192 table_count=9 oracle1=PASS cfg_conflicts_delta=0 tier1_hits=0 tier1_misses=65536 hit_rate=0.00% oracle2=PASS ns_per_op=34.1
.RESULT k=8
RESULT rotating_rounds=8192
RESULT table_count_at_floor=9
RESULT oracle1_pass=1
RESULT config_conflicts_delta=0
RESULT tier1_hits=65528
RESULT tier1_misses=8
RESULT tier1_total=65536
RESULT expected_total=65536
RESULT oracle2_pass=1
RESULT tier1_hit_rate_pct=99.98779296875
RESULT churn_elapsed_ns=6931000
RESULT ns_per_op=105.7586669921875
OK k=8 rounds=8192 table_count=9 oracle1=PASS cfg_conflicts_delta=0 tier1_hits=65528 tier1_misses=8 hit_rate=99.99% oracle2=PASS ns_per_op=105.8
.RESULT k=8
RESULT rotating_rounds=8192
RESULT table_count_at_floor=9
RESULT oracle1_pass=1
RESULT config_conflicts_delta=0
RESULT tier1_hits=65528
RESULT tier1_misses=8
RESULT tier1_total=65536
RESULT expected_total=65536
RESULT oracle2_pass=1
RESULT tier1_hit_rate_pct=99.98779296875
RESULT churn_elapsed_ns=1876100
RESULT ns_per_op=28.62701416015625
OK k=8 rounds=8192 table_count=9 oracle1=PASS cfg_conflicts_delta=0 tier1_hits=65528 tier1_misses=8 hit_rate=99.99% oracle2=PASS ns_per_op=28.6
.RESULT k=8
RESULT rotating_rounds=8192
RESULT table_count_at_floor=9
RESULT oracle1_pass=1
RESULT config_conflicts_delta=0
RESULT tier1_hits=0
RESULT tier1_misses=65536
RESULT tier1_total=65536
RESULT expected_total=65536
RESULT oracle2_pass=1
RESULT tier1_hit_rate_pct=0
RESULT churn_elapsed_ns=1830000
RESULT ns_per_op=27.923583984375
OK k=8 rounds=8192 table_count=9 oracle1=PASS cfg_conflicts_delta=0 tier1_hits=0 tier1_misses=65536 hit_rate=0.00% oracle2=PASS ns_per_op=27.9
.RESULT k=8
RESULT rotating_rounds=8192
RESULT table_count_at_floor=9
RESULT oracle1_pass=1
RESULT config_conflicts_delta=0
RESULT tier1_hits=0
RESULT tier1_misses=65536
RESULT tier1_total=65536
RESULT expected_total=65536
RESULT oracle2_pass=1
RESULT tier1_hit_rate_pct=0
RESULT churn_elapsed_ns=1998900
RESULT ns_per_op=30.50079345703125
OK k=8 rounds=8192 table_count=9 oracle1=PASS cfg_conflicts_delta=0 tier1_hits=0 tier1_misses=65536 hit_rate=0.00% oracle2=PASS ns_per_op=30.5
.RESULT k=8
RESULT rotating_rounds=8192
RESULT table_count_at_floor=9
RESULT oracle1_pass=1
RESULT config_conflicts_delta=0
RESULT tier1_hits=65528
RESULT tier1_misses=8
RESULT tier1_total=65536
RESULT expected_total=65536
RESULT oracle2_pass=1
RESULT tier1_hit_rate_pct=99.98779296875
RESULT churn_elapsed_ns=1717800
RESULT ns_per_op=26.2115478515625
OK k=8 rounds=8192 table_count=9 oracle1=PASS cfg_conflicts_delta=0 tier1_hits=65528 tier1_misses=8 hit_rate=99.99% oracle2=PASS ns_per_op=26.2
.RESULT k=8
RESULT rotating_rounds=8192
RESULT table_count_at_floor=9
RESULT oracle1_pass=1
RESULT config_conflicts_delta=0
RESULT tier1_hits=65528
RESULT tier1_misses=8
RESULT tier1_total=65536
RESULT expected_total=65536
RESULT oracle2_pass=1
RESULT tier1_hit_rate_pct=99.98779296875
RESULT churn_elapsed_ns=1672000
RESULT ns_per_op=25.5126953125
OK k=8 rounds=8192 table_count=9 oracle1=PASS cfg_conflicts_delta=0 tier1_hits=65528 tier1_misses=8 hit_rate=99.99% oracle2=PASS ns_per_op=25.5
.RESULT k=8
RESULT rotating_rounds=8192
RESULT table_count_at_floor=9
RESULT oracle1_pass=1
RESULT config_conflicts_delta=0
RESULT tier1_hits=0
RESULT tier1_misses=65536
RESULT tier1_total=65536
RESULT expected_total=65536
RESULT oracle2_pass=1
RESULT tier1_hit_rate_pct=0
RESULT churn_elapsed_ns=7117700
RESULT ns_per_op=108.60748291015625
OK k=8 rounds=8192 table_count=9 oracle1=PASS cfg_conflicts_delta=0 tier1_hits=0 tier1_misses=65536 hit_rate=0.00% oracle2=PASS ns_per_op=108.6
.RESULT k=8
RESULT rotating_rounds=8192
RESULT table_count_at_floor=9
RESULT oracle1_pass=1
RESULT config_conflicts_delta=0
RESULT tier1_hits=0
RESULT tier1_misses=65536
RESULT tier1_total=65536
RESULT expected_total=65536
RESULT oracle2_pass=1
RESULT tier1_hit_rate_pct=0
RESULT churn_elapsed_ns=1944600
RESULT ns_per_op=29.6722412109375
OK k=8 rounds=8192 table_count=9 oracle1=PASS cfg_conflicts_delta=0 tier1_hits=0 tier1_misses=65536 hit_rate=0.00% oracle2=PASS ns_per_op=29.7
.RESULT k=8
RESULT rotating_rounds=8192
RESULT table_count_at_floor=9
RESULT oracle1_pass=1
RESULT config_conflicts_delta=0
RESULT tier1_hits=65528
RESULT tier1_misses=8
RESULT tier1_total=65536
RESULT expected_total=65536
RESULT oracle2_pass=1
RESULT tier1_hit_rate_pct=99.98779296875
RESULT churn_elapsed_ns=2074300
RESULT ns_per_op=31.65130615234375
OK k=8 rounds=8192 table_count=9 oracle1=PASS cfg_conflicts_delta=0 tier1_hits=65528 tier1_misses=8 hit_rate=99.99% oracle2=PASS ns_per_op=31.7
.RESULT k=8
RESULT rotating_rounds=8192
RESULT table_count_at_floor=9
RESULT oracle1_pass=1
RESULT config_conflicts_delta=0
RESULT tier1_hits=65528
RESULT tier1_misses=8
RESULT tier1_total=65536
RESULT expected_total=65536
RESULT oracle2_pass=1
RESULT tier1_hit_rate_pct=99.98779296875
RESULT churn_elapsed_ns=1579000
RESULT ns_per_op=24.0936279296875
OK k=8 rounds=8192 table_count=9 oracle1=PASS cfg_conflicts_delta=0 tier1_hits=65528 tier1_misses=8 hit_rate=99.99% oracle2=PASS ns_per_op=24.1
.RESULT k=8
RESULT rotating_rounds=8192
RESULT table_count_at_floor=9
RESULT oracle1_pass=1
RESULT config_conflicts_delta=0
RESULT tier1_hits=0
RESULT tier1_misses=65536
RESULT tier1_total=65536
RESULT expected_total=65536
RESULT oracle2_pass=1
RESULT tier1_hit_rate_pct=0
RESULT churn_elapsed_ns=1866800
RESULT ns_per_op=28.485107421875
OK k=8 rounds=8192 table_count=9 oracle1=PASS cfg_conflicts_delta=0 tier1_hits=0 tier1_misses=65536 hit_rate=0.00% oracle2=PASS ns_per_op=28.5
.RESULT k=8
RESULT rotating_rounds=8192
RESULT table_count_at_floor=9
RESULT oracle1_pass=1
RESULT config_conflicts_delta=0
RESULT tier1_hits=0
RESULT tier1_misses=65536
RESULT tier1_total=65536
RESULT expected_total=65536
RESULT oracle2_pass=1
RESULT tier1_hit_rate_pct=0
RESULT churn_elapsed_ns=1854900
RESULT ns_per_op=28.30352783203125
OK k=8 rounds=8192 table_count=9 oracle1=PASS cfg_conflicts_delta=0 tier1_hits=0 tier1_misses=65536 hit_rate=0.00% oracle2=PASS ns_per_op=28.3
.RESULT k=8
RESULT rotating_rounds=8192
RESULT table_count_at_floor=9
RESULT oracle1_pass=1
RESULT config_conflicts_delta=0
RESULT tier1_hits=65528
RESULT tier1_misses=8
RESULT tier1_total=65536
RESULT expected_total=65536
RESULT oracle2_pass=1
RESULT tier1_hit_rate_pct=99.98779296875
RESULT churn_elapsed_ns=2129900
RESULT ns_per_op=32.49969482421875
OK k=8 rounds=8192 table_count=9 oracle1=PASS cfg_conflicts_delta=0 tier1_hits=65528 tier1_misses=8 hit_rate=99.99% oracle2=PASS ns_per_op=32.5
.RESULT k=8
RESULT rotating_rounds=8192
RESULT table_count_at_floor=9
RESULT oracle1_pass=1
RESULT config_conflicts_delta=0
RESULT tier1_hits=65528
RESULT tier1_misses=8
RESULT tier1_total=65536
RESULT expected_total=65536
RESULT oracle2_pass=1
RESULT tier1_hit_rate_pct=99.98779296875
RESULT churn_elapsed_ns=1958400
RESULT ns_per_op=29.8828125
OK k=8 rounds=8192 table_count=9 oracle1=PASS cfg_conflicts_delta=0 tier1_hits=65528 tier1_misses=8 hit_rate=99.99% oracle2=PASS ns_per_op=29.9
.RESULT k=8
RESULT rotating_rounds=8192
RESULT table_count_at_floor=9
RESULT oracle1_pass=1
RESULT config_conflicts_delta=0
RESULT tier1_hits=0
RESULT tier1_misses=65536
RESULT tier1_total=65536
RESULT expected_total=65536
RESULT oracle2_pass=1
RESULT tier1_hit_rate_pct=0
RESULT churn_elapsed_ns=2042700
RESULT ns_per_op=31.16912841796875
OK k=8 rounds=8192 table_count=9 oracle1=PASS cfg_conflicts_delta=0 tier1_hits=0 tier1_misses=65536 hit_rate=0.00% oracle2=PASS ns_per_op=31.2
.RESULT k=8
RESULT rotating_rounds=8192
RESULT table_count_at_floor=9
RESULT oracle1_pass=1
RESULT config_conflicts_delta=0
RESULT tier1_hits=0
RESULT tier1_misses=65536
RESULT tier1_total=65536
RESULT expected_total=65536
RESULT oracle2_pass=1
RESULT tier1_hit_rate_pct=0
RESULT churn_elapsed_ns=1872300
RESULT ns_per_op=28.56903076171875
OK k=8 rounds=8192 table_count=9 oracle1=PASS cfg_conflicts_delta=0 tier1_hits=0 tier1_misses=65536 hit_rate=0.00% oracle2=PASS ns_per_op=28.6
.RESULT k=8
RESULT rotating_rounds=8192
RESULT table_count_at_floor=9
RESULT oracle1_pass=1
RESULT config_conflicts_delta=0
RESULT tier1_hits=65528
RESULT tier1_misses=8
RESULT tier1_total=65536
RESULT expected_total=65536
RESULT oracle2_pass=1
RESULT tier1_hit_rate_pct=99.98779296875
RESULT churn_elapsed_ns=3250900
RESULT ns_per_op=49.60479736328125
OK k=8 rounds=8192 table_count=9 oracle1=PASS cfg_conflicts_delta=0 tier1_hits=65528 tier1_misses=8 hit_rate=99.99% oracle2=PASS ns_per_op=49.6
.RESULT k=8
RESULT rotating_rounds=8192
RESULT table_count_at_floor=9
RESULT oracle1_pass=1
RESULT config_conflicts_delta=0
RESULT tier1_hits=65528
RESULT tier1_misses=8
RESULT tier1_total=65536
RESULT expected_total=65536
RESULT oracle2_pass=1
RESULT tier1_hit_rate_pct=99.98779296875
RESULT churn_elapsed_ns=5145300
RESULT ns_per_op=78.51104736328125
OK k=8 rounds=8192 table_count=9 oracle1=PASS cfg_conflicts_delta=0 tier1_hits=65528 tier1_misses=8 hit_rate=99.99% oracle2=PASS ns_per_op=78.5
.RESULT k=8
RESULT rotating_rounds=8192
RESULT table_count_at_floor=9
RESULT oracle1_pass=1
RESULT config_conflicts_delta=0
RESULT tier1_hits=0
RESULT tier1_misses=65536
RESULT tier1_total=65536
RESULT expected_total=65536
RESULT oracle2_pass=1
RESULT tier1_hit_rate_pct=0
RESULT churn_elapsed_ns=1935000
RESULT ns_per_op=29.5257568359375
OK k=8 rounds=8192 table_count=9 oracle1=PASS cfg_conflicts_delta=0 tier1_hits=0 tier1_misses=65536 hit_rate=0.00% oracle2=PASS ns_per_op=29.5
.RESULT k=8
RESULT rotating_rounds=8192
RESULT table_count_at_floor=9
RESULT oracle1_pass=1
RESULT config_conflicts_delta=0
RESULT tier1_hits=0
RESULT tier1_misses=65536
RESULT tier1_total=65536
RESULT expected_total=65536
RESULT oracle2_pass=1
RESULT tier1_hit_rate_pct=0
RESULT churn_elapsed_ns=1818300
RESULT ns_per_op=27.74505615234375
OK k=8 rounds=8192 table_count=9 oracle1=PASS cfg_conflicts_delta=0 tier1_hits=0 tier1_misses=65536 hit_rate=0.00% oracle2=PASS ns_per_op=27.7
.RESULT k=8
RESULT rotating_rounds=8192
RESULT table_count_at_floor=9
RESULT oracle1_pass=1
RESULT config_conflicts_delta=0
RESULT tier1_hits=65528
RESULT tier1_misses=8
RESULT tier1_total=65536
RESULT expected_total=65536
RESULT oracle2_pass=1
RESULT tier1_hit_rate_pct=99.98779296875
RESULT churn_elapsed_ns=1666800
RESULT ns_per_op=25.433349609375
OK k=8 rounds=8192 table_count=9 oracle1=PASS cfg_conflicts_delta=0 tier1_hits=65528 tier1_misses=8 hit_rate=99.99% oracle2=PASS ns_per_op=25.4
.RESULT k=8
RESULT rotating_rounds=8192
RESULT table_count_at_floor=9
RESULT oracle1_pass=1
RESULT config_conflicts_delta=0
RESULT tier1_hits=65528
RESULT tier1_misses=8
RESULT tier1_total=65536
RESULT expected_total=65536
RESULT oracle2_pass=1
RESULT tier1_hit_rate_pct=99.98779296875
RESULT churn_elapsed_ns=3042400
RESULT ns_per_op=46.42333984375
OK k=8 rounds=8192 table_count=9 oracle1=PASS cfg_conflicts_delta=0 tier1_hits=65528 tier1_misses=8 hit_rate=99.99% oracle2=PASS ns_per_op=46.4
.RESULT k=8
RESULT rotating_rounds=8192
RESULT table_count_at_floor=9
RESULT oracle1_pass=1
RESULT config_conflicts_delta=0
RESULT tier1_hits=0
RESULT tier1_misses=65536
RESULT tier1_total=65536
RESULT expected_total=65536
RESULT oracle2_pass=1
RESULT tier1_hit_rate_pct=0
RESULT churn_elapsed_ns=2345900
RESULT ns_per_op=35.79559326171875
OK k=8 rounds=8192 table_count=9 oracle1=PASS cfg_conflicts_delta=0 tier1_hits=0 tier1_misses=65536 hit_rate=0.00% oracle2=PASS ns_per_op=35.8
.RESULT k=8
RESULT rotating_rounds=8192
RESULT table_count_at_floor=9
RESULT oracle1_pass=1
RESULT config_conflicts_delta=0
RESULT tier1_hits=0
RESULT tier1_misses=65536
RESULT tier1_total=65536
RESULT expected_total=65536
RESULT oracle2_pass=1
RESULT tier1_hit_rate_pct=0
RESULT churn_elapsed_ns=2060600
RESULT ns_per_op=31.4422607421875
OK k=8 rounds=8192 table_count=9 oracle1=PASS cfg_conflicts_delta=0 tier1_hits=0 tier1_misses=65536 hit_rate=0.00% oracle2=PASS ns_per_op=31.4
.RESULT k=8
RESULT rotating_rounds=8192
RESULT table_count_at_floor=9
RESULT oracle1_pass=1
RESULT config_conflicts_delta=0
RESULT tier1_hits=65528
RESULT tier1_misses=8
RESULT tier1_total=65536
RESULT expected_total=65536
RESULT oracle2_pass=1
RESULT tier1_hit_rate_pct=99.98779296875
RESULT churn_elapsed_ns=1637300
RESULT ns_per_op=24.98321533203125
OK k=8 rounds=8192 table_count=9 oracle1=PASS cfg_conflicts_delta=0 tier1_hits=65528 tier1_misses=8 hit_rate=99.99% oracle2=PASS ns_per_op=25.0
.RESULT k=8
RESULT rotating_rounds=8192
RESULT table_count_at_floor=9
RESULT oracle1_pass=1
RESULT config_conflicts_delta=0
RESULT tier1_hits=65528
RESULT tier1_misses=8
RESULT tier1_total=65536
RESULT expected_total=65536
RESULT oracle2_pass=1
RESULT tier1_hit_rate_pct=99.98779296875
RESULT churn_elapsed_ns=1746600
RESULT ns_per_op=26.6510009765625
OK k=8 rounds=8192 table_count=9 oracle1=PASS cfg_conflicts_delta=0 tier1_hits=65528 tier1_misses=8 hit_rate=99.99% oracle2=PASS ns_per_op=26.7
.RESULT k=8
RESULT rotating_rounds=8192
RESULT table_count_at_floor=9
RESULT oracle1_pass=1
RESULT config_conflicts_delta=0
RESULT tier1_hits=0
RESULT tier1_misses=65536
RESULT tier1_total=65536
RESULT expected_total=65536
RESULT oracle2_pass=1
RESULT tier1_hit_rate_pct=0
RESULT churn_elapsed_ns=1827200
RESULT ns_per_op=27.880859375
OK k=8 rounds=8192 table_count=9 oracle1=PASS cfg_conflicts_delta=0 tier1_hits=0 tier1_misses=65536 hit_rate=0.00% oracle2=PASS ns_per_op=27.9
.RESULT k=8
RESULT rotating_rounds=8192
RESULT table_count_at_floor=9
RESULT oracle1_pass=1
RESULT config_conflicts_delta=0
RESULT tier1_hits=0
RESULT tier1_misses=65536
RESULT tier1_total=65536
RESULT expected_total=65536
RESULT oracle2_pass=1
RESULT tier1_hit_rate_pct=0
RESULT churn_elapsed_ns=1876400
RESULT ns_per_op=28.631591796875
OK k=8 rounds=8192 table_count=9 oracle1=PASS cfg_conflicts_delta=0 tier1_hits=0 tier1_misses=65536 hit_rate=0.00% oracle2=PASS ns_per_op=28.6
.RESULT k=8
RESULT rotating_rounds=8192
RESULT table_count_at_floor=9
RESULT oracle1_pass=1
RESULT config_conflicts_delta=0
RESULT tier1_hits=65528
RESULT tier1_misses=8
RESULT tier1_total=65536
RESULT expected_total=65536
RESULT oracle2_pass=1
RESULT tier1_hit_rate_pct=99.98779296875
RESULT churn_elapsed_ns=1777800
RESULT ns_per_op=27.1270751953125
OK k=8 rounds=8192 table_count=9 oracle1=PASS cfg_conflicts_delta=0 tier1_hits=65528 tier1_misses=8 hit_rate=99.99% oracle2=PASS ns_per_op=27.1
.RESULT k=8
RESULT rotating_rounds=8192
RESULT table_count_at_floor=9
RESULT oracle1_pass=1
RESULT config_conflicts_delta=0
RESULT tier1_hits=65528
RESULT tier1_misses=8
RESULT tier1_total=65536
RESULT expected_total=65536
RESULT oracle2_pass=1
RESULT tier1_hit_rate_pct=99.98779296875
RESULT churn_elapsed_ns=2265600
RESULT ns_per_op=34.5703125
OK k=8 rounds=8192 table_count=9 oracle1=PASS cfg_conflicts_delta=0 tier1_hits=65528 tier1_misses=8 hit_rate=99.99% oracle2=PASS ns_per_op=34.6
.RESULT k=8
RESULT rotating_rounds=8192
RESULT table_count_at_floor=9
RESULT oracle1_pass=1
RESULT config_conflicts_delta=0
RESULT tier1_hits=0
RESULT tier1_misses=65536
RESULT tier1_total=65536
RESULT expected_total=65536
RESULT oracle2_pass=1
RESULT tier1_hit_rate_pct=0
RESULT churn_elapsed_ns=2258100
RESULT ns_per_op=34.45587158203125
OK k=8 rounds=8192 table_count=9 oracle1=PASS cfg_conflicts_delta=0 tier1_hits=0 tier1_misses=65536 hit_rate=0.00% oracle2=PASS ns_per_op=34.5
.RESULT k=8
RESULT rotating_rounds=8192
RESULT table_count_at_floor=9
RESULT oracle1_pass=1
RESULT config_conflicts_delta=0
RESULT tier1_hits=0
RESULT tier1_misses=65536
RESULT tier1_total=65536
RESULT expected_total=65536
RESULT oracle2_pass=1
RESULT tier1_hit_rate_pct=0
RESULT churn_elapsed_ns=2173600
RESULT ns_per_op=33.16650390625
OK k=8 rounds=8192 table_count=9 oracle1=PASS cfg_conflicts_delta=0 tier1_hits=0 tier1_misses=65536 hit_rate=0.00% oracle2=PASS ns_per_op=33.2
.RESULT k=8
RESULT rotating_rounds=8192
RESULT table_count_at_floor=9
RESULT oracle1_pass=1
RESULT config_conflicts_delta=0
RESULT tier1_hits=65528
RESULT tier1_misses=8
RESULT tier1_total=65536
RESULT expected_total=65536
RESULT oracle2_pass=1
RESULT tier1_hit_rate_pct=99.98779296875
RESULT churn_elapsed_ns=1729000
RESULT ns_per_op=26.3824462890625
OK k=8 rounds=8192 table_count=9 oracle1=PASS cfg_conflicts_delta=0 tier1_hits=65528 tier1_misses=8 hit_rate=99.99% oracle2=PASS ns_per_op=26.4
.RESULT k=8
RESULT rotating_rounds=8192
RESULT table_count_at_floor=9
RESULT oracle1_pass=1
RESULT config_conflicts_delta=0
RESULT tier1_hits=65528
RESULT tier1_misses=8
RESULT tier1_total=65536
RESULT expected_total=65536
RESULT oracle2_pass=1
RESULT tier1_hit_rate_pct=99.98779296875
RESULT churn_elapsed_ns=1737400
RESULT ns_per_op=26.5106201171875
OK k=8 rounds=8192 table_count=9 oracle1=PASS cfg_conflicts_delta=0 tier1_hits=65528 tier1_misses=8 hit_rate=99.99% oracle2=PASS ns_per_op=26.5
.RESULT k=8
RESULT rotating_rounds=8192
RESULT table_count_at_floor=9
RESULT oracle1_pass=1
RESULT config_conflicts_delta=0
RESULT tier1_hits=0
RESULT tier1_misses=65536
RESULT tier1_total=65536
RESULT expected_total=65536
RESULT oracle2_pass=1
RESULT tier1_hit_rate_pct=0
RESULT churn_elapsed_ns=1903500
RESULT ns_per_op=29.04510498046875
OK k=8 rounds=8192 table_count=9 oracle1=PASS cfg_conflicts_delta=0 tier1_hits=0 tier1_misses=65536 hit_rate=0.00% oracle2=PASS ns_per_op=29.0
.RESULT k=8
RESULT rotating_rounds=8192
RESULT table_count_at_floor=9
RESULT oracle1_pass=1
RESULT config_conflicts_delta=0
RESULT tier1_hits=0
RESULT tier1_misses=65536
RESULT tier1_total=65536
RESULT expected_total=65536
RESULT oracle2_pass=1
RESULT tier1_hit_rate_pct=0
RESULT churn_elapsed_ns=1823100
RESULT ns_per_op=27.81829833984375
OK k=8 rounds=8192 table_count=9 oracle1=PASS cfg_conflicts_delta=0 tier1_hits=0 tier1_misses=65536 hit_rate=0.00% oracle2=PASS ns_per_op=27.8
.RESULT k=8
RESULT rotating_rounds=8192
RESULT table_count_at_floor=9
RESULT oracle1_pass=1
RESULT config_conflicts_delta=0
RESULT tier1_hits=65528
RESULT tier1_misses=8
RESULT tier1_total=65536
RESULT expected_total=65536
RESULT oracle2_pass=1
RESULT tier1_hit_rate_pct=99.98779296875
RESULT churn_elapsed_ns=1702100
RESULT ns_per_op=25.97198486328125
OK k=8 rounds=8192 table_count=9 oracle1=PASS cfg_conflicts_delta=0 tier1_hits=65528 tier1_misses=8 hit_rate=99.99% oracle2=PASS ns_per_op=26.0
.RESULT k=8
RESULT rotating_rounds=8192
RESULT table_count_at_floor=9
RESULT oracle1_pass=1
RESULT config_conflicts_delta=0
RESULT tier1_hits=65528
RESULT tier1_misses=8
RESULT tier1_total=65536
RESULT expected_total=65536
RESULT oracle2_pass=1
RESULT tier1_hit_rate_pct=99.98779296875
RESULT churn_elapsed_ns=1730500
RESULT ns_per_op=26.40533447265625
OK k=8 rounds=8192 table_count=9 oracle1=PASS cfg_conflicts_delta=0 tier1_hits=65528 tier1_misses=8 hit_rate=99.99% oracle2=PASS ns_per_op=26.4
.RESULT k=8
RESULT rotating_rounds=8192
RESULT table_count_at_floor=9
RESULT oracle1_pass=1
RESULT config_conflicts_delta=0
RESULT tier1_hits=0
RESULT tier1_misses=65536
RESULT tier1_total=65536
RESULT expected_total=65536
RESULT oracle2_pass=1
RESULT tier1_hit_rate_pct=0
RESULT churn_elapsed_ns=1887000
RESULT ns_per_op=28.7933349609375
OK k=8 rounds=8192 table_count=9 oracle1=PASS cfg_conflicts_delta=0 tier1_hits=0 tier1_misses=65536 hit_rate=0.00% oracle2=PASS ns_per_op=28.8
.RESULT k=8
RESULT rotating_rounds=8192
RESULT table_count_at_floor=9
RESULT oracle1_pass=1
RESULT config_conflicts_delta=0
RESULT tier1_hits=0
RESULT tier1_misses=65536
RESULT tier1_total=65536
RESULT expected_total=65536
RESULT oracle2_pass=1
RESULT tier1_hit_rate_pct=0
RESULT churn_elapsed_ns=1852800
RESULT ns_per_op=28.271484375
OK k=8 rounds=8192 table_count=9 oracle1=PASS cfg_conflicts_delta=0 tier1_hits=0 tier1_misses=65536 hit_rate=0.00% oracle2=PASS ns_per_op=28.3
.RESULT k=8
RESULT rotating_rounds=8192
RESULT table_count_at_floor=9
RESULT oracle1_pass=1
RESULT config_conflicts_delta=0
RESULT tier1_hits=65528
RESULT tier1_misses=8
RESULT tier1_total=65536
RESULT expected_total=65536
RESULT oracle2_pass=1
RESULT tier1_hit_rate_pct=99.98779296875
RESULT churn_elapsed_ns=1522900
RESULT ns_per_op=23.23760986328125
OK k=8 rounds=8192 table_count=9 oracle1=PASS cfg_conflicts_delta=0 tier1_hits=65528 tier1_misses=8 hit_rate=99.99% oracle2=PASS ns_per_op=23.2
.RESULT k=8
RESULT rotating_rounds=8192
RESULT table_count_at_floor=9
RESULT oracle1_pass=1
RESULT config_conflicts_delta=0
RESULT tier1_hits=65528
RESULT tier1_misses=8
RESULT tier1_total=65536
RESULT expected_total=65536
RESULT oracle2_pass=1
RESULT tier1_hit_rate_pct=99.98779296875
RESULT churn_elapsed_ns=1521100
RESULT ns_per_op=23.21014404296875
OK k=8 rounds=8192 table_count=9 oracle1=PASS cfg_conflicts_delta=0 tier1_hits=65528 tier1_misses=8 hit_rate=99.99% oracle2=PASS ns_per_op=23.2
.RESULT k=8
RESULT rotating_rounds=8192
RESULT table_count_at_floor=9
RESULT oracle1_pass=1
RESULT config_conflicts_delta=0
RESULT tier1_hits=0
RESULT tier1_misses=65536
RESULT tier1_total=65536
RESULT expected_total=65536
RESULT oracle2_pass=1
RESULT tier1_hit_rate_pct=0
RESULT churn_elapsed_ns=1831100
RESULT ns_per_op=27.94036865234375
OK k=8 rounds=8192 table_count=9 oracle1=PASS cfg_conflicts_delta=0 tier1_hits=0 tier1_misses=65536 hit_rate=0.00% oracle2=PASS ns_per_op=27.9
.RESULT k=8
RESULT rotating_rounds=8192
RESULT table_count_at_floor=9
RESULT oracle1_pass=1
RESULT config_conflicts_delta=0
RESULT tier1_hits=0
RESULT tier1_misses=65536
RESULT tier1_total=65536
RESULT expected_total=65536
RESULT oracle2_pass=1
RESULT tier1_hit_rate_pct=0
RESULT churn_elapsed_ns=1666800
RESULT ns_per_op=25.433349609375
OK k=8 rounds=8192 table_count=9 oracle1=PASS cfg_conflicts_delta=0 tier1_hits=0 tier1_misses=65536 hit_rate=0.00% oracle2=PASS ns_per_op=25.4
.RESULT k=8
RESULT rotating_rounds=8192
RESULT table_count_at_floor=9
RESULT oracle1_pass=1
RESULT config_conflicts_delta=0
RESULT tier1_hits=65528
RESULT tier1_misses=8
RESULT tier1_total=65536
RESULT expected_total=65536
RESULT oracle2_pass=1
RESULT tier1_hit_rate_pct=99.98779296875
RESULT churn_elapsed_ns=1733300
RESULT ns_per_op=26.44805908203125
OK k=8 rounds=8192 table_count=9 oracle1=PASS cfg_conflicts_delta=0 tier1_hits=65528 tier1_misses=8 hit_rate=99.99% oracle2=PASS ns_per_op=26.4
.RESULT k=8
RESULT rotating_rounds=8192
RESULT table_count_at_floor=9
RESULT oracle1_pass=1
RESULT config_conflicts_delta=0
RESULT tier1_hits=65528
RESULT tier1_misses=8
RESULT tier1_total=65536
RESULT expected_total=65536
RESULT oracle2_pass=1
RESULT tier1_hit_rate_pct=99.98779296875
RESULT churn_elapsed_ns=1666600
RESULT ns_per_op=25.4302978515625
OK k=8 rounds=8192 table_count=9 oracle1=PASS cfg_conflicts_delta=0 tier1_hits=65528 tier1_misses=8 hit_rate=99.99% oracle2=PASS ns_per_op=25.4
.RESULT k=8
RESULT rotating_rounds=8192
RESULT table_count_at_floor=9
RESULT oracle1_pass=1
RESULT config_conflicts_delta=0
RESULT tier1_hits=0
RESULT tier1_misses=65536
RESULT tier1_total=65536
RESULT expected_total=65536
RESULT oracle2_pass=1
RESULT tier1_hit_rate_pct=0
RESULT churn_elapsed_ns=1844600
RESULT ns_per_op=28.1463623046875
OK k=8 rounds=8192 table_count=9 oracle1=PASS cfg_conflicts_delta=0 tier1_hits=0 tier1_misses=65536 hit_rate=0.00% oracle2=PASS ns_per_op=28.1
.RESULT k=8
RESULT rotating_rounds=8192
RESULT table_count_at_floor=9
RESULT oracle1_pass=1
RESULT config_conflicts_delta=0
RESULT tier1_hits=0
RESULT tier1_misses=65536
RESULT tier1_total=65536
RESULT expected_total=65536
RESULT oracle2_pass=1
RESULT tier1_hit_rate_pct=0
RESULT churn_elapsed_ns=1809900
RESULT ns_per_op=27.61688232421875
OK k=8 rounds=8192 table_count=9 oracle1=PASS cfg_conflicts_delta=0 tier1_hits=0 tier1_misses=65536 hit_rate=0.00% oracle2=PASS ns_per_op=27.6
.RESULT k=8
RESULT rotating_rounds=8192
RESULT table_count_at_floor=9
RESULT oracle1_pass=1
RESULT config_conflicts_delta=0
RESULT tier1_hits=65528
RESULT tier1_misses=8
RESULT tier1_total=65536
RESULT expected_total=65536
RESULT oracle2_pass=1
RESULT tier1_hit_rate_pct=99.98779296875
RESULT churn_elapsed_ns=1783500
RESULT ns_per_op=27.21405029296875
OK k=8 rounds=8192 table_count=9 oracle1=PASS cfg_conflicts_delta=0 tier1_hits=65528 tier1_misses=8 hit_rate=99.99% oracle2=PASS ns_per_op=27.2
.RESULT k=8
RESULT rotating_rounds=8192
RESULT table_count_at_floor=9
RESULT oracle1_pass=1
RESULT config_conflicts_delta=0
RESULT tier1_hits=65528
RESULT tier1_misses=8
RESULT tier1_total=65536
RESULT expected_total=65536
RESULT oracle2_pass=1
RESULT tier1_hit_rate_pct=99.98779296875
RESULT churn_elapsed_ns=2274800
RESULT ns_per_op=34.710693359375
OK k=8 rounds=8192 table_count=9 oracle1=PASS cfg_conflicts_delta=0 tier1_hits=65528 tier1_misses=8 hit_rate=99.99% oracle2=PASS ns_per_op=34.7
.RESULT k=8
RESULT rotating_rounds=8192
RESULT table_count_at_floor=9
RESULT oracle1_pass=1
RESULT config_conflicts_delta=0
RESULT tier1_hits=0
RESULT tier1_misses=65536
RESULT tier1_total=65536
RESULT expected_total=65536
RESULT oracle2_pass=1
RESULT tier1_hit_rate_pct=0
RESULT churn_elapsed_ns=1866400
RESULT ns_per_op=28.47900390625
OK k=8 rounds=8192 table_count=9 oracle1=PASS cfg_conflicts_delta=0 tier1_hits=0 tier1_misses=65536 hit_rate=0.00% oracle2=PASS ns_per_op=28.5
.RESULT k=8
RESULT rotating_rounds=8192
RESULT table_count_at_floor=9
RESULT oracle1_pass=1
RESULT config_conflicts_delta=0
RESULT tier1_hits=0
RESULT tier1_misses=65536
RESULT tier1_total=65536
RESULT expected_total=65536
RESULT oracle2_pass=1
RESULT tier1_hit_rate_pct=0
RESULT churn_elapsed_ns=1855400
RESULT ns_per_op=28.3111572265625
OK k=8 rounds=8192 table_count=9 oracle1=PASS cfg_conflicts_delta=0 tier1_hits=0 tier1_misses=65536 hit_rate=0.00% oracle2=PASS ns_per_op=28.3
.RESULT k=8
RESULT rotating_rounds=8192
RESULT table_count_at_floor=9
RESULT oracle1_pass=1
RESULT config_conflicts_delta=0
RESULT tier1_hits=65528
RESULT tier1_misses=8
RESULT tier1_total=65536
RESULT expected_total=65536
RESULT oracle2_pass=1
RESULT tier1_hit_rate_pct=99.98779296875
RESULT churn_elapsed_ns=1920400
RESULT ns_per_op=29.302978515625
OK k=8 rounds=8192 table_count=9 oracle1=PASS cfg_conflicts_delta=0 tier1_hits=65528 tier1_misses=8 hit_rate=99.99% oracle2=PASS ns_per_op=29.3
.RESULT k=8
RESULT rotating_rounds=8192
RESULT table_count_at_floor=9
RESULT oracle1_pass=1
RESULT config_conflicts_delta=0
RESULT tier1_hits=65528
RESULT tier1_misses=8
RESULT tier1_total=65536
RESULT expected_total=65536
RESULT oracle2_pass=1
RESULT tier1_hit_rate_pct=99.98779296875
RESULT churn_elapsed_ns=1842900
RESULT ns_per_op=28.12042236328125
OK k=8 rounds=8192 table_count=9 oracle1=PASS cfg_conflicts_delta=0 tier1_hits=65528 tier1_misses=8 hit_rate=99.99% oracle2=PASS ns_per_op=28.1
.RESULT k=8
RESULT rotating_rounds=8192
RESULT table_count_at_floor=9
RESULT oracle1_pass=1
RESULT config_conflicts_delta=0
RESULT tier1_hits=0
RESULT tier1_misses=65536
RESULT tier1_total=65536
RESULT expected_total=65536
RESULT oracle2_pass=1
RESULT tier1_hit_rate_pct=0
RESULT churn_elapsed_ns=1852600
RESULT ns_per_op=28.2684326171875
OK k=8 rounds=8192 table_count=9 oracle1=PASS cfg_conflicts_delta=0 tier1_hits=0 tier1_misses=65536 hit_rate=0.00% oracle2=PASS ns_per_op=28.3
.RESULT k=8
RESULT rotating_rounds=8192
RESULT table_count_at_floor=9
RESULT oracle1_pass=1
RESULT config_conflicts_delta=0
RESULT tier1_hits=0
RESULT tier1_misses=65536
RESULT tier1_total=65536
RESULT expected_total=65536
RESULT oracle2_pass=1
RESULT tier1_hit_rate_pct=0
RESULT churn_elapsed_ns=1873700
RESULT ns_per_op=28.59039306640625
OK k=8 rounds=8192 table_count=9 oracle1=PASS cfg_conflicts_delta=0 tier1_hits=0 tier1_misses=65536 hit_rate=0.00% oracle2=PASS ns_per_op=28.6
.RESULT k=8
RESULT rotating_rounds=8192
RESULT table_count_at_floor=9
RESULT oracle1_pass=1
RESULT config_conflicts_delta=0
RESULT tier1_hits=65528
RESULT tier1_misses=8
RESULT tier1_total=65536
RESULT expected_total=65536
RESULT oracle2_pass=1
RESULT tier1_hit_rate_pct=99.98779296875
RESULT churn_elapsed_ns=1714700
RESULT ns_per_op=26.16424560546875
OK k=8 rounds=8192 table_count=9 oracle1=PASS cfg_conflicts_delta=0 tier1_hits=65528 tier1_misses=8 hit_rate=99.99% oracle2=PASS ns_per_op=26.2
.RESULT k=8
RESULT rotating_rounds=8192
RESULT table_count_at_floor=9
RESULT oracle1_pass=1
RESULT config_conflicts_delta=0
RESULT tier1_hits=65528
RESULT tier1_misses=8
RESULT tier1_total=65536
RESULT expected_total=65536
RESULT oracle2_pass=1
RESULT tier1_hit_rate_pct=99.98779296875
RESULT churn_elapsed_ns=1770000
RESULT ns_per_op=27.008056640625
OK k=8 rounds=8192 table_count=9 oracle1=PASS cfg_conflicts_delta=0 tier1_hits=65528 tier1_misses=8 hit_rate=99.99% oracle2=PASS ns_per_op=27.0
.RESULT k=8
RESULT rotating_rounds=8192
RESULT table_count_at_floor=9
RESULT oracle1_pass=1
RESULT config_conflicts_delta=0
RESULT tier1_hits=0
RESULT tier1_misses=65536
RESULT tier1_total=65536
RESULT expected_total=65536
RESULT oracle2_pass=1
RESULT tier1_hit_rate_pct=0
RESULT churn_elapsed_ns=1919300
RESULT ns_per_op=29.28619384765625
OK k=8 rounds=8192 table_count=9 oracle1=PASS cfg_conflicts_delta=0 tier1_hits=0 tier1_misses=65536 hit_rate=0.00% oracle2=PASS ns_per_op=29.3
.RESULT k=8
RESULT rotating_rounds=8192
RESULT table_count_at_floor=9
RESULT oracle1_pass=1
RESULT config_conflicts_delta=0
RESULT tier1_hits=0
RESULT tier1_misses=65536
RESULT tier1_total=65536
RESULT expected_total=65536
RESULT oracle2_pass=1
RESULT tier1_hit_rate_pct=0
RESULT churn_elapsed_ns=1875700
RESULT ns_per_op=28.62091064453125
OK k=8 rounds=8192 table_count=9 oracle1=PASS cfg_conflicts_delta=0 tier1_hits=0 tier1_misses=65536 hit_rate=0.00% oracle2=PASS ns_per_op=28.6
.RESULT k=8
RESULT rotating_rounds=8192
RESULT table_count_at_floor=9
RESULT oracle1_pass=1
RESULT config_conflicts_delta=0
RESULT tier1_hits=65528
RESULT tier1_misses=8
RESULT tier1_total=65536
RESULT expected_total=65536
RESULT oracle2_pass=1
RESULT tier1_hit_rate_pct=99.98779296875
RESULT churn_elapsed_ns=1754700
RESULT ns_per_op=26.77459716796875
OK k=8 rounds=8192 table_count=9 oracle1=PASS cfg_conflicts_delta=0 tier1_hits=65528 tier1_misses=8 hit_rate=99.99% oracle2=PASS ns_per_op=26.8
.RESULT k=8
RESULT rotating_rounds=8192
RESULT table_count_at_floor=9
RESULT oracle1_pass=1
RESULT config_conflicts_delta=0
RESULT tier1_hits=65528
RESULT tier1_misses=8
RESULT tier1_total=65536
RESULT expected_total=65536
RESULT oracle2_pass=1
RESULT tier1_hit_rate_pct=99.98779296875
RESULT churn_elapsed_ns=1626400
RESULT ns_per_op=24.81689453125
OK k=8 rounds=8192 table_count=9 oracle1=PASS cfg_conflicts_delta=0 tier1_hits=65528 tier1_misses=8 hit_rate=99.99% oracle2=PASS ns_per_op=24.8
.RESULT k=8
RESULT rotating_rounds=8192
RESULT table_count_at_floor=9
RESULT oracle1_pass=1
RESULT config_conflicts_delta=0
RESULT tier1_hits=0
RESULT tier1_misses=65536
RESULT tier1_total=65536
RESULT expected_total=65536
RESULT oracle2_pass=1
RESULT tier1_hit_rate_pct=0
RESULT churn_elapsed_ns=1253900
RESULT ns_per_op=19.13299560546875
OK k=8 rounds=8192 table_count=9 oracle1=PASS cfg_conflicts_delta=0 tier1_hits=0 tier1_misses=65536 hit_rate=0.00% oracle2=PASS ns_per_op=19.1
.RESULT k=8
RESULT rotating_rounds=8192
RESULT table_count_at_floor=9
RESULT oracle1_pass=1
RESULT config_conflicts_delta=0
RESULT tier1_hits=0
RESULT tier1_misses=65536
RESULT tier1_total=65536
RESULT expected_total=65536
RESULT oracle2_pass=1
RESULT tier1_hit_rate_pct=0
RESULT churn_elapsed_ns=1826200
RESULT ns_per_op=27.8656005859375
OK k=8 rounds=8192 table_count=9 oracle1=PASS cfg_conflicts_delta=0 tier1_hits=0 tier1_misses=65536 hit_rate=0.00% oracle2=PASS ns_per_op=27.9
.RESULT k=8
RESULT rotating_rounds=8192
RESULT table_count_at_floor=9
RESULT oracle1_pass=1
RESULT config_conflicts_delta=0
RESULT tier1_hits=65528
RESULT tier1_misses=8
RESULT tier1_total=65536
RESULT expected_total=65536
RESULT oracle2_pass=1
RESULT tier1_hit_rate_pct=99.98779296875
RESULT churn_elapsed_ns=1735000
RESULT ns_per_op=26.4739990234375
OK k=8 rounds=8192 table_count=9 oracle1=PASS cfg_conflicts_delta=0 tier1_hits=65528 tier1_misses=8 hit_rate=99.99% oracle2=PASS ns_per_op=26.5
.RESULT k=8
RESULT rotating_rounds=8192
RESULT table_count_at_floor=9
RESULT oracle1_pass=1
RESULT config_conflicts_delta=0
RESULT tier1_hits=65528
RESULT tier1_misses=8
RESULT tier1_total=65536
RESULT expected_total=65536
RESULT oracle2_pass=1
RESULT tier1_hit_rate_pct=99.98779296875
RESULT churn_elapsed_ns=1887500
RESULT ns_per_op=28.80096435546875
OK k=8 rounds=8192 table_count=9 oracle1=PASS cfg_conflicts_delta=0 tier1_hits=65528 tier1_misses=8 hit_rate=99.99% oracle2=PASS ns_per_op=28.8
.RESULT k=8
RESULT rotating_rounds=8192
RESULT table_count_at_floor=9
RESULT oracle1_pass=1
RESULT config_conflicts_delta=0
RESULT tier1_hits=0
RESULT tier1_misses=65536
RESULT tier1_total=65536
RESULT expected_total=65536
RESULT oracle2_pass=1
RESULT tier1_hit_rate_pct=0
RESULT churn_elapsed_ns=1834200
RESULT ns_per_op=27.9876708984375
OK k=8 rounds=8192 table_count=9 oracle1=PASS cfg_conflicts_delta=0 tier1_hits=0 tier1_misses=65536 hit_rate=0.00% oracle2=PASS ns_per_op=28.0
.RESULT k=8
RESULT rotating_rounds=8192
RESULT table_count_at_floor=9
RESULT oracle1_pass=1
RESULT config_conflicts_delta=0
RESULT tier1_hits=0
RESULT tier1_misses=65536
RESULT tier1_total=65536
RESULT expected_total=65536
RESULT oracle2_pass=1
RESULT tier1_hit_rate_pct=0
RESULT churn_elapsed_ns=1971400
RESULT ns_per_op=30.0811767578125
OK k=8 rounds=8192 table_count=9 oracle1=PASS cfg_conflicts_delta=0 tier1_hits=0 tier1_misses=65536 hit_rate=0.00% oracle2=PASS ns_per_op=30.1
.RESULT k=8
RESULT rotating_rounds=8192
RESULT table_count_at_floor=9
RESULT oracle1_pass=1
RESULT config_conflicts_delta=0
RESULT tier1_hits=65528
RESULT tier1_misses=8
RESULT tier1_total=65536
RESULT expected_total=65536
RESULT oracle2_pass=1
RESULT tier1_hit_rate_pct=99.98779296875
RESULT churn_elapsed_ns=1705500
RESULT ns_per_op=26.02386474609375
OK k=8 rounds=8192 table_count=9 oracle1=PASS cfg_conflicts_delta=0 tier1_hits=65528 tier1_misses=8 hit_rate=99.99% oracle2=PASS ns_per_op=26.0
.RESULT k=8
RESULT rotating_rounds=8192
RESULT table_count_at_floor=9
RESULT oracle1_pass=1
RESULT config_conflicts_delta=0
RESULT tier1_hits=65528
RESULT tier1_misses=8
RESULT tier1_total=65536
RESULT expected_total=65536
RESULT oracle2_pass=1
RESULT tier1_hit_rate_pct=99.98779296875
RESULT churn_elapsed_ns=1636600
RESULT ns_per_op=24.9725341796875
OK k=8 rounds=8192 table_count=9 oracle1=PASS cfg_conflicts_delta=0 tier1_hits=65528 tier1_misses=8 hit_rate=99.99% oracle2=PASS ns_per_op=25.0
.RESULT k=8
RESULT rotating_rounds=8192
RESULT table_count_at_floor=9
RESULT oracle1_pass=1
RESULT config_conflicts_delta=0
RESULT tier1_hits=0
RESULT tier1_misses=65536
RESULT tier1_total=65536
RESULT expected_total=65536
RESULT oracle2_pass=1
RESULT tier1_hit_rate_pct=0
RESULT churn_elapsed_ns=1833000
RESULT ns_per_op=27.9693603515625
OK k=8 rounds=8192 table_count=9 oracle1=PASS cfg_conflicts_delta=0 tier1_hits=0 tier1_misses=65536 hit_rate=0.00% oracle2=PASS ns_per_op=28.0
.RESULT k=8
RESULT rotating_rounds=8192
RESULT table_count_at_floor=9
RESULT oracle1_pass=1
RESULT config_conflicts_delta=0
RESULT tier1_hits=0
RESULT tier1_misses=65536
RESULT tier1_total=65536
RESULT expected_total=65536
RESULT oracle2_pass=1
RESULT tier1_hit_rate_pct=0
RESULT churn_elapsed_ns=1771700
RESULT ns_per_op=27.03399658203125
OK k=8 rounds=8192 table_count=9 oracle1=PASS cfg_conflicts_delta=0 tier1_hits=0 tier1_misses=65536 hit_rate=0.00% oracle2=PASS ns_per_op=27.0
.RESULT k=8
RESULT rotating_rounds=8192
RESULT table_count_at_floor=9
RESULT oracle1_pass=1
RESULT config_conflicts_delta=0
RESULT tier1_hits=65528
RESULT tier1_misses=8
RESULT tier1_total=65536
RESULT expected_total=65536
RESULT oracle2_pass=1
RESULT tier1_hit_rate_pct=99.98779296875
RESULT churn_elapsed_ns=1566100
RESULT ns_per_op=23.89678955078125
OK k=8 rounds=8192 table_count=9 oracle1=PASS cfg_conflicts_delta=0 tier1_hits=65528 tier1_misses=8 hit_rate=99.99% oracle2=PASS ns_per_op=23.9
.RESULT k=8
RESULT rotating_rounds=8192
RESULT table_count_at_floor=9
RESULT oracle1_pass=1
RESULT config_conflicts_delta=0
RESULT tier1_hits=65528
RESULT tier1_misses=8
RESULT tier1_total=65536
RESULT expected_total=65536
RESULT oracle2_pass=1
RESULT tier1_hit_rate_pct=99.98779296875
RESULT churn_elapsed_ns=1765800
RESULT ns_per_op=26.9439697265625
OK k=8 rounds=8192 table_count=9 oracle1=PASS cfg_conflicts_delta=0 tier1_hits=65528 tier1_misses=8 hit_rate=99.99% oracle2=PASS ns_per_op=26.9
.RESULT k=8
RESULT rotating_rounds=8192
RESULT table_count_at_floor=9
RESULT oracle1_pass=1
RESULT config_conflicts_delta=0
RESULT tier1_hits=0
RESULT tier1_misses=65536
RESULT tier1_total=65536
RESULT expected_total=65536
RESULT oracle2_pass=1
RESULT tier1_hit_rate_pct=0
RESULT churn_elapsed_ns=2397800
RESULT ns_per_op=36.5875244140625
OK k=8 rounds=8192 table_count=9 oracle1=PASS cfg_conflicts_delta=0 tier1_hits=0 tier1_misses=65536 hit_rate=0.00% oracle2=PASS ns_per_op=36.6
.

  === before vs after (A - B, ns) ===
  n=20  mean Δ=19.555 us  sd=1.040 ms  se=232.518 us  t=0.084  df=19  crit(p<0.05)=2.101  => NOT statistically distinguishable from noise (fails to reject null)
  sign test: before-faster=7/20  after-faster=13/20  ties=0

[paired-ab] provenance written to D:\dev\rust\sefer-alloc/docs/perf/paired_ab_runs/2026-08-03T15-29-17-879Z.json

[paired-ab] Reading this output: `t` past `crit` (or sign test heavily lopsided, e.g. 17+/20) means a REAL,
  non-noise wall-clock difference on THIS host for THIS workload — mirroring
  docs/perf/R5_R2_CHURN_REGRESSION_PAIRED_AB.md's verdict criteria. A same-vs-same control run
  (--arms sefer,sefer) should show t well under `crit` and a roughly even sign-test split --
  if it does not, that indicates a harness bug (non-reproducible workload, background load
  bleeding into the timed region), not a real self-difference.
