[paired-ab] --config has no "build" step; assuming arm commands are already built.

[paired-ab] after vs after — 20 pairs, A/B/B/A protocol
RESULT k=32
RESULT rotating_rounds=8192
RESULT table_count_at_floor=33
RESULT oracle1_pass=1
RESULT config_conflicts_delta=0
RESULT tier1_hits=0
RESULT tier1_misses=262144
RESULT tier1_total=262144
RESULT expected_total=262144
RESULT oracle2_pass=1
RESULT tier1_hit_rate_pct=0
RESULT churn_elapsed_ns=7578800
RESULT ns_per_op=28.91082763671875
OK k=32 rounds=8192 table_count=33 oracle1=PASS cfg_conflicts_delta=0 tier1_hits=0 tier1_misses=262144 hit_rate=0.00% oracle2=PASS ns_per_op=28.9
.RESULT k=32
RESULT rotating_rounds=8192
RESULT table_count_at_floor=33
RESULT oracle1_pass=1
RESULT config_conflicts_delta=0
RESULT tier1_hits=0
RESULT tier1_misses=262144
RESULT tier1_total=262144
RESULT expected_total=262144
RESULT oracle2_pass=1
RESULT tier1_hit_rate_pct=0
RESULT churn_elapsed_ns=7455000
RESULT ns_per_op=28.438568115234375
OK k=32 rounds=8192 table_count=33 oracle1=PASS cfg_conflicts_delta=0 tier1_hits=0 tier1_misses=262144 hit_rate=0.00% oracle2=PASS ns_per_op=28.4
.RESULT k=32
RESULT rotating_rounds=8192
RESULT table_count_at_floor=33
RESULT oracle1_pass=1
RESULT config_conflicts_delta=0
RESULT tier1_hits=0
RESULT tier1_misses=262144
RESULT tier1_total=262144
RESULT expected_total=262144
RESULT oracle2_pass=1
RESULT tier1_hit_rate_pct=0
RESULT churn_elapsed_ns=7649500
RESULT ns_per_op=29.180526733398438
OK k=32 rounds=8192 table_count=33 oracle1=PASS cfg_conflicts_delta=0 tier1_hits=0 tier1_misses=262144 hit_rate=0.00% oracle2=PASS ns_per_op=29.2
.RESULT k=32
RESULT rotating_rounds=8192
RESULT table_count_at_floor=33
RESULT oracle1_pass=1
RESULT config_conflicts_delta=0
RESULT tier1_hits=0
RESULT tier1_misses=262144
RESULT tier1_total=262144
RESULT expected_total=262144
RESULT oracle2_pass=1
RESULT tier1_hit_rate_pct=0
RESULT churn_elapsed_ns=7596300
RESULT ns_per_op=28.977584838867188
OK k=32 rounds=8192 table_count=33 oracle1=PASS cfg_conflicts_delta=0 tier1_hits=0 tier1_misses=262144 hit_rate=0.00% oracle2=PASS ns_per_op=29.0
.RESULT k=32
RESULT rotating_rounds=8192
RESULT table_count_at_floor=33
RESULT oracle1_pass=1
RESULT config_conflicts_delta=0
RESULT tier1_hits=0
RESULT tier1_misses=262144
RESULT tier1_total=262144
RESULT expected_total=262144
RESULT oracle2_pass=1
RESULT tier1_hit_rate_pct=0
RESULT churn_elapsed_ns=7926400
RESULT ns_per_op=30.23681640625
OK k=32 rounds=8192 table_count=33 oracle1=PASS cfg_conflicts_delta=0 tier1_hits=0 tier1_misses=262144 hit_rate=0.00% oracle2=PASS ns_per_op=30.2
.RESULT k=32
RESULT rotating_rounds=8192
RESULT table_count_at_floor=33
RESULT oracle1_pass=1
RESULT config_conflicts_delta=0
RESULT tier1_hits=0
RESULT tier1_misses=262144
RESULT tier1_total=262144
RESULT expected_total=262144
RESULT oracle2_pass=1
RESULT tier1_hit_rate_pct=0
RESULT churn_elapsed_ns=7554500
RESULT ns_per_op=28.818130493164063
OK k=32 rounds=8192 table_count=33 oracle1=PASS cfg_conflicts_delta=0 tier1_hits=0 tier1_misses=262144 hit_rate=0.00% oracle2=PASS ns_per_op=28.8
.RESULT k=32
RESULT rotating_rounds=8192
RESULT table_count_at_floor=33
RESULT oracle1_pass=1
RESULT config_conflicts_delta=0
RESULT tier1_hits=0
RESULT tier1_misses=262144
RESULT tier1_total=262144
RESULT expected_total=262144
RESULT oracle2_pass=1
RESULT tier1_hit_rate_pct=0
RESULT churn_elapsed_ns=7513300
RESULT ns_per_op=28.660964965820313
OK k=32 rounds=8192 table_count=33 oracle1=PASS cfg_conflicts_delta=0 tier1_hits=0 tier1_misses=262144 hit_rate=0.00% oracle2=PASS ns_per_op=28.7
.RESULT k=32
RESULT rotating_rounds=8192
RESULT table_count_at_floor=33
RESULT oracle1_pass=1
RESULT config_conflicts_delta=0
RESULT tier1_hits=0
RESULT tier1_misses=262144
RESULT tier1_total=262144
RESULT expected_total=262144
RESULT oracle2_pass=1
RESULT tier1_hit_rate_pct=0
RESULT churn_elapsed_ns=7482200
RESULT ns_per_op=28.542327880859375
OK k=32 rounds=8192 table_count=33 oracle1=PASS cfg_conflicts_delta=0 tier1_hits=0 tier1_misses=262144 hit_rate=0.00% oracle2=PASS ns_per_op=28.5
.RESULT k=32
RESULT rotating_rounds=8192
RESULT table_count_at_floor=33
RESULT oracle1_pass=1
RESULT config_conflicts_delta=0
RESULT tier1_hits=0
RESULT tier1_misses=262144
RESULT tier1_total=262144
RESULT expected_total=262144
RESULT oracle2_pass=1
RESULT tier1_hit_rate_pct=0
RESULT churn_elapsed_ns=7963400
RESULT ns_per_op=30.377960205078125
OK k=32 rounds=8192 table_count=33 oracle1=PASS cfg_conflicts_delta=0 tier1_hits=0 tier1_misses=262144 hit_rate=0.00% oracle2=PASS ns_per_op=30.4
.RESULT k=32
RESULT rotating_rounds=8192
RESULT table_count_at_floor=33
RESULT oracle1_pass=1
RESULT config_conflicts_delta=0
RESULT tier1_hits=0
RESULT tier1_misses=262144
RESULT tier1_total=262144
RESULT expected_total=262144
RESULT oracle2_pass=1
RESULT tier1_hit_rate_pct=0
RESULT churn_elapsed_ns=7733500
RESULT ns_per_op=29.500961303710938
OK k=32 rounds=8192 table_count=33 oracle1=PASS cfg_conflicts_delta=0 tier1_hits=0 tier1_misses=262144 hit_rate=0.00% oracle2=PASS ns_per_op=29.5
.RESULT k=32
RESULT rotating_rounds=8192
RESULT table_count_at_floor=33
RESULT oracle1_pass=1
RESULT config_conflicts_delta=0
RESULT tier1_hits=0
RESULT tier1_misses=262144
RESULT tier1_total=262144
RESULT expected_total=262144
RESULT oracle2_pass=1
RESULT tier1_hit_rate_pct=0
RESULT churn_elapsed_ns=7132000
RESULT ns_per_op=27.2064208984375
OK k=32 rounds=8192 table_count=33 oracle1=PASS cfg_conflicts_delta=0 tier1_hits=0 tier1_misses=262144 hit_rate=0.00% oracle2=PASS ns_per_op=27.2
.RESULT k=32
RESULT rotating_rounds=8192
RESULT table_count_at_floor=33
RESULT oracle1_pass=1
RESULT config_conflicts_delta=0
RESULT tier1_hits=0
RESULT tier1_misses=262144
RESULT tier1_total=262144
RESULT expected_total=262144
RESULT oracle2_pass=1
RESULT tier1_hit_rate_pct=0
RESULT churn_elapsed_ns=7854600
RESULT ns_per_op=29.962921142578125
OK k=32 rounds=8192 table_count=33 oracle1=PASS cfg_conflicts_delta=0 tier1_hits=0 tier1_misses=262144 hit_rate=0.00% oracle2=PASS ns_per_op=30.0
.RESULT k=32
RESULT rotating_rounds=8192
RESULT table_count_at_floor=33
RESULT oracle1_pass=1
RESULT config_conflicts_delta=0
RESULT tier1_hits=0
RESULT tier1_misses=262144
RESULT tier1_total=262144
RESULT expected_total=262144
RESULT oracle2_pass=1
RESULT tier1_hit_rate_pct=0
RESULT churn_elapsed_ns=7691500
RESULT ns_per_op=29.340744018554688
OK k=32 rounds=8192 table_count=33 oracle1=PASS cfg_conflicts_delta=0 tier1_hits=0 tier1_misses=262144 hit_rate=0.00% oracle2=PASS ns_per_op=29.3
.RESULT k=32
RESULT rotating_rounds=8192
RESULT table_count_at_floor=33
RESULT oracle1_pass=1
RESULT config_conflicts_delta=0
RESULT tier1_hits=0
RESULT tier1_misses=262144
RESULT tier1_total=262144
RESULT expected_total=262144
RESULT oracle2_pass=1
RESULT tier1_hit_rate_pct=0
RESULT churn_elapsed_ns=7560900
RESULT ns_per_op=28.842544555664063
OK k=32 rounds=8192 table_count=33 oracle1=PASS cfg_conflicts_delta=0 tier1_hits=0 tier1_misses=262144 hit_rate=0.00% oracle2=PASS ns_per_op=28.8
.RESULT k=32
RESULT rotating_rounds=8192
RESULT table_count_at_floor=33
RESULT oracle1_pass=1
RESULT config_conflicts_delta=0
RESULT tier1_hits=0
RESULT tier1_misses=262144
RESULT tier1_total=262144
RESULT expected_total=262144
RESULT oracle2_pass=1
RESULT tier1_hit_rate_pct=0
RESULT churn_elapsed_ns=7705700
RESULT ns_per_op=29.394912719726563
OK k=32 rounds=8192 table_count=33 oracle1=PASS cfg_conflicts_delta=0 tier1_hits=0 tier1_misses=262144 hit_rate=0.00% oracle2=PASS ns_per_op=29.4
.RESULT k=32
RESULT rotating_rounds=8192
RESULT table_count_at_floor=33
RESULT oracle1_pass=1
RESULT config_conflicts_delta=0
RESULT tier1_hits=0
RESULT tier1_misses=262144
RESULT tier1_total=262144
RESULT expected_total=262144
RESULT oracle2_pass=1
RESULT tier1_hit_rate_pct=0
RESULT churn_elapsed_ns=7615700
RESULT ns_per_op=29.051589965820313
OK k=32 rounds=8192 table_count=33 oracle1=PASS cfg_conflicts_delta=0 tier1_hits=0 tier1_misses=262144 hit_rate=0.00% oracle2=PASS ns_per_op=29.1
.RESULT k=32
RESULT rotating_rounds=8192
RESULT table_count_at_floor=33
RESULT oracle1_pass=1
RESULT config_conflicts_delta=0
RESULT tier1_hits=0
RESULT tier1_misses=262144
RESULT tier1_total=262144
RESULT expected_total=262144
RESULT oracle2_pass=1
RESULT tier1_hit_rate_pct=0
RESULT churn_elapsed_ns=7740100
RESULT ns_per_op=29.526138305664063
OK k=32 rounds=8192 table_count=33 oracle1=PASS cfg_conflicts_delta=0 tier1_hits=0 tier1_misses=262144 hit_rate=0.00% oracle2=PASS ns_per_op=29.5
.RESULT k=32
RESULT rotating_rounds=8192
RESULT table_count_at_floor=33
RESULT oracle1_pass=1
RESULT config_conflicts_delta=0
RESULT tier1_hits=0
RESULT tier1_misses=262144
RESULT tier1_total=262144
RESULT expected_total=262144
RESULT oracle2_pass=1
RESULT tier1_hit_rate_pct=0
RESULT churn_elapsed_ns=7609100
RESULT ns_per_op=29.026412963867188
OK k=32 rounds=8192 table_count=33 oracle1=PASS cfg_conflicts_delta=0 tier1_hits=0 tier1_misses=262144 hit_rate=0.00% oracle2=PASS ns_per_op=29.0
.RESULT k=32
RESULT rotating_rounds=8192
RESULT table_count_at_floor=33
RESULT oracle1_pass=1
RESULT config_conflicts_delta=0
RESULT tier1_hits=0
RESULT tier1_misses=262144
RESULT tier1_total=262144
RESULT expected_total=262144
RESULT oracle2_pass=1
RESULT tier1_hit_rate_pct=0
RESULT churn_elapsed_ns=7667700
RESULT ns_per_op=29.249954223632813
OK k=32 rounds=8192 table_count=33 oracle1=PASS cfg_conflicts_delta=0 tier1_hits=0 tier1_misses=262144 hit_rate=0.00% oracle2=PASS ns_per_op=29.2
.RESULT k=32
RESULT rotating_rounds=8192
RESULT table_count_at_floor=33
RESULT oracle1_pass=1
RESULT config_conflicts_delta=0
RESULT tier1_hits=49146
RESULT tier1_misses=212998
RESULT tier1_total=262144
RESULT expected_total=262144
RESULT oracle2_pass=1
RESULT tier1_hit_rate_pct=18.747711181640625
RESULT churn_elapsed_ns=7540300
RESULT ns_per_op=28.763961791992188
OK k=32 rounds=8192 table_count=33 oracle1=PASS cfg_conflicts_delta=0 tier1_hits=49146 tier1_misses=212998 hit_rate=18.75% oracle2=PASS ns_per_op=28.8
.RESULT k=32
RESULT rotating_rounds=8192
RESULT table_count_at_floor=33
RESULT oracle1_pass=1
RESULT config_conflicts_delta=0
RESULT tier1_hits=0
RESULT tier1_misses=262144
RESULT tier1_total=262144
RESULT expected_total=262144
RESULT oracle2_pass=1
RESULT tier1_hit_rate_pct=0
RESULT churn_elapsed_ns=8705400
RESULT ns_per_op=33.208465576171875
OK k=32 rounds=8192 table_count=33 oracle1=PASS cfg_conflicts_delta=0 tier1_hits=0 tier1_misses=262144 hit_rate=0.00% oracle2=PASS ns_per_op=33.2
.RESULT k=32
RESULT rotating_rounds=8192
RESULT table_count_at_floor=33
RESULT oracle1_pass=1
RESULT config_conflicts_delta=0
RESULT tier1_hits=0
RESULT tier1_misses=262144
RESULT tier1_total=262144
RESULT expected_total=262144
RESULT oracle2_pass=1
RESULT tier1_hit_rate_pct=0
RESULT churn_elapsed_ns=7305600
RESULT ns_per_op=27.86865234375
OK k=32 rounds=8192 table_count=33 oracle1=PASS cfg_conflicts_delta=0 tier1_hits=0 tier1_misses=262144 hit_rate=0.00% oracle2=PASS ns_per_op=27.9
.RESULT k=32
RESULT rotating_rounds=8192
RESULT table_count_at_floor=33
RESULT oracle1_pass=1
RESULT config_conflicts_delta=0
RESULT tier1_hits=0
RESULT tier1_misses=262144
RESULT tier1_total=262144
RESULT expected_total=262144
RESULT oracle2_pass=1
RESULT tier1_hit_rate_pct=0
RESULT churn_elapsed_ns=7533200
RESULT ns_per_op=28.73687744140625
OK k=32 rounds=8192 table_count=33 oracle1=PASS cfg_conflicts_delta=0 tier1_hits=0 tier1_misses=262144 hit_rate=0.00% oracle2=PASS ns_per_op=28.7
.RESULT k=32
RESULT rotating_rounds=8192
RESULT table_count_at_floor=33
RESULT oracle1_pass=1
RESULT config_conflicts_delta=0
RESULT tier1_hits=0
RESULT tier1_misses=262144
RESULT tier1_total=262144
RESULT expected_total=262144
RESULT oracle2_pass=1
RESULT tier1_hit_rate_pct=0
RESULT churn_elapsed_ns=7472300
RESULT ns_per_op=28.504562377929688
OK k=32 rounds=8192 table_count=33 oracle1=PASS cfg_conflicts_delta=0 tier1_hits=0 tier1_misses=262144 hit_rate=0.00% oracle2=PASS ns_per_op=28.5
.RESULT k=32
RESULT rotating_rounds=8192
RESULT table_count_at_floor=33
RESULT oracle1_pass=1
RESULT config_conflicts_delta=0
RESULT tier1_hits=0
RESULT tier1_misses=262144
RESULT tier1_total=262144
RESULT expected_total=262144
RESULT oracle2_pass=1
RESULT tier1_hit_rate_pct=0
RESULT churn_elapsed_ns=7683800
RESULT ns_per_op=29.311370849609375
OK k=32 rounds=8192 table_count=33 oracle1=PASS cfg_conflicts_delta=0 tier1_hits=0 tier1_misses=262144 hit_rate=0.00% oracle2=PASS ns_per_op=29.3
.RESULT k=32
RESULT rotating_rounds=8192
RESULT table_count_at_floor=33
RESULT oracle1_pass=1
RESULT config_conflicts_delta=0
RESULT tier1_hits=0
RESULT tier1_misses=262144
RESULT tier1_total=262144
RESULT expected_total=262144
RESULT oracle2_pass=1
RESULT tier1_hit_rate_pct=0
RESULT churn_elapsed_ns=7574200
RESULT ns_per_op=28.893280029296875
OK k=32 rounds=8192 table_count=33 oracle1=PASS cfg_conflicts_delta=0 tier1_hits=0 tier1_misses=262144 hit_rate=0.00% oracle2=PASS ns_per_op=28.9
.RESULT k=32
RESULT rotating_rounds=8192
RESULT table_count_at_floor=33
RESULT oracle1_pass=1
RESULT config_conflicts_delta=0
RESULT tier1_hits=0
RESULT tier1_misses=262144
RESULT tier1_total=262144
RESULT expected_total=262144
RESULT oracle2_pass=1
RESULT tier1_hit_rate_pct=0
RESULT churn_elapsed_ns=7415900
RESULT ns_per_op=28.289413452148438
OK k=32 rounds=8192 table_count=33 oracle1=PASS cfg_conflicts_delta=0 tier1_hits=0 tier1_misses=262144 hit_rate=0.00% oracle2=PASS ns_per_op=28.3
.RESULT k=32
RESULT rotating_rounds=8192
RESULT table_count_at_floor=33
RESULT oracle1_pass=1
RESULT config_conflicts_delta=0
RESULT tier1_hits=0
RESULT tier1_misses=262144
RESULT tier1_total=262144
RESULT expected_total=262144
RESULT oracle2_pass=1
RESULT tier1_hit_rate_pct=0
RESULT churn_elapsed_ns=7485800
RESULT ns_per_op=28.556060791015625
OK k=32 rounds=8192 table_count=33 oracle1=PASS cfg_conflicts_delta=0 tier1_hits=0 tier1_misses=262144 hit_rate=0.00% oracle2=PASS ns_per_op=28.6
.RESULT k=32
RESULT rotating_rounds=8192
RESULT table_count_at_floor=33
RESULT oracle1_pass=1
RESULT config_conflicts_delta=0
RESULT tier1_hits=0
RESULT tier1_misses=262144
RESULT tier1_total=262144
RESULT expected_total=262144
RESULT oracle2_pass=1
RESULT tier1_hit_rate_pct=0
RESULT churn_elapsed_ns=7518600
RESULT ns_per_op=28.681182861328125
OK k=32 rounds=8192 table_count=33 oracle1=PASS cfg_conflicts_delta=0 tier1_hits=0 tier1_misses=262144 hit_rate=0.00% oracle2=PASS ns_per_op=28.7
.RESULT k=32
RESULT rotating_rounds=8192
RESULT table_count_at_floor=33
RESULT oracle1_pass=1
RESULT config_conflicts_delta=0
RESULT tier1_hits=0
RESULT tier1_misses=262144
RESULT tier1_total=262144
RESULT expected_total=262144
RESULT oracle2_pass=1
RESULT tier1_hit_rate_pct=0
RESULT churn_elapsed_ns=14054300
RESULT ns_per_op=53.61289978027344
OK k=32 rounds=8192 table_count=33 oracle1=PASS cfg_conflicts_delta=0 tier1_hits=0 tier1_misses=262144 hit_rate=0.00% oracle2=PASS ns_per_op=53.6
.RESULT k=32
RESULT rotating_rounds=8192
RESULT table_count_at_floor=33
RESULT oracle1_pass=1
RESULT config_conflicts_delta=0
RESULT tier1_hits=0
RESULT tier1_misses=262144
RESULT tier1_total=262144
RESULT expected_total=262144
RESULT oracle2_pass=1
RESULT tier1_hit_rate_pct=0
RESULT churn_elapsed_ns=7620300
RESULT ns_per_op=29.069137573242188
OK k=32 rounds=8192 table_count=33 oracle1=PASS cfg_conflicts_delta=0 tier1_hits=0 tier1_misses=262144 hit_rate=0.00% oracle2=PASS ns_per_op=29.1
.RESULT k=32
RESULT rotating_rounds=8192
RESULT table_count_at_floor=33
RESULT oracle1_pass=1
RESULT config_conflicts_delta=0
RESULT tier1_hits=0
RESULT tier1_misses=262144
RESULT tier1_total=262144
RESULT expected_total=262144
RESULT oracle2_pass=1
RESULT tier1_hit_rate_pct=0
RESULT churn_elapsed_ns=7601600
RESULT ns_per_op=28.997802734375
OK k=32 rounds=8192 table_count=33 oracle1=PASS cfg_conflicts_delta=0 tier1_hits=0 tier1_misses=262144 hit_rate=0.00% oracle2=PASS ns_per_op=29.0
.RESULT k=32
RESULT rotating_rounds=8192
RESULT table_count_at_floor=33
RESULT oracle1_pass=1
RESULT config_conflicts_delta=0
RESULT tier1_hits=0
RESULT tier1_misses=262144
RESULT tier1_total=262144
RESULT expected_total=262144
RESULT oracle2_pass=1
RESULT tier1_hit_rate_pct=0
RESULT churn_elapsed_ns=7277200
RESULT ns_per_op=27.76031494140625
OK k=32 rounds=8192 table_count=33 oracle1=PASS cfg_conflicts_delta=0 tier1_hits=0 tier1_misses=262144 hit_rate=0.00% oracle2=PASS ns_per_op=27.8
.RESULT k=32
RESULT rotating_rounds=8192
RESULT table_count_at_floor=33
RESULT oracle1_pass=1
RESULT config_conflicts_delta=0
RESULT tier1_hits=16382
RESULT tier1_misses=245762
RESULT tier1_total=262144
RESULT expected_total=262144
RESULT oracle2_pass=1
RESULT tier1_hit_rate_pct=6.249237060546875
RESULT churn_elapsed_ns=7446300
RESULT ns_per_op=28.405380249023438
OK k=32 rounds=8192 table_count=33 oracle1=PASS cfg_conflicts_delta=0 tier1_hits=16382 tier1_misses=245762 hit_rate=6.25% oracle2=PASS ns_per_op=28.4
.RESULT k=32
RESULT rotating_rounds=8192
RESULT table_count_at_floor=33
RESULT oracle1_pass=1
RESULT config_conflicts_delta=0
RESULT tier1_hits=0
RESULT tier1_misses=262144
RESULT tier1_total=262144
RESULT expected_total=262144
RESULT oracle2_pass=1
RESULT tier1_hit_rate_pct=0
RESULT churn_elapsed_ns=7394000
RESULT ns_per_op=28.20587158203125
OK k=32 rounds=8192 table_count=33 oracle1=PASS cfg_conflicts_delta=0 tier1_hits=0 tier1_misses=262144 hit_rate=0.00% oracle2=PASS ns_per_op=28.2
.RESULT k=32
RESULT rotating_rounds=8192
RESULT table_count_at_floor=33
RESULT oracle1_pass=1
RESULT config_conflicts_delta=0
RESULT tier1_hits=0
RESULT tier1_misses=262144
RESULT tier1_total=262144
RESULT expected_total=262144
RESULT oracle2_pass=1
RESULT tier1_hit_rate_pct=0
RESULT churn_elapsed_ns=7549000
RESULT ns_per_op=28.797149658203125
OK k=32 rounds=8192 table_count=33 oracle1=PASS cfg_conflicts_delta=0 tier1_hits=0 tier1_misses=262144 hit_rate=0.00% oracle2=PASS ns_per_op=28.8
.RESULT k=32
RESULT rotating_rounds=8192
RESULT table_count_at_floor=33
RESULT oracle1_pass=1
RESULT config_conflicts_delta=0
RESULT tier1_hits=0
RESULT tier1_misses=262144
RESULT tier1_total=262144
RESULT expected_total=262144
RESULT oracle2_pass=1
RESULT tier1_hit_rate_pct=0
RESULT churn_elapsed_ns=7610000
RESULT ns_per_op=29.02984619140625
OK k=32 rounds=8192 table_count=33 oracle1=PASS cfg_conflicts_delta=0 tier1_hits=0 tier1_misses=262144 hit_rate=0.00% oracle2=PASS ns_per_op=29.0
.RESULT k=32
RESULT rotating_rounds=8192
RESULT table_count_at_floor=33
RESULT oracle1_pass=1
RESULT config_conflicts_delta=0
RESULT tier1_hits=0
RESULT tier1_misses=262144
RESULT tier1_total=262144
RESULT expected_total=262144
RESULT oracle2_pass=1
RESULT tier1_hit_rate_pct=0
RESULT churn_elapsed_ns=7739800
RESULT ns_per_op=29.524993896484375
OK k=32 rounds=8192 table_count=33 oracle1=PASS cfg_conflicts_delta=0 tier1_hits=0 tier1_misses=262144 hit_rate=0.00% oracle2=PASS ns_per_op=29.5
.RESULT k=32
RESULT rotating_rounds=8192
RESULT table_count_at_floor=33
RESULT oracle1_pass=1
RESULT config_conflicts_delta=0
RESULT tier1_hits=0
RESULT tier1_misses=262144
RESULT tier1_total=262144
RESULT expected_total=262144
RESULT oracle2_pass=1
RESULT tier1_hit_rate_pct=0
RESULT churn_elapsed_ns=7489700
RESULT ns_per_op=28.570938110351563
OK k=32 rounds=8192 table_count=33 oracle1=PASS cfg_conflicts_delta=0 tier1_hits=0 tier1_misses=262144 hit_rate=0.00% oracle2=PASS ns_per_op=28.6
.RESULT k=32
RESULT rotating_rounds=8192
RESULT table_count_at_floor=33
RESULT oracle1_pass=1
RESULT config_conflicts_delta=0
RESULT tier1_hits=0
RESULT tier1_misses=262144
RESULT tier1_total=262144
RESULT expected_total=262144
RESULT oracle2_pass=1
RESULT tier1_hit_rate_pct=0
RESULT churn_elapsed_ns=7485500
RESULT ns_per_op=28.554916381835938
OK k=32 rounds=8192 table_count=33 oracle1=PASS cfg_conflicts_delta=0 tier1_hits=0 tier1_misses=262144 hit_rate=0.00% oracle2=PASS ns_per_op=28.6
.RESULT k=32
RESULT rotating_rounds=8192
RESULT table_count_at_floor=33
RESULT oracle1_pass=1
RESULT config_conflicts_delta=0
RESULT tier1_hits=0
RESULT tier1_misses=262144
RESULT tier1_total=262144
RESULT expected_total=262144
RESULT oracle2_pass=1
RESULT tier1_hit_rate_pct=0
RESULT churn_elapsed_ns=7275700
RESULT ns_per_op=27.754592895507813
OK k=32 rounds=8192 table_count=33 oracle1=PASS cfg_conflicts_delta=0 tier1_hits=0 tier1_misses=262144 hit_rate=0.00% oracle2=PASS ns_per_op=27.8
.RESULT k=32
RESULT rotating_rounds=8192
RESULT table_count_at_floor=33
RESULT oracle1_pass=1
RESULT config_conflicts_delta=0
RESULT tier1_hits=0
RESULT tier1_misses=262144
RESULT tier1_total=262144
RESULT expected_total=262144
RESULT oracle2_pass=1
RESULT tier1_hit_rate_pct=0
RESULT churn_elapsed_ns=7542600
RESULT ns_per_op=28.772735595703125
OK k=32 rounds=8192 table_count=33 oracle1=PASS cfg_conflicts_delta=0 tier1_hits=0 tier1_misses=262144 hit_rate=0.00% oracle2=PASS ns_per_op=28.8
.RESULT k=32
RESULT rotating_rounds=8192
RESULT table_count_at_floor=33
RESULT oracle1_pass=1
RESULT config_conflicts_delta=0
RESULT tier1_hits=0
RESULT tier1_misses=262144
RESULT tier1_total=262144
RESULT expected_total=262144
RESULT oracle2_pass=1
RESULT tier1_hit_rate_pct=0
RESULT churn_elapsed_ns=7550800
RESULT ns_per_op=28.80401611328125
OK k=32 rounds=8192 table_count=33 oracle1=PASS cfg_conflicts_delta=0 tier1_hits=0 tier1_misses=262144 hit_rate=0.00% oracle2=PASS ns_per_op=28.8
.RESULT k=32
RESULT rotating_rounds=8192
RESULT table_count_at_floor=33
RESULT oracle1_pass=1
RESULT config_conflicts_delta=0
RESULT tier1_hits=0
RESULT tier1_misses=262144
RESULT tier1_total=262144
RESULT expected_total=262144
RESULT oracle2_pass=1
RESULT tier1_hit_rate_pct=0
RESULT churn_elapsed_ns=7508500
RESULT ns_per_op=28.642654418945313
OK k=32 rounds=8192 table_count=33 oracle1=PASS cfg_conflicts_delta=0 tier1_hits=0 tier1_misses=262144 hit_rate=0.00% oracle2=PASS ns_per_op=28.6
.RESULT k=32
RESULT rotating_rounds=8192
RESULT table_count_at_floor=33
RESULT oracle1_pass=1
RESULT config_conflicts_delta=0
RESULT tier1_hits=0
RESULT tier1_misses=262144
RESULT tier1_total=262144
RESULT expected_total=262144
RESULT oracle2_pass=1
RESULT tier1_hit_rate_pct=0
RESULT churn_elapsed_ns=7476800
RESULT ns_per_op=28.521728515625
OK k=32 rounds=8192 table_count=33 oracle1=PASS cfg_conflicts_delta=0 tier1_hits=0 tier1_misses=262144 hit_rate=0.00% oracle2=PASS ns_per_op=28.5
.RESULT k=32
RESULT rotating_rounds=8192
RESULT table_count_at_floor=33
RESULT oracle1_pass=1
RESULT config_conflicts_delta=0
RESULT tier1_hits=0
RESULT tier1_misses=262144
RESULT tier1_total=262144
RESULT expected_total=262144
RESULT oracle2_pass=1
RESULT tier1_hit_rate_pct=0
RESULT churn_elapsed_ns=7806800
RESULT ns_per_op=29.78057861328125
OK k=32 rounds=8192 table_count=33 oracle1=PASS cfg_conflicts_delta=0 tier1_hits=0 tier1_misses=262144 hit_rate=0.00% oracle2=PASS ns_per_op=29.8
.RESULT k=32
RESULT rotating_rounds=8192
RESULT table_count_at_floor=33
RESULT oracle1_pass=1
RESULT config_conflicts_delta=0
RESULT tier1_hits=0
RESULT tier1_misses=262144
RESULT tier1_total=262144
RESULT expected_total=262144
RESULT oracle2_pass=1
RESULT tier1_hit_rate_pct=0
RESULT churn_elapsed_ns=7958100
RESULT ns_per_op=30.357742309570313
OK k=32 rounds=8192 table_count=33 oracle1=PASS cfg_conflicts_delta=0 tier1_hits=0 tier1_misses=262144 hit_rate=0.00% oracle2=PASS ns_per_op=30.4
.RESULT k=32
RESULT rotating_rounds=8192
RESULT table_count_at_floor=33
RESULT oracle1_pass=1
RESULT config_conflicts_delta=0
RESULT tier1_hits=16382
RESULT tier1_misses=245762
RESULT tier1_total=262144
RESULT expected_total=262144
RESULT oracle2_pass=1
RESULT tier1_hit_rate_pct=6.249237060546875
RESULT churn_elapsed_ns=7732500
RESULT ns_per_op=29.497146606445313
OK k=32 rounds=8192 table_count=33 oracle1=PASS cfg_conflicts_delta=0 tier1_hits=16382 tier1_misses=245762 hit_rate=6.25% oracle2=PASS ns_per_op=29.5
.RESULT k=32
RESULT rotating_rounds=8192
RESULT table_count_at_floor=33
RESULT oracle1_pass=1
RESULT config_conflicts_delta=0
RESULT tier1_hits=0
RESULT tier1_misses=262144
RESULT tier1_total=262144
RESULT expected_total=262144
RESULT oracle2_pass=1
RESULT tier1_hit_rate_pct=0
RESULT churn_elapsed_ns=7669100
RESULT ns_per_op=29.255294799804688
OK k=32 rounds=8192 table_count=33 oracle1=PASS cfg_conflicts_delta=0 tier1_hits=0 tier1_misses=262144 hit_rate=0.00% oracle2=PASS ns_per_op=29.3
.RESULT k=32
RESULT rotating_rounds=8192
RESULT table_count_at_floor=33
RESULT oracle1_pass=1
RESULT config_conflicts_delta=0
RESULT tier1_hits=0
RESULT tier1_misses=262144
RESULT tier1_total=262144
RESULT expected_total=262144
RESULT oracle2_pass=1
RESULT tier1_hit_rate_pct=0
RESULT churn_elapsed_ns=8129800
RESULT ns_per_op=31.012725830078125
OK k=32 rounds=8192 table_count=33 oracle1=PASS cfg_conflicts_delta=0 tier1_hits=0 tier1_misses=262144 hit_rate=0.00% oracle2=PASS ns_per_op=31.0
.RESULT k=32
RESULT rotating_rounds=8192
RESULT table_count_at_floor=33
RESULT oracle1_pass=1
RESULT config_conflicts_delta=0
RESULT tier1_hits=0
RESULT tier1_misses=262144
RESULT tier1_total=262144
RESULT expected_total=262144
RESULT oracle2_pass=1
RESULT tier1_hit_rate_pct=0
RESULT churn_elapsed_ns=8114200
RESULT ns_per_op=30.953216552734375
OK k=32 rounds=8192 table_count=33 oracle1=PASS cfg_conflicts_delta=0 tier1_hits=0 tier1_misses=262144 hit_rate=0.00% oracle2=PASS ns_per_op=31.0
.RESULT k=32
RESULT rotating_rounds=8192
RESULT table_count_at_floor=33
RESULT oracle1_pass=1
RESULT config_conflicts_delta=0
RESULT tier1_hits=0
RESULT tier1_misses=262144
RESULT tier1_total=262144
RESULT expected_total=262144
RESULT oracle2_pass=1
RESULT tier1_hit_rate_pct=0
RESULT churn_elapsed_ns=7662100
RESULT ns_per_op=29.228591918945313
OK k=32 rounds=8192 table_count=33 oracle1=PASS cfg_conflicts_delta=0 tier1_hits=0 tier1_misses=262144 hit_rate=0.00% oracle2=PASS ns_per_op=29.2
.RESULT k=32
RESULT rotating_rounds=8192
RESULT table_count_at_floor=33
RESULT oracle1_pass=1
RESULT config_conflicts_delta=0
RESULT tier1_hits=0
RESULT tier1_misses=262144
RESULT tier1_total=262144
RESULT expected_total=262144
RESULT oracle2_pass=1
RESULT tier1_hit_rate_pct=0
RESULT churn_elapsed_ns=8205500
RESULT ns_per_op=31.301498413085938
OK k=32 rounds=8192 table_count=33 oracle1=PASS cfg_conflicts_delta=0 tier1_hits=0 tier1_misses=262144 hit_rate=0.00% oracle2=PASS ns_per_op=31.3
.RESULT k=32
RESULT rotating_rounds=8192
RESULT table_count_at_floor=33
RESULT oracle1_pass=1
RESULT config_conflicts_delta=0
RESULT tier1_hits=32764
RESULT tier1_misses=229380
RESULT tier1_total=262144
RESULT expected_total=262144
RESULT oracle2_pass=1
RESULT tier1_hit_rate_pct=12.49847412109375
RESULT churn_elapsed_ns=7923600
RESULT ns_per_op=30.22613525390625
OK k=32 rounds=8192 table_count=33 oracle1=PASS cfg_conflicts_delta=0 tier1_hits=32764 tier1_misses=229380 hit_rate=12.50% oracle2=PASS ns_per_op=30.2
.RESULT k=32
RESULT rotating_rounds=8192
RESULT table_count_at_floor=33
RESULT oracle1_pass=1
RESULT config_conflicts_delta=0
RESULT tier1_hits=0
RESULT tier1_misses=262144
RESULT tier1_total=262144
RESULT expected_total=262144
RESULT oracle2_pass=1
RESULT tier1_hit_rate_pct=0
RESULT churn_elapsed_ns=7623100
RESULT ns_per_op=29.079818725585938
OK k=32 rounds=8192 table_count=33 oracle1=PASS cfg_conflicts_delta=0 tier1_hits=0 tier1_misses=262144 hit_rate=0.00% oracle2=PASS ns_per_op=29.1
.RESULT k=32
RESULT rotating_rounds=8192
RESULT table_count_at_floor=33
RESULT oracle1_pass=1
RESULT config_conflicts_delta=0
RESULT tier1_hits=0
RESULT tier1_misses=262144
RESULT tier1_total=262144
RESULT expected_total=262144
RESULT oracle2_pass=1
RESULT tier1_hit_rate_pct=0
RESULT churn_elapsed_ns=7800200
RESULT ns_per_op=29.755401611328125
OK k=32 rounds=8192 table_count=33 oracle1=PASS cfg_conflicts_delta=0 tier1_hits=0 tier1_misses=262144 hit_rate=0.00% oracle2=PASS ns_per_op=29.8
.RESULT k=32
RESULT rotating_rounds=8192
RESULT table_count_at_floor=33
RESULT oracle1_pass=1
RESULT config_conflicts_delta=0
RESULT tier1_hits=24573
RESULT tier1_misses=237571
RESULT tier1_total=262144
RESULT expected_total=262144
RESULT oracle2_pass=1
RESULT tier1_hit_rate_pct=9.373855590820313
RESULT churn_elapsed_ns=7427200
RESULT ns_per_op=28.33251953125
OK k=32 rounds=8192 table_count=33 oracle1=PASS cfg_conflicts_delta=0 tier1_hits=24573 tier1_misses=237571 hit_rate=9.37% oracle2=PASS ns_per_op=28.3
.RESULT k=32
RESULT rotating_rounds=8192
RESULT table_count_at_floor=33
RESULT oracle1_pass=1
RESULT config_conflicts_delta=0
RESULT tier1_hits=0
RESULT tier1_misses=262144
RESULT tier1_total=262144
RESULT expected_total=262144
RESULT oracle2_pass=1
RESULT tier1_hit_rate_pct=0
RESULT churn_elapsed_ns=7122400
RESULT ns_per_op=27.1697998046875
OK k=32 rounds=8192 table_count=33 oracle1=PASS cfg_conflicts_delta=0 tier1_hits=0 tier1_misses=262144 hit_rate=0.00% oracle2=PASS ns_per_op=27.2
.RESULT k=32
RESULT rotating_rounds=8192
RESULT table_count_at_floor=33
RESULT oracle1_pass=1
RESULT config_conflicts_delta=0
RESULT tier1_hits=0
RESULT tier1_misses=262144
RESULT tier1_total=262144
RESULT expected_total=262144
RESULT oracle2_pass=1
RESULT tier1_hit_rate_pct=0
RESULT churn_elapsed_ns=8367200
RESULT ns_per_op=31.9183349609375
OK k=32 rounds=8192 table_count=33 oracle1=PASS cfg_conflicts_delta=0 tier1_hits=0 tier1_misses=262144 hit_rate=0.00% oracle2=PASS ns_per_op=31.9
.RESULT k=32
RESULT rotating_rounds=8192
RESULT table_count_at_floor=33
RESULT oracle1_pass=1
RESULT config_conflicts_delta=0
RESULT tier1_hits=0
RESULT tier1_misses=262144
RESULT tier1_total=262144
RESULT expected_total=262144
RESULT oracle2_pass=1
RESULT tier1_hit_rate_pct=0
RESULT churn_elapsed_ns=8110900
RESULT ns_per_op=30.940628051757813
OK k=32 rounds=8192 table_count=33 oracle1=PASS cfg_conflicts_delta=0 tier1_hits=0 tier1_misses=262144 hit_rate=0.00% oracle2=PASS ns_per_op=30.9
.RESULT k=32
RESULT rotating_rounds=8192
RESULT table_count_at_floor=33
RESULT oracle1_pass=1
RESULT config_conflicts_delta=0
RESULT tier1_hits=0
RESULT tier1_misses=262144
RESULT tier1_total=262144
RESULT expected_total=262144
RESULT oracle2_pass=1
RESULT tier1_hit_rate_pct=0
RESULT churn_elapsed_ns=8496600
RESULT ns_per_op=32.411956787109375
OK k=32 rounds=8192 table_count=33 oracle1=PASS cfg_conflicts_delta=0 tier1_hits=0 tier1_misses=262144 hit_rate=0.00% oracle2=PASS ns_per_op=32.4
.RESULT k=32
RESULT rotating_rounds=8192
RESULT table_count_at_floor=33
RESULT oracle1_pass=1
RESULT config_conflicts_delta=0
RESULT tier1_hits=0
RESULT tier1_misses=262144
RESULT tier1_total=262144
RESULT expected_total=262144
RESULT oracle2_pass=1
RESULT tier1_hit_rate_pct=0
RESULT churn_elapsed_ns=7331400
RESULT ns_per_op=27.967071533203125
OK k=32 rounds=8192 table_count=33 oracle1=PASS cfg_conflicts_delta=0 tier1_hits=0 tier1_misses=262144 hit_rate=0.00% oracle2=PASS ns_per_op=28.0
.RESULT k=32
RESULT rotating_rounds=8192
RESULT table_count_at_floor=33
RESULT oracle1_pass=1
RESULT config_conflicts_delta=0
RESULT tier1_hits=32764
RESULT tier1_misses=229380
RESULT tier1_total=262144
RESULT expected_total=262144
RESULT oracle2_pass=1
RESULT tier1_hit_rate_pct=12.49847412109375
RESULT churn_elapsed_ns=7520500
RESULT ns_per_op=28.688430786132813
OK k=32 rounds=8192 table_count=33 oracle1=PASS cfg_conflicts_delta=0 tier1_hits=32764 tier1_misses=229380 hit_rate=12.50% oracle2=PASS ns_per_op=28.7
.RESULT k=32
RESULT rotating_rounds=8192
RESULT table_count_at_floor=33
RESULT oracle1_pass=1
RESULT config_conflicts_delta=0
RESULT tier1_hits=0
RESULT tier1_misses=262144
RESULT tier1_total=262144
RESULT expected_total=262144
RESULT oracle2_pass=1
RESULT tier1_hit_rate_pct=0
RESULT churn_elapsed_ns=8494800
RESULT ns_per_op=32.40509033203125
OK k=32 rounds=8192 table_count=33 oracle1=PASS cfg_conflicts_delta=0 tier1_hits=0 tier1_misses=262144 hit_rate=0.00% oracle2=PASS ns_per_op=32.4
.RESULT k=32
RESULT rotating_rounds=8192
RESULT table_count_at_floor=33
RESULT oracle1_pass=1
RESULT config_conflicts_delta=0
RESULT tier1_hits=0
RESULT tier1_misses=262144
RESULT tier1_total=262144
RESULT expected_total=262144
RESULT oracle2_pass=1
RESULT tier1_hit_rate_pct=0
RESULT churn_elapsed_ns=16853300
RESULT ns_per_op=64.29023742675781
OK k=32 rounds=8192 table_count=33 oracle1=PASS cfg_conflicts_delta=0 tier1_hits=0 tier1_misses=262144 hit_rate=0.00% oracle2=PASS ns_per_op=64.3
.RESULT k=32
RESULT rotating_rounds=8192
RESULT table_count_at_floor=33
RESULT oracle1_pass=1
RESULT config_conflicts_delta=0
RESULT tier1_hits=0
RESULT tier1_misses=262144
RESULT tier1_total=262144
RESULT expected_total=262144
RESULT oracle2_pass=1
RESULT tier1_hit_rate_pct=0
RESULT churn_elapsed_ns=10331200
RESULT ns_per_op=39.410400390625
OK k=32 rounds=8192 table_count=33 oracle1=PASS cfg_conflicts_delta=0 tier1_hits=0 tier1_misses=262144 hit_rate=0.00% oracle2=PASS ns_per_op=39.4
.RESULT k=32
RESULT rotating_rounds=8192
RESULT table_count_at_floor=33
RESULT oracle1_pass=1
RESULT config_conflicts_delta=0
RESULT tier1_hits=0
RESULT tier1_misses=262144
RESULT tier1_total=262144
RESULT expected_total=262144
RESULT oracle2_pass=1
RESULT tier1_hit_rate_pct=0
RESULT churn_elapsed_ns=8353000
RESULT ns_per_op=31.864166259765625
OK k=32 rounds=8192 table_count=33 oracle1=PASS cfg_conflicts_delta=0 tier1_hits=0 tier1_misses=262144 hit_rate=0.00% oracle2=PASS ns_per_op=31.9
.RESULT k=32
RESULT rotating_rounds=8192
RESULT table_count_at_floor=33
RESULT oracle1_pass=1
RESULT config_conflicts_delta=0
RESULT tier1_hits=0
RESULT tier1_misses=262144
RESULT tier1_total=262144
RESULT expected_total=262144
RESULT oracle2_pass=1
RESULT tier1_hit_rate_pct=0
RESULT churn_elapsed_ns=7774500
RESULT ns_per_op=29.657363891601563
OK k=32 rounds=8192 table_count=33 oracle1=PASS cfg_conflicts_delta=0 tier1_hits=0 tier1_misses=262144 hit_rate=0.00% oracle2=PASS ns_per_op=29.7
.RESULT k=32
RESULT rotating_rounds=8192
RESULT table_count_at_floor=33
RESULT oracle1_pass=1
RESULT config_conflicts_delta=0
RESULT tier1_hits=0
RESULT tier1_misses=262144
RESULT tier1_total=262144
RESULT expected_total=262144
RESULT oracle2_pass=1
RESULT tier1_hit_rate_pct=0
RESULT churn_elapsed_ns=7501100
RESULT ns_per_op=28.614425659179688
OK k=32 rounds=8192 table_count=33 oracle1=PASS cfg_conflicts_delta=0 tier1_hits=0 tier1_misses=262144 hit_rate=0.00% oracle2=PASS ns_per_op=28.6
.RESULT k=32
RESULT rotating_rounds=8192
RESULT table_count_at_floor=33
RESULT oracle1_pass=1
RESULT config_conflicts_delta=0
RESULT tier1_hits=0
RESULT tier1_misses=262144
RESULT tier1_total=262144
RESULT expected_total=262144
RESULT oracle2_pass=1
RESULT tier1_hit_rate_pct=0
RESULT churn_elapsed_ns=7340900
RESULT ns_per_op=28.003311157226563
OK k=32 rounds=8192 table_count=33 oracle1=PASS cfg_conflicts_delta=0 tier1_hits=0 tier1_misses=262144 hit_rate=0.00% oracle2=PASS ns_per_op=28.0
.RESULT k=32
RESULT rotating_rounds=8192
RESULT table_count_at_floor=33
RESULT oracle1_pass=1
RESULT config_conflicts_delta=0
RESULT tier1_hits=0
RESULT tier1_misses=262144
RESULT tier1_total=262144
RESULT expected_total=262144
RESULT oracle2_pass=1
RESULT tier1_hit_rate_pct=0
RESULT churn_elapsed_ns=7495900
RESULT ns_per_op=28.594589233398438
OK k=32 rounds=8192 table_count=33 oracle1=PASS cfg_conflicts_delta=0 tier1_hits=0 tier1_misses=262144 hit_rate=0.00% oracle2=PASS ns_per_op=28.6
.RESULT k=32
RESULT rotating_rounds=8192
RESULT table_count_at_floor=33
RESULT oracle1_pass=1
RESULT config_conflicts_delta=0
RESULT tier1_hits=0
RESULT tier1_misses=262144
RESULT tier1_total=262144
RESULT expected_total=262144
RESULT oracle2_pass=1
RESULT tier1_hit_rate_pct=0
RESULT churn_elapsed_ns=7202500
RESULT ns_per_op=27.475357055664063
OK k=32 rounds=8192 table_count=33 oracle1=PASS cfg_conflicts_delta=0 tier1_hits=0 tier1_misses=262144 hit_rate=0.00% oracle2=PASS ns_per_op=27.5
.RESULT k=32
RESULT rotating_rounds=8192
RESULT table_count_at_floor=33
RESULT oracle1_pass=1
RESULT config_conflicts_delta=0
RESULT tier1_hits=0
RESULT tier1_misses=262144
RESULT tier1_total=262144
RESULT expected_total=262144
RESULT oracle2_pass=1
RESULT tier1_hit_rate_pct=0
RESULT churn_elapsed_ns=7922000
RESULT ns_per_op=30.22003173828125
OK k=32 rounds=8192 table_count=33 oracle1=PASS cfg_conflicts_delta=0 tier1_hits=0 tier1_misses=262144 hit_rate=0.00% oracle2=PASS ns_per_op=30.2
.RESULT k=32
RESULT rotating_rounds=8192
RESULT table_count_at_floor=33
RESULT oracle1_pass=1
RESULT config_conflicts_delta=0
RESULT tier1_hits=0
RESULT tier1_misses=262144
RESULT tier1_total=262144
RESULT expected_total=262144
RESULT oracle2_pass=1
RESULT tier1_hit_rate_pct=0
RESULT churn_elapsed_ns=7101600
RESULT ns_per_op=27.0904541015625
OK k=32 rounds=8192 table_count=33 oracle1=PASS cfg_conflicts_delta=0 tier1_hits=0 tier1_misses=262144 hit_rate=0.00% oracle2=PASS ns_per_op=27.1
.RESULT k=32
RESULT rotating_rounds=8192
RESULT table_count_at_floor=33
RESULT oracle1_pass=1
RESULT config_conflicts_delta=0
RESULT tier1_hits=0
RESULT tier1_misses=262144
RESULT tier1_total=262144
RESULT expected_total=262144
RESULT oracle2_pass=1
RESULT tier1_hit_rate_pct=0
RESULT churn_elapsed_ns=7511900
RESULT ns_per_op=28.655624389648438
OK k=32 rounds=8192 table_count=33 oracle1=PASS cfg_conflicts_delta=0 tier1_hits=0 tier1_misses=262144 hit_rate=0.00% oracle2=PASS ns_per_op=28.7
.RESULT k=32
RESULT rotating_rounds=8192
RESULT table_count_at_floor=33
RESULT oracle1_pass=1
RESULT config_conflicts_delta=0
RESULT tier1_hits=0
RESULT tier1_misses=262144
RESULT tier1_total=262144
RESULT expected_total=262144
RESULT oracle2_pass=1
RESULT tier1_hit_rate_pct=0
RESULT churn_elapsed_ns=7388500
RESULT ns_per_op=28.184890747070313
OK k=32 rounds=8192 table_count=33 oracle1=PASS cfg_conflicts_delta=0 tier1_hits=0 tier1_misses=262144 hit_rate=0.00% oracle2=PASS ns_per_op=28.2
.RESULT k=32
RESULT rotating_rounds=8192
RESULT table_count_at_floor=33
RESULT oracle1_pass=1
RESULT config_conflicts_delta=0
RESULT tier1_hits=0
RESULT tier1_misses=262144
RESULT tier1_total=262144
RESULT expected_total=262144
RESULT oracle2_pass=1
RESULT tier1_hit_rate_pct=0
RESULT churn_elapsed_ns=7464700
RESULT ns_per_op=28.475570678710938
OK k=32 rounds=8192 table_count=33 oracle1=PASS cfg_conflicts_delta=0 tier1_hits=0 tier1_misses=262144 hit_rate=0.00% oracle2=PASS ns_per_op=28.5
.RESULT k=32
RESULT rotating_rounds=8192
RESULT table_count_at_floor=33
RESULT oracle1_pass=1
RESULT config_conflicts_delta=0
RESULT tier1_hits=0
RESULT tier1_misses=262144
RESULT tier1_total=262144
RESULT expected_total=262144
RESULT oracle2_pass=1
RESULT tier1_hit_rate_pct=0
RESULT churn_elapsed_ns=8201100
RESULT ns_per_op=31.284713745117188
OK k=32 rounds=8192 table_count=33 oracle1=PASS cfg_conflicts_delta=0 tier1_hits=0 tier1_misses=262144 hit_rate=0.00% oracle2=PASS ns_per_op=31.3
.RESULT k=32
RESULT rotating_rounds=8192
RESULT table_count_at_floor=33
RESULT oracle1_pass=1
RESULT config_conflicts_delta=0
RESULT tier1_hits=0
RESULT tier1_misses=262144
RESULT tier1_total=262144
RESULT expected_total=262144
RESULT oracle2_pass=1
RESULT tier1_hit_rate_pct=0
RESULT churn_elapsed_ns=7611500
RESULT ns_per_op=29.035568237304688
OK k=32 rounds=8192 table_count=33 oracle1=PASS cfg_conflicts_delta=0 tier1_hits=0 tier1_misses=262144 hit_rate=0.00% oracle2=PASS ns_per_op=29.0
.RESULT k=32
RESULT rotating_rounds=8192
RESULT table_count_at_floor=33
RESULT oracle1_pass=1
RESULT config_conflicts_delta=0
RESULT tier1_hits=0
RESULT tier1_misses=262144
RESULT tier1_total=262144
RESULT expected_total=262144
RESULT oracle2_pass=1
RESULT tier1_hit_rate_pct=0
RESULT churn_elapsed_ns=7245400
RESULT ns_per_op=27.639007568359375
OK k=32 rounds=8192 table_count=33 oracle1=PASS cfg_conflicts_delta=0 tier1_hits=0 tier1_misses=262144 hit_rate=0.00% oracle2=PASS ns_per_op=27.6
.

  === after(A-slot) vs after(B-slot) (A - B, ns)  [SAME-VS-SAME CONTROL] ===
  n=20  mean Δ=62.458 us  sd=1.080 ms  se=241.425 us  t=0.259  df=19  crit(p<0.05)=2.101  => NOT statistically distinguishable from noise (fails to reject null)
  sign test: after(A-slot)-faster=8/20  after(B-slot)-faster=12/20  ties=0

[paired-ab] provenance written to D:\dev\rust\sefer-alloc/docs/perf/paired_ab_runs/2026-08-03T15-31-14-418Z.json

[paired-ab] Reading this output: `t` past `crit` (or sign test heavily lopsided, e.g. 17+/20) means a REAL,
  non-noise wall-clock difference on THIS host for THIS workload — mirroring
  docs/perf/R5_R2_CHURN_REGRESSION_PAIRED_AB.md's verdict criteria. A same-vs-same control run
  (--arms sefer,sefer) should show t well under `crit` and a roughly even sign-test split --
  if it does not, that indicates a harness bug (non-reproducible workload, background load
  bleeding into the timed region), not a real self-difference.
