[paired-ab] --config has no "build" step; assuming arm commands are already built.

[paired-ab] before vs before — 20 pairs, A/B/B/A protocol
RESULT k=48
RESULT rotating_rounds=8192
RESULT table_count_at_floor=49
RESULT oracle1_pass=1
RESULT config_conflicts_delta=0
RESULT tier1_hits=0
RESULT tier1_misses=393216
RESULT tier1_total=393216
RESULT expected_total=393216
RESULT oracle2_pass=1
RESULT tier1_hit_rate_pct=0
RESULT churn_elapsed_ns=13430300
RESULT ns_per_op=34.15501912434896
OK k=48 rounds=8192 table_count=49 oracle1=PASS cfg_conflicts_delta=0 tier1_hits=0 tier1_misses=393216 hit_rate=0.00% oracle2=PASS ns_per_op=34.2
.RESULT k=48
RESULT rotating_rounds=8192
RESULT table_count_at_floor=49
RESULT oracle1_pass=1
RESULT config_conflicts_delta=0
RESULT tier1_hits=0
RESULT tier1_misses=393216
RESULT tier1_total=393216
RESULT expected_total=393216
RESULT oracle2_pass=1
RESULT tier1_hit_rate_pct=0
RESULT churn_elapsed_ns=11464600
RESULT ns_per_op=29.155985514322918
OK k=48 rounds=8192 table_count=49 oracle1=PASS cfg_conflicts_delta=0 tier1_hits=0 tier1_misses=393216 hit_rate=0.00% oracle2=PASS ns_per_op=29.2
.RESULT k=48
RESULT rotating_rounds=8192
RESULT table_count_at_floor=49
RESULT oracle1_pass=1
RESULT config_conflicts_delta=0
RESULT tier1_hits=0
RESULT tier1_misses=393216
RESULT tier1_total=393216
RESULT expected_total=393216
RESULT oracle2_pass=1
RESULT tier1_hit_rate_pct=0
RESULT churn_elapsed_ns=11592500
RESULT ns_per_op=29.481252034505207
OK k=48 rounds=8192 table_count=49 oracle1=PASS cfg_conflicts_delta=0 tier1_hits=0 tier1_misses=393216 hit_rate=0.00% oracle2=PASS ns_per_op=29.5
.RESULT k=48
RESULT rotating_rounds=8192
RESULT table_count_at_floor=49
RESULT oracle1_pass=1
RESULT config_conflicts_delta=0
RESULT tier1_hits=0
RESULT tier1_misses=393216
RESULT tier1_total=393216
RESULT expected_total=393216
RESULT oracle2_pass=1
RESULT tier1_hit_rate_pct=0
RESULT churn_elapsed_ns=11575100
RESULT ns_per_op=29.437001546223957
OK k=48 rounds=8192 table_count=49 oracle1=PASS cfg_conflicts_delta=0 tier1_hits=0 tier1_misses=393216 hit_rate=0.00% oracle2=PASS ns_per_op=29.4
.RESULT k=48
RESULT rotating_rounds=8192
RESULT table_count_at_floor=49
RESULT oracle1_pass=1
RESULT config_conflicts_delta=0
RESULT tier1_hits=0
RESULT tier1_misses=393216
RESULT tier1_total=393216
RESULT expected_total=393216
RESULT oracle2_pass=1
RESULT tier1_hit_rate_pct=0
RESULT churn_elapsed_ns=11203200
RESULT ns_per_op=28.4912109375
OK k=48 rounds=8192 table_count=49 oracle1=PASS cfg_conflicts_delta=0 tier1_hits=0 tier1_misses=393216 hit_rate=0.00% oracle2=PASS ns_per_op=28.5
.RESULT k=48
RESULT rotating_rounds=8192
RESULT table_count_at_floor=49
RESULT oracle1_pass=1
RESULT config_conflicts_delta=0
RESULT tier1_hits=0
RESULT tier1_misses=393216
RESULT tier1_total=393216
RESULT expected_total=393216
RESULT oracle2_pass=1
RESULT tier1_hit_rate_pct=0
RESULT churn_elapsed_ns=11384000
RESULT ns_per_op=28.951009114583332
OK k=48 rounds=8192 table_count=49 oracle1=PASS cfg_conflicts_delta=0 tier1_hits=0 tier1_misses=393216 hit_rate=0.00% oracle2=PASS ns_per_op=29.0
.RESULT k=48
RESULT rotating_rounds=8192
RESULT table_count_at_floor=49
RESULT oracle1_pass=1
RESULT config_conflicts_delta=0
RESULT tier1_hits=0
RESULT tier1_misses=393216
RESULT tier1_total=393216
RESULT expected_total=393216
RESULT oracle2_pass=1
RESULT tier1_hit_rate_pct=0
RESULT churn_elapsed_ns=11499800
RESULT ns_per_op=29.245503743489582
OK k=48 rounds=8192 table_count=49 oracle1=PASS cfg_conflicts_delta=0 tier1_hits=0 tier1_misses=393216 hit_rate=0.00% oracle2=PASS ns_per_op=29.2
.RESULT k=48
RESULT rotating_rounds=8192
RESULT table_count_at_floor=49
RESULT oracle1_pass=1
RESULT config_conflicts_delta=0
RESULT tier1_hits=0
RESULT tier1_misses=393216
RESULT tier1_total=393216
RESULT expected_total=393216
RESULT oracle2_pass=1
RESULT tier1_hit_rate_pct=0
RESULT churn_elapsed_ns=10364200
RESULT ns_per_op=26.357523600260418
OK k=48 rounds=8192 table_count=49 oracle1=PASS cfg_conflicts_delta=0 tier1_hits=0 tier1_misses=393216 hit_rate=0.00% oracle2=PASS ns_per_op=26.4
.RESULT k=48
RESULT rotating_rounds=8192
RESULT table_count_at_floor=49
RESULT oracle1_pass=1
RESULT config_conflicts_delta=0
RESULT tier1_hits=0
RESULT tier1_misses=393216
RESULT tier1_total=393216
RESULT expected_total=393216
RESULT oracle2_pass=1
RESULT tier1_hit_rate_pct=0
RESULT churn_elapsed_ns=11920200
RESULT ns_per_op=30.31463623046875
OK k=48 rounds=8192 table_count=49 oracle1=PASS cfg_conflicts_delta=0 tier1_hits=0 tier1_misses=393216 hit_rate=0.00% oracle2=PASS ns_per_op=30.3
.RESULT k=48
RESULT rotating_rounds=8192
RESULT table_count_at_floor=49
RESULT oracle1_pass=1
RESULT config_conflicts_delta=0
RESULT tier1_hits=0
RESULT tier1_misses=393216
RESULT tier1_total=393216
RESULT expected_total=393216
RESULT oracle2_pass=1
RESULT tier1_hit_rate_pct=0
RESULT churn_elapsed_ns=11277700
RESULT ns_per_op=28.680674235026043
OK k=48 rounds=8192 table_count=49 oracle1=PASS cfg_conflicts_delta=0 tier1_hits=0 tier1_misses=393216 hit_rate=0.00% oracle2=PASS ns_per_op=28.7
.RESULT k=48
RESULT rotating_rounds=8192
RESULT table_count_at_floor=49
RESULT oracle1_pass=1
RESULT config_conflicts_delta=0
RESULT tier1_hits=0
RESULT tier1_misses=393216
RESULT tier1_total=393216
RESULT expected_total=393216
RESULT oracle2_pass=1
RESULT tier1_hit_rate_pct=0
RESULT churn_elapsed_ns=10986000
RESULT ns_per_op=27.9388427734375
OK k=48 rounds=8192 table_count=49 oracle1=PASS cfg_conflicts_delta=0 tier1_hits=0 tier1_misses=393216 hit_rate=0.00% oracle2=PASS ns_per_op=27.9
.RESULT k=48
RESULT rotating_rounds=8192
RESULT table_count_at_floor=49
RESULT oracle1_pass=1
RESULT config_conflicts_delta=0
RESULT tier1_hits=0
RESULT tier1_misses=393216
RESULT tier1_total=393216
RESULT expected_total=393216
RESULT oracle2_pass=1
RESULT tier1_hit_rate_pct=0
RESULT churn_elapsed_ns=11768000
RESULT ns_per_op=29.927571614583332
OK k=48 rounds=8192 table_count=49 oracle1=PASS cfg_conflicts_delta=0 tier1_hits=0 tier1_misses=393216 hit_rate=0.00% oracle2=PASS ns_per_op=29.9
.RESULT k=48
RESULT rotating_rounds=8192
RESULT table_count_at_floor=49
RESULT oracle1_pass=1
RESULT config_conflicts_delta=0
RESULT tier1_hits=0
RESULT tier1_misses=393216
RESULT tier1_total=393216
RESULT expected_total=393216
RESULT oracle2_pass=1
RESULT tier1_hit_rate_pct=0
RESULT churn_elapsed_ns=13728700
RESULT ns_per_op=34.91388956705729
OK k=48 rounds=8192 table_count=49 oracle1=PASS cfg_conflicts_delta=0 tier1_hits=0 tier1_misses=393216 hit_rate=0.00% oracle2=PASS ns_per_op=34.9
.RESULT k=48
RESULT rotating_rounds=8192
RESULT table_count_at_floor=49
RESULT oracle1_pass=1
RESULT config_conflicts_delta=0
RESULT tier1_hits=0
RESULT tier1_misses=393216
RESULT tier1_total=393216
RESULT expected_total=393216
RESULT oracle2_pass=1
RESULT tier1_hit_rate_pct=0
RESULT churn_elapsed_ns=11435100
RESULT ns_per_op=29.080963134765625
OK k=48 rounds=8192 table_count=49 oracle1=PASS cfg_conflicts_delta=0 tier1_hits=0 tier1_misses=393216 hit_rate=0.00% oracle2=PASS ns_per_op=29.1
.RESULT k=48
RESULT rotating_rounds=8192
RESULT table_count_at_floor=49
RESULT oracle1_pass=1
RESULT config_conflicts_delta=0
RESULT tier1_hits=0
RESULT tier1_misses=393216
RESULT tier1_total=393216
RESULT expected_total=393216
RESULT oracle2_pass=1
RESULT tier1_hit_rate_pct=0
RESULT churn_elapsed_ns=11394900
RESULT ns_per_op=28.978729248046875
OK k=48 rounds=8192 table_count=49 oracle1=PASS cfg_conflicts_delta=0 tier1_hits=0 tier1_misses=393216 hit_rate=0.00% oracle2=PASS ns_per_op=29.0
.RESULT k=48
RESULT rotating_rounds=8192
RESULT table_count_at_floor=49
RESULT oracle1_pass=1
RESULT config_conflicts_delta=0
RESULT tier1_hits=0
RESULT tier1_misses=393216
RESULT tier1_total=393216
RESULT expected_total=393216
RESULT oracle2_pass=1
RESULT tier1_hit_rate_pct=0
RESULT churn_elapsed_ns=11776100
RESULT ns_per_op=29.948170979817707
OK k=48 rounds=8192 table_count=49 oracle1=PASS cfg_conflicts_delta=0 tier1_hits=0 tier1_misses=393216 hit_rate=0.00% oracle2=PASS ns_per_op=29.9
.RESULT k=48
RESULT rotating_rounds=8192
RESULT table_count_at_floor=49
RESULT oracle1_pass=1
RESULT config_conflicts_delta=0
RESULT tier1_hits=0
RESULT tier1_misses=393216
RESULT tier1_total=393216
RESULT expected_total=393216
RESULT oracle2_pass=1
RESULT tier1_hit_rate_pct=0
RESULT churn_elapsed_ns=11097200
RESULT ns_per_op=28.221638997395832
OK k=48 rounds=8192 table_count=49 oracle1=PASS cfg_conflicts_delta=0 tier1_hits=0 tier1_misses=393216 hit_rate=0.00% oracle2=PASS ns_per_op=28.2
.RESULT k=48
RESULT rotating_rounds=8192
RESULT table_count_at_floor=49
RESULT oracle1_pass=1
RESULT config_conflicts_delta=0
RESULT tier1_hits=0
RESULT tier1_misses=393216
RESULT tier1_total=393216
RESULT expected_total=393216
RESULT oracle2_pass=1
RESULT tier1_hit_rate_pct=0
RESULT churn_elapsed_ns=13032100
RESULT ns_per_op=33.14234415690104
OK k=48 rounds=8192 table_count=49 oracle1=PASS cfg_conflicts_delta=0 tier1_hits=0 tier1_misses=393216 hit_rate=0.00% oracle2=PASS ns_per_op=33.1
.RESULT k=48
RESULT rotating_rounds=8192
RESULT table_count_at_floor=49
RESULT oracle1_pass=1
RESULT config_conflicts_delta=0
RESULT tier1_hits=0
RESULT tier1_misses=393216
RESULT tier1_total=393216
RESULT expected_total=393216
RESULT oracle2_pass=1
RESULT tier1_hit_rate_pct=0
RESULT churn_elapsed_ns=11202300
RESULT ns_per_op=28.488922119140625
OK k=48 rounds=8192 table_count=49 oracle1=PASS cfg_conflicts_delta=0 tier1_hits=0 tier1_misses=393216 hit_rate=0.00% oracle2=PASS ns_per_op=28.5
.RESULT k=48
RESULT rotating_rounds=8192
RESULT table_count_at_floor=49
RESULT oracle1_pass=1
RESULT config_conflicts_delta=0
RESULT tier1_hits=0
RESULT tier1_misses=393216
RESULT tier1_total=393216
RESULT expected_total=393216
RESULT oracle2_pass=1
RESULT tier1_hit_rate_pct=0
RESULT churn_elapsed_ns=12855300
RESULT ns_per_op=32.692718505859375
OK k=48 rounds=8192 table_count=49 oracle1=PASS cfg_conflicts_delta=0 tier1_hits=0 tier1_misses=393216 hit_rate=0.00% oracle2=PASS ns_per_op=32.7
.RESULT k=48
RESULT rotating_rounds=8192
RESULT table_count_at_floor=49
RESULT oracle1_pass=1
RESULT config_conflicts_delta=0
RESULT tier1_hits=0
RESULT tier1_misses=393216
RESULT tier1_total=393216
RESULT expected_total=393216
RESULT oracle2_pass=1
RESULT tier1_hit_rate_pct=0
RESULT churn_elapsed_ns=11371700
RESULT ns_per_op=28.919728597005207
OK k=48 rounds=8192 table_count=49 oracle1=PASS cfg_conflicts_delta=0 tier1_hits=0 tier1_misses=393216 hit_rate=0.00% oracle2=PASS ns_per_op=28.9
.RESULT k=48
RESULT rotating_rounds=8192
RESULT table_count_at_floor=49
RESULT oracle1_pass=1
RESULT config_conflicts_delta=0
RESULT tier1_hits=0
RESULT tier1_misses=393216
RESULT tier1_total=393216
RESULT expected_total=393216
RESULT oracle2_pass=1
RESULT tier1_hit_rate_pct=0
RESULT churn_elapsed_ns=11925000
RESULT ns_per_op=30.32684326171875
OK k=48 rounds=8192 table_count=49 oracle1=PASS cfg_conflicts_delta=0 tier1_hits=0 tier1_misses=393216 hit_rate=0.00% oracle2=PASS ns_per_op=30.3
.RESULT k=48
RESULT rotating_rounds=8192
RESULT table_count_at_floor=49
RESULT oracle1_pass=1
RESULT config_conflicts_delta=0
RESULT tier1_hits=0
RESULT tier1_misses=393216
RESULT tier1_total=393216
RESULT expected_total=393216
RESULT oracle2_pass=1
RESULT tier1_hit_rate_pct=0
RESULT churn_elapsed_ns=11753600
RESULT ns_per_op=29.890950520833332
OK k=48 rounds=8192 table_count=49 oracle1=PASS cfg_conflicts_delta=0 tier1_hits=0 tier1_misses=393216 hit_rate=0.00% oracle2=PASS ns_per_op=29.9
.RESULT k=48
RESULT rotating_rounds=8192
RESULT table_count_at_floor=49
RESULT oracle1_pass=1
RESULT config_conflicts_delta=0
RESULT tier1_hits=0
RESULT tier1_misses=393216
RESULT tier1_total=393216
RESULT expected_total=393216
RESULT oracle2_pass=1
RESULT tier1_hit_rate_pct=0
RESULT churn_elapsed_ns=11185800
RESULT ns_per_op=28.44696044921875
OK k=48 rounds=8192 table_count=49 oracle1=PASS cfg_conflicts_delta=0 tier1_hits=0 tier1_misses=393216 hit_rate=0.00% oracle2=PASS ns_per_op=28.4
.RESULT k=48
RESULT rotating_rounds=8192
RESULT table_count_at_floor=49
RESULT oracle1_pass=1
RESULT config_conflicts_delta=0
RESULT tier1_hits=0
RESULT tier1_misses=393216
RESULT tier1_total=393216
RESULT expected_total=393216
RESULT oracle2_pass=1
RESULT tier1_hit_rate_pct=0
RESULT churn_elapsed_ns=11505900
RESULT ns_per_op=29.261016845703125
OK k=48 rounds=8192 table_count=49 oracle1=PASS cfg_conflicts_delta=0 tier1_hits=0 tier1_misses=393216 hit_rate=0.00% oracle2=PASS ns_per_op=29.3
.RESULT k=48
RESULT rotating_rounds=8192
RESULT table_count_at_floor=49
RESULT oracle1_pass=1
RESULT config_conflicts_delta=0
RESULT tier1_hits=0
RESULT tier1_misses=393216
RESULT tier1_total=393216
RESULT expected_total=393216
RESULT oracle2_pass=1
RESULT tier1_hit_rate_pct=0
RESULT churn_elapsed_ns=11180000
RESULT ns_per_op=28.432210286458332
OK k=48 rounds=8192 table_count=49 oracle1=PASS cfg_conflicts_delta=0 tier1_hits=0 tier1_misses=393216 hit_rate=0.00% oracle2=PASS ns_per_op=28.4
.RESULT k=48
RESULT rotating_rounds=8192
RESULT table_count_at_floor=49
RESULT oracle1_pass=1
RESULT config_conflicts_delta=0
RESULT tier1_hits=0
RESULT tier1_misses=393216
RESULT tier1_total=393216
RESULT expected_total=393216
RESULT oracle2_pass=1
RESULT tier1_hit_rate_pct=0
RESULT churn_elapsed_ns=11426600
RESULT ns_per_op=29.059346516927082
OK k=48 rounds=8192 table_count=49 oracle1=PASS cfg_conflicts_delta=0 tier1_hits=0 tier1_misses=393216 hit_rate=0.00% oracle2=PASS ns_per_op=29.1
.RESULT k=48
RESULT rotating_rounds=8192
RESULT table_count_at_floor=49
RESULT oracle1_pass=1
RESULT config_conflicts_delta=0
RESULT tier1_hits=0
RESULT tier1_misses=393216
RESULT tier1_total=393216
RESULT expected_total=393216
RESULT oracle2_pass=1
RESULT tier1_hit_rate_pct=0
RESULT churn_elapsed_ns=11498600
RESULT ns_per_op=29.242451985677082
OK k=48 rounds=8192 table_count=49 oracle1=PASS cfg_conflicts_delta=0 tier1_hits=0 tier1_misses=393216 hit_rate=0.00% oracle2=PASS ns_per_op=29.2
.RESULT k=48
RESULT rotating_rounds=8192
RESULT table_count_at_floor=49
RESULT oracle1_pass=1
RESULT config_conflicts_delta=0
RESULT tier1_hits=0
RESULT tier1_misses=393216
RESULT tier1_total=393216
RESULT expected_total=393216
RESULT oracle2_pass=1
RESULT tier1_hit_rate_pct=0
RESULT churn_elapsed_ns=11657300
RESULT ns_per_op=29.646046956380207
OK k=48 rounds=8192 table_count=49 oracle1=PASS cfg_conflicts_delta=0 tier1_hits=0 tier1_misses=393216 hit_rate=0.00% oracle2=PASS ns_per_op=29.6
.RESULT k=48
RESULT rotating_rounds=8192
RESULT table_count_at_floor=49
RESULT oracle1_pass=1
RESULT config_conflicts_delta=0
RESULT tier1_hits=0
RESULT tier1_misses=393216
RESULT tier1_total=393216
RESULT expected_total=393216
RESULT oracle2_pass=1
RESULT tier1_hit_rate_pct=0
RESULT churn_elapsed_ns=11269700
RESULT ns_per_op=28.660329182942707
OK k=48 rounds=8192 table_count=49 oracle1=PASS cfg_conflicts_delta=0 tier1_hits=0 tier1_misses=393216 hit_rate=0.00% oracle2=PASS ns_per_op=28.7
.RESULT k=48
RESULT rotating_rounds=8192
RESULT table_count_at_floor=49
RESULT oracle1_pass=1
RESULT config_conflicts_delta=0
RESULT tier1_hits=0
RESULT tier1_misses=393216
RESULT tier1_total=393216
RESULT expected_total=393216
RESULT oracle2_pass=1
RESULT tier1_hit_rate_pct=0
RESULT churn_elapsed_ns=11512600
RESULT ns_per_op=29.278055826822918
OK k=48 rounds=8192 table_count=49 oracle1=PASS cfg_conflicts_delta=0 tier1_hits=0 tier1_misses=393216 hit_rate=0.00% oracle2=PASS ns_per_op=29.3
.RESULT k=48
RESULT rotating_rounds=8192
RESULT table_count_at_floor=49
RESULT oracle1_pass=1
RESULT config_conflicts_delta=0
RESULT tier1_hits=0
RESULT tier1_misses=393216
RESULT tier1_total=393216
RESULT expected_total=393216
RESULT oracle2_pass=1
RESULT tier1_hit_rate_pct=0
RESULT churn_elapsed_ns=11358900
RESULT ns_per_op=28.887176513671875
OK k=48 rounds=8192 table_count=49 oracle1=PASS cfg_conflicts_delta=0 tier1_hits=0 tier1_misses=393216 hit_rate=0.00% oracle2=PASS ns_per_op=28.9
.RESULT k=48
RESULT rotating_rounds=8192
RESULT table_count_at_floor=49
RESULT oracle1_pass=1
RESULT config_conflicts_delta=0
RESULT tier1_hits=0
RESULT tier1_misses=393216
RESULT tier1_total=393216
RESULT expected_total=393216
RESULT oracle2_pass=1
RESULT tier1_hit_rate_pct=0
RESULT churn_elapsed_ns=11457400
RESULT ns_per_op=29.137674967447918
OK k=48 rounds=8192 table_count=49 oracle1=PASS cfg_conflicts_delta=0 tier1_hits=0 tier1_misses=393216 hit_rate=0.00% oracle2=PASS ns_per_op=29.1
.RESULT k=48
RESULT rotating_rounds=8192
RESULT table_count_at_floor=49
RESULT oracle1_pass=1
RESULT config_conflicts_delta=0
RESULT tier1_hits=0
RESULT tier1_misses=393216
RESULT tier1_total=393216
RESULT expected_total=393216
RESULT oracle2_pass=1
RESULT tier1_hit_rate_pct=0
RESULT churn_elapsed_ns=11674500
RESULT ns_per_op=29.689788818359375
OK k=48 rounds=8192 table_count=49 oracle1=PASS cfg_conflicts_delta=0 tier1_hits=0 tier1_misses=393216 hit_rate=0.00% oracle2=PASS ns_per_op=29.7
.RESULT k=48
RESULT rotating_rounds=8192
RESULT table_count_at_floor=49
RESULT oracle1_pass=1
RESULT config_conflicts_delta=0
RESULT tier1_hits=0
RESULT tier1_misses=393216
RESULT tier1_total=393216
RESULT expected_total=393216
RESULT oracle2_pass=1
RESULT tier1_hit_rate_pct=0
RESULT churn_elapsed_ns=11319800
RESULT ns_per_op=28.787740071614582
OK k=48 rounds=8192 table_count=49 oracle1=PASS cfg_conflicts_delta=0 tier1_hits=0 tier1_misses=393216 hit_rate=0.00% oracle2=PASS ns_per_op=28.8
.RESULT k=48
RESULT rotating_rounds=8192
RESULT table_count_at_floor=49
RESULT oracle1_pass=1
RESULT config_conflicts_delta=0
RESULT tier1_hits=0
RESULT tier1_misses=393216
RESULT tier1_total=393216
RESULT expected_total=393216
RESULT oracle2_pass=1
RESULT tier1_hit_rate_pct=0
RESULT churn_elapsed_ns=12627100
RESULT ns_per_op=32.11237589518229
OK k=48 rounds=8192 table_count=49 oracle1=PASS cfg_conflicts_delta=0 tier1_hits=0 tier1_misses=393216 hit_rate=0.00% oracle2=PASS ns_per_op=32.1
.RESULT k=48
RESULT rotating_rounds=8192
RESULT table_count_at_floor=49
RESULT oracle1_pass=1
RESULT config_conflicts_delta=0
RESULT tier1_hits=0
RESULT tier1_misses=393216
RESULT tier1_total=393216
RESULT expected_total=393216
RESULT oracle2_pass=1
RESULT tier1_hit_rate_pct=0
RESULT churn_elapsed_ns=10997600
RESULT ns_per_op=27.968343098958332
OK k=48 rounds=8192 table_count=49 oracle1=PASS cfg_conflicts_delta=0 tier1_hits=0 tier1_misses=393216 hit_rate=0.00% oracle2=PASS ns_per_op=28.0
.RESULT k=48
RESULT rotating_rounds=8192
RESULT table_count_at_floor=49
RESULT oracle1_pass=1
RESULT config_conflicts_delta=0
RESULT tier1_hits=0
RESULT tier1_misses=393216
RESULT tier1_total=393216
RESULT expected_total=393216
RESULT oracle2_pass=1
RESULT tier1_hit_rate_pct=0
RESULT churn_elapsed_ns=11028300
RESULT ns_per_op=28.046417236328125
OK k=48 rounds=8192 table_count=49 oracle1=PASS cfg_conflicts_delta=0 tier1_hits=0 tier1_misses=393216 hit_rate=0.00% oracle2=PASS ns_per_op=28.0
.RESULT k=48
RESULT rotating_rounds=8192
RESULT table_count_at_floor=49
RESULT oracle1_pass=1
RESULT config_conflicts_delta=0
RESULT tier1_hits=0
RESULT tier1_misses=393216
RESULT tier1_total=393216
RESULT expected_total=393216
RESULT oracle2_pass=1
RESULT tier1_hit_rate_pct=0
RESULT churn_elapsed_ns=11509900
RESULT ns_per_op=29.271189371744793
OK k=48 rounds=8192 table_count=49 oracle1=PASS cfg_conflicts_delta=0 tier1_hits=0 tier1_misses=393216 hit_rate=0.00% oracle2=PASS ns_per_op=29.3
.RESULT k=48
RESULT rotating_rounds=8192
RESULT table_count_at_floor=49
RESULT oracle1_pass=1
RESULT config_conflicts_delta=0
RESULT tier1_hits=0
RESULT tier1_misses=393216
RESULT tier1_total=393216
RESULT expected_total=393216
RESULT oracle2_pass=1
RESULT tier1_hit_rate_pct=0
RESULT churn_elapsed_ns=11265100
RESULT ns_per_op=28.648630777994793
OK k=48 rounds=8192 table_count=49 oracle1=PASS cfg_conflicts_delta=0 tier1_hits=0 tier1_misses=393216 hit_rate=0.00% oracle2=PASS ns_per_op=28.6
.RESULT k=48
RESULT rotating_rounds=8192
RESULT table_count_at_floor=49
RESULT oracle1_pass=1
RESULT config_conflicts_delta=0
RESULT tier1_hits=0
RESULT tier1_misses=393216
RESULT tier1_total=393216
RESULT expected_total=393216
RESULT oracle2_pass=1
RESULT tier1_hit_rate_pct=0
RESULT churn_elapsed_ns=11554800
RESULT ns_per_op=29.3853759765625
OK k=48 rounds=8192 table_count=49 oracle1=PASS cfg_conflicts_delta=0 tier1_hits=0 tier1_misses=393216 hit_rate=0.00% oracle2=PASS ns_per_op=29.4
.RESULT k=48
RESULT rotating_rounds=8192
RESULT table_count_at_floor=49
RESULT oracle1_pass=1
RESULT config_conflicts_delta=0
RESULT tier1_hits=0
RESULT tier1_misses=393216
RESULT tier1_total=393216
RESULT expected_total=393216
RESULT oracle2_pass=1
RESULT tier1_hit_rate_pct=0
RESULT churn_elapsed_ns=11787600
RESULT ns_per_op=29.9774169921875
OK k=48 rounds=8192 table_count=49 oracle1=PASS cfg_conflicts_delta=0 tier1_hits=0 tier1_misses=393216 hit_rate=0.00% oracle2=PASS ns_per_op=30.0
.RESULT k=48
RESULT rotating_rounds=8192
RESULT table_count_at_floor=49
RESULT oracle1_pass=1
RESULT config_conflicts_delta=0
RESULT tier1_hits=0
RESULT tier1_misses=393216
RESULT tier1_total=393216
RESULT expected_total=393216
RESULT oracle2_pass=1
RESULT tier1_hit_rate_pct=0
RESULT churn_elapsed_ns=11021100
RESULT ns_per_op=28.028106689453125
OK k=48 rounds=8192 table_count=49 oracle1=PASS cfg_conflicts_delta=0 tier1_hits=0 tier1_misses=393216 hit_rate=0.00% oracle2=PASS ns_per_op=28.0
.RESULT k=48
RESULT rotating_rounds=8192
RESULT table_count_at_floor=49
RESULT oracle1_pass=1
RESULT config_conflicts_delta=0
RESULT tier1_hits=0
RESULT tier1_misses=393216
RESULT tier1_total=393216
RESULT expected_total=393216
RESULT oracle2_pass=1
RESULT tier1_hit_rate_pct=0
RESULT churn_elapsed_ns=11299800
RESULT ns_per_op=28.73687744140625
OK k=48 rounds=8192 table_count=49 oracle1=PASS cfg_conflicts_delta=0 tier1_hits=0 tier1_misses=393216 hit_rate=0.00% oracle2=PASS ns_per_op=28.7
.RESULT k=48
RESULT rotating_rounds=8192
RESULT table_count_at_floor=49
RESULT oracle1_pass=1
RESULT config_conflicts_delta=0
RESULT tier1_hits=0
RESULT tier1_misses=393216
RESULT tier1_total=393216
RESULT expected_total=393216
RESULT oracle2_pass=1
RESULT tier1_hit_rate_pct=0
RESULT churn_elapsed_ns=12623400
RESULT ns_per_op=32.10296630859375
OK k=48 rounds=8192 table_count=49 oracle1=PASS cfg_conflicts_delta=0 tier1_hits=0 tier1_misses=393216 hit_rate=0.00% oracle2=PASS ns_per_op=32.1
.RESULT k=48
RESULT rotating_rounds=8192
RESULT table_count_at_floor=49
RESULT oracle1_pass=1
RESULT config_conflicts_delta=0
RESULT tier1_hits=0
RESULT tier1_misses=393216
RESULT tier1_total=393216
RESULT expected_total=393216
RESULT oracle2_pass=1
RESULT tier1_hit_rate_pct=0
RESULT churn_elapsed_ns=11224300
RESULT ns_per_op=28.544871012369793
OK k=48 rounds=8192 table_count=49 oracle1=PASS cfg_conflicts_delta=0 tier1_hits=0 tier1_misses=393216 hit_rate=0.00% oracle2=PASS ns_per_op=28.5
.RESULT k=48
RESULT rotating_rounds=8192
RESULT table_count_at_floor=49
RESULT oracle1_pass=1
RESULT config_conflicts_delta=0
RESULT tier1_hits=0
RESULT tier1_misses=393216
RESULT tier1_total=393216
RESULT expected_total=393216
RESULT oracle2_pass=1
RESULT tier1_hit_rate_pct=0
RESULT churn_elapsed_ns=11287600
RESULT ns_per_op=28.705851236979168
OK k=48 rounds=8192 table_count=49 oracle1=PASS cfg_conflicts_delta=0 tier1_hits=0 tier1_misses=393216 hit_rate=0.00% oracle2=PASS ns_per_op=28.7
.RESULT k=48
RESULT rotating_rounds=8192
RESULT table_count_at_floor=49
RESULT oracle1_pass=1
RESULT config_conflicts_delta=0
RESULT tier1_hits=0
RESULT tier1_misses=393216
RESULT tier1_total=393216
RESULT expected_total=393216
RESULT oracle2_pass=1
RESULT tier1_hit_rate_pct=0
RESULT churn_elapsed_ns=11264600
RESULT ns_per_op=28.647359212239582
OK k=48 rounds=8192 table_count=49 oracle1=PASS cfg_conflicts_delta=0 tier1_hits=0 tier1_misses=393216 hit_rate=0.00% oracle2=PASS ns_per_op=28.6
.RESULT k=48
RESULT rotating_rounds=8192
RESULT table_count_at_floor=49
RESULT oracle1_pass=1
RESULT config_conflicts_delta=0
RESULT tier1_hits=0
RESULT tier1_misses=393216
RESULT tier1_total=393216
RESULT expected_total=393216
RESULT oracle2_pass=1
RESULT tier1_hit_rate_pct=0
RESULT churn_elapsed_ns=11190500
RESULT ns_per_op=28.458913167317707
OK k=48 rounds=8192 table_count=49 oracle1=PASS cfg_conflicts_delta=0 tier1_hits=0 tier1_misses=393216 hit_rate=0.00% oracle2=PASS ns_per_op=28.5
.RESULT k=48
RESULT rotating_rounds=8192
RESULT table_count_at_floor=49
RESULT oracle1_pass=1
RESULT config_conflicts_delta=0
RESULT tier1_hits=0
RESULT tier1_misses=393216
RESULT tier1_total=393216
RESULT expected_total=393216
RESULT oracle2_pass=1
RESULT tier1_hit_rate_pct=0
RESULT churn_elapsed_ns=11452100
RESULT ns_per_op=29.124196370442707
OK k=48 rounds=8192 table_count=49 oracle1=PASS cfg_conflicts_delta=0 tier1_hits=0 tier1_misses=393216 hit_rate=0.00% oracle2=PASS ns_per_op=29.1
.RESULT k=48
RESULT rotating_rounds=8192
RESULT table_count_at_floor=49
RESULT oracle1_pass=1
RESULT config_conflicts_delta=0
RESULT tier1_hits=0
RESULT tier1_misses=393216
RESULT tier1_total=393216
RESULT expected_total=393216
RESULT oracle2_pass=1
RESULT tier1_hit_rate_pct=0
RESULT churn_elapsed_ns=11366600
RESULT ns_per_op=28.906758626302082
OK k=48 rounds=8192 table_count=49 oracle1=PASS cfg_conflicts_delta=0 tier1_hits=0 tier1_misses=393216 hit_rate=0.00% oracle2=PASS ns_per_op=28.9
.RESULT k=48
RESULT rotating_rounds=8192
RESULT table_count_at_floor=49
RESULT oracle1_pass=1
RESULT config_conflicts_delta=0
RESULT tier1_hits=0
RESULT tier1_misses=393216
RESULT tier1_total=393216
RESULT expected_total=393216
RESULT oracle2_pass=1
RESULT tier1_hit_rate_pct=0
RESULT churn_elapsed_ns=10970700
RESULT ns_per_op=27.899932861328125
OK k=48 rounds=8192 table_count=49 oracle1=PASS cfg_conflicts_delta=0 tier1_hits=0 tier1_misses=393216 hit_rate=0.00% oracle2=PASS ns_per_op=27.9
.RESULT k=48
RESULT rotating_rounds=8192
RESULT table_count_at_floor=49
RESULT oracle1_pass=1
RESULT config_conflicts_delta=0
RESULT tier1_hits=0
RESULT tier1_misses=393216
RESULT tier1_total=393216
RESULT expected_total=393216
RESULT oracle2_pass=1
RESULT tier1_hit_rate_pct=0
RESULT churn_elapsed_ns=10996100
RESULT ns_per_op=27.964528401692707
OK k=48 rounds=8192 table_count=49 oracle1=PASS cfg_conflicts_delta=0 tier1_hits=0 tier1_misses=393216 hit_rate=0.00% oracle2=PASS ns_per_op=28.0
.RESULT k=48
RESULT rotating_rounds=8192
RESULT table_count_at_floor=49
RESULT oracle1_pass=1
RESULT config_conflicts_delta=0
RESULT tier1_hits=0
RESULT tier1_misses=393216
RESULT tier1_total=393216
RESULT expected_total=393216
RESULT oracle2_pass=1
RESULT tier1_hit_rate_pct=0
RESULT churn_elapsed_ns=11582800
RESULT ns_per_op=29.456583658854168
OK k=48 rounds=8192 table_count=49 oracle1=PASS cfg_conflicts_delta=0 tier1_hits=0 tier1_misses=393216 hit_rate=0.00% oracle2=PASS ns_per_op=29.5
.RESULT k=48
RESULT rotating_rounds=8192
RESULT table_count_at_floor=49
RESULT oracle1_pass=1
RESULT config_conflicts_delta=0
RESULT tier1_hits=0
RESULT tier1_misses=393216
RESULT tier1_total=393216
RESULT expected_total=393216
RESULT oracle2_pass=1
RESULT tier1_hit_rate_pct=0
RESULT churn_elapsed_ns=11300300
RESULT ns_per_op=28.738149007161457
OK k=48 rounds=8192 table_count=49 oracle1=PASS cfg_conflicts_delta=0 tier1_hits=0 tier1_misses=393216 hit_rate=0.00% oracle2=PASS ns_per_op=28.7
.RESULT k=48
RESULT rotating_rounds=8192
RESULT table_count_at_floor=49
RESULT oracle1_pass=1
RESULT config_conflicts_delta=0
RESULT tier1_hits=0
RESULT tier1_misses=393216
RESULT tier1_total=393216
RESULT expected_total=393216
RESULT oracle2_pass=1
RESULT tier1_hit_rate_pct=0
RESULT churn_elapsed_ns=11242700
RESULT ns_per_op=28.591664632161457
OK k=48 rounds=8192 table_count=49 oracle1=PASS cfg_conflicts_delta=0 tier1_hits=0 tier1_misses=393216 hit_rate=0.00% oracle2=PASS ns_per_op=28.6
.RESULT k=48
RESULT rotating_rounds=8192
RESULT table_count_at_floor=49
RESULT oracle1_pass=1
RESULT config_conflicts_delta=0
RESULT tier1_hits=0
RESULT tier1_misses=393216
RESULT tier1_total=393216
RESULT expected_total=393216
RESULT oracle2_pass=1
RESULT tier1_hit_rate_pct=0
RESULT churn_elapsed_ns=11746900
RESULT ns_per_op=29.873911539713543
OK k=48 rounds=8192 table_count=49 oracle1=PASS cfg_conflicts_delta=0 tier1_hits=0 tier1_misses=393216 hit_rate=0.00% oracle2=PASS ns_per_op=29.9
.RESULT k=48
RESULT rotating_rounds=8192
RESULT table_count_at_floor=49
RESULT oracle1_pass=1
RESULT config_conflicts_delta=0
RESULT tier1_hits=0
RESULT tier1_misses=393216
RESULT tier1_total=393216
RESULT expected_total=393216
RESULT oracle2_pass=1
RESULT tier1_hit_rate_pct=0
RESULT churn_elapsed_ns=11439700
RESULT ns_per_op=29.092661539713543
OK k=48 rounds=8192 table_count=49 oracle1=PASS cfg_conflicts_delta=0 tier1_hits=0 tier1_misses=393216 hit_rate=0.00% oracle2=PASS ns_per_op=29.1
.RESULT k=48
RESULT rotating_rounds=8192
RESULT table_count_at_floor=49
RESULT oracle1_pass=1
RESULT config_conflicts_delta=0
RESULT tier1_hits=0
RESULT tier1_misses=393216
RESULT tier1_total=393216
RESULT expected_total=393216
RESULT oracle2_pass=1
RESULT tier1_hit_rate_pct=0
RESULT churn_elapsed_ns=11380900
RESULT ns_per_op=28.943125406901043
OK k=48 rounds=8192 table_count=49 oracle1=PASS cfg_conflicts_delta=0 tier1_hits=0 tier1_misses=393216 hit_rate=0.00% oracle2=PASS ns_per_op=28.9
.RESULT k=48
RESULT rotating_rounds=8192
RESULT table_count_at_floor=49
RESULT oracle1_pass=1
RESULT config_conflicts_delta=0
RESULT tier1_hits=0
RESULT tier1_misses=393216
RESULT tier1_total=393216
RESULT expected_total=393216
RESULT oracle2_pass=1
RESULT tier1_hit_rate_pct=0
RESULT churn_elapsed_ns=11251200
RESULT ns_per_op=28.61328125
OK k=48 rounds=8192 table_count=49 oracle1=PASS cfg_conflicts_delta=0 tier1_hits=0 tier1_misses=393216 hit_rate=0.00% oracle2=PASS ns_per_op=28.6
.RESULT k=48
RESULT rotating_rounds=8192
RESULT table_count_at_floor=49
RESULT oracle1_pass=1
RESULT config_conflicts_delta=0
RESULT tier1_hits=0
RESULT tier1_misses=393216
RESULT tier1_total=393216
RESULT expected_total=393216
RESULT oracle2_pass=1
RESULT tier1_hit_rate_pct=0
RESULT churn_elapsed_ns=11336800
RESULT ns_per_op=28.830973307291668
OK k=48 rounds=8192 table_count=49 oracle1=PASS cfg_conflicts_delta=0 tier1_hits=0 tier1_misses=393216 hit_rate=0.00% oracle2=PASS ns_per_op=28.8
.RESULT k=48
RESULT rotating_rounds=8192
RESULT table_count_at_floor=49
RESULT oracle1_pass=1
RESULT config_conflicts_delta=0
RESULT tier1_hits=0
RESULT tier1_misses=393216
RESULT tier1_total=393216
RESULT expected_total=393216
RESULT oracle2_pass=1
RESULT tier1_hit_rate_pct=0
RESULT churn_elapsed_ns=11391100
RESULT ns_per_op=28.969065348307293
OK k=48 rounds=8192 table_count=49 oracle1=PASS cfg_conflicts_delta=0 tier1_hits=0 tier1_misses=393216 hit_rate=0.00% oracle2=PASS ns_per_op=29.0
.RESULT k=48
RESULT rotating_rounds=8192
RESULT table_count_at_floor=49
RESULT oracle1_pass=1
RESULT config_conflicts_delta=0
RESULT tier1_hits=0
RESULT tier1_misses=393216
RESULT tier1_total=393216
RESULT expected_total=393216
RESULT oracle2_pass=1
RESULT tier1_hit_rate_pct=0
RESULT churn_elapsed_ns=11418500
RESULT ns_per_op=29.038747151692707
OK k=48 rounds=8192 table_count=49 oracle1=PASS cfg_conflicts_delta=0 tier1_hits=0 tier1_misses=393216 hit_rate=0.00% oracle2=PASS ns_per_op=29.0
.RESULT k=48
RESULT rotating_rounds=8192
RESULT table_count_at_floor=49
RESULT oracle1_pass=1
RESULT config_conflicts_delta=0
RESULT tier1_hits=0
RESULT tier1_misses=393216
RESULT tier1_total=393216
RESULT expected_total=393216
RESULT oracle2_pass=1
RESULT tier1_hit_rate_pct=0
RESULT churn_elapsed_ns=10828600
RESULT ns_per_op=27.538553873697918
OK k=48 rounds=8192 table_count=49 oracle1=PASS cfg_conflicts_delta=0 tier1_hits=0 tier1_misses=393216 hit_rate=0.00% oracle2=PASS ns_per_op=27.5
.RESULT k=48
RESULT rotating_rounds=8192
RESULT table_count_at_floor=49
RESULT oracle1_pass=1
RESULT config_conflicts_delta=0
RESULT tier1_hits=0
RESULT tier1_misses=393216
RESULT tier1_total=393216
RESULT expected_total=393216
RESULT oracle2_pass=1
RESULT tier1_hit_rate_pct=0
RESULT churn_elapsed_ns=11367300
RESULT ns_per_op=28.908538818359375
OK k=48 rounds=8192 table_count=49 oracle1=PASS cfg_conflicts_delta=0 tier1_hits=0 tier1_misses=393216 hit_rate=0.00% oracle2=PASS ns_per_op=28.9
.RESULT k=48
RESULT rotating_rounds=8192
RESULT table_count_at_floor=49
RESULT oracle1_pass=1
RESULT config_conflicts_delta=0
RESULT tier1_hits=0
RESULT tier1_misses=393216
RESULT tier1_total=393216
RESULT expected_total=393216
RESULT oracle2_pass=1
RESULT tier1_hit_rate_pct=0
RESULT churn_elapsed_ns=11296300
RESULT ns_per_op=28.727976481119793
OK k=48 rounds=8192 table_count=49 oracle1=PASS cfg_conflicts_delta=0 tier1_hits=0 tier1_misses=393216 hit_rate=0.00% oracle2=PASS ns_per_op=28.7
.RESULT k=48
RESULT rotating_rounds=8192
RESULT table_count_at_floor=49
RESULT oracle1_pass=1
RESULT config_conflicts_delta=0
RESULT tier1_hits=0
RESULT tier1_misses=393216
RESULT tier1_total=393216
RESULT expected_total=393216
RESULT oracle2_pass=1
RESULT tier1_hit_rate_pct=0
RESULT churn_elapsed_ns=11431200
RESULT ns_per_op=29.071044921875
OK k=48 rounds=8192 table_count=49 oracle1=PASS cfg_conflicts_delta=0 tier1_hits=0 tier1_misses=393216 hit_rate=0.00% oracle2=PASS ns_per_op=29.1
.RESULT k=48
RESULT rotating_rounds=8192
RESULT table_count_at_floor=49
RESULT oracle1_pass=1
RESULT config_conflicts_delta=0
RESULT tier1_hits=0
RESULT tier1_misses=393216
RESULT tier1_total=393216
RESULT expected_total=393216
RESULT oracle2_pass=1
RESULT tier1_hit_rate_pct=0
RESULT churn_elapsed_ns=11544700
RESULT ns_per_op=29.359690348307293
OK k=48 rounds=8192 table_count=49 oracle1=PASS cfg_conflicts_delta=0 tier1_hits=0 tier1_misses=393216 hit_rate=0.00% oracle2=PASS ns_per_op=29.4
.RESULT k=48
RESULT rotating_rounds=8192
RESULT table_count_at_floor=49
RESULT oracle1_pass=1
RESULT config_conflicts_delta=0
RESULT tier1_hits=0
RESULT tier1_misses=393216
RESULT tier1_total=393216
RESULT expected_total=393216
RESULT oracle2_pass=1
RESULT tier1_hit_rate_pct=0
RESULT churn_elapsed_ns=12235000
RESULT ns_per_op=31.115214029947918
OK k=48 rounds=8192 table_count=49 oracle1=PASS cfg_conflicts_delta=0 tier1_hits=0 tier1_misses=393216 hit_rate=0.00% oracle2=PASS ns_per_op=31.1
.RESULT k=48
RESULT rotating_rounds=8192
RESULT table_count_at_floor=49
RESULT oracle1_pass=1
RESULT config_conflicts_delta=0
RESULT tier1_hits=0
RESULT tier1_misses=393216
RESULT tier1_total=393216
RESULT expected_total=393216
RESULT oracle2_pass=1
RESULT tier1_hit_rate_pct=0
RESULT churn_elapsed_ns=11770200
RESULT ns_per_op=29.93316650390625
OK k=48 rounds=8192 table_count=49 oracle1=PASS cfg_conflicts_delta=0 tier1_hits=0 tier1_misses=393216 hit_rate=0.00% oracle2=PASS ns_per_op=29.9
.RESULT k=48
RESULT rotating_rounds=8192
RESULT table_count_at_floor=49
RESULT oracle1_pass=1
RESULT config_conflicts_delta=0
RESULT tier1_hits=0
RESULT tier1_misses=393216
RESULT tier1_total=393216
RESULT expected_total=393216
RESULT oracle2_pass=1
RESULT tier1_hit_rate_pct=0
RESULT churn_elapsed_ns=12662900
RESULT ns_per_op=32.20342000325521
OK k=48 rounds=8192 table_count=49 oracle1=PASS cfg_conflicts_delta=0 tier1_hits=0 tier1_misses=393216 hit_rate=0.00% oracle2=PASS ns_per_op=32.2
.RESULT k=48
RESULT rotating_rounds=8192
RESULT table_count_at_floor=49
RESULT oracle1_pass=1
RESULT config_conflicts_delta=0
RESULT tier1_hits=0
RESULT tier1_misses=393216
RESULT tier1_total=393216
RESULT expected_total=393216
RESULT oracle2_pass=1
RESULT tier1_hit_rate_pct=0
RESULT churn_elapsed_ns=12069600
RESULT ns_per_op=30.694580078125
OK k=48 rounds=8192 table_count=49 oracle1=PASS cfg_conflicts_delta=0 tier1_hits=0 tier1_misses=393216 hit_rate=0.00% oracle2=PASS ns_per_op=30.7
.RESULT k=48
RESULT rotating_rounds=8192
RESULT table_count_at_floor=49
RESULT oracle1_pass=1
RESULT config_conflicts_delta=0
RESULT tier1_hits=0
RESULT tier1_misses=393216
RESULT tier1_total=393216
RESULT expected_total=393216
RESULT oracle2_pass=1
RESULT tier1_hit_rate_pct=0
RESULT churn_elapsed_ns=11217200
RESULT ns_per_op=28.526814778645832
OK k=48 rounds=8192 table_count=49 oracle1=PASS cfg_conflicts_delta=0 tier1_hits=0 tier1_misses=393216 hit_rate=0.00% oracle2=PASS ns_per_op=28.5
.RESULT k=48
RESULT rotating_rounds=8192
RESULT table_count_at_floor=49
RESULT oracle1_pass=1
RESULT config_conflicts_delta=0
RESULT tier1_hits=0
RESULT tier1_misses=393216
RESULT tier1_total=393216
RESULT expected_total=393216
RESULT oracle2_pass=1
RESULT tier1_hit_rate_pct=0
RESULT churn_elapsed_ns=11721800
RESULT ns_per_op=29.810078938802082
OK k=48 rounds=8192 table_count=49 oracle1=PASS cfg_conflicts_delta=0 tier1_hits=0 tier1_misses=393216 hit_rate=0.00% oracle2=PASS ns_per_op=29.8
.RESULT k=48
RESULT rotating_rounds=8192
RESULT table_count_at_floor=49
RESULT oracle1_pass=1
RESULT config_conflicts_delta=0
RESULT tier1_hits=0
RESULT tier1_misses=393216
RESULT tier1_total=393216
RESULT expected_total=393216
RESULT oracle2_pass=1
RESULT tier1_hit_rate_pct=0
RESULT churn_elapsed_ns=11590600
RESULT ns_per_op=29.476420084635418
OK k=48 rounds=8192 table_count=49 oracle1=PASS cfg_conflicts_delta=0 tier1_hits=0 tier1_misses=393216 hit_rate=0.00% oracle2=PASS ns_per_op=29.5
.RESULT k=48
RESULT rotating_rounds=8192
RESULT table_count_at_floor=49
RESULT oracle1_pass=1
RESULT config_conflicts_delta=0
RESULT tier1_hits=0
RESULT tier1_misses=393216
RESULT tier1_total=393216
RESULT expected_total=393216
RESULT oracle2_pass=1
RESULT tier1_hit_rate_pct=0
RESULT churn_elapsed_ns=11331000
RESULT ns_per_op=28.81622314453125
OK k=48 rounds=8192 table_count=49 oracle1=PASS cfg_conflicts_delta=0 tier1_hits=0 tier1_misses=393216 hit_rate=0.00% oracle2=PASS ns_per_op=28.8
.RESULT k=48
RESULT rotating_rounds=8192
RESULT table_count_at_floor=49
RESULT oracle1_pass=1
RESULT config_conflicts_delta=0
RESULT tier1_hits=0
RESULT tier1_misses=393216
RESULT tier1_total=393216
RESULT expected_total=393216
RESULT oracle2_pass=1
RESULT tier1_hit_rate_pct=0
RESULT churn_elapsed_ns=11458800
RESULT ns_per_op=29.1412353515625
OK k=48 rounds=8192 table_count=49 oracle1=PASS cfg_conflicts_delta=0 tier1_hits=0 tier1_misses=393216 hit_rate=0.00% oracle2=PASS ns_per_op=29.1
.RESULT k=48
RESULT rotating_rounds=8192
RESULT table_count_at_floor=49
RESULT oracle1_pass=1
RESULT config_conflicts_delta=0
RESULT tier1_hits=0
RESULT tier1_misses=393216
RESULT tier1_total=393216
RESULT expected_total=393216
RESULT oracle2_pass=1
RESULT tier1_hit_rate_pct=0
RESULT churn_elapsed_ns=10973400
RESULT ns_per_op=27.90679931640625
OK k=48 rounds=8192 table_count=49 oracle1=PASS cfg_conflicts_delta=0 tier1_hits=0 tier1_misses=393216 hit_rate=0.00% oracle2=PASS ns_per_op=27.9
.RESULT k=48
RESULT rotating_rounds=8192
RESULT table_count_at_floor=49
RESULT oracle1_pass=1
RESULT config_conflicts_delta=0
RESULT tier1_hits=0
RESULT tier1_misses=393216
RESULT tier1_total=393216
RESULT expected_total=393216
RESULT oracle2_pass=1
RESULT tier1_hit_rate_pct=0
RESULT churn_elapsed_ns=12193000
RESULT ns_per_op=31.008402506510418
OK k=48 rounds=8192 table_count=49 oracle1=PASS cfg_conflicts_delta=0 tier1_hits=0 tier1_misses=393216 hit_rate=0.00% oracle2=PASS ns_per_op=31.0
.RESULT k=48
RESULT rotating_rounds=8192
RESULT table_count_at_floor=49
RESULT oracle1_pass=1
RESULT config_conflicts_delta=0
RESULT tier1_hits=0
RESULT tier1_misses=393216
RESULT tier1_total=393216
RESULT expected_total=393216
RESULT oracle2_pass=1
RESULT tier1_hit_rate_pct=0
RESULT churn_elapsed_ns=11365600
RESULT ns_per_op=28.904215494791668
OK k=48 rounds=8192 table_count=49 oracle1=PASS cfg_conflicts_delta=0 tier1_hits=0 tier1_misses=393216 hit_rate=0.00% oracle2=PASS ns_per_op=28.9
.

  === before(A-slot) vs before(B-slot) (A - B, ns)  [SAME-VS-SAME CONTROL] ===
  n=20  mean Δ=84.450 us  sd=524.367 us  se=117.252 us  t=0.720  df=19  crit(p<0.05)=2.101  => NOT statistically distinguishable from noise (fails to reject null)
  sign test: before(A-slot)-faster=10/20  before(B-slot)-faster=10/20  ties=0

[paired-ab] provenance written to D:\dev\rust\sefer-alloc/docs/perf/paired_ab_runs/2026-08-03T15-28-49-166Z.json

[paired-ab] Reading this output: `t` past `crit` (or sign test heavily lopsided, e.g. 17+/20) means a REAL,
  non-noise wall-clock difference on THIS host for THIS workload — mirroring
  docs/perf/R5_R2_CHURN_REGRESSION_PAIRED_AB.md's verdict criteria. A same-vs-same control run
  (--arms sefer,sefer) should show t well under `crit` and a roughly even sign-test split --
  if it does not, that indicates a harness bug (non-reproducible workload, background load
  bleeding into the timed region), not a real self-difference.
