[paired-ab] --config has no "build" step; assuming arm commands are already built.

[paired-ab] off vs off — 20 pairs, A/B/B/A protocol
RESULT arm=large_cache_extended_narrow_off
RESULT narrow_n=1
RESULT elapsed_ns=130900
RESULT large_cache_hits=400
RESULT total_deallocs=400
RESULT rss_after_kib=3156
RESULT commit_after_kib=4187784
RESULT segments_reserved_total=10
RESULT segments_reserved_baseline=1
RESULT segments_reserved_pre_timing=10
RESULT large_cache_used_bytes_pre_timing=4278190080
RESULT oracle_total_slots=8
.RESULT arm=large_cache_extended_narrow_off
RESULT narrow_n=1
RESULT elapsed_ns=129600
RESULT large_cache_hits=400
RESULT total_deallocs=400
RESULT rss_after_kib=3156
RESULT commit_after_kib=4187788
RESULT segments_reserved_total=10
RESULT segments_reserved_baseline=1
RESULT segments_reserved_pre_timing=10
RESULT large_cache_used_bytes_pre_timing=4278190080
RESULT oracle_total_slots=8
.RESULT arm=large_cache_extended_narrow_off
RESULT narrow_n=1
RESULT elapsed_ns=124300
RESULT large_cache_hits=400
RESULT total_deallocs=400
RESULT rss_after_kib=3160
RESULT commit_after_kib=4187784
RESULT segments_reserved_total=10
RESULT segments_reserved_baseline=1
RESULT segments_reserved_pre_timing=10
RESULT large_cache_used_bytes_pre_timing=4278190080
RESULT oracle_total_slots=8
.RESULT arm=large_cache_extended_narrow_off
RESULT narrow_n=1
RESULT elapsed_ns=116600
RESULT large_cache_hits=400
RESULT total_deallocs=400
RESULT rss_after_kib=3156
RESULT commit_after_kib=4187784
RESULT segments_reserved_total=10
RESULT segments_reserved_baseline=1
RESULT segments_reserved_pre_timing=10
RESULT large_cache_used_bytes_pre_timing=4278190080
RESULT oracle_total_slots=8
.RESULT arm=large_cache_extended_narrow_off
RESULT narrow_n=1
RESULT elapsed_ns=126700
RESULT large_cache_hits=400
RESULT total_deallocs=400
RESULT rss_after_kib=3160
RESULT commit_after_kib=4187788
RESULT segments_reserved_total=10
RESULT segments_reserved_baseline=1
RESULT segments_reserved_pre_timing=10
RESULT large_cache_used_bytes_pre_timing=4278190080
RESULT oracle_total_slots=8
.RESULT arm=large_cache_extended_narrow_off
RESULT narrow_n=1
RESULT elapsed_ns=116600
RESULT large_cache_hits=400
RESULT total_deallocs=400
RESULT rss_after_kib=3168
RESULT commit_after_kib=4187796
RESULT segments_reserved_total=10
RESULT segments_reserved_baseline=1
RESULT segments_reserved_pre_timing=10
RESULT large_cache_used_bytes_pre_timing=4278190080
RESULT oracle_total_slots=8
.RESULT arm=large_cache_extended_narrow_off
RESULT narrow_n=1
RESULT elapsed_ns=127600
RESULT large_cache_hits=400
RESULT total_deallocs=400
RESULT rss_after_kib=3144
RESULT commit_after_kib=4187752
RESULT segments_reserved_total=10
RESULT segments_reserved_baseline=1
RESULT segments_reserved_pre_timing=10
RESULT large_cache_used_bytes_pre_timing=4278190080
RESULT oracle_total_slots=8
.RESULT arm=large_cache_extended_narrow_off
RESULT narrow_n=1
RESULT elapsed_ns=73800
RESULT large_cache_hits=400
RESULT total_deallocs=400
RESULT rss_after_kib=3160
RESULT commit_after_kib=4187776
RESULT segments_reserved_total=10
RESULT segments_reserved_baseline=1
RESULT segments_reserved_pre_timing=10
RESULT large_cache_used_bytes_pre_timing=4278190080
RESULT oracle_total_slots=8
.RESULT arm=large_cache_extended_narrow_off
RESULT narrow_n=1
RESULT elapsed_ns=74500
RESULT large_cache_hits=400
RESULT total_deallocs=400
RESULT rss_after_kib=3160
RESULT commit_after_kib=4187784
RESULT segments_reserved_total=10
RESULT segments_reserved_baseline=1
RESULT segments_reserved_pre_timing=10
RESULT large_cache_used_bytes_pre_timing=4278190080
RESULT oracle_total_slots=8
.RESULT arm=large_cache_extended_narrow_off
RESULT narrow_n=1
RESULT elapsed_ns=127000
RESULT large_cache_hits=400
RESULT total_deallocs=400
RESULT rss_after_kib=3156
RESULT commit_after_kib=4187780
RESULT segments_reserved_total=10
RESULT segments_reserved_baseline=1
RESULT segments_reserved_pre_timing=10
RESULT large_cache_used_bytes_pre_timing=4278190080
RESULT oracle_total_slots=8
.RESULT arm=large_cache_extended_narrow_off
RESULT narrow_n=1
RESULT elapsed_ns=126800
RESULT large_cache_hits=400
RESULT total_deallocs=400
RESULT rss_after_kib=3156
RESULT commit_after_kib=4187776
RESULT segments_reserved_total=10
RESULT segments_reserved_baseline=1
RESULT segments_reserved_pre_timing=10
RESULT large_cache_used_bytes_pre_timing=4278190080
RESULT oracle_total_slots=8
.RESULT arm=large_cache_extended_narrow_off
RESULT narrow_n=1
RESULT elapsed_ns=127600
RESULT large_cache_hits=400
RESULT total_deallocs=400
RESULT rss_after_kib=3168
RESULT commit_after_kib=4187792
RESULT segments_reserved_total=10
RESULT segments_reserved_baseline=1
RESULT segments_reserved_pre_timing=10
RESULT large_cache_used_bytes_pre_timing=4278190080
RESULT oracle_total_slots=8
.RESULT arm=large_cache_extended_narrow_off
RESULT narrow_n=1
RESULT elapsed_ns=115100
RESULT large_cache_hits=400
RESULT total_deallocs=400
RESULT rss_after_kib=3156
RESULT commit_after_kib=4187780
RESULT segments_reserved_total=10
RESULT segments_reserved_baseline=1
RESULT segments_reserved_pre_timing=10
RESULT large_cache_used_bytes_pre_timing=4278190080
RESULT oracle_total_slots=8
.RESULT arm=large_cache_extended_narrow_off
RESULT narrow_n=1
RESULT elapsed_ns=130800
RESULT large_cache_hits=400
RESULT total_deallocs=400
RESULT rss_after_kib=3160
RESULT commit_after_kib=4187788
RESULT segments_reserved_total=10
RESULT segments_reserved_baseline=1
RESULT segments_reserved_pre_timing=10
RESULT large_cache_used_bytes_pre_timing=4278190080
RESULT oracle_total_slots=8
.RESULT arm=large_cache_extended_narrow_off
RESULT narrow_n=1
RESULT elapsed_ns=131500
RESULT large_cache_hits=400
RESULT total_deallocs=400
RESULT rss_after_kib=3156
RESULT commit_after_kib=4187784
RESULT segments_reserved_total=10
RESULT segments_reserved_baseline=1
RESULT segments_reserved_pre_timing=10
RESULT large_cache_used_bytes_pre_timing=4278190080
RESULT oracle_total_slots=8
.RESULT arm=large_cache_extended_narrow_off
RESULT narrow_n=1
RESULT elapsed_ns=131000
RESULT large_cache_hits=400
RESULT total_deallocs=400
RESULT rss_after_kib=3152
RESULT commit_after_kib=4187772
RESULT segments_reserved_total=10
RESULT segments_reserved_baseline=1
RESULT segments_reserved_pre_timing=10
RESULT large_cache_used_bytes_pre_timing=4278190080
RESULT oracle_total_slots=8
.RESULT arm=large_cache_extended_narrow_off
RESULT narrow_n=1
RESULT elapsed_ns=106800
RESULT large_cache_hits=400
RESULT total_deallocs=400
RESULT rss_after_kib=3164
RESULT commit_after_kib=4187796
RESULT segments_reserved_total=10
RESULT segments_reserved_baseline=1
RESULT segments_reserved_pre_timing=10
RESULT large_cache_used_bytes_pre_timing=4278190080
RESULT oracle_total_slots=8
.RESULT arm=large_cache_extended_narrow_off
RESULT narrow_n=1
RESULT elapsed_ns=129200
RESULT large_cache_hits=400
RESULT total_deallocs=400
RESULT rss_after_kib=3152
RESULT commit_after_kib=4187776
RESULT segments_reserved_total=10
RESULT segments_reserved_baseline=1
RESULT segments_reserved_pre_timing=10
RESULT large_cache_used_bytes_pre_timing=4278190080
RESULT oracle_total_slots=8
.RESULT arm=large_cache_extended_narrow_off
RESULT narrow_n=1
RESULT elapsed_ns=130700
RESULT large_cache_hits=400
RESULT total_deallocs=400
RESULT rss_after_kib=3168
RESULT commit_after_kib=4187796
RESULT segments_reserved_total=10
RESULT segments_reserved_baseline=1
RESULT segments_reserved_pre_timing=10
RESULT large_cache_used_bytes_pre_timing=4278190080
RESULT oracle_total_slots=8
.RESULT arm=large_cache_extended_narrow_off
RESULT narrow_n=1
RESULT elapsed_ns=144500
RESULT large_cache_hits=400
RESULT total_deallocs=400
RESULT rss_after_kib=3160
RESULT commit_after_kib=4187780
RESULT segments_reserved_total=10
RESULT segments_reserved_baseline=1
RESULT segments_reserved_pre_timing=10
RESULT large_cache_used_bytes_pre_timing=4278190080
RESULT oracle_total_slots=8
.RESULT arm=large_cache_extended_narrow_off
RESULT narrow_n=1
RESULT elapsed_ns=122500
RESULT large_cache_hits=400
RESULT total_deallocs=400
RESULT rss_after_kib=3160
RESULT commit_after_kib=4187784
RESULT segments_reserved_total=10
RESULT segments_reserved_baseline=1
RESULT segments_reserved_pre_timing=10
RESULT large_cache_used_bytes_pre_timing=4278190080
RESULT oracle_total_slots=8
.RESULT arm=large_cache_extended_narrow_off
RESULT narrow_n=1
RESULT elapsed_ns=130000
RESULT large_cache_hits=400
RESULT total_deallocs=400
RESULT rss_after_kib=3156
RESULT commit_after_kib=4187780
RESULT segments_reserved_total=10
RESULT segments_reserved_baseline=1
RESULT segments_reserved_pre_timing=10
RESULT large_cache_used_bytes_pre_timing=4278190080
RESULT oracle_total_slots=8
.RESULT arm=large_cache_extended_narrow_off
RESULT narrow_n=1
RESULT elapsed_ns=130200
RESULT large_cache_hits=400
RESULT total_deallocs=400
RESULT rss_after_kib=3168
RESULT commit_after_kib=4187800
RESULT segments_reserved_total=10
RESULT segments_reserved_baseline=1
RESULT segments_reserved_pre_timing=10
RESULT large_cache_used_bytes_pre_timing=4278190080
RESULT oracle_total_slots=8
.RESULT arm=large_cache_extended_narrow_off
RESULT narrow_n=1
RESULT elapsed_ns=130400
RESULT large_cache_hits=400
RESULT total_deallocs=400
RESULT rss_after_kib=3160
RESULT commit_after_kib=4187788
RESULT segments_reserved_total=10
RESULT segments_reserved_baseline=1
RESULT segments_reserved_pre_timing=10
RESULT large_cache_used_bytes_pre_timing=4278190080
RESULT oracle_total_slots=8
.RESULT arm=large_cache_extended_narrow_off
RESULT narrow_n=1
RESULT elapsed_ns=135400
RESULT large_cache_hits=400
RESULT total_deallocs=400
RESULT rss_after_kib=3144
RESULT commit_after_kib=4187756
RESULT segments_reserved_total=10
RESULT segments_reserved_baseline=1
RESULT segments_reserved_pre_timing=10
RESULT large_cache_used_bytes_pre_timing=4278190080
RESULT oracle_total_slots=8
.RESULT arm=large_cache_extended_narrow_off
RESULT narrow_n=1
RESULT elapsed_ns=123100
RESULT large_cache_hits=400
RESULT total_deallocs=400
RESULT rss_after_kib=3164
RESULT commit_after_kib=4187788
RESULT segments_reserved_total=10
RESULT segments_reserved_baseline=1
RESULT segments_reserved_pre_timing=10
RESULT large_cache_used_bytes_pre_timing=4278190080
RESULT oracle_total_slots=8
.RESULT arm=large_cache_extended_narrow_off
RESULT narrow_n=1
RESULT elapsed_ns=131300
RESULT large_cache_hits=400
RESULT total_deallocs=400
RESULT rss_after_kib=3156
RESULT commit_after_kib=4187780
RESULT segments_reserved_total=10
RESULT segments_reserved_baseline=1
RESULT segments_reserved_pre_timing=10
RESULT large_cache_used_bytes_pre_timing=4278190080
RESULT oracle_total_slots=8
.RESULT arm=large_cache_extended_narrow_off
RESULT narrow_n=1
RESULT elapsed_ns=127700
RESULT large_cache_hits=400
RESULT total_deallocs=400
RESULT rss_after_kib=3160
RESULT commit_after_kib=4187784
RESULT segments_reserved_total=10
RESULT segments_reserved_baseline=1
RESULT segments_reserved_pre_timing=10
RESULT large_cache_used_bytes_pre_timing=4278190080
RESULT oracle_total_slots=8
.RESULT arm=large_cache_extended_narrow_off
RESULT narrow_n=1
RESULT elapsed_ns=93000
RESULT large_cache_hits=400
RESULT total_deallocs=400
RESULT rss_after_kib=3160
RESULT commit_after_kib=4187780
RESULT segments_reserved_total=10
RESULT segments_reserved_baseline=1
RESULT segments_reserved_pre_timing=10
RESULT large_cache_used_bytes_pre_timing=4278190080
RESULT oracle_total_slots=8
.RESULT arm=large_cache_extended_narrow_off
RESULT narrow_n=1
RESULT elapsed_ns=129500
RESULT large_cache_hits=400
RESULT total_deallocs=400
RESULT rss_after_kib=3160
RESULT commit_after_kib=4187788
RESULT segments_reserved_total=10
RESULT segments_reserved_baseline=1
RESULT segments_reserved_pre_timing=10
RESULT large_cache_used_bytes_pre_timing=4278190080
RESULT oracle_total_slots=8
.RESULT arm=large_cache_extended_narrow_off
RESULT narrow_n=1
RESULT elapsed_ns=133000
RESULT large_cache_hits=400
RESULT total_deallocs=400
RESULT rss_after_kib=3136
RESULT commit_after_kib=4187744
RESULT segments_reserved_total=10
RESULT segments_reserved_baseline=1
RESULT segments_reserved_pre_timing=10
RESULT large_cache_used_bytes_pre_timing=4278190080
RESULT oracle_total_slots=8
.RESULT arm=large_cache_extended_narrow_off
RESULT narrow_n=1
RESULT elapsed_ns=122000
RESULT large_cache_hits=400
RESULT total_deallocs=400
RESULT rss_after_kib=3164
RESULT commit_after_kib=4187796
RESULT segments_reserved_total=10
RESULT segments_reserved_baseline=1
RESULT segments_reserved_pre_timing=10
RESULT large_cache_used_bytes_pre_timing=4278190080
RESULT oracle_total_slots=8
.RESULT arm=large_cache_extended_narrow_off
RESULT narrow_n=1
RESULT elapsed_ns=107000
RESULT large_cache_hits=400
RESULT total_deallocs=400
RESULT rss_after_kib=3172
RESULT commit_after_kib=4187796
RESULT segments_reserved_total=10
RESULT segments_reserved_baseline=1
RESULT segments_reserved_pre_timing=10
RESULT large_cache_used_bytes_pre_timing=4278190080
RESULT oracle_total_slots=8
.RESULT arm=large_cache_extended_narrow_off
RESULT narrow_n=1
RESULT elapsed_ns=126500
RESULT large_cache_hits=400
RESULT total_deallocs=400
RESULT rss_after_kib=3160
RESULT commit_after_kib=4187792
RESULT segments_reserved_total=10
RESULT segments_reserved_baseline=1
RESULT segments_reserved_pre_timing=10
RESULT large_cache_used_bytes_pre_timing=4278190080
RESULT oracle_total_slots=8
.RESULT arm=large_cache_extended_narrow_off
RESULT narrow_n=1
RESULT elapsed_ns=128100
RESULT large_cache_hits=400
RESULT total_deallocs=400
RESULT rss_after_kib=3156
RESULT commit_after_kib=4187780
RESULT segments_reserved_total=10
RESULT segments_reserved_baseline=1
RESULT segments_reserved_pre_timing=10
RESULT large_cache_used_bytes_pre_timing=4278190080
RESULT oracle_total_slots=8
.RESULT arm=large_cache_extended_narrow_off
RESULT narrow_n=1
RESULT elapsed_ns=105500
RESULT large_cache_hits=400
RESULT total_deallocs=400
RESULT rss_after_kib=3160
RESULT commit_after_kib=4187784
RESULT segments_reserved_total=10
RESULT segments_reserved_baseline=1
RESULT segments_reserved_pre_timing=10
RESULT large_cache_used_bytes_pre_timing=4278190080
RESULT oracle_total_slots=8
.RESULT arm=large_cache_extended_narrow_off
RESULT narrow_n=1
RESULT elapsed_ns=130500
RESULT large_cache_hits=400
RESULT total_deallocs=400
RESULT rss_after_kib=3160
RESULT commit_after_kib=4187784
RESULT segments_reserved_total=10
RESULT segments_reserved_baseline=1
RESULT segments_reserved_pre_timing=10
RESULT large_cache_used_bytes_pre_timing=4278190080
RESULT oracle_total_slots=8
.RESULT arm=large_cache_extended_narrow_off
RESULT narrow_n=1
RESULT elapsed_ns=128800
RESULT large_cache_hits=400
RESULT total_deallocs=400
RESULT rss_after_kib=3156
RESULT commit_after_kib=4187784
RESULT segments_reserved_total=10
RESULT segments_reserved_baseline=1
RESULT segments_reserved_pre_timing=10
RESULT large_cache_used_bytes_pre_timing=4278190080
RESULT oracle_total_slots=8
.RESULT arm=large_cache_extended_narrow_off
RESULT narrow_n=1
RESULT elapsed_ns=113900
RESULT large_cache_hits=400
RESULT total_deallocs=400
RESULT rss_after_kib=3160
RESULT commit_after_kib=4187784
RESULT segments_reserved_total=10
RESULT segments_reserved_baseline=1
RESULT segments_reserved_pre_timing=10
RESULT large_cache_used_bytes_pre_timing=4278190080
RESULT oracle_total_slots=8
.RESULT arm=large_cache_extended_narrow_off
RESULT narrow_n=1
RESULT elapsed_ns=129800
RESULT large_cache_hits=400
RESULT total_deallocs=400
RESULT rss_after_kib=3160
RESULT commit_after_kib=4187788
RESULT segments_reserved_total=10
RESULT segments_reserved_baseline=1
RESULT segments_reserved_pre_timing=10
RESULT large_cache_used_bytes_pre_timing=4278190080
RESULT oracle_total_slots=8
.RESULT arm=large_cache_extended_narrow_off
RESULT narrow_n=1
RESULT elapsed_ns=90800
RESULT large_cache_hits=400
RESULT total_deallocs=400
RESULT rss_after_kib=3160
RESULT commit_after_kib=4187788
RESULT segments_reserved_total=10
RESULT segments_reserved_baseline=1
RESULT segments_reserved_pre_timing=10
RESULT large_cache_used_bytes_pre_timing=4278190080
RESULT oracle_total_slots=8
.RESULT arm=large_cache_extended_narrow_off
RESULT narrow_n=1
RESULT elapsed_ns=131100
RESULT large_cache_hits=400
RESULT total_deallocs=400
RESULT rss_after_kib=3164
RESULT commit_after_kib=4187792
RESULT segments_reserved_total=10
RESULT segments_reserved_baseline=1
RESULT segments_reserved_pre_timing=10
RESULT large_cache_used_bytes_pre_timing=4278190080
RESULT oracle_total_slots=8
.RESULT arm=large_cache_extended_narrow_off
RESULT narrow_n=1
RESULT elapsed_ns=133800
RESULT large_cache_hits=400
RESULT total_deallocs=400
RESULT rss_after_kib=3164
RESULT commit_after_kib=4187792
RESULT segments_reserved_total=10
RESULT segments_reserved_baseline=1
RESULT segments_reserved_pre_timing=10
RESULT large_cache_used_bytes_pre_timing=4278190080
RESULT oracle_total_slots=8
.RESULT arm=large_cache_extended_narrow_off
RESULT narrow_n=1
RESULT elapsed_ns=128500
RESULT large_cache_hits=400
RESULT total_deallocs=400
RESULT rss_after_kib=3156
RESULT commit_after_kib=4187780
RESULT segments_reserved_total=10
RESULT segments_reserved_baseline=1
RESULT segments_reserved_pre_timing=10
RESULT large_cache_used_bytes_pre_timing=4278190080
RESULT oracle_total_slots=8
.RESULT arm=large_cache_extended_narrow_off
RESULT narrow_n=1
RESULT elapsed_ns=103700
RESULT large_cache_hits=400
RESULT total_deallocs=400
RESULT rss_after_kib=3160
RESULT commit_after_kib=4187788
RESULT segments_reserved_total=10
RESULT segments_reserved_baseline=1
RESULT segments_reserved_pre_timing=10
RESULT large_cache_used_bytes_pre_timing=4278190080
RESULT oracle_total_slots=8
.RESULT arm=large_cache_extended_narrow_off
RESULT narrow_n=1
RESULT elapsed_ns=76500
RESULT large_cache_hits=400
RESULT total_deallocs=400
RESULT rss_after_kib=3164
RESULT commit_after_kib=4187792
RESULT segments_reserved_total=10
RESULT segments_reserved_baseline=1
RESULT segments_reserved_pre_timing=10
RESULT large_cache_used_bytes_pre_timing=4278190080
RESULT oracle_total_slots=8
.RESULT arm=large_cache_extended_narrow_off
RESULT narrow_n=1
RESULT elapsed_ns=129300
RESULT large_cache_hits=400
RESULT total_deallocs=400
RESULT rss_after_kib=3156
RESULT commit_after_kib=4187784
RESULT segments_reserved_total=10
RESULT segments_reserved_baseline=1
RESULT segments_reserved_pre_timing=10
RESULT large_cache_used_bytes_pre_timing=4278190080
RESULT oracle_total_slots=8
.RESULT arm=large_cache_extended_narrow_off
RESULT narrow_n=1
RESULT elapsed_ns=90500
RESULT large_cache_hits=400
RESULT total_deallocs=400
RESULT rss_after_kib=3156
RESULT commit_after_kib=4187788
RESULT segments_reserved_total=10
RESULT segments_reserved_baseline=1
RESULT segments_reserved_pre_timing=10
RESULT large_cache_used_bytes_pre_timing=4278190080
RESULT oracle_total_slots=8
.RESULT arm=large_cache_extended_narrow_off
RESULT narrow_n=1
RESULT elapsed_ns=115500
RESULT large_cache_hits=400
RESULT total_deallocs=400
RESULT rss_after_kib=3160
RESULT commit_after_kib=4187788
RESULT segments_reserved_total=10
RESULT segments_reserved_baseline=1
RESULT segments_reserved_pre_timing=10
RESULT large_cache_used_bytes_pre_timing=4278190080
RESULT oracle_total_slots=8
.RESULT arm=large_cache_extended_narrow_off
RESULT narrow_n=1
RESULT elapsed_ns=129400
RESULT large_cache_hits=400
RESULT total_deallocs=400
RESULT rss_after_kib=3164
RESULT commit_after_kib=4187788
RESULT segments_reserved_total=10
RESULT segments_reserved_baseline=1
RESULT segments_reserved_pre_timing=10
RESULT large_cache_used_bytes_pre_timing=4278190080
RESULT oracle_total_slots=8
.RESULT arm=large_cache_extended_narrow_off
RESULT narrow_n=1
RESULT elapsed_ns=118000
RESULT large_cache_hits=400
RESULT total_deallocs=400
RESULT rss_after_kib=3136
RESULT commit_after_kib=4187744
RESULT segments_reserved_total=10
RESULT segments_reserved_baseline=1
RESULT segments_reserved_pre_timing=10
RESULT large_cache_used_bytes_pre_timing=4278190080
RESULT oracle_total_slots=8
.RESULT arm=large_cache_extended_narrow_off
RESULT narrow_n=1
RESULT elapsed_ns=130200
RESULT large_cache_hits=400
RESULT total_deallocs=400
RESULT rss_after_kib=3136
RESULT commit_after_kib=4187748
RESULT segments_reserved_total=10
RESULT segments_reserved_baseline=1
RESULT segments_reserved_pre_timing=10
RESULT large_cache_used_bytes_pre_timing=4278190080
RESULT oracle_total_slots=8
.RESULT arm=large_cache_extended_narrow_off
RESULT narrow_n=1
RESULT elapsed_ns=131700
RESULT large_cache_hits=400
RESULT total_deallocs=400
RESULT rss_after_kib=3140
RESULT commit_after_kib=4187756
RESULT segments_reserved_total=10
RESULT segments_reserved_baseline=1
RESULT segments_reserved_pre_timing=10
RESULT large_cache_used_bytes_pre_timing=4278190080
RESULT oracle_total_slots=8
.RESULT arm=large_cache_extended_narrow_off
RESULT narrow_n=1
RESULT elapsed_ns=131300
RESULT large_cache_hits=400
RESULT total_deallocs=400
RESULT rss_after_kib=3152
RESULT commit_after_kib=4187780
RESULT segments_reserved_total=10
RESULT segments_reserved_baseline=1
RESULT segments_reserved_pre_timing=10
RESULT large_cache_used_bytes_pre_timing=4278190080
RESULT oracle_total_slots=8
.RESULT arm=large_cache_extended_narrow_off
RESULT narrow_n=1
RESULT elapsed_ns=112300
RESULT large_cache_hits=400
RESULT total_deallocs=400
RESULT rss_after_kib=3164
RESULT commit_after_kib=4187788
RESULT segments_reserved_total=10
RESULT segments_reserved_baseline=1
RESULT segments_reserved_pre_timing=10
RESULT large_cache_used_bytes_pre_timing=4278190080
RESULT oracle_total_slots=8
.RESULT arm=large_cache_extended_narrow_off
RESULT narrow_n=1
RESULT elapsed_ns=129700
RESULT large_cache_hits=400
RESULT total_deallocs=400
RESULT rss_after_kib=3164
RESULT commit_after_kib=4187784
RESULT segments_reserved_total=10
RESULT segments_reserved_baseline=1
RESULT segments_reserved_pre_timing=10
RESULT large_cache_used_bytes_pre_timing=4278190080
RESULT oracle_total_slots=8
.RESULT arm=large_cache_extended_narrow_off
RESULT narrow_n=1
RESULT elapsed_ns=109200
RESULT large_cache_hits=400
RESULT total_deallocs=400
RESULT rss_after_kib=3160
RESULT commit_after_kib=4187788
RESULT segments_reserved_total=10
RESULT segments_reserved_baseline=1
RESULT segments_reserved_pre_timing=10
RESULT large_cache_used_bytes_pre_timing=4278190080
RESULT oracle_total_slots=8
.RESULT arm=large_cache_extended_narrow_off
RESULT narrow_n=1
RESULT elapsed_ns=73900
RESULT large_cache_hits=400
RESULT total_deallocs=400
RESULT rss_after_kib=3156
RESULT commit_after_kib=4187788
RESULT segments_reserved_total=10
RESULT segments_reserved_baseline=1
RESULT segments_reserved_pre_timing=10
RESULT large_cache_used_bytes_pre_timing=4278190080
RESULT oracle_total_slots=8
.RESULT arm=large_cache_extended_narrow_off
RESULT narrow_n=1
RESULT elapsed_ns=131200
RESULT large_cache_hits=400
RESULT total_deallocs=400
RESULT rss_after_kib=3164
RESULT commit_after_kib=4187792
RESULT segments_reserved_total=10
RESULT segments_reserved_baseline=1
RESULT segments_reserved_pre_timing=10
RESULT large_cache_used_bytes_pre_timing=4278190080
RESULT oracle_total_slots=8
.RESULT arm=large_cache_extended_narrow_off
RESULT narrow_n=1
RESULT elapsed_ns=128100
RESULT large_cache_hits=400
RESULT total_deallocs=400
RESULT rss_after_kib=3156
RESULT commit_after_kib=4187780
RESULT segments_reserved_total=10
RESULT segments_reserved_baseline=1
RESULT segments_reserved_pre_timing=10
RESULT large_cache_used_bytes_pre_timing=4278190080
RESULT oracle_total_slots=8
.RESULT arm=large_cache_extended_narrow_off
RESULT narrow_n=1
RESULT elapsed_ns=102700
RESULT large_cache_hits=400
RESULT total_deallocs=400
RESULT rss_after_kib=3160
RESULT commit_after_kib=4187780
RESULT segments_reserved_total=10
RESULT segments_reserved_baseline=1
RESULT segments_reserved_pre_timing=10
RESULT large_cache_used_bytes_pre_timing=4278190080
RESULT oracle_total_slots=8
.RESULT arm=large_cache_extended_narrow_off
RESULT narrow_n=1
RESULT elapsed_ns=119900
RESULT large_cache_hits=400
RESULT total_deallocs=400
RESULT rss_after_kib=3156
RESULT commit_after_kib=4187784
RESULT segments_reserved_total=10
RESULT segments_reserved_baseline=1
RESULT segments_reserved_pre_timing=10
RESULT large_cache_used_bytes_pre_timing=4278190080
RESULT oracle_total_slots=8
.RESULT arm=large_cache_extended_narrow_off
RESULT narrow_n=1
RESULT elapsed_ns=127000
RESULT large_cache_hits=400
RESULT total_deallocs=400
RESULT rss_after_kib=3164
RESULT commit_after_kib=4187792
RESULT segments_reserved_total=10
RESULT segments_reserved_baseline=1
RESULT segments_reserved_pre_timing=10
RESULT large_cache_used_bytes_pre_timing=4278190080
RESULT oracle_total_slots=8
.RESULT arm=large_cache_extended_narrow_off
RESULT narrow_n=1
RESULT elapsed_ns=130700
RESULT large_cache_hits=400
RESULT total_deallocs=400
RESULT rss_after_kib=3160
RESULT commit_after_kib=4187788
RESULT segments_reserved_total=10
RESULT segments_reserved_baseline=1
RESULT segments_reserved_pre_timing=10
RESULT large_cache_used_bytes_pre_timing=4278190080
RESULT oracle_total_slots=8
.RESULT arm=large_cache_extended_narrow_off
RESULT narrow_n=1
RESULT elapsed_ns=82200
RESULT large_cache_hits=400
RESULT total_deallocs=400
RESULT rss_after_kib=3172
RESULT commit_after_kib=4187800
RESULT segments_reserved_total=10
RESULT segments_reserved_baseline=1
RESULT segments_reserved_pre_timing=10
RESULT large_cache_used_bytes_pre_timing=4278190080
RESULT oracle_total_slots=8
.RESULT arm=large_cache_extended_narrow_off
RESULT narrow_n=1
RESULT elapsed_ns=131500
RESULT large_cache_hits=400
RESULT total_deallocs=400
RESULT rss_after_kib=3160
RESULT commit_after_kib=4187788
RESULT segments_reserved_total=10
RESULT segments_reserved_baseline=1
RESULT segments_reserved_pre_timing=10
RESULT large_cache_used_bytes_pre_timing=4278190080
RESULT oracle_total_slots=8
.RESULT arm=large_cache_extended_narrow_off
RESULT narrow_n=1
RESULT elapsed_ns=130500
RESULT large_cache_hits=400
RESULT total_deallocs=400
RESULT rss_after_kib=3156
RESULT commit_after_kib=4187776
RESULT segments_reserved_total=10
RESULT segments_reserved_baseline=1
RESULT segments_reserved_pre_timing=10
RESULT large_cache_used_bytes_pre_timing=4278190080
RESULT oracle_total_slots=8
.RESULT arm=large_cache_extended_narrow_off
RESULT narrow_n=1
RESULT elapsed_ns=132800
RESULT large_cache_hits=400
RESULT total_deallocs=400
RESULT rss_after_kib=3160
RESULT commit_after_kib=4187784
RESULT segments_reserved_total=10
RESULT segments_reserved_baseline=1
RESULT segments_reserved_pre_timing=10
RESULT large_cache_used_bytes_pre_timing=4278190080
RESULT oracle_total_slots=8
.RESULT arm=large_cache_extended_narrow_off
RESULT narrow_n=1
RESULT elapsed_ns=129300
RESULT large_cache_hits=400
RESULT total_deallocs=400
RESULT rss_after_kib=3164
RESULT commit_after_kib=4187792
RESULT segments_reserved_total=10
RESULT segments_reserved_baseline=1
RESULT segments_reserved_pre_timing=10
RESULT large_cache_used_bytes_pre_timing=4278190080
RESULT oracle_total_slots=8
.RESULT arm=large_cache_extended_narrow_off
RESULT narrow_n=1
RESULT elapsed_ns=110300
RESULT large_cache_hits=400
RESULT total_deallocs=400
RESULT rss_after_kib=3160
RESULT commit_after_kib=4187784
RESULT segments_reserved_total=10
RESULT segments_reserved_baseline=1
RESULT segments_reserved_pre_timing=10
RESULT large_cache_used_bytes_pre_timing=4278190080
RESULT oracle_total_slots=8
.RESULT arm=large_cache_extended_narrow_off
RESULT narrow_n=1
RESULT elapsed_ns=133500
RESULT large_cache_hits=400
RESULT total_deallocs=400
RESULT rss_after_kib=3160
RESULT commit_after_kib=4187784
RESULT segments_reserved_total=10
RESULT segments_reserved_baseline=1
RESULT segments_reserved_pre_timing=10
RESULT large_cache_used_bytes_pre_timing=4278190080
RESULT oracle_total_slots=8
.RESULT arm=large_cache_extended_narrow_off
RESULT narrow_n=1
RESULT elapsed_ns=127300
RESULT large_cache_hits=400
RESULT total_deallocs=400
RESULT rss_after_kib=3140
RESULT commit_after_kib=4187752
RESULT segments_reserved_total=10
RESULT segments_reserved_baseline=1
RESULT segments_reserved_pre_timing=10
RESULT large_cache_used_bytes_pre_timing=4278190080
RESULT oracle_total_slots=8
.RESULT arm=large_cache_extended_narrow_off
RESULT narrow_n=1
RESULT elapsed_ns=130200
RESULT large_cache_hits=400
RESULT total_deallocs=400
RESULT rss_after_kib=3156
RESULT commit_after_kib=4187788
RESULT segments_reserved_total=10
RESULT segments_reserved_baseline=1
RESULT segments_reserved_pre_timing=10
RESULT large_cache_used_bytes_pre_timing=4278190080
RESULT oracle_total_slots=8
.RESULT arm=large_cache_extended_narrow_off
RESULT narrow_n=1
RESULT elapsed_ns=126200
RESULT large_cache_hits=400
RESULT total_deallocs=400
RESULT rss_after_kib=3160
RESULT commit_after_kib=4187780
RESULT segments_reserved_total=10
RESULT segments_reserved_baseline=1
RESULT segments_reserved_pre_timing=10
RESULT large_cache_used_bytes_pre_timing=4278190080
RESULT oracle_total_slots=8
.RESULT arm=large_cache_extended_narrow_off
RESULT narrow_n=1
RESULT elapsed_ns=117200
RESULT large_cache_hits=400
RESULT total_deallocs=400
RESULT rss_after_kib=3160
RESULT commit_after_kib=4187784
RESULT segments_reserved_total=10
RESULT segments_reserved_baseline=1
RESULT segments_reserved_pre_timing=10
RESULT large_cache_used_bytes_pre_timing=4278190080
RESULT oracle_total_slots=8
.RESULT arm=large_cache_extended_narrow_off
RESULT narrow_n=1
RESULT elapsed_ns=117800
RESULT large_cache_hits=400
RESULT total_deallocs=400
RESULT rss_after_kib=3156
RESULT commit_after_kib=4187784
RESULT segments_reserved_total=10
RESULT segments_reserved_baseline=1
RESULT segments_reserved_pre_timing=10
RESULT large_cache_used_bytes_pre_timing=4278190080
RESULT oracle_total_slots=8
.RESULT arm=large_cache_extended_narrow_off
RESULT narrow_n=1
RESULT elapsed_ns=132100
RESULT large_cache_hits=400
RESULT total_deallocs=400
RESULT rss_after_kib=3160
RESULT commit_after_kib=4187784
RESULT segments_reserved_total=10
RESULT segments_reserved_baseline=1
RESULT segments_reserved_pre_timing=10
RESULT large_cache_used_bytes_pre_timing=4278190080
RESULT oracle_total_slots=8
.RESULT arm=large_cache_extended_narrow_off
RESULT narrow_n=1
RESULT elapsed_ns=112800
RESULT large_cache_hits=400
RESULT total_deallocs=400
RESULT rss_after_kib=3156
RESULT commit_after_kib=4187776
RESULT segments_reserved_total=10
RESULT segments_reserved_baseline=1
RESULT segments_reserved_pre_timing=10
RESULT large_cache_used_bytes_pre_timing=4278190080
RESULT oracle_total_slots=8
.RESULT arm=large_cache_extended_narrow_off
RESULT narrow_n=1
RESULT elapsed_ns=131600
RESULT large_cache_hits=400
RESULT total_deallocs=400
RESULT rss_after_kib=3160
RESULT commit_after_kib=4187780
RESULT segments_reserved_total=10
RESULT segments_reserved_baseline=1
RESULT segments_reserved_pre_timing=10
RESULT large_cache_used_bytes_pre_timing=4278190080
RESULT oracle_total_slots=8
.RESULT arm=large_cache_extended_narrow_off
RESULT narrow_n=1
RESULT elapsed_ns=128000
RESULT large_cache_hits=400
RESULT total_deallocs=400
RESULT rss_after_kib=3164
RESULT commit_after_kib=4187788
RESULT segments_reserved_total=10
RESULT segments_reserved_baseline=1
RESULT segments_reserved_pre_timing=10
RESULT large_cache_used_bytes_pre_timing=4278190080
RESULT oracle_total_slots=8
.

  === off(A-slot) vs off(B-slot) (A - B, ns)  [SAME-VS-SAME CONTROL] ===
  n=20  mean Δ=-5.838 us  sd=13.126 us  se=2.935 us  t=-1.989  df=19  crit(p<0.05)=2.101  => NOT statistically distinguishable from noise (fails to reject null)
  sign test: off(A-slot)-faster=13/20  off(B-slot)-faster=7/20  ties=0

[paired-ab] provenance written to D:\dev\rust\sefer-alloc/docs/perf/paired_ab_runs/2026-08-01T21-48-46-358Z.json

[paired-ab] Reading this output: `t` past `crit` (or sign test heavily lopsided, e.g. 17+/20) means a REAL,
  non-noise wall-clock difference on THIS host for THIS workload — mirroring
  docs/perf/R5_R2_CHURN_REGRESSION_PAIRED_AB.md's verdict criteria. A same-vs-same control run
  (--arms sefer,sefer) should show t well under `crit` and a roughly even sign-test split --
  if it does not, that indicates a harness bug (non-reproducible workload, background load
  bleeding into the timed region), not a real self-difference.
