[paired-ab] --config has no "build" step; assuming arm commands are already built.

[paired-ab] after vs after — 20 pairs, A/B/B/A protocol
RESULT k=24
RESULT rotating_rounds=8192
RESULT table_count_at_floor=25
RESULT oracle1_pass=1
RESULT config_conflicts_delta=0
RESULT tier1_hits=0
RESULT tier1_misses=196608
RESULT tier1_total=196608
RESULT expected_total=196608
RESULT oracle2_pass=1
RESULT tier1_hit_rate_pct=0
RESULT churn_elapsed_ns=5463900
RESULT ns_per_op=27.79083251953125
OK k=24 rounds=8192 table_count=25 oracle1=PASS cfg_conflicts_delta=0 tier1_hits=0 tier1_misses=196608 hit_rate=0.00% oracle2=PASS ns_per_op=27.8
.RESULT k=24
RESULT rotating_rounds=8192
RESULT table_count_at_floor=25
RESULT oracle1_pass=1
RESULT config_conflicts_delta=0
RESULT tier1_hits=0
RESULT tier1_misses=196608
RESULT tier1_total=196608
RESULT expected_total=196608
RESULT oracle2_pass=1
RESULT tier1_hit_rate_pct=0
RESULT churn_elapsed_ns=5862000
RESULT ns_per_op=29.815673828125
OK k=24 rounds=8192 table_count=25 oracle1=PASS cfg_conflicts_delta=0 tier1_hits=0 tier1_misses=196608 hit_rate=0.00% oracle2=PASS ns_per_op=29.8
.RESULT k=24
RESULT rotating_rounds=8192
RESULT table_count_at_floor=25
RESULT oracle1_pass=1
RESULT config_conflicts_delta=0
RESULT tier1_hits=0
RESULT tier1_misses=196608
RESULT tier1_total=196608
RESULT expected_total=196608
RESULT oracle2_pass=1
RESULT tier1_hit_rate_pct=0
RESULT churn_elapsed_ns=5423600
RESULT ns_per_op=27.585856119791668
OK k=24 rounds=8192 table_count=25 oracle1=PASS cfg_conflicts_delta=0 tier1_hits=0 tier1_misses=196608 hit_rate=0.00% oracle2=PASS ns_per_op=27.6
.RESULT k=24
RESULT rotating_rounds=8192
RESULT table_count_at_floor=25
RESULT oracle1_pass=1
RESULT config_conflicts_delta=0
RESULT tier1_hits=0
RESULT tier1_misses=196608
RESULT tier1_total=196608
RESULT expected_total=196608
RESULT oracle2_pass=1
RESULT tier1_hit_rate_pct=0
RESULT churn_elapsed_ns=5454300
RESULT ns_per_op=27.74200439453125
OK k=24 rounds=8192 table_count=25 oracle1=PASS cfg_conflicts_delta=0 tier1_hits=0 tier1_misses=196608 hit_rate=0.00% oracle2=PASS ns_per_op=27.7
.RESULT k=24
RESULT rotating_rounds=8192
RESULT table_count_at_floor=25
RESULT oracle1_pass=1
RESULT config_conflicts_delta=0
RESULT tier1_hits=0
RESULT tier1_misses=196608
RESULT tier1_total=196608
RESULT expected_total=196608
RESULT oracle2_pass=1
RESULT tier1_hit_rate_pct=0
RESULT churn_elapsed_ns=5273900
RESULT ns_per_op=26.824442545572918
OK k=24 rounds=8192 table_count=25 oracle1=PASS cfg_conflicts_delta=0 tier1_hits=0 tier1_misses=196608 hit_rate=0.00% oracle2=PASS ns_per_op=26.8
.RESULT k=24
RESULT rotating_rounds=8192
RESULT table_count_at_floor=25
RESULT oracle1_pass=1
RESULT config_conflicts_delta=0
RESULT tier1_hits=0
RESULT tier1_misses=196608
RESULT tier1_total=196608
RESULT expected_total=196608
RESULT oracle2_pass=1
RESULT tier1_hit_rate_pct=0
RESULT churn_elapsed_ns=6156500
RESULT ns_per_op=31.313578287760418
OK k=24 rounds=8192 table_count=25 oracle1=PASS cfg_conflicts_delta=0 tier1_hits=0 tier1_misses=196608 hit_rate=0.00% oracle2=PASS ns_per_op=31.3
.RESULT k=24
RESULT rotating_rounds=8192
RESULT table_count_at_floor=25
RESULT oracle1_pass=1
RESULT config_conflicts_delta=0
RESULT tier1_hits=0
RESULT tier1_misses=196608
RESULT tier1_total=196608
RESULT expected_total=196608
RESULT oracle2_pass=1
RESULT tier1_hit_rate_pct=0
RESULT churn_elapsed_ns=5693000
RESULT ns_per_op=28.956095377604168
OK k=24 rounds=8192 table_count=25 oracle1=PASS cfg_conflicts_delta=0 tier1_hits=0 tier1_misses=196608 hit_rate=0.00% oracle2=PASS ns_per_op=29.0
.RESULT k=24
RESULT rotating_rounds=8192
RESULT table_count_at_floor=25
RESULT oracle1_pass=1
RESULT config_conflicts_delta=0
RESULT tier1_hits=0
RESULT tier1_misses=196608
RESULT tier1_total=196608
RESULT expected_total=196608
RESULT oracle2_pass=1
RESULT tier1_hit_rate_pct=0
RESULT churn_elapsed_ns=5357700
RESULT ns_per_op=27.25067138671875
OK k=24 rounds=8192 table_count=25 oracle1=PASS cfg_conflicts_delta=0 tier1_hits=0 tier1_misses=196608 hit_rate=0.00% oracle2=PASS ns_per_op=27.3
.RESULT k=24
RESULT rotating_rounds=8192
RESULT table_count_at_floor=25
RESULT oracle1_pass=1
RESULT config_conflicts_delta=0
RESULT tier1_hits=0
RESULT tier1_misses=196608
RESULT tier1_total=196608
RESULT expected_total=196608
RESULT oracle2_pass=1
RESULT tier1_hit_rate_pct=0
RESULT churn_elapsed_ns=5750000
RESULT ns_per_op=29.246012369791668
OK k=24 rounds=8192 table_count=25 oracle1=PASS cfg_conflicts_delta=0 tier1_hits=0 tier1_misses=196608 hit_rate=0.00% oracle2=PASS ns_per_op=29.2
.RESULT k=24
RESULT rotating_rounds=8192
RESULT table_count_at_floor=25
RESULT oracle1_pass=1
RESULT config_conflicts_delta=0
RESULT tier1_hits=0
RESULT tier1_misses=196608
RESULT tier1_total=196608
RESULT expected_total=196608
RESULT oracle2_pass=1
RESULT tier1_hit_rate_pct=0
RESULT churn_elapsed_ns=5644400
RESULT ns_per_op=28.708902994791668
OK k=24 rounds=8192 table_count=25 oracle1=PASS cfg_conflicts_delta=0 tier1_hits=0 tier1_misses=196608 hit_rate=0.00% oracle2=PASS ns_per_op=28.7
.RESULT k=24
RESULT rotating_rounds=8192
RESULT table_count_at_floor=25
RESULT oracle1_pass=1
RESULT config_conflicts_delta=0
RESULT tier1_hits=0
RESULT tier1_misses=196608
RESULT tier1_total=196608
RESULT expected_total=196608
RESULT oracle2_pass=1
RESULT tier1_hit_rate_pct=0
RESULT churn_elapsed_ns=5555500
RESULT ns_per_op=28.256734212239582
OK k=24 rounds=8192 table_count=25 oracle1=PASS cfg_conflicts_delta=0 tier1_hits=0 tier1_misses=196608 hit_rate=0.00% oracle2=PASS ns_per_op=28.3
.RESULT k=24
RESULT rotating_rounds=8192
RESULT table_count_at_floor=25
RESULT oracle1_pass=1
RESULT config_conflicts_delta=0
RESULT tier1_hits=0
RESULT tier1_misses=196608
RESULT tier1_total=196608
RESULT expected_total=196608
RESULT oracle2_pass=1
RESULT tier1_hit_rate_pct=0
RESULT churn_elapsed_ns=5744000
RESULT ns_per_op=29.215494791666668
OK k=24 rounds=8192 table_count=25 oracle1=PASS cfg_conflicts_delta=0 tier1_hits=0 tier1_misses=196608 hit_rate=0.00% oracle2=PASS ns_per_op=29.2
.RESULT k=24
RESULT rotating_rounds=8192
RESULT table_count_at_floor=25
RESULT oracle1_pass=1
RESULT config_conflicts_delta=0
RESULT tier1_hits=0
RESULT tier1_misses=196608
RESULT tier1_total=196608
RESULT expected_total=196608
RESULT oracle2_pass=1
RESULT tier1_hit_rate_pct=0
RESULT churn_elapsed_ns=5682000
RESULT ns_per_op=28.900146484375
OK k=24 rounds=8192 table_count=25 oracle1=PASS cfg_conflicts_delta=0 tier1_hits=0 tier1_misses=196608 hit_rate=0.00% oracle2=PASS ns_per_op=28.9
.RESULT k=24
RESULT rotating_rounds=8192
RESULT table_count_at_floor=25
RESULT oracle1_pass=1
RESULT config_conflicts_delta=0
RESULT tier1_hits=0
RESULT tier1_misses=196608
RESULT tier1_total=196608
RESULT expected_total=196608
RESULT oracle2_pass=1
RESULT tier1_hit_rate_pct=0
RESULT churn_elapsed_ns=5837900
RESULT ns_per_op=29.693094889322918
OK k=24 rounds=8192 table_count=25 oracle1=PASS cfg_conflicts_delta=0 tier1_hits=0 tier1_misses=196608 hit_rate=0.00% oracle2=PASS ns_per_op=29.7
.RESULT k=24
RESULT rotating_rounds=8192
RESULT table_count_at_floor=25
RESULT oracle1_pass=1
RESULT config_conflicts_delta=0
RESULT tier1_hits=0
RESULT tier1_misses=196608
RESULT tier1_total=196608
RESULT expected_total=196608
RESULT oracle2_pass=1
RESULT tier1_hit_rate_pct=0
RESULT churn_elapsed_ns=5675400
RESULT ns_per_op=28.8665771484375
OK k=24 rounds=8192 table_count=25 oracle1=PASS cfg_conflicts_delta=0 tier1_hits=0 tier1_misses=196608 hit_rate=0.00% oracle2=PASS ns_per_op=28.9
.RESULT k=24
RESULT rotating_rounds=8192
RESULT table_count_at_floor=25
RESULT oracle1_pass=1
RESULT config_conflicts_delta=0
RESULT tier1_hits=0
RESULT tier1_misses=196608
RESULT tier1_total=196608
RESULT expected_total=196608
RESULT oracle2_pass=1
RESULT tier1_hit_rate_pct=0
RESULT churn_elapsed_ns=5733100
RESULT ns_per_op=29.160054524739582
OK k=24 rounds=8192 table_count=25 oracle1=PASS cfg_conflicts_delta=0 tier1_hits=0 tier1_misses=196608 hit_rate=0.00% oracle2=PASS ns_per_op=29.2
.RESULT k=24
RESULT rotating_rounds=8192
RESULT table_count_at_floor=25
RESULT oracle1_pass=1
RESULT config_conflicts_delta=0
RESULT tier1_hits=0
RESULT tier1_misses=196608
RESULT tier1_total=196608
RESULT expected_total=196608
RESULT oracle2_pass=1
RESULT tier1_hit_rate_pct=0
RESULT churn_elapsed_ns=5560800
RESULT ns_per_op=28.28369140625
OK k=24 rounds=8192 table_count=25 oracle1=PASS cfg_conflicts_delta=0 tier1_hits=0 tier1_misses=196608 hit_rate=0.00% oracle2=PASS ns_per_op=28.3
.RESULT k=24
RESULT rotating_rounds=8192
RESULT table_count_at_floor=25
RESULT oracle1_pass=1
RESULT config_conflicts_delta=0
RESULT tier1_hits=0
RESULT tier1_misses=196608
RESULT tier1_total=196608
RESULT expected_total=196608
RESULT oracle2_pass=1
RESULT tier1_hit_rate_pct=0
RESULT churn_elapsed_ns=5671200
RESULT ns_per_op=28.84521484375
OK k=24 rounds=8192 table_count=25 oracle1=PASS cfg_conflicts_delta=0 tier1_hits=0 tier1_misses=196608 hit_rate=0.00% oracle2=PASS ns_per_op=28.8
.RESULT k=24
RESULT rotating_rounds=8192
RESULT table_count_at_floor=25
RESULT oracle1_pass=1
RESULT config_conflicts_delta=0
RESULT tier1_hits=0
RESULT tier1_misses=196608
RESULT tier1_total=196608
RESULT expected_total=196608
RESULT oracle2_pass=1
RESULT tier1_hit_rate_pct=0
RESULT churn_elapsed_ns=5639200
RESULT ns_per_op=28.682454427083332
OK k=24 rounds=8192 table_count=25 oracle1=PASS cfg_conflicts_delta=0 tier1_hits=0 tier1_misses=196608 hit_rate=0.00% oracle2=PASS ns_per_op=28.7
.RESULT k=24
RESULT rotating_rounds=8192
RESULT table_count_at_floor=25
RESULT oracle1_pass=1
RESULT config_conflicts_delta=0
RESULT tier1_hits=0
RESULT tier1_misses=196608
RESULT tier1_total=196608
RESULT expected_total=196608
RESULT oracle2_pass=1
RESULT tier1_hit_rate_pct=0
RESULT churn_elapsed_ns=5470100
RESULT ns_per_op=27.822367350260418
OK k=24 rounds=8192 table_count=25 oracle1=PASS cfg_conflicts_delta=0 tier1_hits=0 tier1_misses=196608 hit_rate=0.00% oracle2=PASS ns_per_op=27.8
.RESULT k=24
RESULT rotating_rounds=8192
RESULT table_count_at_floor=25
RESULT oracle1_pass=1
RESULT config_conflicts_delta=0
RESULT tier1_hits=0
RESULT tier1_misses=196608
RESULT tier1_total=196608
RESULT expected_total=196608
RESULT oracle2_pass=1
RESULT tier1_hit_rate_pct=0
RESULT churn_elapsed_ns=5736800
RESULT ns_per_op=29.178873697916668
OK k=24 rounds=8192 table_count=25 oracle1=PASS cfg_conflicts_delta=0 tier1_hits=0 tier1_misses=196608 hit_rate=0.00% oracle2=PASS ns_per_op=29.2
.RESULT k=24
RESULT rotating_rounds=8192
RESULT table_count_at_floor=25
RESULT oracle1_pass=1
RESULT config_conflicts_delta=0
RESULT tier1_hits=0
RESULT tier1_misses=196608
RESULT tier1_total=196608
RESULT expected_total=196608
RESULT oracle2_pass=1
RESULT tier1_hit_rate_pct=0
RESULT churn_elapsed_ns=5681800
RESULT ns_per_op=28.899129231770832
OK k=24 rounds=8192 table_count=25 oracle1=PASS cfg_conflicts_delta=0 tier1_hits=0 tier1_misses=196608 hit_rate=0.00% oracle2=PASS ns_per_op=28.9
.RESULT k=24
RESULT rotating_rounds=8192
RESULT table_count_at_floor=25
RESULT oracle1_pass=1
RESULT config_conflicts_delta=0
RESULT tier1_hits=0
RESULT tier1_misses=196608
RESULT tier1_total=196608
RESULT expected_total=196608
RESULT oracle2_pass=1
RESULT tier1_hit_rate_pct=0
RESULT churn_elapsed_ns=5441100
RESULT ns_per_op=27.67486572265625
OK k=24 rounds=8192 table_count=25 oracle1=PASS cfg_conflicts_delta=0 tier1_hits=0 tier1_misses=196608 hit_rate=0.00% oracle2=PASS ns_per_op=27.7
.RESULT k=24
RESULT rotating_rounds=8192
RESULT table_count_at_floor=25
RESULT oracle1_pass=1
RESULT config_conflicts_delta=0
RESULT tier1_hits=0
RESULT tier1_misses=196608
RESULT tier1_total=196608
RESULT expected_total=196608
RESULT oracle2_pass=1
RESULT tier1_hit_rate_pct=0
RESULT churn_elapsed_ns=5772200
RESULT ns_per_op=29.358927408854168
OK k=24 rounds=8192 table_count=25 oracle1=PASS cfg_conflicts_delta=0 tier1_hits=0 tier1_misses=196608 hit_rate=0.00% oracle2=PASS ns_per_op=29.4
.RESULT k=24
RESULT rotating_rounds=8192
RESULT table_count_at_floor=25
RESULT oracle1_pass=1
RESULT config_conflicts_delta=0
RESULT tier1_hits=0
RESULT tier1_misses=196608
RESULT tier1_total=196608
RESULT expected_total=196608
RESULT oracle2_pass=1
RESULT tier1_hit_rate_pct=0
RESULT churn_elapsed_ns=5684400
RESULT ns_per_op=28.912353515625
OK k=24 rounds=8192 table_count=25 oracle1=PASS cfg_conflicts_delta=0 tier1_hits=0 tier1_misses=196608 hit_rate=0.00% oracle2=PASS ns_per_op=28.9
.RESULT k=24
RESULT rotating_rounds=8192
RESULT table_count_at_floor=25
RESULT oracle1_pass=1
RESULT config_conflicts_delta=0
RESULT tier1_hits=0
RESULT tier1_misses=196608
RESULT tier1_total=196608
RESULT expected_total=196608
RESULT oracle2_pass=1
RESULT tier1_hit_rate_pct=0
RESULT churn_elapsed_ns=5899600
RESULT ns_per_op=30.006917317708332
OK k=24 rounds=8192 table_count=25 oracle1=PASS cfg_conflicts_delta=0 tier1_hits=0 tier1_misses=196608 hit_rate=0.00% oracle2=PASS ns_per_op=30.0
.RESULT k=24
RESULT rotating_rounds=8192
RESULT table_count_at_floor=25
RESULT oracle1_pass=1
RESULT config_conflicts_delta=0
RESULT tier1_hits=0
RESULT tier1_misses=196608
RESULT tier1_total=196608
RESULT expected_total=196608
RESULT oracle2_pass=1
RESULT tier1_hit_rate_pct=0
RESULT churn_elapsed_ns=5762600
RESULT ns_per_op=29.310099283854168
OK k=24 rounds=8192 table_count=25 oracle1=PASS cfg_conflicts_delta=0 tier1_hits=0 tier1_misses=196608 hit_rate=0.00% oracle2=PASS ns_per_op=29.3
.RESULT k=24
RESULT rotating_rounds=8192
RESULT table_count_at_floor=25
RESULT oracle1_pass=1
RESULT config_conflicts_delta=0
RESULT tier1_hits=0
RESULT tier1_misses=196608
RESULT tier1_total=196608
RESULT expected_total=196608
RESULT oracle2_pass=1
RESULT tier1_hit_rate_pct=0
RESULT churn_elapsed_ns=5918500
RESULT ns_per_op=30.103047688802082
OK k=24 rounds=8192 table_count=25 oracle1=PASS cfg_conflicts_delta=0 tier1_hits=0 tier1_misses=196608 hit_rate=0.00% oracle2=PASS ns_per_op=30.1
.RESULT k=24
RESULT rotating_rounds=8192
RESULT table_count_at_floor=25
RESULT oracle1_pass=1
RESULT config_conflicts_delta=0
RESULT tier1_hits=0
RESULT tier1_misses=196608
RESULT tier1_total=196608
RESULT expected_total=196608
RESULT oracle2_pass=1
RESULT tier1_hit_rate_pct=0
RESULT churn_elapsed_ns=5711500
RESULT ns_per_op=29.050191243489582
OK k=24 rounds=8192 table_count=25 oracle1=PASS cfg_conflicts_delta=0 tier1_hits=0 tier1_misses=196608 hit_rate=0.00% oracle2=PASS ns_per_op=29.1
.RESULT k=24
RESULT rotating_rounds=8192
RESULT table_count_at_floor=25
RESULT oracle1_pass=1
RESULT config_conflicts_delta=0
RESULT tier1_hits=0
RESULT tier1_misses=196608
RESULT tier1_total=196608
RESULT expected_total=196608
RESULT oracle2_pass=1
RESULT tier1_hit_rate_pct=0
RESULT churn_elapsed_ns=5689100
RESULT ns_per_op=28.936258951822918
OK k=24 rounds=8192 table_count=25 oracle1=PASS cfg_conflicts_delta=0 tier1_hits=0 tier1_misses=196608 hit_rate=0.00% oracle2=PASS ns_per_op=28.9
.RESULT k=24
RESULT rotating_rounds=8192
RESULT table_count_at_floor=25
RESULT oracle1_pass=1
RESULT config_conflicts_delta=0
RESULT tier1_hits=0
RESULT tier1_misses=196608
RESULT tier1_total=196608
RESULT expected_total=196608
RESULT oracle2_pass=1
RESULT tier1_hit_rate_pct=0
RESULT churn_elapsed_ns=5603500
RESULT ns_per_op=28.500874837239582
OK k=24 rounds=8192 table_count=25 oracle1=PASS cfg_conflicts_delta=0 tier1_hits=0 tier1_misses=196608 hit_rate=0.00% oracle2=PASS ns_per_op=28.5
.RESULT k=24
RESULT rotating_rounds=8192
RESULT table_count_at_floor=25
RESULT oracle1_pass=1
RESULT config_conflicts_delta=0
RESULT tier1_hits=0
RESULT tier1_misses=196608
RESULT tier1_total=196608
RESULT expected_total=196608
RESULT oracle2_pass=1
RESULT tier1_hit_rate_pct=0
RESULT churn_elapsed_ns=5631100
RESULT ns_per_op=28.641255696614582
OK k=24 rounds=8192 table_count=25 oracle1=PASS cfg_conflicts_delta=0 tier1_hits=0 tier1_misses=196608 hit_rate=0.00% oracle2=PASS ns_per_op=28.6
.RESULT k=24
RESULT rotating_rounds=8192
RESULT table_count_at_floor=25
RESULT oracle1_pass=1
RESULT config_conflicts_delta=0
RESULT tier1_hits=0
RESULT tier1_misses=196608
RESULT tier1_total=196608
RESULT expected_total=196608
RESULT oracle2_pass=1
RESULT tier1_hit_rate_pct=0
RESULT churn_elapsed_ns=5631200
RESULT ns_per_op=28.641764322916668
OK k=24 rounds=8192 table_count=25 oracle1=PASS cfg_conflicts_delta=0 tier1_hits=0 tier1_misses=196608 hit_rate=0.00% oracle2=PASS ns_per_op=28.6
.RESULT k=24
RESULT rotating_rounds=8192
RESULT table_count_at_floor=25
RESULT oracle1_pass=1
RESULT config_conflicts_delta=0
RESULT tier1_hits=49146
RESULT tier1_misses=147462
RESULT tier1_total=196608
RESULT expected_total=196608
RESULT oracle2_pass=1
RESULT tier1_hit_rate_pct=24.9969482421875
RESULT churn_elapsed_ns=5476700
RESULT ns_per_op=27.855936686197918
OK k=24 rounds=8192 table_count=25 oracle1=PASS cfg_conflicts_delta=0 tier1_hits=49146 tier1_misses=147462 hit_rate=25.00% oracle2=PASS ns_per_op=27.9
.RESULT k=24
RESULT rotating_rounds=8192
RESULT table_count_at_floor=25
RESULT oracle1_pass=1
RESULT config_conflicts_delta=0
RESULT tier1_hits=0
RESULT tier1_misses=196608
RESULT tier1_total=196608
RESULT expected_total=196608
RESULT oracle2_pass=1
RESULT tier1_hit_rate_pct=0
RESULT churn_elapsed_ns=4626800
RESULT ns_per_op=23.533121744791668
OK k=24 rounds=8192 table_count=25 oracle1=PASS cfg_conflicts_delta=0 tier1_hits=0 tier1_misses=196608 hit_rate=0.00% oracle2=PASS ns_per_op=23.5
.RESULT k=24
RESULT rotating_rounds=8192
RESULT table_count_at_floor=25
RESULT oracle1_pass=1
RESULT config_conflicts_delta=0
RESULT tier1_hits=0
RESULT tier1_misses=196608
RESULT tier1_total=196608
RESULT expected_total=196608
RESULT oracle2_pass=1
RESULT tier1_hit_rate_pct=0
RESULT churn_elapsed_ns=5756300
RESULT ns_per_op=29.278055826822918
OK k=24 rounds=8192 table_count=25 oracle1=PASS cfg_conflicts_delta=0 tier1_hits=0 tier1_misses=196608 hit_rate=0.00% oracle2=PASS ns_per_op=29.3
.RESULT k=24
RESULT rotating_rounds=8192
RESULT table_count_at_floor=25
RESULT oracle1_pass=1
RESULT config_conflicts_delta=0
RESULT tier1_hits=0
RESULT tier1_misses=196608
RESULT tier1_total=196608
RESULT expected_total=196608
RESULT oracle2_pass=1
RESULT tier1_hit_rate_pct=0
RESULT churn_elapsed_ns=5466600
RESULT ns_per_op=27.8045654296875
OK k=24 rounds=8192 table_count=25 oracle1=PASS cfg_conflicts_delta=0 tier1_hits=0 tier1_misses=196608 hit_rate=0.00% oracle2=PASS ns_per_op=27.8
.RESULT k=24
RESULT rotating_rounds=8192
RESULT table_count_at_floor=25
RESULT oracle1_pass=1
RESULT config_conflicts_delta=0
RESULT tier1_hits=0
RESULT tier1_misses=196608
RESULT tier1_total=196608
RESULT expected_total=196608
RESULT oracle2_pass=1
RESULT tier1_hit_rate_pct=0
RESULT churn_elapsed_ns=6109000
RESULT ns_per_op=31.071980794270832
OK k=24 rounds=8192 table_count=25 oracle1=PASS cfg_conflicts_delta=0 tier1_hits=0 tier1_misses=196608 hit_rate=0.00% oracle2=PASS ns_per_op=31.1
.RESULT k=24
RESULT rotating_rounds=8192
RESULT table_count_at_floor=25
RESULT oracle1_pass=1
RESULT config_conflicts_delta=0
RESULT tier1_hits=0
RESULT tier1_misses=196608
RESULT tier1_total=196608
RESULT expected_total=196608
RESULT oracle2_pass=1
RESULT tier1_hit_rate_pct=0
RESULT churn_elapsed_ns=5954900
RESULT ns_per_op=30.288187662760418
OK k=24 rounds=8192 table_count=25 oracle1=PASS cfg_conflicts_delta=0 tier1_hits=0 tier1_misses=196608 hit_rate=0.00% oracle2=PASS ns_per_op=30.3
.RESULT k=24
RESULT rotating_rounds=8192
RESULT table_count_at_floor=25
RESULT oracle1_pass=1
RESULT config_conflicts_delta=0
RESULT tier1_hits=0
RESULT tier1_misses=196608
RESULT tier1_total=196608
RESULT expected_total=196608
RESULT oracle2_pass=1
RESULT tier1_hit_rate_pct=0
RESULT churn_elapsed_ns=5506700
RESULT ns_per_op=28.008524576822918
OK k=24 rounds=8192 table_count=25 oracle1=PASS cfg_conflicts_delta=0 tier1_hits=0 tier1_misses=196608 hit_rate=0.00% oracle2=PASS ns_per_op=28.0
.RESULT k=24
RESULT rotating_rounds=8192
RESULT table_count_at_floor=25
RESULT oracle1_pass=1
RESULT config_conflicts_delta=0
RESULT tier1_hits=0
RESULT tier1_misses=196608
RESULT tier1_total=196608
RESULT expected_total=196608
RESULT oracle2_pass=1
RESULT tier1_hit_rate_pct=0
RESULT churn_elapsed_ns=5731900
RESULT ns_per_op=29.153951009114582
OK k=24 rounds=8192 table_count=25 oracle1=PASS cfg_conflicts_delta=0 tier1_hits=0 tier1_misses=196608 hit_rate=0.00% oracle2=PASS ns_per_op=29.2
.RESULT k=24
RESULT rotating_rounds=8192
RESULT table_count_at_floor=25
RESULT oracle1_pass=1
RESULT config_conflicts_delta=0
RESULT tier1_hits=0
RESULT tier1_misses=196608
RESULT tier1_total=196608
RESULT expected_total=196608
RESULT oracle2_pass=1
RESULT tier1_hit_rate_pct=0
RESULT churn_elapsed_ns=5217700
RESULT ns_per_op=26.538594563802082
OK k=24 rounds=8192 table_count=25 oracle1=PASS cfg_conflicts_delta=0 tier1_hits=0 tier1_misses=196608 hit_rate=0.00% oracle2=PASS ns_per_op=26.5
.RESULT k=24
RESULT rotating_rounds=8192
RESULT table_count_at_floor=25
RESULT oracle1_pass=1
RESULT config_conflicts_delta=0
RESULT tier1_hits=0
RESULT tier1_misses=196608
RESULT tier1_total=196608
RESULT expected_total=196608
RESULT oracle2_pass=1
RESULT tier1_hit_rate_pct=0
RESULT churn_elapsed_ns=5730600
RESULT ns_per_op=29.1473388671875
OK k=24 rounds=8192 table_count=25 oracle1=PASS cfg_conflicts_delta=0 tier1_hits=0 tier1_misses=196608 hit_rate=0.00% oracle2=PASS ns_per_op=29.1
.RESULT k=24
RESULT rotating_rounds=8192
RESULT table_count_at_floor=25
RESULT oracle1_pass=1
RESULT config_conflicts_delta=0
RESULT tier1_hits=0
RESULT tier1_misses=196608
RESULT tier1_total=196608
RESULT expected_total=196608
RESULT oracle2_pass=1
RESULT tier1_hit_rate_pct=0
RESULT churn_elapsed_ns=5769200
RESULT ns_per_op=29.343668619791668
OK k=24 rounds=8192 table_count=25 oracle1=PASS cfg_conflicts_delta=0 tier1_hits=0 tier1_misses=196608 hit_rate=0.00% oracle2=PASS ns_per_op=29.3
.RESULT k=24
RESULT rotating_rounds=8192
RESULT table_count_at_floor=25
RESULT oracle1_pass=1
RESULT config_conflicts_delta=0
RESULT tier1_hits=0
RESULT tier1_misses=196608
RESULT tier1_total=196608
RESULT expected_total=196608
RESULT oracle2_pass=1
RESULT tier1_hit_rate_pct=0
RESULT churn_elapsed_ns=5604900
RESULT ns_per_op=28.50799560546875
OK k=24 rounds=8192 table_count=25 oracle1=PASS cfg_conflicts_delta=0 tier1_hits=0 tier1_misses=196608 hit_rate=0.00% oracle2=PASS ns_per_op=28.5
.RESULT k=24
RESULT rotating_rounds=8192
RESULT table_count_at_floor=25
RESULT oracle1_pass=1
RESULT config_conflicts_delta=0
RESULT tier1_hits=0
RESULT tier1_misses=196608
RESULT tier1_total=196608
RESULT expected_total=196608
RESULT oracle2_pass=1
RESULT tier1_hit_rate_pct=0
RESULT churn_elapsed_ns=5576900
RESULT ns_per_op=28.365580240885418
OK k=24 rounds=8192 table_count=25 oracle1=PASS cfg_conflicts_delta=0 tier1_hits=0 tier1_misses=196608 hit_rate=0.00% oracle2=PASS ns_per_op=28.4
.RESULT k=24
RESULT rotating_rounds=8192
RESULT table_count_at_floor=25
RESULT oracle1_pass=1
RESULT config_conflicts_delta=0
RESULT tier1_hits=0
RESULT tier1_misses=196608
RESULT tier1_total=196608
RESULT expected_total=196608
RESULT oracle2_pass=1
RESULT tier1_hit_rate_pct=0
RESULT churn_elapsed_ns=5873900
RESULT ns_per_op=29.876200358072918
OK k=24 rounds=8192 table_count=25 oracle1=PASS cfg_conflicts_delta=0 tier1_hits=0 tier1_misses=196608 hit_rate=0.00% oracle2=PASS ns_per_op=29.9
.RESULT k=24
RESULT rotating_rounds=8192
RESULT table_count_at_floor=25
RESULT oracle1_pass=1
RESULT config_conflicts_delta=0
RESULT tier1_hits=0
RESULT tier1_misses=196608
RESULT tier1_total=196608
RESULT expected_total=196608
RESULT oracle2_pass=1
RESULT tier1_hit_rate_pct=0
RESULT churn_elapsed_ns=5613700
RESULT ns_per_op=28.552754720052082
OK k=24 rounds=8192 table_count=25 oracle1=PASS cfg_conflicts_delta=0 tier1_hits=0 tier1_misses=196608 hit_rate=0.00% oracle2=PASS ns_per_op=28.6
.RESULT k=24
RESULT rotating_rounds=8192
RESULT table_count_at_floor=25
RESULT oracle1_pass=1
RESULT config_conflicts_delta=0
RESULT tier1_hits=0
RESULT tier1_misses=196608
RESULT tier1_total=196608
RESULT expected_total=196608
RESULT oracle2_pass=1
RESULT tier1_hit_rate_pct=0
RESULT churn_elapsed_ns=5795300
RESULT ns_per_op=29.476420084635418
OK k=24 rounds=8192 table_count=25 oracle1=PASS cfg_conflicts_delta=0 tier1_hits=0 tier1_misses=196608 hit_rate=0.00% oracle2=PASS ns_per_op=29.5
.RESULT k=24
RESULT rotating_rounds=8192
RESULT table_count_at_floor=25
RESULT oracle1_pass=1
RESULT config_conflicts_delta=0
RESULT tier1_hits=0
RESULT tier1_misses=196608
RESULT tier1_total=196608
RESULT expected_total=196608
RESULT oracle2_pass=1
RESULT tier1_hit_rate_pct=0
RESULT churn_elapsed_ns=5354300
RESULT ns_per_op=27.233378092447918
OK k=24 rounds=8192 table_count=25 oracle1=PASS cfg_conflicts_delta=0 tier1_hits=0 tier1_misses=196608 hit_rate=0.00% oracle2=PASS ns_per_op=27.2
.RESULT k=24
RESULT rotating_rounds=8192
RESULT table_count_at_floor=25
RESULT oracle1_pass=1
RESULT config_conflicts_delta=0
RESULT tier1_hits=0
RESULT tier1_misses=196608
RESULT tier1_total=196608
RESULT expected_total=196608
RESULT oracle2_pass=1
RESULT tier1_hit_rate_pct=0
RESULT churn_elapsed_ns=5638700
RESULT ns_per_op=28.679911295572918
OK k=24 rounds=8192 table_count=25 oracle1=PASS cfg_conflicts_delta=0 tier1_hits=0 tier1_misses=196608 hit_rate=0.00% oracle2=PASS ns_per_op=28.7
.RESULT k=24
RESULT rotating_rounds=8192
RESULT table_count_at_floor=25
RESULT oracle1_pass=1
RESULT config_conflicts_delta=0
RESULT tier1_hits=0
RESULT tier1_misses=196608
RESULT tier1_total=196608
RESULT expected_total=196608
RESULT oracle2_pass=1
RESULT tier1_hit_rate_pct=0
RESULT churn_elapsed_ns=4755100
RESULT ns_per_op=24.185689290364582
OK k=24 rounds=8192 table_count=25 oracle1=PASS cfg_conflicts_delta=0 tier1_hits=0 tier1_misses=196608 hit_rate=0.00% oracle2=PASS ns_per_op=24.2
.RESULT k=24
RESULT rotating_rounds=8192
RESULT table_count_at_floor=25
RESULT oracle1_pass=1
RESULT config_conflicts_delta=0
RESULT tier1_hits=0
RESULT tier1_misses=196608
RESULT tier1_total=196608
RESULT expected_total=196608
RESULT oracle2_pass=1
RESULT tier1_hit_rate_pct=0
RESULT churn_elapsed_ns=5456700
RESULT ns_per_op=27.75421142578125
OK k=24 rounds=8192 table_count=25 oracle1=PASS cfg_conflicts_delta=0 tier1_hits=0 tier1_misses=196608 hit_rate=0.00% oracle2=PASS ns_per_op=27.8
.RESULT k=24
RESULT rotating_rounds=8192
RESULT table_count_at_floor=25
RESULT oracle1_pass=1
RESULT config_conflicts_delta=0
RESULT tier1_hits=0
RESULT tier1_misses=196608
RESULT tier1_total=196608
RESULT expected_total=196608
RESULT oracle2_pass=1
RESULT tier1_hit_rate_pct=0
RESULT churn_elapsed_ns=5866400
RESULT ns_per_op=29.838053385416668
OK k=24 rounds=8192 table_count=25 oracle1=PASS cfg_conflicts_delta=0 tier1_hits=0 tier1_misses=196608 hit_rate=0.00% oracle2=PASS ns_per_op=29.8
.RESULT k=24
RESULT rotating_rounds=8192
RESULT table_count_at_floor=25
RESULT oracle1_pass=1
RESULT config_conflicts_delta=0
RESULT tier1_hits=0
RESULT tier1_misses=196608
RESULT tier1_total=196608
RESULT expected_total=196608
RESULT oracle2_pass=1
RESULT tier1_hit_rate_pct=0
RESULT churn_elapsed_ns=5648900
RESULT ns_per_op=28.731791178385418
OK k=24 rounds=8192 table_count=25 oracle1=PASS cfg_conflicts_delta=0 tier1_hits=0 tier1_misses=196608 hit_rate=0.00% oracle2=PASS ns_per_op=28.7
.RESULT k=24
RESULT rotating_rounds=8192
RESULT table_count_at_floor=25
RESULT oracle1_pass=1
RESULT config_conflicts_delta=0
RESULT tier1_hits=0
RESULT tier1_misses=196608
RESULT tier1_total=196608
RESULT expected_total=196608
RESULT oracle2_pass=1
RESULT tier1_hit_rate_pct=0
RESULT churn_elapsed_ns=5862000
RESULT ns_per_op=29.815673828125
OK k=24 rounds=8192 table_count=25 oracle1=PASS cfg_conflicts_delta=0 tier1_hits=0 tier1_misses=196608 hit_rate=0.00% oracle2=PASS ns_per_op=29.8
.RESULT k=24
RESULT rotating_rounds=8192
RESULT table_count_at_floor=25
RESULT oracle1_pass=1
RESULT config_conflicts_delta=0
RESULT tier1_hits=0
RESULT tier1_misses=196608
RESULT tier1_total=196608
RESULT expected_total=196608
RESULT oracle2_pass=1
RESULT tier1_hit_rate_pct=0
RESULT churn_elapsed_ns=6006800
RESULT ns_per_op=30.552164713541668
OK k=24 rounds=8192 table_count=25 oracle1=PASS cfg_conflicts_delta=0 tier1_hits=0 tier1_misses=196608 hit_rate=0.00% oracle2=PASS ns_per_op=30.6
.RESULT k=24
RESULT rotating_rounds=8192
RESULT table_count_at_floor=25
RESULT oracle1_pass=1
RESULT config_conflicts_delta=0
RESULT tier1_hits=0
RESULT tier1_misses=196608
RESULT tier1_total=196608
RESULT expected_total=196608
RESULT oracle2_pass=1
RESULT tier1_hit_rate_pct=0
RESULT churn_elapsed_ns=5480300
RESULT ns_per_op=27.874247233072918
OK k=24 rounds=8192 table_count=25 oracle1=PASS cfg_conflicts_delta=0 tier1_hits=0 tier1_misses=196608 hit_rate=0.00% oracle2=PASS ns_per_op=27.9
.RESULT k=24
RESULT rotating_rounds=8192
RESULT table_count_at_floor=25
RESULT oracle1_pass=1
RESULT config_conflicts_delta=0
RESULT tier1_hits=0
RESULT tier1_misses=196608
RESULT tier1_total=196608
RESULT expected_total=196608
RESULT oracle2_pass=1
RESULT tier1_hit_rate_pct=0
RESULT churn_elapsed_ns=5556300
RESULT ns_per_op=28.26080322265625
OK k=24 rounds=8192 table_count=25 oracle1=PASS cfg_conflicts_delta=0 tier1_hits=0 tier1_misses=196608 hit_rate=0.00% oracle2=PASS ns_per_op=28.3
.RESULT k=24
RESULT rotating_rounds=8192
RESULT table_count_at_floor=25
RESULT oracle1_pass=1
RESULT config_conflicts_delta=0
RESULT tier1_hits=0
RESULT tier1_misses=196608
RESULT tier1_total=196608
RESULT expected_total=196608
RESULT oracle2_pass=1
RESULT tier1_hit_rate_pct=0
RESULT churn_elapsed_ns=5603400
RESULT ns_per_op=28.5003662109375
OK k=24 rounds=8192 table_count=25 oracle1=PASS cfg_conflicts_delta=0 tier1_hits=0 tier1_misses=196608 hit_rate=0.00% oracle2=PASS ns_per_op=28.5
.RESULT k=24
RESULT rotating_rounds=8192
RESULT table_count_at_floor=25
RESULT oracle1_pass=1
RESULT config_conflicts_delta=0
RESULT tier1_hits=0
RESULT tier1_misses=196608
RESULT tier1_total=196608
RESULT expected_total=196608
RESULT oracle2_pass=1
RESULT tier1_hit_rate_pct=0
RESULT churn_elapsed_ns=5869300
RESULT ns_per_op=29.852803548177082
OK k=24 rounds=8192 table_count=25 oracle1=PASS cfg_conflicts_delta=0 tier1_hits=0 tier1_misses=196608 hit_rate=0.00% oracle2=PASS ns_per_op=29.9
.RESULT k=24
RESULT rotating_rounds=8192
RESULT table_count_at_floor=25
RESULT oracle1_pass=1
RESULT config_conflicts_delta=0
RESULT tier1_hits=0
RESULT tier1_misses=196608
RESULT tier1_total=196608
RESULT expected_total=196608
RESULT oracle2_pass=1
RESULT tier1_hit_rate_pct=0
RESULT churn_elapsed_ns=5719800
RESULT ns_per_op=29.0924072265625
OK k=24 rounds=8192 table_count=25 oracle1=PASS cfg_conflicts_delta=0 tier1_hits=0 tier1_misses=196608 hit_rate=0.00% oracle2=PASS ns_per_op=29.1
.RESULT k=24
RESULT rotating_rounds=8192
RESULT table_count_at_floor=25
RESULT oracle1_pass=1
RESULT config_conflicts_delta=0
RESULT tier1_hits=0
RESULT tier1_misses=196608
RESULT tier1_total=196608
RESULT expected_total=196608
RESULT oracle2_pass=1
RESULT tier1_hit_rate_pct=0
RESULT churn_elapsed_ns=5772100
RESULT ns_per_op=29.358418782552082
OK k=24 rounds=8192 table_count=25 oracle1=PASS cfg_conflicts_delta=0 tier1_hits=0 tier1_misses=196608 hit_rate=0.00% oracle2=PASS ns_per_op=29.4
.RESULT k=24
RESULT rotating_rounds=8192
RESULT table_count_at_floor=25
RESULT oracle1_pass=1
RESULT config_conflicts_delta=0
RESULT tier1_hits=0
RESULT tier1_misses=196608
RESULT tier1_total=196608
RESULT expected_total=196608
RESULT oracle2_pass=1
RESULT tier1_hit_rate_pct=0
RESULT churn_elapsed_ns=5780500
RESULT ns_per_op=29.401143391927082
OK k=24 rounds=8192 table_count=25 oracle1=PASS cfg_conflicts_delta=0 tier1_hits=0 tier1_misses=196608 hit_rate=0.00% oracle2=PASS ns_per_op=29.4
.RESULT k=24
RESULT rotating_rounds=8192
RESULT table_count_at_floor=25
RESULT oracle1_pass=1
RESULT config_conflicts_delta=0
RESULT tier1_hits=0
RESULT tier1_misses=196608
RESULT tier1_total=196608
RESULT expected_total=196608
RESULT oracle2_pass=1
RESULT tier1_hit_rate_pct=0
RESULT churn_elapsed_ns=5715000
RESULT ns_per_op=29.0679931640625
OK k=24 rounds=8192 table_count=25 oracle1=PASS cfg_conflicts_delta=0 tier1_hits=0 tier1_misses=196608 hit_rate=0.00% oracle2=PASS ns_per_op=29.1
.RESULT k=24
RESULT rotating_rounds=8192
RESULT table_count_at_floor=25
RESULT oracle1_pass=1
RESULT config_conflicts_delta=0
RESULT tier1_hits=0
RESULT tier1_misses=196608
RESULT tier1_total=196608
RESULT expected_total=196608
RESULT oracle2_pass=1
RESULT tier1_hit_rate_pct=0
RESULT churn_elapsed_ns=5798500
RESULT ns_per_op=29.492696126302082
OK k=24 rounds=8192 table_count=25 oracle1=PASS cfg_conflicts_delta=0 tier1_hits=0 tier1_misses=196608 hit_rate=0.00% oracle2=PASS ns_per_op=29.5
.RESULT k=24
RESULT rotating_rounds=8192
RESULT table_count_at_floor=25
RESULT oracle1_pass=1
RESULT config_conflicts_delta=0
RESULT tier1_hits=0
RESULT tier1_misses=196608
RESULT tier1_total=196608
RESULT expected_total=196608
RESULT oracle2_pass=1
RESULT tier1_hit_rate_pct=0
RESULT churn_elapsed_ns=5559700
RESULT ns_per_op=28.278096516927082
OK k=24 rounds=8192 table_count=25 oracle1=PASS cfg_conflicts_delta=0 tier1_hits=0 tier1_misses=196608 hit_rate=0.00% oracle2=PASS ns_per_op=28.3
.RESULT k=24
RESULT rotating_rounds=8192
RESULT table_count_at_floor=25
RESULT oracle1_pass=1
RESULT config_conflicts_delta=0
RESULT tier1_hits=0
RESULT tier1_misses=196608
RESULT tier1_total=196608
RESULT expected_total=196608
RESULT oracle2_pass=1
RESULT tier1_hit_rate_pct=0
RESULT churn_elapsed_ns=5616200
RESULT ns_per_op=28.565470377604168
OK k=24 rounds=8192 table_count=25 oracle1=PASS cfg_conflicts_delta=0 tier1_hits=0 tier1_misses=196608 hit_rate=0.00% oracle2=PASS ns_per_op=28.6
.RESULT k=24
RESULT rotating_rounds=8192
RESULT table_count_at_floor=25
RESULT oracle1_pass=1
RESULT config_conflicts_delta=0
RESULT tier1_hits=0
RESULT tier1_misses=196608
RESULT tier1_total=196608
RESULT expected_total=196608
RESULT oracle2_pass=1
RESULT tier1_hit_rate_pct=0
RESULT churn_elapsed_ns=5808000
RESULT ns_per_op=29.541015625
OK k=24 rounds=8192 table_count=25 oracle1=PASS cfg_conflicts_delta=0 tier1_hits=0 tier1_misses=196608 hit_rate=0.00% oracle2=PASS ns_per_op=29.5
.RESULT k=24
RESULT rotating_rounds=8192
RESULT table_count_at_floor=25
RESULT oracle1_pass=1
RESULT config_conflicts_delta=0
RESULT tier1_hits=0
RESULT tier1_misses=196608
RESULT tier1_total=196608
RESULT expected_total=196608
RESULT oracle2_pass=1
RESULT tier1_hit_rate_pct=0
RESULT churn_elapsed_ns=6097000
RESULT ns_per_op=31.010945638020832
OK k=24 rounds=8192 table_count=25 oracle1=PASS cfg_conflicts_delta=0 tier1_hits=0 tier1_misses=196608 hit_rate=0.00% oracle2=PASS ns_per_op=31.0
.RESULT k=24
RESULT rotating_rounds=8192
RESULT table_count_at_floor=25
RESULT oracle1_pass=1
RESULT config_conflicts_delta=0
RESULT tier1_hits=0
RESULT tier1_misses=196608
RESULT tier1_total=196608
RESULT expected_total=196608
RESULT oracle2_pass=1
RESULT tier1_hit_rate_pct=0
RESULT churn_elapsed_ns=5680900
RESULT ns_per_op=28.894551595052082
OK k=24 rounds=8192 table_count=25 oracle1=PASS cfg_conflicts_delta=0 tier1_hits=0 tier1_misses=196608 hit_rate=0.00% oracle2=PASS ns_per_op=28.9
.RESULT k=24
RESULT rotating_rounds=8192
RESULT table_count_at_floor=25
RESULT oracle1_pass=1
RESULT config_conflicts_delta=0
RESULT tier1_hits=65528
RESULT tier1_misses=131080
RESULT tier1_total=196608
RESULT expected_total=196608
RESULT oracle2_pass=1
RESULT tier1_hit_rate_pct=33.329264322916664
RESULT churn_elapsed_ns=5565800
RESULT ns_per_op=28.309122721354168
OK k=24 rounds=8192 table_count=25 oracle1=PASS cfg_conflicts_delta=0 tier1_hits=65528 tier1_misses=131080 hit_rate=33.33% oracle2=PASS ns_per_op=28.3
.RESULT k=24
RESULT rotating_rounds=8192
RESULT table_count_at_floor=25
RESULT oracle1_pass=1
RESULT config_conflicts_delta=0
RESULT tier1_hits=0
RESULT tier1_misses=196608
RESULT tier1_total=196608
RESULT expected_total=196608
RESULT oracle2_pass=1
RESULT tier1_hit_rate_pct=0
RESULT churn_elapsed_ns=19996300
RESULT ns_per_op=101.70644124348958
OK k=24 rounds=8192 table_count=25 oracle1=PASS cfg_conflicts_delta=0 tier1_hits=0 tier1_misses=196608 hit_rate=0.00% oracle2=PASS ns_per_op=101.7
.RESULT k=24
RESULT rotating_rounds=8192
RESULT table_count_at_floor=25
RESULT oracle1_pass=1
RESULT config_conflicts_delta=0
RESULT tier1_hits=0
RESULT tier1_misses=196608
RESULT tier1_total=196608
RESULT expected_total=196608
RESULT oracle2_pass=1
RESULT tier1_hit_rate_pct=0
RESULT churn_elapsed_ns=5869200
RESULT ns_per_op=29.852294921875
OK k=24 rounds=8192 table_count=25 oracle1=PASS cfg_conflicts_delta=0 tier1_hits=0 tier1_misses=196608 hit_rate=0.00% oracle2=PASS ns_per_op=29.9
.RESULT k=24
RESULT rotating_rounds=8192
RESULT table_count_at_floor=25
RESULT oracle1_pass=1
RESULT config_conflicts_delta=0
RESULT tier1_hits=0
RESULT tier1_misses=196608
RESULT tier1_total=196608
RESULT expected_total=196608
RESULT oracle2_pass=1
RESULT tier1_hit_rate_pct=0
RESULT churn_elapsed_ns=5746100
RESULT ns_per_op=29.226175944010418
OK k=24 rounds=8192 table_count=25 oracle1=PASS cfg_conflicts_delta=0 tier1_hits=0 tier1_misses=196608 hit_rate=0.00% oracle2=PASS ns_per_op=29.2
.RESULT k=24
RESULT rotating_rounds=8192
RESULT table_count_at_floor=25
RESULT oracle1_pass=1
RESULT config_conflicts_delta=0
RESULT tier1_hits=0
RESULT tier1_misses=196608
RESULT tier1_total=196608
RESULT expected_total=196608
RESULT oracle2_pass=1
RESULT tier1_hit_rate_pct=0
RESULT churn_elapsed_ns=5892600
RESULT ns_per_op=29.9713134765625
OK k=24 rounds=8192 table_count=25 oracle1=PASS cfg_conflicts_delta=0 tier1_hits=0 tier1_misses=196608 hit_rate=0.00% oracle2=PASS ns_per_op=30.0
.RESULT k=24
RESULT rotating_rounds=8192
RESULT table_count_at_floor=25
RESULT oracle1_pass=1
RESULT config_conflicts_delta=0
RESULT tier1_hits=0
RESULT tier1_misses=196608
RESULT tier1_total=196608
RESULT expected_total=196608
RESULT oracle2_pass=1
RESULT tier1_hit_rate_pct=0
RESULT churn_elapsed_ns=5587600
RESULT ns_per_op=28.420003255208332
OK k=24 rounds=8192 table_count=25 oracle1=PASS cfg_conflicts_delta=0 tier1_hits=0 tier1_misses=196608 hit_rate=0.00% oracle2=PASS ns_per_op=28.4
.RESULT k=24
RESULT rotating_rounds=8192
RESULT table_count_at_floor=25
RESULT oracle1_pass=1
RESULT config_conflicts_delta=0
RESULT tier1_hits=0
RESULT tier1_misses=196608
RESULT tier1_total=196608
RESULT expected_total=196608
RESULT oracle2_pass=1
RESULT tier1_hit_rate_pct=0
RESULT churn_elapsed_ns=4984600
RESULT ns_per_op=25.352986653645832
OK k=24 rounds=8192 table_count=25 oracle1=PASS cfg_conflicts_delta=0 tier1_hits=0 tier1_misses=196608 hit_rate=0.00% oracle2=PASS ns_per_op=25.4
.RESULT k=24
RESULT rotating_rounds=8192
RESULT table_count_at_floor=25
RESULT oracle1_pass=1
RESULT config_conflicts_delta=0
RESULT tier1_hits=0
RESULT tier1_misses=196608
RESULT tier1_total=196608
RESULT expected_total=196608
RESULT oracle2_pass=1
RESULT tier1_hit_rate_pct=0
RESULT churn_elapsed_ns=6019800
RESULT ns_per_op=30.6182861328125
OK k=24 rounds=8192 table_count=25 oracle1=PASS cfg_conflicts_delta=0 tier1_hits=0 tier1_misses=196608 hit_rate=0.00% oracle2=PASS ns_per_op=30.6
.RESULT k=24
RESULT rotating_rounds=8192
RESULT table_count_at_floor=25
RESULT oracle1_pass=1
RESULT config_conflicts_delta=0
RESULT tier1_hits=0
RESULT tier1_misses=196608
RESULT tier1_total=196608
RESULT expected_total=196608
RESULT oracle2_pass=1
RESULT tier1_hit_rate_pct=0
RESULT churn_elapsed_ns=5661800
RESULT ns_per_op=28.797403971354168
OK k=24 rounds=8192 table_count=25 oracle1=PASS cfg_conflicts_delta=0 tier1_hits=0 tier1_misses=196608 hit_rate=0.00% oracle2=PASS ns_per_op=28.8
.

  === after(A-slot) vs after(B-slot) (A - B, ns)  [SAME-VS-SAME CONTROL] ===
  n=20  mean Δ=335.043 us  sd=1.625 ms  se=363.384 us  t=0.922  df=19  crit(p<0.05)=2.101  => NOT statistically distinguishable from noise (fails to reject null)
  sign test: after(A-slot)-faster=11/20  after(B-slot)-faster=9/20  ties=0

[paired-ab] provenance written to D:\dev\rust\sefer-alloc/docs/perf/paired_ab_runs/2026-08-03T15-30-53-630Z.json

[paired-ab] Reading this output: `t` past `crit` (or sign test heavily lopsided, e.g. 17+/20) means a REAL,
  non-noise wall-clock difference on THIS host for THIS workload — mirroring
  docs/perf/R5_R2_CHURN_REGRESSION_PAIRED_AB.md's verdict criteria. A same-vs-same control run
  (--arms sefer,sefer) should show t well under `crit` and a roughly even sign-test split --
  if it does not, that indicates a harness bug (non-reproducible workload, background load
  bleeding into the timed region), not a real self-difference.
