    Finished `bench` profile [optimized] target(s) in 0.48s
     Running benches\global_alloc.rs (D:\dev\rust\.cargo-target\release\deps\global_alloc-6d52b39d31eef9c2.exe)
Gnuplot not found, using plotters backend
Benchmarking global_alloc_churn/SeferAlloc/16B
Benchmarking global_alloc_churn/SeferAlloc/16B: Warming up for 150.00 ms
Benchmarking global_alloc_churn/SeferAlloc/16B: Collecting 10 samples in estimated 601.32 ms (23k iterations)
Benchmarking global_alloc_churn/SeferAlloc/16B: Analyzing
global_alloc_churn/SeferAlloc/16B
                        time:   [17.012 µs 18.920 µs 20.831 µs]
                        change: [+17.802% +30.990% +43.839%] (p = 0.00 < 0.05)
                        Performance has regressed.
Benchmarking global_alloc_churn/SeferAlloc/64B
Benchmarking global_alloc_churn/SeferAlloc/64B: Warming up for 150.00 ms
Benchmarking global_alloc_churn/SeferAlloc/64B: Collecting 10 samples in estimated 600.54 ms (17k iterations)
Benchmarking global_alloc_churn/SeferAlloc/64B: Analyzing
global_alloc_churn/SeferAlloc/64B
                        time:   [17.017 µs 18.310 µs 19.864 µs]
                        change: [+11.186% +23.845% +36.574%] (p = 0.00 < 0.05)
                        Performance has regressed.
Benchmarking global_alloc_churn/SeferAlloc/256B
Benchmarking global_alloc_churn/SeferAlloc/256B: Warming up for 150.00 ms
Benchmarking global_alloc_churn/SeferAlloc/256B: Collecting 10 samples in estimated 600.48 ms (16k iterations)
Benchmarking global_alloc_churn/SeferAlloc/256B: Analyzing
global_alloc_churn/SeferAlloc/256B
                        time:   [16.649 µs 19.085 µs 21.219 µs]
                        change: [+8.8177% +20.442% +36.608%] (p = 0.00 < 0.05)
                        Performance has regressed.
Benchmarking global_alloc_churn/SeferAlloc/1024B
Benchmarking global_alloc_churn/SeferAlloc/1024B: Warming up for 150.00 ms
Benchmarking global_alloc_churn/SeferAlloc/1024B: Collecting 10 samples in estimated 607.24 ms (4015 iterations)
Benchmarking global_alloc_churn/SeferAlloc/1024B: Analyzing
global_alloc_churn/SeferAlloc/1024B
                        time:   [21.458 µs 22.092 µs 23.006 µs]
                        change: [+40.963% +47.319% +54.116%] (p = 0.00 < 0.05)
                        Performance has regressed.

global_alloc_churn_with_teardown/16B: decommit_calls delta = 0, segments_released_total delta = 0
global_alloc_churn_with_teardown/64B: decommit_calls delta = 0, segments_released_total delta = 0
global_alloc_churn_with_teardown/256B: decommit_calls delta = 0, segments_released_total delta = 0
global_alloc_churn_with_teardown/1024B: decommit_calls delta = 0, segments_released_total delta = 0
working_set_cycle/SeferAlloc/16B: decommit_calls delta = 0, segments_released_total delta = 0
working_set_cycle/SeferAlloc/64B: decommit_calls delta = 0, segments_released_total delta = 0
working_set_cycle/SeferAlloc/256B: decommit_calls delta = 0, segments_released_total delta = 0
working_set_cycle/SeferAlloc/1024B: decommit_calls delta = 0, segments_released_total delta = 0
