[paired-ab] --config has no "build" step; assuming arm commands are already built.

[paired-ab] off vs on — 20 pairs, A/B/B/A protocol
RESULT arm=large_cache_extended_off
RESULT elapsed_ns=359522700
RESULT large_cache_hits=1600
RESULT total_deallocs=4800
RESULT rss_after_kib=3128
RESULT commit_after_kib=34500
RESULT segments_reserved_total=3257
.RESULT arm=large_cache_extended_on
RESULT elapsed_ns=947100
RESULT large_cache_hits=4800
RESULT total_deallocs=4800
RESULT rss_after_kib=3252
RESULT commit_after_kib=100184
RESULT segments_reserved_total=25
.RESULT arm=large_cache_extended_on
RESULT elapsed_ns=1138400
RESULT large_cache_hits=4800
RESULT total_deallocs=4800
RESULT rss_after_kib=3252
RESULT commit_after_kib=100172
RESULT segments_reserved_total=25
.RESULT arm=large_cache_extended_off
RESULT elapsed_ns=359322100
RESULT large_cache_hits=1600
RESULT total_deallocs=4800
RESULT rss_after_kib=3124
RESULT commit_after_kib=34508
RESULT segments_reserved_total=3257
.RESULT arm=large_cache_extended_off
RESULT elapsed_ns=372586700
RESULT large_cache_hits=1600
RESULT total_deallocs=4800
RESULT rss_after_kib=3112
RESULT commit_after_kib=34472
RESULT segments_reserved_total=3257
.RESULT arm=large_cache_extended_on
RESULT elapsed_ns=992700
RESULT large_cache_hits=4800
RESULT total_deallocs=4800
RESULT rss_after_kib=3252
RESULT commit_after_kib=100180
RESULT segments_reserved_total=25
.RESULT arm=large_cache_extended_on
RESULT elapsed_ns=915100
RESULT large_cache_hits=4800
RESULT total_deallocs=4800
RESULT rss_after_kib=3252
RESULT commit_after_kib=100176
RESULT segments_reserved_total=25
.RESULT arm=large_cache_extended_off
RESULT elapsed_ns=378229700
RESULT large_cache_hits=1600
RESULT total_deallocs=4800
RESULT rss_after_kib=3136
RESULT commit_after_kib=34520
RESULT segments_reserved_total=3257
.RESULT arm=large_cache_extended_off
RESULT elapsed_ns=384347900
RESULT large_cache_hits=1600
RESULT total_deallocs=4800
RESULT rss_after_kib=3112
RESULT commit_after_kib=34476
RESULT segments_reserved_total=3257
.RESULT arm=large_cache_extended_on
RESULT elapsed_ns=1214300
RESULT large_cache_hits=4800
RESULT total_deallocs=4800
RESULT rss_after_kib=3252
RESULT commit_after_kib=100164
RESULT segments_reserved_total=25
.RESULT arm=large_cache_extended_on
RESULT elapsed_ns=1123000
RESULT large_cache_hits=4800
RESULT total_deallocs=4800
RESULT rss_after_kib=3252
RESULT commit_after_kib=100172
RESULT segments_reserved_total=25
.RESULT arm=large_cache_extended_off
RESULT elapsed_ns=367123500
RESULT large_cache_hits=1600
RESULT total_deallocs=4800
RESULT rss_after_kib=3128
RESULT commit_after_kib=34508
RESULT segments_reserved_total=3257
.RESULT arm=large_cache_extended_off
RESULT elapsed_ns=366033500
RESULT large_cache_hits=1600
RESULT total_deallocs=4800
RESULT rss_after_kib=3112
RESULT commit_after_kib=34480
RESULT segments_reserved_total=3257
.RESULT arm=large_cache_extended_on
RESULT elapsed_ns=728300
RESULT large_cache_hits=4800
RESULT total_deallocs=4800
RESULT rss_after_kib=3252
RESULT commit_after_kib=100176
RESULT segments_reserved_total=25
.RESULT arm=large_cache_extended_on
RESULT elapsed_ns=1240300
RESULT large_cache_hits=4800
RESULT total_deallocs=4800
RESULT rss_after_kib=3252
RESULT commit_after_kib=100168
RESULT segments_reserved_total=25
.RESULT arm=large_cache_extended_off
RESULT elapsed_ns=366116200
RESULT large_cache_hits=1600
RESULT total_deallocs=4800
RESULT rss_after_kib=3128
RESULT commit_after_kib=34508
RESULT segments_reserved_total=3257
.RESULT arm=large_cache_extended_off
RESULT elapsed_ns=369599500
RESULT large_cache_hits=1600
RESULT total_deallocs=4800
RESULT rss_after_kib=3128
RESULT commit_after_kib=34504
RESULT segments_reserved_total=3257
.RESULT arm=large_cache_extended_on
RESULT elapsed_ns=1161300
RESULT large_cache_hits=4800
RESULT total_deallocs=4800
RESULT rss_after_kib=3248
RESULT commit_after_kib=100168
RESULT segments_reserved_total=25
.RESULT arm=large_cache_extended_on
RESULT elapsed_ns=1227600
RESULT large_cache_hits=4800
RESULT total_deallocs=4800
RESULT rss_after_kib=3252
RESULT commit_after_kib=100172
RESULT segments_reserved_total=25
.RESULT arm=large_cache_extended_off
RESULT elapsed_ns=375271700
RESULT large_cache_hits=1600
RESULT total_deallocs=4800
RESULT rss_after_kib=3128
RESULT commit_after_kib=34508
RESULT segments_reserved_total=3257
.RESULT arm=large_cache_extended_off
RESULT elapsed_ns=382753600
RESULT large_cache_hits=1600
RESULT total_deallocs=4800
RESULT rss_after_kib=3124
RESULT commit_after_kib=34496
RESULT segments_reserved_total=3257
.RESULT arm=large_cache_extended_on
RESULT elapsed_ns=684100
RESULT large_cache_hits=4800
RESULT total_deallocs=4800
RESULT rss_after_kib=3240
RESULT commit_after_kib=100148
RESULT segments_reserved_total=25
.RESULT arm=large_cache_extended_on
RESULT elapsed_ns=1114300
RESULT large_cache_hits=4800
RESULT total_deallocs=4800
RESULT rss_after_kib=3232
RESULT commit_after_kib=100144
RESULT segments_reserved_total=25
.RESULT arm=large_cache_extended_off
RESULT elapsed_ns=370802500
RESULT large_cache_hits=1600
RESULT total_deallocs=4800
RESULT rss_after_kib=3112
RESULT commit_after_kib=34476
RESULT segments_reserved_total=3257
.RESULT arm=large_cache_extended_off
RESULT elapsed_ns=367078700
RESULT large_cache_hits=1600
RESULT total_deallocs=4800
RESULT rss_after_kib=3128
RESULT commit_after_kib=34504
RESULT segments_reserved_total=3257
.RESULT arm=large_cache_extended_on
RESULT elapsed_ns=1200100
RESULT large_cache_hits=4800
RESULT total_deallocs=4800
RESULT rss_after_kib=3232
RESULT commit_after_kib=100140
RESULT segments_reserved_total=25
.RESULT arm=large_cache_extended_on
RESULT elapsed_ns=1217600
RESULT large_cache_hits=4800
RESULT total_deallocs=4800
RESULT rss_after_kib=3252
RESULT commit_after_kib=100172
RESULT segments_reserved_total=25
.RESULT arm=large_cache_extended_off
RESULT elapsed_ns=424374900
RESULT large_cache_hits=1600
RESULT total_deallocs=4800
RESULT rss_after_kib=3108
RESULT commit_after_kib=34476
RESULT segments_reserved_total=3257
.RESULT arm=large_cache_extended_off
RESULT elapsed_ns=396754900
RESULT large_cache_hits=1600
RESULT total_deallocs=4800
RESULT rss_after_kib=3112
RESULT commit_after_kib=34480
RESULT segments_reserved_total=3257
.RESULT arm=large_cache_extended_on
RESULT elapsed_ns=1156900
RESULT large_cache_hits=4800
RESULT total_deallocs=4800
RESULT rss_after_kib=3252
RESULT commit_after_kib=100172
RESULT segments_reserved_total=25
.RESULT arm=large_cache_extended_on
RESULT elapsed_ns=1226200
RESULT large_cache_hits=4800
RESULT total_deallocs=4800
RESULT rss_after_kib=3252
RESULT commit_after_kib=100176
RESULT segments_reserved_total=25
.RESULT arm=large_cache_extended_off
RESULT elapsed_ns=411221300
RESULT large_cache_hits=1600
RESULT total_deallocs=4800
RESULT rss_after_kib=3108
RESULT commit_after_kib=34472
RESULT segments_reserved_total=3257
.RESULT arm=large_cache_extended_off
RESULT elapsed_ns=393640200
RESULT large_cache_hits=1600
RESULT total_deallocs=4800
RESULT rss_after_kib=3108
RESULT commit_after_kib=34472
RESULT segments_reserved_total=3257
.RESULT arm=large_cache_extended_on
RESULT elapsed_ns=1329400
RESULT large_cache_hits=4800
RESULT total_deallocs=4800
RESULT rss_after_kib=3248
RESULT commit_after_kib=100172
RESULT segments_reserved_total=25
.RESULT arm=large_cache_extended_on
RESULT elapsed_ns=1061600
RESULT large_cache_hits=4800
RESULT total_deallocs=4800
RESULT rss_after_kib=3248
RESULT commit_after_kib=100156
RESULT segments_reserved_total=25
.RESULT arm=large_cache_extended_off
RESULT elapsed_ns=428120800
RESULT large_cache_hits=1600
RESULT total_deallocs=4800
RESULT rss_after_kib=3108
RESULT commit_after_kib=34468
RESULT segments_reserved_total=3257
.RESULT arm=large_cache_extended_off
RESULT elapsed_ns=414657400
RESULT large_cache_hits=1600
RESULT total_deallocs=4800
RESULT rss_after_kib=3108
RESULT commit_after_kib=34468
RESULT segments_reserved_total=3257
.RESULT arm=large_cache_extended_on
RESULT elapsed_ns=1182800
RESULT large_cache_hits=4800
RESULT total_deallocs=4800
RESULT rss_after_kib=3252
RESULT commit_after_kib=100176
RESULT segments_reserved_total=25
.RESULT arm=large_cache_extended_on
RESULT elapsed_ns=1203600
RESULT large_cache_hits=4800
RESULT total_deallocs=4800
RESULT rss_after_kib=3248
RESULT commit_after_kib=100168
RESULT segments_reserved_total=25
.RESULT arm=large_cache_extended_off
RESULT elapsed_ns=372357700
RESULT large_cache_hits=1600
RESULT total_deallocs=4800
RESULT rss_after_kib=3128
RESULT commit_after_kib=34504
RESULT segments_reserved_total=3257
.RESULT arm=large_cache_extended_off
RESULT elapsed_ns=390629000
RESULT large_cache_hits=1600
RESULT total_deallocs=4800
RESULT rss_after_kib=3128
RESULT commit_after_kib=34500
RESULT segments_reserved_total=3257
.RESULT arm=large_cache_extended_on
RESULT elapsed_ns=1165100
RESULT large_cache_hits=4800
RESULT total_deallocs=4800
RESULT rss_after_kib=3248
RESULT commit_after_kib=100168
RESULT segments_reserved_total=25
.RESULT arm=large_cache_extended_on
RESULT elapsed_ns=1149000
RESULT large_cache_hits=4800
RESULT total_deallocs=4800
RESULT rss_after_kib=3252
RESULT commit_after_kib=100184
RESULT segments_reserved_total=25
.RESULT arm=large_cache_extended_off
RESULT elapsed_ns=369063600
RESULT large_cache_hits=1600
RESULT total_deallocs=4800
RESULT rss_after_kib=3128
RESULT commit_after_kib=34508
RESULT segments_reserved_total=3257
.RESULT arm=large_cache_extended_off
RESULT elapsed_ns=417656300
RESULT large_cache_hits=1600
RESULT total_deallocs=4800
RESULT rss_after_kib=3108
RESULT commit_after_kib=34476
RESULT segments_reserved_total=3257
.RESULT arm=large_cache_extended_on
RESULT elapsed_ns=1070400
RESULT large_cache_hits=4800
RESULT total_deallocs=4800
RESULT rss_after_kib=3252
RESULT commit_after_kib=100176
RESULT segments_reserved_total=25
.RESULT arm=large_cache_extended_on
RESULT elapsed_ns=903000
RESULT large_cache_hits=4800
RESULT total_deallocs=4800
RESULT rss_after_kib=3256
RESULT commit_after_kib=100180
RESULT segments_reserved_total=25
.RESULT arm=large_cache_extended_off
RESULT elapsed_ns=394900100
RESULT large_cache_hits=1600
RESULT total_deallocs=4800
RESULT rss_after_kib=3128
RESULT commit_after_kib=34512
RESULT segments_reserved_total=3257
.RESULT arm=large_cache_extended_off
RESULT elapsed_ns=390282700
RESULT large_cache_hits=1600
RESULT total_deallocs=4800
RESULT rss_after_kib=3108
RESULT commit_after_kib=34468
RESULT segments_reserved_total=3257
.RESULT arm=large_cache_extended_on
RESULT elapsed_ns=1197500
RESULT large_cache_hits=4800
RESULT total_deallocs=4800
RESULT rss_after_kib=3252
RESULT commit_after_kib=100168
RESULT segments_reserved_total=25
.RESULT arm=large_cache_extended_on
RESULT elapsed_ns=1205500
RESULT large_cache_hits=4800
RESULT total_deallocs=4800
RESULT rss_after_kib=3232
RESULT commit_after_kib=100140
RESULT segments_reserved_total=25
.RESULT arm=large_cache_extended_off
RESULT elapsed_ns=369384400
RESULT large_cache_hits=1600
RESULT total_deallocs=4800
RESULT rss_after_kib=3128
RESULT commit_after_kib=34512
RESULT segments_reserved_total=3257
.RESULT arm=large_cache_extended_off
RESULT elapsed_ns=395610100
RESULT large_cache_hits=1600
RESULT total_deallocs=4800
RESULT rss_after_kib=3128
RESULT commit_after_kib=34500
RESULT segments_reserved_total=3257
.RESULT arm=large_cache_extended_on
RESULT elapsed_ns=1454600
RESULT large_cache_hits=4800
RESULT total_deallocs=4800
RESULT rss_after_kib=3236
RESULT commit_after_kib=100140
RESULT segments_reserved_total=25
.RESULT arm=large_cache_extended_on
RESULT elapsed_ns=1474000
RESULT large_cache_hits=4800
RESULT total_deallocs=4800
RESULT rss_after_kib=3252
RESULT commit_after_kib=100172
RESULT segments_reserved_total=25
.RESULT arm=large_cache_extended_off
RESULT elapsed_ns=377596500
RESULT large_cache_hits=1600
RESULT total_deallocs=4800
RESULT rss_after_kib=3108
RESULT commit_after_kib=34468
RESULT segments_reserved_total=3257
.RESULT arm=large_cache_extended_off
RESULT elapsed_ns=387207300
RESULT large_cache_hits=1600
RESULT total_deallocs=4800
RESULT rss_after_kib=3108
RESULT commit_after_kib=34472
RESULT segments_reserved_total=3257
.RESULT arm=large_cache_extended_on
RESULT elapsed_ns=1106900
RESULT large_cache_hits=4800
RESULT total_deallocs=4800
RESULT rss_after_kib=3252
RESULT commit_after_kib=100172
RESULT segments_reserved_total=25
.RESULT arm=large_cache_extended_on
RESULT elapsed_ns=1320500
RESULT large_cache_hits=4800
RESULT total_deallocs=4800
RESULT rss_after_kib=3252
RESULT commit_after_kib=100172
RESULT segments_reserved_total=25
.RESULT arm=large_cache_extended_off
RESULT elapsed_ns=400493000
RESULT large_cache_hits=1600
RESULT total_deallocs=4800
RESULT rss_after_kib=3128
RESULT commit_after_kib=34504
RESULT segments_reserved_total=3257
.RESULT arm=large_cache_extended_off
RESULT elapsed_ns=386836100
RESULT large_cache_hits=1600
RESULT total_deallocs=4800
RESULT rss_after_kib=3128
RESULT commit_after_kib=34512
RESULT segments_reserved_total=3257
.RESULT arm=large_cache_extended_on
RESULT elapsed_ns=1117400
RESULT large_cache_hits=4800
RESULT total_deallocs=4800
RESULT rss_after_kib=3252
RESULT commit_after_kib=100172
RESULT segments_reserved_total=25
.RESULT arm=large_cache_extended_on
RESULT elapsed_ns=946700
RESULT large_cache_hits=4800
RESULT total_deallocs=4800
RESULT rss_after_kib=3252
RESULT commit_after_kib=100172
RESULT segments_reserved_total=25
.RESULT arm=large_cache_extended_off
RESULT elapsed_ns=402571100
RESULT large_cache_hits=1600
RESULT total_deallocs=4800
RESULT rss_after_kib=3124
RESULT commit_after_kib=34492
RESULT segments_reserved_total=3257
.RESULT arm=large_cache_extended_off
RESULT elapsed_ns=389540800
RESULT large_cache_hits=1600
RESULT total_deallocs=4800
RESULT rss_after_kib=3128
RESULT commit_after_kib=34508
RESULT segments_reserved_total=3257
.RESULT arm=large_cache_extended_on
RESULT elapsed_ns=1174900
RESULT large_cache_hits=4800
RESULT total_deallocs=4800
RESULT rss_after_kib=3236
RESULT commit_after_kib=100144
RESULT segments_reserved_total=25
.RESULT arm=large_cache_extended_on
RESULT elapsed_ns=1221700
RESULT large_cache_hits=4800
RESULT total_deallocs=4800
RESULT rss_after_kib=3256
RESULT commit_after_kib=100180
RESULT segments_reserved_total=25
.RESULT arm=large_cache_extended_off
RESULT elapsed_ns=391565300
RESULT large_cache_hits=1600
RESULT total_deallocs=4800
RESULT rss_after_kib=3128
RESULT commit_after_kib=34500
RESULT segments_reserved_total=3257
.RESULT arm=large_cache_extended_off
RESULT elapsed_ns=380055500
RESULT large_cache_hits=1600
RESULT total_deallocs=4800
RESULT rss_after_kib=3128
RESULT commit_after_kib=34508
RESULT segments_reserved_total=3257
.RESULT arm=large_cache_extended_on
RESULT elapsed_ns=1090500
RESULT large_cache_hits=4800
RESULT total_deallocs=4800
RESULT rss_after_kib=3240
RESULT commit_after_kib=100152
RESULT segments_reserved_total=25
.RESULT arm=large_cache_extended_on
RESULT elapsed_ns=1218800
RESULT large_cache_hits=4800
RESULT total_deallocs=4800
RESULT rss_after_kib=3252
RESULT commit_after_kib=100168
RESULT segments_reserved_total=25
.RESULT arm=large_cache_extended_off
RESULT elapsed_ns=401821900
RESULT large_cache_hits=1600
RESULT total_deallocs=4800
RESULT rss_after_kib=3128
RESULT commit_after_kib=34504
RESULT segments_reserved_total=3257
.RESULT arm=large_cache_extended_off
RESULT elapsed_ns=387428400
RESULT large_cache_hits=1600
RESULT total_deallocs=4800
RESULT rss_after_kib=3124
RESULT commit_after_kib=34500
RESULT segments_reserved_total=3257
.RESULT arm=large_cache_extended_on
RESULT elapsed_ns=684200
RESULT large_cache_hits=4800
RESULT total_deallocs=4800
RESULT rss_after_kib=3252
RESULT commit_after_kib=100184
RESULT segments_reserved_total=25
.RESULT arm=large_cache_extended_on
RESULT elapsed_ns=1299000
RESULT large_cache_hits=4800
RESULT total_deallocs=4800
RESULT rss_after_kib=3244
RESULT commit_after_kib=100152
RESULT segments_reserved_total=25
.RESULT arm=large_cache_extended_off
RESULT elapsed_ns=383755400
RESULT large_cache_hits=1600
RESULT total_deallocs=4800
RESULT rss_after_kib=3112
RESULT commit_after_kib=34468
RESULT segments_reserved_total=3257
.RESULT arm=large_cache_extended_off
RESULT elapsed_ns=388064500
RESULT large_cache_hits=1600
RESULT total_deallocs=4800
RESULT rss_after_kib=3128
RESULT commit_after_kib=34504
RESULT segments_reserved_total=3257
.RESULT arm=large_cache_extended_on
RESULT elapsed_ns=1171100
RESULT large_cache_hits=4800
RESULT total_deallocs=4800
RESULT rss_after_kib=3232
RESULT commit_after_kib=100136
RESULT segments_reserved_total=25
.RESULT arm=large_cache_extended_on
RESULT elapsed_ns=1214300
RESULT large_cache_hits=4800
RESULT total_deallocs=4800
RESULT rss_after_kib=3252
RESULT commit_after_kib=100176
RESULT segments_reserved_total=25
.RESULT arm=large_cache_extended_off
RESULT elapsed_ns=407593300
RESULT large_cache_hits=1600
RESULT total_deallocs=4800
RESULT rss_after_kib=3112
RESULT commit_after_kib=34476
RESULT segments_reserved_total=3257
.

  === off vs on (A - B, ns) ===
  n=20  mean Δ=385.668 ms  sd=13.498 ms  se=3.018 ms  t=127.776  df=19  crit(p<0.05)=2.101  => REAL (rejects null)
  sign test: off-faster=0/20  on-faster=20/20  ties=0

[paired-ab] provenance written to D:\dev\rust\sefer-alloc/docs/perf/paired_ab_runs/2026-07-30T19-47-27-515Z.json

[paired-ab] Reading this output: `t` past `crit` (or sign test heavily lopsided, e.g. 17+/20) means a REAL,
  non-noise wall-clock difference on THIS host for THIS workload — mirroring
  docs/perf/R5_R2_CHURN_REGRESSION_PAIRED_AB.md's verdict criteria. A same-vs-same control run
  (--arms sefer,sefer) should show t well under `crit` and a roughly even sign-test split --
  if it does not, that indicates a harness bug (non-reproducible workload, background load
  bleeding into the timed region), not a real self-difference.
