    Finished `bench` profile [optimized] target(s) in 1.07s
warning: the following packages contain code that will be rejected by a future version of Rust: proc-macro-error2 v2.0.1
note: to see what the problems were, use the option `--future-incompat-report`, or run `cargo report future-incompatibilities --id 1`
     Running benches/global_alloc.rs ($HOME/target-ph6b-cand-bt/release/deps/global_alloc-dbcb5f322929efe8)
Gnuplot not found, using plotters backend
Benchmarking global_alloc/SeferAlloc/16B
Benchmarking global_alloc/SeferAlloc/16B: Warming up for 150.00 ms
Benchmarking global_alloc/SeferAlloc/16B: Collecting 10 samples in estimated 600.61 ms (16k iterations)
Benchmarking global_alloc/SeferAlloc/16B: Analyzing
global_alloc/SeferAlloc/16B
                        time:   [37.926 µs 39.689 µs 41.884 µs]
                        change: [-54.209% -33.217% -1.4692%] (p = 0.11 > 0.05)
                        No change in performance detected.
Found 2 outliers among 10 measurements (20.00%)
  1 (10.00%) high mild
  1 (10.00%) high severe
Benchmarking global_alloc/mimalloc/16B
Benchmarking global_alloc/mimalloc/16B: Warming up for 150.00 ms
Benchmarking global_alloc/mimalloc/16B: Collecting 10 samples in estimated 600.13 ms (97k iterations)
Benchmarking global_alloc/mimalloc/16B: Analyzing
global_alloc/mimalloc/16B
                        time:   [4.9958 µs 5.2666 µs 5.5390 µs]
                        change: [-6.3585% +2.0725% +10.107%] (p = 0.66 > 0.05)
                        No change in performance detected.
Benchmarking global_alloc/System/16B
Benchmarking global_alloc/System/16B: Warming up for 150.00 ms
Benchmarking global_alloc/System/16B: Collecting 10 samples in estimated 601.49 ms (20k iterations)
Benchmarking global_alloc/System/16B: Analyzing
global_alloc/System/16B time:   [27.255 µs 29.383 µs 32.020 µs]
                        change: [+64.763% +97.986% +140.65%] (p = 0.00 < 0.05)
                        Performance has regressed.
Found 2 outliers among 10 measurements (20.00%)
  2 (20.00%) high mild
Benchmarking global_alloc/SeferAlloc/64B
Benchmarking global_alloc/SeferAlloc/64B: Warming up for 150.00 ms
Benchmarking global_alloc/SeferAlloc/64B: Collecting 10 samples in estimated 601.93 ms (12k iterations)
Benchmarking global_alloc/SeferAlloc/64B: Analyzing
global_alloc/SeferAlloc/64B
                        time:   [38.694 µs 39.555 µs 40.370 µs]
                        change: [-60.238% -50.507% -35.116%] (p = 0.00 < 0.05)
                        Performance has improved.
Found 3 outliers among 10 measurements (30.00%)
  2 (20.00%) low mild
  1 (10.00%) high severe
Benchmarking global_alloc/System/64B
Benchmarking global_alloc/System/64B: Warming up for 150.00 ms
Benchmarking global_alloc/System/64B: Collecting 10 samples in estimated 601.59 ms (17k iterations)
Benchmarking global_alloc/System/64B: Analyzing
global_alloc/System/64B time:   [26.194 µs 26.578 µs 27.027 µs]
                        change: [-40.338% -23.080% +0.4442%] (p = 0.11 > 0.05)
                        No change in performance detected.
Benchmarking global_alloc/mimalloc/64B
Benchmarking global_alloc/mimalloc/64B: Warming up for 150.00 ms
Benchmarking global_alloc/mimalloc/64B: Collecting 10 samples in estimated 600.24 ms (85k iterations)
Benchmarking global_alloc/mimalloc/64B: Analyzing
global_alloc/mimalloc/64B
                        time:   [6.2123 µs 6.5732 µs 7.5300 µs]
                        change: [-38.234% -16.753% +13.421%] (p = 0.30 > 0.05)
                        No change in performance detected.
Found 1 outliers among 10 measurements (10.00%)
  1 (10.00%) high mild
Benchmarking global_alloc/mimalloc/256B
Benchmarking global_alloc/mimalloc/256B: Warming up for 150.00 ms
Benchmarking global_alloc/mimalloc/256B: Collecting 10 samples in estimated 600.20 ms (71k iterations)
Benchmarking global_alloc/mimalloc/256B: Analyzing
global_alloc/mimalloc/256B
                        time:   [8.3024 µs 9.6976 µs 11.620 µs]
                        change: [-59.851% -44.311% -20.949%] (p = 0.01 < 0.05)
                        Performance has improved.
Found 1 outliers among 10 measurements (10.00%)
  1 (10.00%) high severe
Benchmarking global_alloc/SeferAlloc/256B
Benchmarking global_alloc/SeferAlloc/256B: Warming up for 150.00 ms
Benchmarking global_alloc/SeferAlloc/256B: Collecting 10 samples in estimated 600.06 ms (15k iterations)
Benchmarking global_alloc/SeferAlloc/256B: Analyzing
global_alloc/SeferAlloc/256B
                        time:   [39.235 µs 41.375 µs 46.804 µs]
                        change: [-33.352% -10.283% +19.154%] (p = 0.55 > 0.05)
                        No change in performance detected.
Found 2 outliers among 10 measurements (20.00%)
  2 (20.00%) high severe
Benchmarking global_alloc/System/256B
Benchmarking global_alloc/System/256B: Warming up for 150.00 ms
Benchmarking global_alloc/System/256B: Collecting 10 samples in estimated 600.21 ms (15k iterations)
Benchmarking global_alloc/System/256B: Analyzing
global_alloc/System/256B
                        time:   [35.551 µs 38.734 µs 45.233 µs]
                        change: [-53.133% -40.984% -24.340%] (p = 0.00 < 0.05)
                        Performance has improved.
Found 2 outliers among 10 measurements (20.00%)
  2 (20.00%) high severe
Benchmarking global_alloc/mimalloc/1024B
Benchmarking global_alloc/mimalloc/1024B: Warming up for 150.00 ms
Benchmarking global_alloc/mimalloc/1024B: Collecting 10 samples in estimated 600.44 ms (28k iterations)
Benchmarking global_alloc/mimalloc/1024B: Analyzing
global_alloc/mimalloc/1024B
                        time:   [17.107 µs 18.331 µs 19.165 µs]
                        change: [-38.914% -30.015% -17.946%] (p = 0.00 < 0.05)
                        Performance has improved.
Benchmarking global_alloc/System/1024B
Benchmarking global_alloc/System/1024B: Warming up for 150.00 ms
Benchmarking global_alloc/System/1024B: Collecting 10 samples in estimated 602.36 ms (11k iterations)
Benchmarking global_alloc/System/1024B: Analyzing
global_alloc/System/1024B
                        time:   [49.434 µs 51.905 µs 54.975 µs]
                        change: [-39.674% -27.019% -8.9884%] (p = 0.02 < 0.05)
                        Performance has improved.
Benchmarking global_alloc/SeferAlloc/1024B
Benchmarking global_alloc/SeferAlloc/1024B: Warming up for 150.00 ms
Benchmarking global_alloc/SeferAlloc/1024B: Collecting 10 samples in estimated 600.80 ms (12k iterations)
Benchmarking global_alloc/SeferAlloc/1024B: Analyzing
global_alloc/SeferAlloc/1024B
                        time:   [43.313 µs 44.980 µs 47.331 µs]
                        change: [-38.864% -31.147% -20.759%] (p = 0.00 < 0.05)
                        Performance has improved.
Found 1 outliers among 10 measurements (10.00%)
  1 (10.00%) high mild
Benchmarking global_alloc/manual_realloc_sim/System
Benchmarking global_alloc/manual_realloc_sim/System: Warming up for 150.00 ms
Benchmarking global_alloc/manual_realloc_sim/System: Collecting 10 samples in estimated 600.01 ms (1.0M iterations)
Benchmarking global_alloc/manual_realloc_sim/System: Analyzing
global_alloc/manual_realloc_sim/System
                        time:   [488.31 ns 500.34 ns 509.90 ns]
                        change: [-44.856% -28.358% -4.7975%] (p = 0.05 < 0.05)
                        Performance has improved.
Found 1 outliers among 10 measurements (10.00%)
  1 (10.00%) high mild
Benchmarking global_alloc/manual_realloc_sim/SeferAlloc
Benchmarking global_alloc/manual_realloc_sim/SeferAlloc: Warming up for 150.00 ms
Benchmarking global_alloc/manual_realloc_sim/SeferAlloc: Collecting 10 samples in estimated 600.05 ms (440k iterations)
Benchmarking global_alloc/manual_realloc_sim/SeferAlloc: Analyzing
global_alloc/manual_realloc_sim/SeferAlloc
                        time:   [661.93 ns 750.43 ns 886.66 ns]
                        change: [-64.934% -46.727% -13.339%] (p = 0.05 < 0.05)
                        Performance has improved.
Found 1 outliers among 10 measurements (10.00%)
  1 (10.00%) high severe
Benchmarking global_alloc/manual_realloc_sim/mimalloc
Benchmarking global_alloc/manual_realloc_sim/mimalloc: Warming up for 150.00 ms
Benchmarking global_alloc/manual_realloc_sim/mimalloc: Collecting 10 samples in estimated 600.01 ms (853k iterations)
Benchmarking global_alloc/manual_realloc_sim/mimalloc: Analyzing
global_alloc/manual_realloc_sim/mimalloc
                        time:   [436.98 ns 455.15 ns 472.33 ns]
                        change: [+2.3777% +8.5955% +15.734%] (p = 0.02 < 0.05)
                        Performance has regressed.

Benchmarking global_alloc_churn/System/16B
Benchmarking global_alloc_churn/System/16B: Warming up for 150.00 ms
Benchmarking global_alloc_churn/System/16B: Collecting 10 samples in estimated 600.95 ms (7755 iterations)
Benchmarking global_alloc_churn/System/16B: Analyzing
global_alloc_churn/System/16B
                        time:   [22.695 µs 28.042 µs 33.386 µs]
                        change: [+60.572% +115.29% +176.39%] (p = 0.00 < 0.05)
                        Performance has regressed.
Benchmarking global_alloc_churn/mimalloc/16B
Benchmarking global_alloc_churn/mimalloc/16B: Warming up for 150.00 ms
Benchmarking global_alloc_churn/mimalloc/16B: Collecting 10 samples in estimated 601.58 ms (18k iterations)
Benchmarking global_alloc_churn/mimalloc/16B: Analyzing
global_alloc_churn/mimalloc/16B
                        time:   [10.999 µs 16.024 µs 20.357 µs]
                        change: [-2.7492% +26.293% +65.072%] (p = 0.14 > 0.05)
                        No change in performance detected.
Benchmarking global_alloc_churn/SeferAlloc/16B
Benchmarking global_alloc_churn/SeferAlloc/16B: Warming up for 150.00 ms
Benchmarking global_alloc_churn/SeferAlloc/16B: Collecting 10 samples in estimated 601.21 ms (15k iterations)
Benchmarking global_alloc_churn/SeferAlloc/16B: Analyzing
global_alloc_churn/SeferAlloc/16B
                        time:   [13.886 µs 14.134 µs 14.339 µs]
                        change: [-37.996% -31.255% -24.067%] (p = 0.00 < 0.05)
                        Performance has improved.
Found 1 outliers among 10 measurements (10.00%)
  1 (10.00%) high severe
Benchmarking global_alloc_churn/SeferAlloc/64B
Benchmarking global_alloc_churn/SeferAlloc/64B: Warming up for 150.00 ms
Benchmarking global_alloc_churn/SeferAlloc/64B: Collecting 10 samples in estimated 608.93 ms (3355 iterations)
Benchmarking global_alloc_churn/SeferAlloc/64B: Analyzing
global_alloc_churn/SeferAlloc/64B
                        time:   [14.814 µs 15.992 µs 17.197 µs]
                        change: [-17.157% -8.6343% +1.4589%] (p = 0.13 > 0.05)
                        No change in performance detected.
Found 1 outliers among 10 measurements (10.00%)
  1 (10.00%) high mild
Benchmarking global_alloc_churn/mimalloc/64B
Benchmarking global_alloc_churn/mimalloc/64B: Warming up for 150.00 ms
Benchmarking global_alloc_churn/mimalloc/64B: Collecting 10 samples in estimated 600.33 ms (39k iterations)
Benchmarking global_alloc_churn/mimalloc/64B: Analyzing
global_alloc_churn/mimalloc/64B
                        time:   [8.0691 µs 9.6387 µs 11.041 µs]
                        change: [-39.742% -23.346% -0.1285%] (p = 0.09 > 0.05)
                        No change in performance detected.
Found 1 outliers among 10 measurements (10.00%)
  1 (10.00%) high mild
Benchmarking global_alloc_churn/System/64B
Benchmarking global_alloc_churn/System/64B: Warming up for 150.00 ms
Benchmarking global_alloc_churn/System/64B: Collecting 10 samples in estimated 600.25 ms (20k iterations)
Benchmarking global_alloc_churn/System/64B: Analyzing
global_alloc_churn/System/64B
                        time:   [15.335 µs 16.532 µs 17.261 µs]
                        change: [-48.585% -32.169% -6.8603%] (p = 0.05 < 0.05)
                        Performance has improved.
Benchmarking global_alloc_churn/SeferAlloc/256B
Benchmarking global_alloc_churn/SeferAlloc/256B: Warming up for 150.00 ms
Benchmarking global_alloc_churn/SeferAlloc/256B: Collecting 10 samples in estimated 604.97 ms (3905 iterations)
Benchmarking global_alloc_churn/SeferAlloc/256B: Analyzing
global_alloc_churn/SeferAlloc/256B
                        time:   [13.571 µs 14.494 µs 15.344 µs]
                        change: [-26.445% -19.995% -12.718%] (p = 0.00 < 0.05)
                        Performance has improved.
Benchmarking global_alloc_churn/System/256B
Benchmarking global_alloc_churn/System/256B: Warming up for 150.00 ms
Benchmarking global_alloc_churn/System/256B: Collecting 10 samples in estimated 601.16 ms (11k iterations)
Benchmarking global_alloc_churn/System/256B: Analyzing
global_alloc_churn/System/256B
                        time:   [20.593 µs 21.211 µs 21.707 µs]
                        change: [-59.689% -48.260% -26.809%] (p = 0.01 < 0.05)
                        Performance has improved.
Found 1 outliers among 10 measurements (10.00%)
  1 (10.00%) low severe
Benchmarking global_alloc_churn/mimalloc/256B
Benchmarking global_alloc_churn/mimalloc/256B: Warming up for 150.00 ms
Benchmarking global_alloc_churn/mimalloc/256B: Collecting 10 samples in estimated 601.24 ms (26k iterations)
Benchmarking global_alloc_churn/mimalloc/256B: Analyzing
global_alloc_churn/mimalloc/256B
                        time:   [14.351 µs 17.647 µs 20.141 µs]
                        change: [-55.420% -38.441% -12.860%] (p = 0.02 < 0.05)
                        Performance has improved.
Benchmarking global_alloc_churn/mimalloc/1024B
Benchmarking global_alloc_churn/mimalloc/1024B: Warming up for 150.00 ms
Benchmarking global_alloc_churn/mimalloc/1024B: Collecting 10 samples in estimated 605.90 ms (5005 iterations)
Benchmarking global_alloc_churn/mimalloc/1024B: Analyzing
global_alloc_churn/mimalloc/1024B
                        time:   [83.537 µs 92.756 µs 109.83 µs]
                        change: [+14.731% +28.255% +50.691%] (p = 0.00 < 0.05)
                        Performance has regressed.
Found 1 outliers among 10 measurements (10.00%)
  1 (10.00%) high severe
Benchmarking global_alloc_churn/SeferAlloc/1024B
Benchmarking global_alloc_churn/SeferAlloc/1024B: Warming up for 150.00 ms
Benchmarking global_alloc_churn/SeferAlloc/1024B: Collecting 10 samples in estimated 600.73 ms (1155 iterations)
Benchmarking global_alloc_churn/SeferAlloc/1024B: Analyzing
global_alloc_churn/SeferAlloc/1024B
                        time:   [15.018 µs 17.069 µs 19.036 µs]
                        change: [-16.126% -4.9665% +8.0333%] (p = 0.48 > 0.05)
                        No change in performance detected.
Found 1 outliers among 10 measurements (10.00%)
  1 (10.00%) high mild
Benchmarking global_alloc_churn/System/1024B
Benchmarking global_alloc_churn/System/1024B: Warming up for 150.00 ms
Benchmarking global_alloc_churn/System/1024B: Collecting 10 samples in estimated 608.21 ms (3905 iterations)
Benchmarking global_alloc_churn/System/1024B: Analyzing
global_alloc_churn/System/1024B
                        time:   [27.607 µs 36.418 µs 45.106 µs]
                        change: [-36.263% -16.783% +8.5860%] (p = 0.22 > 0.05)
                        No change in performance detected.
Found 2 outliers among 10 measurements (20.00%)
  2 (20.00%) high mild

Benchmarking global_alloc_churn_with_teardown/mimalloc/16B
Benchmarking global_alloc_churn_with_teardown/mimalloc/16B: Warming up for 150.00 ms
Benchmarking global_alloc_churn_with_teardown/mimalloc/16B: Collecting 10 samples in estimated 600.50 ms (58k iterations)
Benchmarking global_alloc_churn_with_teardown/mimalloc/16B: Analyzing
global_alloc_churn_with_teardown/mimalloc/16B
                        time:   [6.5025 µs 7.0318 µs 7.6274 µs]
                        change: [-9.8706% -3.6494% +3.0407%] (p = 0.33 > 0.05)
                        No change in performance detected.
Found 1 outliers among 10 measurements (10.00%)
  1 (10.00%) high severe
Benchmarking global_alloc_churn_with_teardown/System/16B
Benchmarking global_alloc_churn_with_teardown/System/16B: Warming up for 150.00 ms
Benchmarking global_alloc_churn_with_teardown/System/16B: Collecting 10 samples in estimated 600.75 ms (22k iterations)
Benchmarking global_alloc_churn_with_teardown/System/16B: Analyzing
global_alloc_churn_with_teardown/System/16B
                        time:   [16.843 µs 17.459 µs 17.983 µs]
                        change: [-2.4520% +12.746% +26.290%] (p = 0.10 > 0.05)
                        No change in performance detected.
Benchmarking global_alloc_churn_with_teardown/SeferAlloc/16B
Benchmarking global_alloc_churn_with_teardown/SeferAlloc/16B: Warming up for 150.00 ms
Benchmarking global_alloc_churn_with_teardown/SeferAlloc/16B: Collecting 10 samples in estimated 606.05 ms (4840 iterations)
Benchmarking global_alloc_churn_with_teardown/SeferAlloc/16B: Analyzing
global_alloc_churn_with_teardown/SeferAlloc/16B
                        time:   [19.229 µs 20.314 µs 21.798 µs]
                        change: [-4.2347% +1.3714% +8.4025%] (p = 0.69 > 0.05)
                        No change in performance detected.
Found 1 outliers among 10 measurements (10.00%)
  1 (10.00%) high mild
global_alloc_churn_with_teardown/16B: decommit_calls delta = 0, segments_released_total delta = 0
Benchmarking global_alloc_churn_with_teardown/System/64B
Benchmarking global_alloc_churn_with_teardown/System/64B: Warming up for 150.00 ms
Benchmarking global_alloc_churn_with_teardown/System/64B: Collecting 10 samples in estimated 600.31 ms (15k iterations)
Benchmarking global_alloc_churn_with_teardown/System/64B: Analyzing
global_alloc_churn_with_teardown/System/64B
                        time:   [22.466 µs 29.535 µs 36.728 µs]
                        change: [+29.959% +64.429% +110.28%] (p = 0.00 < 0.05)
                        Performance has regressed.
Benchmarking global_alloc_churn_with_teardown/SeferAlloc/64B
Benchmarking global_alloc_churn_with_teardown/SeferAlloc/64B: Warming up for 150.00 ms
Benchmarking global_alloc_churn_with_teardown/SeferAlloc/64B: Collecting 10 samples in estimated 604.13 ms (1320 iterations)
Benchmarking global_alloc_churn_with_teardown/SeferAlloc/64B: Analyzing
global_alloc_churn_with_teardown/SeferAlloc/64B
                        time:   [22.209 µs 24.559 µs 28.611 µs]
                        change: [-4.4288% +34.407% +100.32%] (p = 0.29 > 0.05)
                        No change in performance detected.
Found 1 outliers among 10 measurements (10.00%)
  1 (10.00%) high severe
Benchmarking global_alloc_churn_with_teardown/mimalloc/64B
Benchmarking global_alloc_churn_with_teardown/mimalloc/64B: Warming up for 150.00 ms
Benchmarking global_alloc_churn_with_teardown/mimalloc/64B: Collecting 10 samples in estimated 600.62 ms (43k iterations)
Benchmarking global_alloc_churn_with_teardown/mimalloc/64B: Analyzing
global_alloc_churn_with_teardown/mimalloc/64B
                        time:   [7.2435 µs 7.5139 µs 8.0711 µs]
                        change: [-11.604% +18.527% +59.300%] (p = 0.37 > 0.05)
                        No change in performance detected.
Found 2 outliers among 10 measurements (20.00%)
  2 (20.00%) high severe
global_alloc_churn_with_teardown/64B: decommit_calls delta = 0, segments_released_total delta = 0
Benchmarking global_alloc_churn_with_teardown/System/256B
Benchmarking global_alloc_churn_with_teardown/System/256B: Warming up for 150.00 ms
Benchmarking global_alloc_churn_with_teardown/System/256B: Collecting 10 samples in estimated 600.72 ms (17k iterations)
Benchmarking global_alloc_churn_with_teardown/System/256B: Analyzing
global_alloc_churn_with_teardown/System/256B
                        time:   [25.015 µs 29.443 µs 33.792 µs]
                        change: [-20.771% +11.700% +54.427%] (p = 0.58 > 0.05)
                        No change in performance detected.
Found 1 outliers among 10 measurements (10.00%)
  1 (10.00%) high mild
Benchmarking global_alloc_churn_with_teardown/mimalloc/256B
Benchmarking global_alloc_churn_with_teardown/mimalloc/256B: Warming up for 150.00 ms
Benchmarking global_alloc_churn_with_teardown/mimalloc/256B: Collecting 10 samples in estimated 600.31 ms (37k iterations)
Benchmarking global_alloc_churn_with_teardown/mimalloc/256B: Analyzing
global_alloc_churn_with_teardown/mimalloc/256B
                        time:   [12.050 µs 14.321 µs 16.052 µs]
                        change: [-35.512% -18.770% +2.3832%] (p = 0.13 > 0.05)
                        No change in performance detected.
Benchmarking global_alloc_churn_with_teardown/SeferAlloc/256B
Benchmarking global_alloc_churn_with_teardown/SeferAlloc/256B: Warming up for 150.00 ms
Benchmarking global_alloc_churn_with_teardown/SeferAlloc/256B: Collecting 10 samples in estimated 610.21 ms (1760 iterations)
Benchmarking global_alloc_churn_with_teardown/SeferAlloc/256B: Analyzing
global_alloc_churn_with_teardown/SeferAlloc/256B
                        time:   [22.982 µs 25.606 µs 28.400 µs]
                        change: [-2.0710% +8.5907% +21.459%] (p = 0.21 > 0.05)
                        No change in performance detected.
global_alloc_churn_with_teardown/256B: decommit_calls delta = 0, segments_released_total delta = 0
Benchmarking global_alloc_churn_with_teardown/SeferAlloc/1024B
Benchmarking global_alloc_churn_with_teardown/SeferAlloc/1024B: Warming up for 150.00 ms
Benchmarking global_alloc_churn_with_teardown/SeferAlloc/1024B: Collecting 10 samples in estimated 637.19 ms (935 iterations)
Benchmarking global_alloc_churn_with_teardown/SeferAlloc/1024B: Analyzing
global_alloc_churn_with_teardown/SeferAlloc/1024B
                        time:   [26.358 µs 35.919 µs 45.068 µs]
                        change: [-28.874% -10.128% +16.089%] (p = 0.44 > 0.05)
                        No change in performance detected.
Found 2 outliers among 10 measurements (20.00%)
  1 (10.00%) high mild
  1 (10.00%) high severe
Benchmarking global_alloc_churn_with_teardown/mimalloc/1024B
Benchmarking global_alloc_churn_with_teardown/mimalloc/1024B: Warming up for 150.00 ms
Benchmarking global_alloc_churn_with_teardown/mimalloc/1024B: Collecting 10 samples in estimated 601.28 ms (7975 iterations)
Benchmarking global_alloc_churn_with_teardown/mimalloc/1024B: Analyzing
global_alloc_churn_with_teardown/mimalloc/1024B
                        time:   [24.283 µs 28.675 µs 33.932 µs]
                        change: [+26.200% +61.006% +109.14%] (p = 0.00 < 0.05)
                        Performance has regressed.
Benchmarking global_alloc_churn_with_teardown/System/1024B
Benchmarking global_alloc_churn_with_teardown/System/1024B: Warming up for 150.00 ms
Benchmarking global_alloc_churn_with_teardown/System/1024B: Collecting 10 samples in estimated 605.70 ms (5500 iterations)
Benchmarking global_alloc_churn_with_teardown/System/1024B: Analyzing
global_alloc_churn_with_teardown/System/1024B
                        time:   [21.110 µs 25.408 µs 30.044 µs]
                        change: [-9.8178% +8.3536% +31.193%] (p = 0.47 > 0.05)
                        No change in performance detected.
Found 1 outliers among 10 measurements (10.00%)
  1 (10.00%) high mild
global_alloc_churn_with_teardown/1024B: decommit_calls delta = 0, segments_released_total delta = 0

Benchmarking global_alloc_churn_write/SeferAlloc/16B
Benchmarking global_alloc_churn_write/SeferAlloc/16B: Warming up for 150.00 ms
Benchmarking global_alloc_churn_write/SeferAlloc/16B: Collecting 10 samples in estimated 603.90 ms (4785 iterations)
Benchmarking global_alloc_churn_write/SeferAlloc/16B: Analyzing
global_alloc_churn_write/SeferAlloc/16B
                        time:   [15.763 µs 16.995 µs 18.033 µs]
                        change: [-4.7079% +3.8190% +12.843%] (p = 0.42 > 0.05)
                        No change in performance detected.
Benchmarking global_alloc_churn_write/System/16B
Benchmarking global_alloc_churn_write/System/16B: Warming up for 150.00 ms
Benchmarking global_alloc_churn_write/System/16B: Collecting 10 samples in estimated 600.76 ms (21k iterations)
Benchmarking global_alloc_churn_write/System/16B: Analyzing
global_alloc_churn_write/System/16B
                        time:   [11.927 µs 16.266 µs 19.743 µs]
                        change: [-4.1971% +13.916% +39.544%] (p = 0.24 > 0.05)
                        No change in performance detected.
Found 2 outliers among 10 measurements (20.00%)
  2 (20.00%) high severe
Benchmarking global_alloc_churn_write/mimalloc/16B
Benchmarking global_alloc_churn_write/mimalloc/16B: Warming up for 150.00 ms
Benchmarking global_alloc_churn_write/mimalloc/16B: Collecting 10 samples in estimated 600.93 ms (30k iterations)
Benchmarking global_alloc_churn_write/mimalloc/16B: Analyzing
global_alloc_churn_write/mimalloc/16B
                        time:   [6.7786 µs 7.8373 µs 8.8456 µs]
                        change: [-31.259% -20.452% -6.4702%] (p = 0.02 < 0.05)
                        Performance has improved.
Found 1 outliers among 10 measurements (10.00%)
  1 (10.00%) high mild
Benchmarking global_alloc_churn_write/mimalloc/64B
Benchmarking global_alloc_churn_write/mimalloc/64B: Warming up for 150.00 ms
Benchmarking global_alloc_churn_write/mimalloc/64B: Collecting 10 samples in estimated 600.43 ms (37k iterations)
Benchmarking global_alloc_churn_write/mimalloc/64B: Analyzing
global_alloc_churn_write/mimalloc/64B
                        time:   [8.6263 µs 14.034 µs 19.394 µs]
                        change: [+0.9327% +33.024% +73.540%] (p = 0.09 > 0.05)
                        No change in performance detected.
Found 2 outliers among 10 measurements (20.00%)
  1 (10.00%) high mild
  1 (10.00%) high severe
Benchmarking global_alloc_churn_write/SeferAlloc/64B
Benchmarking global_alloc_churn_write/SeferAlloc/64B: Warming up for 150.00 ms
Benchmarking global_alloc_churn_write/SeferAlloc/64B: Collecting 10 samples in estimated 607.31 ms (1540 iterations)
Benchmarking global_alloc_churn_write/SeferAlloc/64B: Analyzing
global_alloc_churn_write/SeferAlloc/64B
                        time:   [17.271 µs 21.291 µs 24.761 µs]
                        change: [-6.0451% +8.4188% +24.871%] (p = 0.33 > 0.05)
                        No change in performance detected.
Benchmarking global_alloc_churn_write/System/64B
Benchmarking global_alloc_churn_write/System/64B: Warming up for 150.00 ms
Benchmarking global_alloc_churn_write/System/64B: Collecting 10 samples in estimated 601.11 ms (24k iterations)
Benchmarking global_alloc_churn_write/System/64B: Analyzing
global_alloc_churn_write/System/64B
                        time:   [14.043 µs 16.992 µs 18.938 µs]
                        change: [-8.9861% +7.5395% +24.344%] (p = 0.40 > 0.05)
                        No change in performance detected.
Benchmarking global_alloc_churn_write/mimalloc/256B
Benchmarking global_alloc_churn_write/mimalloc/256B: Warming up for 150.00 ms
Benchmarking global_alloc_churn_write/mimalloc/256B: Collecting 10 samples in estimated 600.34 ms (22k iterations)
Benchmarking global_alloc_churn_write/mimalloc/256B: Analyzing
global_alloc_churn_write/mimalloc/256B
                        time:   [12.301 µs 14.404 µs 16.125 µs]
                        change: [-33.009% -15.175% +4.8744%] (p = 0.19 > 0.05)
                        No change in performance detected.
Benchmarking global_alloc_churn_write/System/256B
Benchmarking global_alloc_churn_write/System/256B: Warming up for 150.00 ms
Benchmarking global_alloc_churn_write/System/256B: Collecting 10 samples in estimated 600.00 ms (13k iterations)
Benchmarking global_alloc_churn_write/System/256B: Analyzing
global_alloc_churn_write/System/256B
                        time:   [12.936 µs 14.348 µs 15.052 µs]
                        change: [-23.971% -11.257% +2.4433%] (p = 0.18 > 0.05)
                        No change in performance detected.
Benchmarking global_alloc_churn_write/SeferAlloc/256B
Benchmarking global_alloc_churn_write/SeferAlloc/256B: Warming up for 150.00 ms
Benchmarking global_alloc_churn_write/SeferAlloc/256B: Collecting 10 samples in estimated 600.42 ms (1815 iterations)
Benchmarking global_alloc_churn_write/SeferAlloc/256B: Analyzing
global_alloc_churn_write/SeferAlloc/256B
                        time:   [15.633 µs 17.547 µs 19.241 µs]
                        change: [-17.495% -9.8567% -1.0497%] (p = 0.06 > 0.05)
                        No change in performance detected.
Found 1 outliers among 10 measurements (10.00%)
  1 (10.00%) high severe
Benchmarking global_alloc_churn_write/System/1024B
Benchmarking global_alloc_churn_write/System/1024B: Warming up for 150.00 ms
Benchmarking global_alloc_churn_write/System/1024B: Collecting 10 samples in estimated 609.03 ms (3025 iterations)
Benchmarking global_alloc_churn_write/System/1024B: Analyzing
global_alloc_churn_write/System/1024B
                        time:   [14.617 µs 16.435 µs 18.950 µs]
                        change: [-21.336% +0.1107% +26.158%] (p = 1.00 > 0.05)
                        No change in performance detected.
Found 1 outliers among 10 measurements (10.00%)
  1 (10.00%) high mild
Benchmarking global_alloc_churn_write/SeferAlloc/1024B
Benchmarking global_alloc_churn_write/SeferAlloc/1024B: Warming up for 150.00 ms
Benchmarking global_alloc_churn_write/SeferAlloc/1024B: Collecting 10 samples in estimated 630.13 ms (990 iterations)
Benchmarking global_alloc_churn_write/SeferAlloc/1024B: Analyzing
global_alloc_churn_write/SeferAlloc/1024B
                        time:   [22.130 µs 27.011 µs 34.379 µs]
                        change: [+2.7910% +31.273% +64.249%] (p = 0.05 < 0.05)
                        Performance has regressed.
Found 1 outliers among 10 measurements (10.00%)
  1 (10.00%) high mild
Benchmarking global_alloc_churn_write/mimalloc/1024B
Benchmarking global_alloc_churn_write/mimalloc/1024B: Warming up for 150.00 ms
Benchmarking global_alloc_churn_write/mimalloc/1024B: Collecting 10 samples in estimated 604.09 ms (6160 iterations)
Benchmarking global_alloc_churn_write/mimalloc/1024B: Analyzing
global_alloc_churn_write/mimalloc/1024B
                        time:   [70.841 µs 80.809 µs 88.307 µs]
                        change: [-11.377% -2.6485% +7.1328%] (p = 0.61 > 0.05)
                        No change in performance detected.
Found 2 outliers among 10 measurements (20.00%)
  2 (20.00%) high mild

Benchmarking segment_decommit_cycle/System/253KiB
Benchmarking segment_decommit_cycle/System/253KiB: Warming up for 150.00 ms
Benchmarking segment_decommit_cycle/System/253KiB: Collecting 10 samples in estimated 600.07 ms (232k iterations)
Benchmarking segment_decommit_cycle/System/253KiB: Analyzing
segment_decommit_cycle/System/253KiB
                        time:   [1.7574 µs 1.8837 µs 1.9850 µs]
                        change: [+2.8981% +8.8434% +15.388%] (p = 0.02 < 0.05)
                        Performance has regressed.
Benchmarking segment_decommit_cycle/mimalloc/253KiB
Benchmarking segment_decommit_cycle/mimalloc/253KiB: Warming up for 150.00 ms
Benchmarking segment_decommit_cycle/mimalloc/253KiB: Collecting 10 samples in estimated 600.13 ms (168k iterations)
Benchmarking segment_decommit_cycle/mimalloc/253KiB: Analyzing
segment_decommit_cycle/mimalloc/253KiB
                        time:   [2.5822 µs 2.7268 µs 2.8398 µs]
                        change: [+5.7126% +9.8178% +13.672%] (p = 0.00 < 0.05)
                        Performance has regressed.
Found 2 outliers among 10 measurements (20.00%)
  1 (10.00%) low severe
  1 (10.00%) low mild
Benchmarking segment_decommit_cycle/SeferAlloc/253KiB
Benchmarking segment_decommit_cycle/SeferAlloc/253KiB: Warming up for 150.00 ms
Benchmarking segment_decommit_cycle/SeferAlloc/253KiB: Collecting 10 samples in estimated 662.92 ms (385 iterations)
Benchmarking segment_decommit_cycle/SeferAlloc/253KiB: Analyzing
segment_decommit_cycle/SeferAlloc/253KiB
                        time:   [1.5465 ms 1.6548 ms 1.7808 ms]
                        change: [-2.3252% +5.5139% +15.004%] (p = 0.25 > 0.05)
                        No change in performance detected.
Found 1 outliers among 10 measurements (10.00%)
  1 (10.00%) high mild

Benchmarking working_set_cycle/SeferAlloc/16B
Benchmarking working_set_cycle/SeferAlloc/16B: Warming up for 150.00 ms
Benchmarking working_set_cycle/SeferAlloc/16B: Collecting 10 samples in estimated 748.73 ms (110 iterations)
Benchmarking working_set_cycle/SeferAlloc/16B: Analyzing
working_set_cycle/SeferAlloc/16B
                        time:   [239.30 µs 244.34 µs 249.05 µs]
                        change: [-3.6065% -0.4339% +2.8804%] (p = 0.81 > 0.05)
                        No change in performance detected.
working_set_cycle/SeferAlloc/16B: decommit_calls delta = 0, segments_released_total delta = 0
Benchmarking working_set_cycle/SeferAlloc/64B
Benchmarking working_set_cycle/SeferAlloc/64B: Warming up for 150.00 ms
Benchmarking working_set_cycle/SeferAlloc/64B: Collecting 10 samples in estimated 830.01 ms (30 iterations)
Benchmarking working_set_cycle/SeferAlloc/64B: Analyzing
working_set_cycle/SeferAlloc/64B
                        time:   [279.41 µs 625.94 µs 1.1856 ms]
                        change: [+7.7887% +141.06% +358.56%] (p = 0.17 > 0.05)
                        No change in performance detected.
Found 2 outliers among 10 measurements (20.00%)
  2 (20.00%) high severe
working_set_cycle/SeferAlloc/64B: decommit_calls delta = 0, segments_released_total delta = 0
Benchmarking working_set_cycle/SeferAlloc/256B
Benchmarking working_set_cycle/SeferAlloc/256B: Warming up for 150.00 ms
Benchmarking working_set_cycle/SeferAlloc/256B: Collecting 10 samples in estimated 905.07 ms (20 iterations)
Benchmarking working_set_cycle/SeferAlloc/256B: Analyzing
working_set_cycle/SeferAlloc/256B
                        time:   [269.04 µs 292.46 µs 316.98 µs]
                        change: [-1.1625% +10.041% +21.873%] (p = 0.10 > 0.05)
                        No change in performance detected.
working_set_cycle/SeferAlloc/256B: decommit_calls delta = 0, segments_released_total delta = 0
Benchmarking working_set_cycle/SeferAlloc/1024B
Benchmarking working_set_cycle/SeferAlloc/1024B: Warming up for 150.00 ms

Warning: Unable to complete 10 samples in 600.0ms. You may wish to increase target time to 792.1ms.
Benchmarking working_set_cycle/SeferAlloc/1024B: Collecting 10 samples in estimated 792.08 ms (10 iterations)
Benchmarking working_set_cycle/SeferAlloc/1024B: Analyzing
working_set_cycle/SeferAlloc/1024B
                        time:   [307.33 µs 345.75 µs 382.84 µs]
                        change: [+17.501% +33.799% +52.327%] (p = 0.00 < 0.05)
                        Performance has regressed.
working_set_cycle/SeferAlloc/1024B: decommit_calls delta = 0, segments_released_total delta = 0

