# TRUNCATED — omitted build progress, unselected benchmark blocks and elapsed-time/derived comparison output; selected current-run metrics retained verbatim.
# Full output reproduction: node scripts/r16_perf84_iai.mjs --run A2 (fresh receipt location required; driver refuses overwrites).
# Sanitized full-output SHA-256: ebd37be899b1d46539e3379df6184fe8c930e657ca34b0581b0670c4c1240bf3
[iai] wsl: <repo>/target/r16-perf84/A
[iai] features: production bench-internals internals | target: "$PWD/target"
[iai] filter: dealloc_free_only_16b_n16, dealloc_free_only_16b_n17, dealloc_free_only_16b_n32, dealloc_prealloc_only_16b, dealloc_free_only_16b_n8, dealloc_free_only_16b_n9, dealloc_flush_class_only_16b_prefix, dealloc_flush_class_only_16b, alloc_clear_magazine_only_16b_prefix, alloc_clear_magazine_only_16b, alloc_magazine_hit_only_16b, small_churn_16b, small_churn_16b_2n, dealloc_flush_all_tcache_16b_prefix, dealloc_flush_all_tcache_16b
[iai] runner already installed: 0.14.2 (skip install)
[iai] running benches...
perf_gate_iai::perf_gate::small_churn_16b
  Instructions:                       57518|57518                (No change)
  L1 Hits:                           103971|103971               (No change)
  L2 Hits:                              181|181                  (No change)
  RAM Hits:                            1101|1101                 (No change)
  Total read+write:                  105253|105253               (No change)
  Estimated Cycles:                  143411|143411               (No change)
perf_gate_iai::perf_gate::small_churn_16b_2n
  Instructions:                       63662|63662                (No change)
  L1 Hits:                           111844|111844               (No change)
  L2 Hits:                              181|181                  (No change)
  RAM Hits:                            1100|1100                 (No change)
  Total read+write:                  113125|113125               (No change)
  Estimated Cycles:                  151249|151249               (No change)
perf_gate_iai::perf_gate::dealloc_prealloc_only_16b
  Instructions:                       63472|63472                (No change)
  L1 Hits:                           112162|112162               (No change)
  L2 Hits:                              167|167                  (No change)
  RAM Hits:                            1070|1070                 (No change)
  Total read+write:                  113399|113399               (No change)
  Estimated Cycles:                  150447|150447               (No change)
perf_gate_iai::perf_gate::alloc_magazine_hit_only_16b
  Instructions:                       57207|57207                (No change)
  L1 Hits:                           103544|103544               (No change)
  L2 Hits:                              166|166                  (No change)
  RAM Hits:                            1076|1076                 (No change)
  Total read+write:                  104786|104786               (No change)
  Estimated Cycles:                  142034|142034               (No change)
perf_gate_iai::perf_gate::dealloc_free_only_16b_n8
  Instructions:                       64043|64043                (No change)
  L1 Hits:                           112897|112897               (No change)
  L2 Hits:                              167|167                  (No change)
  RAM Hits:                            1081|1081                 (No change)
  Total read+write:                  114145|114145               (No change)
  Estimated Cycles:                  151567|151567               (No change)
perf_gate_iai::perf_gate::dealloc_free_only_16b_n9
  Instructions:                       64113|64113                (No change)
  L1 Hits:                           112988|112988               (No change)
  L2 Hits:                              167|167                  (No change)
  RAM Hits:                            1081|1081                 (No change)
  Total read+write:                  114236|114236               (No change)
  Estimated Cycles:                  151658|151658               (No change)
perf_gate_iai::perf_gate::dealloc_free_only_16b_n16
  Instructions:                       64603|64603                (No change)
  L1 Hits:                           113626|113626               (No change)
  L2 Hits:                              167|167                  (No change)
  RAM Hits:                            1080|1080                 (No change)
  Total read+write:                  114873|114873               (No change)
  Estimated Cycles:                  152261|152261               (No change)
perf_gate_iai::perf_gate::dealloc_free_only_16b_n17
  Instructions:                       65416|65416                (No change)
  L1 Hits:                           114652|114652               (No change)
  L2 Hits:                              167|167                  (No change)
  RAM Hits:                            1104|1104                 (No change)
  Total read+write:                  115923|115923               (No change)
  Estimated Cycles:                  154127|154127               (No change)
perf_gate_iai::perf_gate::dealloc_free_only_16b_n32
  Instructions:                       67205|67205                (No change)
  L1 Hits:                           116968|116968               (No change)
  L2 Hits:                              167|167                  (No change)
  RAM Hits:                            1106|1106                 (No change)
  Total read+write:                  118241|118241               (No change)
  Estimated Cycles:                  156513|156513               (No change)
perf_gate_iai::perf_gate::dealloc_flush_class_only_16b_prefix
  Instructions:                       51770|51770                (No change)
  L1 Hits:                            96575|96575                (No change)
  L2 Hits:                              166|166                  (No change)
  RAM Hits:                            1092|1092                 (No change)
  Total read+write:                   97833|97833                (No change)
  Estimated Cycles:                  135625|135625               (No change)
perf_gate_iai::perf_gate::dealloc_flush_class_only_16b
  Instructions:                       52276|52276                (No change)
  L1 Hits:                            97212|97212                (No change)
  L2 Hits:                              166|166                  (No change)
  RAM Hits:                            1110|1110                 (No change)
  Total read+write:                   98488|98488                (No change)
  Estimated Cycles:                  136892|136892               (No change)
perf_gate_iai::perf_gate::dealloc_flush_all_tcache_16b_prefix
  Instructions:                       52391|52391                (No change)
  L1 Hits:                            97386|97386                (No change)
  L2 Hits:                              165|165                  (No change)
  RAM Hits:                            1076|1076                 (No change)
  Total read+write:                   98627|98627                (No change)
  Estimated Cycles:                  135871|135871               (No change)
perf_gate_iai::perf_gate::dealloc_flush_all_tcache_16b
  Instructions:                       54209|54209                (No change)
  L1 Hits:                            99613|99613                (No change)
  L2 Hits:                              166|166                  (No change)
  RAM Hits:                            1100|1100                 (No change)
  Total read+write:                  100879|100879               (No change)
  Estimated Cycles:                  138943|138943               (No change)
perf_gate_iai::perf_gate::alloc_clear_magazine_only_16b_prefix
  Instructions:                       52393|52393                (No change)
  L1 Hits:                            97394|97394                (No change)
  L2 Hits:                              163|163                  (No change)
  RAM Hits:                            1076|1076                 (No change)
  Total read+write:                   98633|98633                (No change)
  Estimated Cycles:                  135869|135869               (No change)
perf_gate_iai::perf_gate::alloc_clear_magazine_only_16b
  Instructions:                       52576|52576                (No change)
  L1 Hits:                            97589|97589                (No change)
  L2 Hits:                              165|165                  (No change)
  RAM Hits:                            1087|1087                 (No change)
  Total read+write:                   98841|98841                (No change)
  Estimated Cycles:                  136459|136459               (No change)
  bench                                           Ir            L1            L2           RAM     EstCycles        Ir/op*
  ------------------------------------  ------------  ------------  ------------  ------------  ------------  ------------
  small_churn_16b                             57,518       103,971           181         1,101       143,411         120.3
  small_churn_16b_2n                          63,662       111,844           181         1,100       151,249             -
  dealloc_prealloc_only_16b                   63,472       112,162           167         1,070       150,447             -
  alloc_magazine_hit_only_16b                 57,207       103,544           166         1,076       142,034             -
  dealloc_free_only_16b_n8                    64,043       112,897           167         1,081       151,567             -
  dealloc_free_only_16b_n9                    64,113       112,988           167         1,081       151,658             -
  dealloc_free_only_16b_n16                   64,603       113,626           167         1,080       152,261             -
  dealloc_free_only_16b_n17                   65,416       114,652           167         1,104       154,127             -
  dealloc_free_only_16b_n32                   67,205       116,968           167         1,106       156,513             -
  dealloc_flush_class_only_16b_prefix         51,770        96,575           166         1,092       135,625             -
  dealloc_flush_class_only_16b                52,276        97,212           166         1,110       136,892             -
  dealloc_flush_all_tcache_16b_prefix         52,391        97,386           165         1,076       135,871             -
  dealloc_flush_all_tcache_16b                54,209        99,613           166         1,100       138,943             -
  alloc_clear_magazine_only_16b_prefix        52,393        97,394           163         1,076       135,869             -
  alloc_clear_magazine_only_16b               52,576        97,589           165         1,087       136,459             -
  ---------------  ------------  ------------  ------------
[iai] PASS — 17 bench(es) produced Ir
