[paired-ab] --config has no "build" step; assuming arm commands are already built.

[paired-ab] cap4 vs cap8 — 20 pairs, A/B/B/A protocol
RESULT arm=cap4
RESULT elapsed_ns=93284200
RESULT segments_reserved_total=16
RESULT rss_after_kib=30476
RESULT commit_after_kib=29956
RESULT decommit_calls_total=9
.RESULT arm=cap8
RESULT elapsed_ns=86394300
RESULT segments_reserved_total=8
RESULT rss_after_kib=34588
RESULT commit_after_kib=34068
RESULT decommit_calls_total=0
.RESULT arm=cap8
RESULT elapsed_ns=60437400
RESULT segments_reserved_total=8
RESULT rss_after_kib=34588
RESULT commit_after_kib=34064
RESULT decommit_calls_total=0
.RESULT arm=cap4
RESULT elapsed_ns=92904000
RESULT segments_reserved_total=16
RESULT rss_after_kib=30476
RESULT commit_after_kib=29944
RESULT decommit_calls_total=9
.RESULT arm=cap4
RESULT elapsed_ns=102746600
RESULT segments_reserved_total=16
RESULT rss_after_kib=30464
RESULT commit_after_kib=29932
RESULT decommit_calls_total=9
.RESULT arm=cap8
RESULT elapsed_ns=67787000
RESULT segments_reserved_total=8
RESULT rss_after_kib=34564
RESULT commit_after_kib=34028
RESULT decommit_calls_total=0
.RESULT arm=cap8
RESULT elapsed_ns=74226600
RESULT segments_reserved_total=8
RESULT rss_after_kib=34564
RESULT commit_after_kib=34024
RESULT decommit_calls_total=0
.RESULT arm=cap4
RESULT elapsed_ns=84396300
RESULT segments_reserved_total=16
RESULT rss_after_kib=30476
RESULT commit_after_kib=29952
RESULT decommit_calls_total=9
.RESULT arm=cap4
RESULT elapsed_ns=100164500
RESULT segments_reserved_total=16
RESULT rss_after_kib=30476
RESULT commit_after_kib=29952
RESULT decommit_calls_total=9
.RESULT arm=cap8
RESULT elapsed_ns=68349300
RESULT segments_reserved_total=8
RESULT rss_after_kib=34576
RESULT commit_after_kib=34044
RESULT decommit_calls_total=0
.RESULT arm=cap8
RESULT elapsed_ns=70899600
RESULT segments_reserved_total=8
RESULT rss_after_kib=34576
RESULT commit_after_kib=34040
RESULT decommit_calls_total=0
.RESULT arm=cap4
RESULT elapsed_ns=96775500
RESULT segments_reserved_total=16
RESULT rss_after_kib=30484
RESULT commit_after_kib=29960
RESULT decommit_calls_total=9
.RESULT arm=cap4
RESULT elapsed_ns=103065700
RESULT segments_reserved_total=16
RESULT rss_after_kib=30476
RESULT commit_after_kib=29960
RESULT decommit_calls_total=9
.RESULT arm=cap8
RESULT elapsed_ns=88290800
RESULT segments_reserved_total=8
RESULT rss_after_kib=34580
RESULT commit_after_kib=34052
RESULT decommit_calls_total=0
.RESULT arm=cap8
RESULT elapsed_ns=80854600
RESULT segments_reserved_total=8
RESULT rss_after_kib=34564
RESULT commit_after_kib=34024
RESULT decommit_calls_total=0
.RESULT arm=cap4
RESULT elapsed_ns=100608500
RESULT segments_reserved_total=16
RESULT rss_after_kib=30476
RESULT commit_after_kib=29952
RESULT decommit_calls_total=9
.RESULT arm=cap4
RESULT elapsed_ns=98329800
RESULT segments_reserved_total=16
RESULT rss_after_kib=30484
RESULT commit_after_kib=29960
RESULT decommit_calls_total=9
.RESULT arm=cap8
RESULT elapsed_ns=88488200
RESULT segments_reserved_total=8
RESULT rss_after_kib=34584
RESULT commit_after_kib=34060
RESULT decommit_calls_total=0
.RESULT arm=cap8
RESULT elapsed_ns=109282300
RESULT segments_reserved_total=8
RESULT rss_after_kib=34576
RESULT commit_after_kib=34056
RESULT decommit_calls_total=0
.RESULT arm=cap4
RESULT elapsed_ns=87889500
RESULT segments_reserved_total=16
RESULT rss_after_kib=30476
RESULT commit_after_kib=29956
RESULT decommit_calls_total=9
.RESULT arm=cap4
RESULT elapsed_ns=111066700
RESULT segments_reserved_total=16
RESULT rss_after_kib=30488
RESULT commit_after_kib=29964
RESULT decommit_calls_total=9
.RESULT arm=cap8
RESULT elapsed_ns=69222500
RESULT segments_reserved_total=8
RESULT rss_after_kib=34572
RESULT commit_after_kib=34048
RESULT decommit_calls_total=0
.RESULT arm=cap8
RESULT elapsed_ns=68374600
RESULT segments_reserved_total=8
RESULT rss_after_kib=34576
RESULT commit_after_kib=34048
RESULT decommit_calls_total=0
.RESULT arm=cap4
RESULT elapsed_ns=106386900
RESULT segments_reserved_total=16
RESULT rss_after_kib=30476
RESULT commit_after_kib=29952
RESULT decommit_calls_total=9
.RESULT arm=cap4
RESULT elapsed_ns=108610600
RESULT segments_reserved_total=16
RESULT rss_after_kib=30496
RESULT commit_after_kib=29972
RESULT decommit_calls_total=9
.RESULT arm=cap8
RESULT elapsed_ns=76142900
RESULT segments_reserved_total=8
RESULT rss_after_kib=34584
RESULT commit_after_kib=34060
RESULT decommit_calls_total=0
.RESULT arm=cap8
RESULT elapsed_ns=74676100
RESULT segments_reserved_total=8
RESULT rss_after_kib=34584
RESULT commit_after_kib=34064
RESULT decommit_calls_total=0
.RESULT arm=cap4
RESULT elapsed_ns=78249600
RESULT segments_reserved_total=16
RESULT rss_after_kib=30484
RESULT commit_after_kib=29956
RESULT decommit_calls_total=9
.RESULT arm=cap4
RESULT elapsed_ns=88593000
RESULT segments_reserved_total=16
RESULT rss_after_kib=30476
RESULT commit_after_kib=29956
RESULT decommit_calls_total=9
.RESULT arm=cap8
RESULT elapsed_ns=69314100
RESULT segments_reserved_total=8
RESULT rss_after_kib=34564
RESULT commit_after_kib=34032
RESULT decommit_calls_total=0
.RESULT arm=cap8
RESULT elapsed_ns=67824200
RESULT segments_reserved_total=8
RESULT rss_after_kib=34576
RESULT commit_after_kib=34036
RESULT decommit_calls_total=0
.RESULT arm=cap4
RESULT elapsed_ns=105531200
RESULT segments_reserved_total=16
RESULT rss_after_kib=30476
RESULT commit_after_kib=29960
RESULT decommit_calls_total=9
.RESULT arm=cap4
RESULT elapsed_ns=96637400
RESULT segments_reserved_total=16
RESULT rss_after_kib=30484
RESULT commit_after_kib=29960
RESULT decommit_calls_total=9
.RESULT arm=cap8
RESULT elapsed_ns=67923700
RESULT segments_reserved_total=8
RESULT rss_after_kib=34576
RESULT commit_after_kib=34056
RESULT decommit_calls_total=0
.RESULT arm=cap8
RESULT elapsed_ns=68693000
RESULT segments_reserved_total=8
RESULT rss_after_kib=34588
RESULT commit_after_kib=34064
RESULT decommit_calls_total=0
.RESULT arm=cap4
RESULT elapsed_ns=99926800
RESULT segments_reserved_total=16
RESULT rss_after_kib=30480
RESULT commit_after_kib=29960
RESULT decommit_calls_total=9
.RESULT arm=cap4
RESULT elapsed_ns=99531500
RESULT segments_reserved_total=16
RESULT rss_after_kib=30472
RESULT commit_after_kib=29936
RESULT decommit_calls_total=9
.RESULT arm=cap8
RESULT elapsed_ns=71508300
RESULT segments_reserved_total=8
RESULT rss_after_kib=34576
RESULT commit_after_kib=34060
RESULT decommit_calls_total=0
.RESULT arm=cap8
RESULT elapsed_ns=70658000
RESULT segments_reserved_total=8
RESULT rss_after_kib=34584
RESULT commit_after_kib=34056
RESULT decommit_calls_total=0
.RESULT arm=cap4
RESULT elapsed_ns=97529700
RESULT segments_reserved_total=16
RESULT rss_after_kib=30464
RESULT commit_after_kib=29928
RESULT decommit_calls_total=9
.RESULT arm=cap4
RESULT elapsed_ns=95090400
RESULT segments_reserved_total=16
RESULT rss_after_kib=30476
RESULT commit_after_kib=29948
RESULT decommit_calls_total=9
.RESULT arm=cap8
RESULT elapsed_ns=89111000
RESULT segments_reserved_total=8
RESULT rss_after_kib=34564
RESULT commit_after_kib=34032
RESULT decommit_calls_total=0
.RESULT arm=cap8
RESULT elapsed_ns=80711700
RESULT segments_reserved_total=8
RESULT rss_after_kib=34576
RESULT commit_after_kib=34056
RESULT decommit_calls_total=0
.RESULT arm=cap4
RESULT elapsed_ns=85935200
RESULT segments_reserved_total=16
RESULT rss_after_kib=30484
RESULT commit_after_kib=29952
RESULT decommit_calls_total=9
.RESULT arm=cap4
RESULT elapsed_ns=106626100
RESULT segments_reserved_total=16
RESULT rss_after_kib=30488
RESULT commit_after_kib=29968
RESULT decommit_calls_total=9
.RESULT arm=cap8
RESULT elapsed_ns=63148300
RESULT segments_reserved_total=8
RESULT rss_after_kib=34576
RESULT commit_after_kib=34048
RESULT decommit_calls_total=0
.RESULT arm=cap8
RESULT elapsed_ns=66252900
RESULT segments_reserved_total=8
RESULT rss_after_kib=34584
RESULT commit_after_kib=34064
RESULT decommit_calls_total=0
.RESULT arm=cap4
RESULT elapsed_ns=96675000
RESULT segments_reserved_total=16
RESULT rss_after_kib=30476
RESULT commit_after_kib=29960
RESULT decommit_calls_total=9
.RESULT arm=cap4
RESULT elapsed_ns=90187200
RESULT segments_reserved_total=16
RESULT rss_after_kib=30480
RESULT commit_after_kib=29944
RESULT decommit_calls_total=9
.RESULT arm=cap8
RESULT elapsed_ns=85470300
RESULT segments_reserved_total=8
RESULT rss_after_kib=34576
RESULT commit_after_kib=34048
RESULT decommit_calls_total=0
.RESULT arm=cap8
RESULT elapsed_ns=78186100
RESULT segments_reserved_total=8
RESULT rss_after_kib=34588
RESULT commit_after_kib=34068
RESULT decommit_calls_total=0
.RESULT arm=cap4
RESULT elapsed_ns=108440400
RESULT segments_reserved_total=16
RESULT rss_after_kib=30464
RESULT commit_after_kib=29928
RESULT decommit_calls_total=9
.RESULT arm=cap4
RESULT elapsed_ns=105142500
RESULT segments_reserved_total=16
RESULT rss_after_kib=30472
RESULT commit_after_kib=29936
RESULT decommit_calls_total=9
.RESULT arm=cap8
RESULT elapsed_ns=65856100
RESULT segments_reserved_total=8
RESULT rss_after_kib=34592
RESULT commit_after_kib=34064
RESULT decommit_calls_total=0
.RESULT arm=cap8
RESULT elapsed_ns=59412500
RESULT segments_reserved_total=8
RESULT rss_after_kib=34584
RESULT commit_after_kib=34060
RESULT decommit_calls_total=0
.RESULT arm=cap4
RESULT elapsed_ns=107757100
RESULT segments_reserved_total=16
RESULT rss_after_kib=30476
RESULT commit_after_kib=29956
RESULT decommit_calls_total=9
.RESULT arm=cap4
RESULT elapsed_ns=112287400
RESULT segments_reserved_total=16
RESULT rss_after_kib=30484
RESULT commit_after_kib=29964
RESULT decommit_calls_total=9
.RESULT arm=cap8
RESULT elapsed_ns=60343100
RESULT segments_reserved_total=8
RESULT rss_after_kib=34576
RESULT commit_after_kib=34052
RESULT decommit_calls_total=0
.RESULT arm=cap8
RESULT elapsed_ns=85933100
RESULT segments_reserved_total=8
RESULT rss_after_kib=34576
RESULT commit_after_kib=34052
RESULT decommit_calls_total=0
.RESULT arm=cap4
RESULT elapsed_ns=81701800
RESULT segments_reserved_total=16
RESULT rss_after_kib=30476
RESULT commit_after_kib=29956
RESULT decommit_calls_total=9
.RESULT arm=cap4
RESULT elapsed_ns=86418800
RESULT segments_reserved_total=16
RESULT rss_after_kib=30476
RESULT commit_after_kib=29952
RESULT decommit_calls_total=9
.RESULT arm=cap8
RESULT elapsed_ns=69682100
RESULT segments_reserved_total=8
RESULT rss_after_kib=34576
RESULT commit_after_kib=34052
RESULT decommit_calls_total=0
.RESULT arm=cap8
RESULT elapsed_ns=74796600
RESULT segments_reserved_total=8
RESULT rss_after_kib=34576
RESULT commit_after_kib=34052
RESULT decommit_calls_total=0
.RESULT arm=cap4
RESULT elapsed_ns=89135200
RESULT segments_reserved_total=16
RESULT rss_after_kib=30484
RESULT commit_after_kib=29956
RESULT decommit_calls_total=9
.RESULT arm=cap4
RESULT elapsed_ns=95234500
RESULT segments_reserved_total=16
RESULT rss_after_kib=30472
RESULT commit_after_kib=29932
RESULT decommit_calls_total=9
.RESULT arm=cap8
RESULT elapsed_ns=70456100
RESULT segments_reserved_total=8
RESULT rss_after_kib=34568
RESULT commit_after_kib=34028
RESULT decommit_calls_total=0
.RESULT arm=cap8
RESULT elapsed_ns=75662200
RESULT segments_reserved_total=8
RESULT rss_after_kib=34576
RESULT commit_after_kib=34044
RESULT decommit_calls_total=0
.RESULT arm=cap4
RESULT elapsed_ns=78825200
RESULT segments_reserved_total=16
RESULT rss_after_kib=30464
RESULT commit_after_kib=29924
RESULT decommit_calls_total=9
.RESULT arm=cap4
RESULT elapsed_ns=105934600
RESULT segments_reserved_total=16
RESULT rss_after_kib=30460
RESULT commit_after_kib=29924
RESULT decommit_calls_total=9
.RESULT arm=cap8
RESULT elapsed_ns=79110400
RESULT segments_reserved_total=8
RESULT rss_after_kib=34584
RESULT commit_after_kib=34060
RESULT decommit_calls_total=0
.RESULT arm=cap8
RESULT elapsed_ns=83152000
RESULT segments_reserved_total=8
RESULT rss_after_kib=34564
RESULT commit_after_kib=34032
RESULT decommit_calls_total=0
.RESULT arm=cap4
RESULT elapsed_ns=97352800
RESULT segments_reserved_total=16
RESULT rss_after_kib=30476
RESULT commit_after_kib=29952
RESULT decommit_calls_total=9
.RESULT arm=cap4
RESULT elapsed_ns=92049100
RESULT segments_reserved_total=16
RESULT rss_after_kib=30476
RESULT commit_after_kib=29956
RESULT decommit_calls_total=9
.RESULT arm=cap8
RESULT elapsed_ns=74250100
RESULT segments_reserved_total=8
RESULT rss_after_kib=34584
RESULT commit_after_kib=34064
RESULT decommit_calls_total=0
.RESULT arm=cap8
RESULT elapsed_ns=82756100
RESULT segments_reserved_total=8
RESULT rss_after_kib=34592
RESULT commit_after_kib=34072
RESULT decommit_calls_total=0
.RESULT arm=cap4
RESULT elapsed_ns=81161300
RESULT segments_reserved_total=16
RESULT rss_after_kib=30476
RESULT commit_after_kib=29956
RESULT decommit_calls_total=9
.RESULT arm=cap4
RESULT elapsed_ns=103271500
RESULT segments_reserved_total=16
RESULT rss_after_kib=30476
RESULT commit_after_kib=29956
RESULT decommit_calls_total=9
.RESULT arm=cap8
RESULT elapsed_ns=83965200
RESULT segments_reserved_total=8
RESULT rss_after_kib=34588
RESULT commit_after_kib=34064
RESULT decommit_calls_total=0
.RESULT arm=cap8
RESULT elapsed_ns=84806300
RESULT segments_reserved_total=8
RESULT rss_after_kib=34572
RESULT commit_after_kib=34048
RESULT decommit_calls_total=0
.RESULT arm=cap4
RESULT elapsed_ns=97099400
RESULT segments_reserved_total=16
RESULT rss_after_kib=30476
RESULT commit_after_kib=29952
RESULT decommit_calls_total=9
.

  === cap4 vs cap8 (A - B, ns) ===
  n=20  mean Δ=21.404 ms  sd=11.797 ms  se=2.638 ms  t=8.114  df=19  crit(p<0.05)=2.101  => REAL (rejects null)
  sign test: cap4-faster=1/20  cap8-faster=19/20  ties=0

[paired-ab] provenance written to D:\dev\rust\sefer-alloc/docs/perf/paired_ab_runs/2026-07-28T23-55-35-517Z.json

[paired-ab] Reading this output: `t` past `crit` (or sign test heavily lopsided, e.g. 17+/20) means a REAL,
  non-noise wall-clock difference on THIS host for THIS workload — mirroring
  docs/perf/R5_R2_CHURN_REGRESSION_PAIRED_AB.md's verdict criteria. A same-vs-same control run
  (--arms sefer,sefer) should show t well under `crit` and a roughly even sign-test split --
  if it does not, that indicates a harness bug (non-reproducible workload, background load
  bleeding into the timed region), not a real self-difference.

########## CONTROL RUN: cap4 vs cap4 (same-vs-same honesty check) ##########

[paired-ab] --config has no "build" step; assuming arm commands are already built.

[paired-ab] cap4 vs cap4 — 20 pairs, A/B/B/A protocol
RESULT arm=cap4
RESULT elapsed_ns=73330100
RESULT segments_reserved_total=16
RESULT rss_after_kib=30476
RESULT commit_after_kib=29956
RESULT decommit_calls_total=9
.RESULT arm=cap4
RESULT elapsed_ns=79077900
RESULT segments_reserved_total=16
RESULT rss_after_kib=30476
RESULT commit_after_kib=29952
RESULT decommit_calls_total=9
.RESULT arm=cap4
RESULT elapsed_ns=77176700
RESULT segments_reserved_total=16
RESULT rss_after_kib=30488
RESULT commit_after_kib=29960
RESULT decommit_calls_total=9
.RESULT arm=cap4
RESULT elapsed_ns=91193500
RESULT segments_reserved_total=16
RESULT rss_after_kib=30488
RESULT commit_after_kib=29960
RESULT decommit_calls_total=9
.RESULT arm=cap4
RESULT elapsed_ns=97129800
RESULT segments_reserved_total=16
RESULT rss_after_kib=30476
RESULT commit_after_kib=29952
RESULT decommit_calls_total=9
.RESULT arm=cap4
RESULT elapsed_ns=104502800
RESULT segments_reserved_total=16
RESULT rss_after_kib=30476
RESULT commit_after_kib=29944
RESULT decommit_calls_total=9
.RESULT arm=cap4
RESULT elapsed_ns=72162200
RESULT segments_reserved_total=16
RESULT rss_after_kib=30484
RESULT commit_after_kib=29964
RESULT decommit_calls_total=9
.RESULT arm=cap4
RESULT elapsed_ns=91106400
RESULT segments_reserved_total=16
RESULT rss_after_kib=30476
RESULT commit_after_kib=29952
RESULT decommit_calls_total=9
.RESULT arm=cap4
RESULT elapsed_ns=80871300
RESULT segments_reserved_total=16
RESULT rss_after_kib=30488
RESULT commit_after_kib=29960
RESULT decommit_calls_total=9
.RESULT arm=cap4
RESULT elapsed_ns=82084300
RESULT segments_reserved_total=16
RESULT rss_after_kib=30480
RESULT commit_after_kib=29952
RESULT decommit_calls_total=9
.RESULT arm=cap4
RESULT elapsed_ns=99851500
RESULT segments_reserved_total=16
RESULT rss_after_kib=30464
RESULT commit_after_kib=29924
RESULT decommit_calls_total=9
.RESULT arm=cap4
RESULT elapsed_ns=98440800
RESULT segments_reserved_total=16
RESULT rss_after_kib=30464
RESULT commit_after_kib=29928
RESULT decommit_calls_total=9
.RESULT arm=cap4
RESULT elapsed_ns=80716600
RESULT segments_reserved_total=16
RESULT rss_after_kib=30484
RESULT commit_after_kib=29960
RESULT decommit_calls_total=9
.RESULT arm=cap4
RESULT elapsed_ns=77314400
RESULT segments_reserved_total=16
RESULT rss_after_kib=30476
RESULT commit_after_kib=29948
RESULT decommit_calls_total=9
.RESULT arm=cap4
RESULT elapsed_ns=82933700
RESULT segments_reserved_total=16
RESULT rss_after_kib=30476
RESULT commit_after_kib=29960
RESULT decommit_calls_total=9
.RESULT arm=cap4
RESULT elapsed_ns=80200400
RESULT segments_reserved_total=16
RESULT rss_after_kib=30476
RESULT commit_after_kib=29960
RESULT decommit_calls_total=9
.RESULT arm=cap4
RESULT elapsed_ns=72862600
RESULT segments_reserved_total=16
RESULT rss_after_kib=30476
RESULT commit_after_kib=29956
RESULT decommit_calls_total=9
.RESULT arm=cap4
RESULT elapsed_ns=97559000
RESULT segments_reserved_total=16
RESULT rss_after_kib=30464
RESULT commit_after_kib=29932
RESULT decommit_calls_total=9
.RESULT arm=cap4
RESULT elapsed_ns=85754300
RESULT segments_reserved_total=16
RESULT rss_after_kib=30476
RESULT commit_after_kib=29960
RESULT decommit_calls_total=9
.RESULT arm=cap4
RESULT elapsed_ns=89741500
RESULT segments_reserved_total=16
RESULT rss_after_kib=30464
RESULT commit_after_kib=29924
RESULT decommit_calls_total=9
.RESULT arm=cap4
RESULT elapsed_ns=84340900
RESULT segments_reserved_total=16
RESULT rss_after_kib=30476
RESULT commit_after_kib=29956
RESULT decommit_calls_total=9
.RESULT arm=cap4
RESULT elapsed_ns=98245700
RESULT segments_reserved_total=16
RESULT rss_after_kib=30464
RESULT commit_after_kib=29924
RESULT decommit_calls_total=9
.RESULT arm=cap4
RESULT elapsed_ns=103563500
RESULT segments_reserved_total=16
RESULT rss_after_kib=30476
RESULT commit_after_kib=29956
RESULT decommit_calls_total=9
.RESULT arm=cap4
RESULT elapsed_ns=77868000
RESULT segments_reserved_total=16
RESULT rss_after_kib=30484
RESULT commit_after_kib=29964
RESULT decommit_calls_total=9
.RESULT arm=cap4
RESULT elapsed_ns=86156000
RESULT segments_reserved_total=16
RESULT rss_after_kib=30472
RESULT commit_after_kib=29936
RESULT decommit_calls_total=9
.RESULT arm=cap4
RESULT elapsed_ns=73100800
RESULT segments_reserved_total=16
RESULT rss_after_kib=30484
RESULT commit_after_kib=29960
RESULT decommit_calls_total=9
.RESULT arm=cap4
RESULT elapsed_ns=92922500
RESULT segments_reserved_total=16
RESULT rss_after_kib=30476
RESULT commit_after_kib=29956
RESULT decommit_calls_total=9
.RESULT arm=cap4
RESULT elapsed_ns=105985700
RESULT segments_reserved_total=16
RESULT rss_after_kib=30484
RESULT commit_after_kib=29956
RESULT decommit_calls_total=9
.RESULT arm=cap4
RESULT elapsed_ns=102095900
RESULT segments_reserved_total=16
RESULT rss_after_kib=30488
RESULT commit_after_kib=29964
RESULT decommit_calls_total=9
.RESULT arm=cap4
RESULT elapsed_ns=87348100
RESULT segments_reserved_total=16
RESULT rss_after_kib=30464
RESULT commit_after_kib=29928
RESULT decommit_calls_total=9
.RESULT arm=cap4
RESULT elapsed_ns=100501100
RESULT segments_reserved_total=16
RESULT rss_after_kib=30476
RESULT commit_after_kib=29956
RESULT decommit_calls_total=9
.RESULT arm=cap4
RESULT elapsed_ns=89665900
RESULT segments_reserved_total=16
RESULT rss_after_kib=30476
RESULT commit_after_kib=29940
RESULT decommit_calls_total=9
.RESULT arm=cap4
RESULT elapsed_ns=86436500
RESULT segments_reserved_total=16
RESULT rss_after_kib=30472
RESULT commit_after_kib=29940
RESULT decommit_calls_total=9
.RESULT arm=cap4
RESULT elapsed_ns=74669800
RESULT segments_reserved_total=16
RESULT rss_after_kib=30472
RESULT commit_after_kib=29944
RESULT decommit_calls_total=9
.RESULT arm=cap4
RESULT elapsed_ns=98646700
RESULT segments_reserved_total=16
RESULT rss_after_kib=30464
RESULT commit_after_kib=29924
RESULT decommit_calls_total=9
.RESULT arm=cap4
RESULT elapsed_ns=78552300
RESULT segments_reserved_total=16
RESULT rss_after_kib=30484
RESULT commit_after_kib=29956
RESULT decommit_calls_total=9
.RESULT arm=cap4
RESULT elapsed_ns=76495400
RESULT segments_reserved_total=16
RESULT rss_after_kib=30476
RESULT commit_after_kib=29960
RESULT decommit_calls_total=9
.RESULT arm=cap4
RESULT elapsed_ns=96542100
RESULT segments_reserved_total=16
RESULT rss_after_kib=30476
RESULT commit_after_kib=29956
RESULT decommit_calls_total=9
.RESULT arm=cap4
RESULT elapsed_ns=107577300
RESULT segments_reserved_total=16
RESULT rss_after_kib=30476
RESULT commit_after_kib=29944
RESULT decommit_calls_total=9
.RESULT arm=cap4
RESULT elapsed_ns=75601200
RESULT segments_reserved_total=16
RESULT rss_after_kib=30476
RESULT commit_after_kib=29952
RESULT decommit_calls_total=9
.RESULT arm=cap4
RESULT elapsed_ns=74987300
RESULT segments_reserved_total=16
RESULT rss_after_kib=30460
RESULT commit_after_kib=29916
RESULT decommit_calls_total=9
.RESULT arm=cap4
RESULT elapsed_ns=79951100
RESULT segments_reserved_total=16
RESULT rss_after_kib=30476
RESULT commit_after_kib=29952
RESULT decommit_calls_total=9
.RESULT arm=cap4
RESULT elapsed_ns=98992700
RESULT segments_reserved_total=16
RESULT rss_after_kib=30476
RESULT commit_after_kib=29952
RESULT decommit_calls_total=9
.RESULT arm=cap4
RESULT elapsed_ns=82258600
RESULT segments_reserved_total=16
RESULT rss_after_kib=30476
RESULT commit_after_kib=29956
RESULT decommit_calls_total=9
.RESULT arm=cap4
RESULT elapsed_ns=92822700
RESULT segments_reserved_total=16
RESULT rss_after_kib=30484
RESULT commit_after_kib=29956
RESULT decommit_calls_total=9
.RESULT arm=cap4
RESULT elapsed_ns=106142200
RESULT segments_reserved_total=16
RESULT rss_after_kib=30488
RESULT commit_after_kib=29960
RESULT decommit_calls_total=9
.RESULT arm=cap4
RESULT elapsed_ns=91182100
RESULT segments_reserved_total=16
RESULT rss_after_kib=30464
RESULT commit_after_kib=29932
RESULT decommit_calls_total=9
.RESULT arm=cap4
RESULT elapsed_ns=71964000
RESULT segments_reserved_total=16
RESULT rss_after_kib=30484
RESULT commit_after_kib=29960
RESULT decommit_calls_total=9
.RESULT arm=cap4
RESULT elapsed_ns=82968700
RESULT segments_reserved_total=16
RESULT rss_after_kib=30476
RESULT commit_after_kib=29948
RESULT decommit_calls_total=9
.RESULT arm=cap4
RESULT elapsed_ns=80743400
RESULT segments_reserved_total=16
RESULT rss_after_kib=30480
RESULT commit_after_kib=29960
RESULT decommit_calls_total=9
.RESULT arm=cap4
RESULT elapsed_ns=86312100
RESULT segments_reserved_total=16
RESULT rss_after_kib=30476
RESULT commit_after_kib=29960
RESULT decommit_calls_total=9
.RESULT arm=cap4
RESULT elapsed_ns=79037600
RESULT segments_reserved_total=16
RESULT rss_after_kib=30476
RESULT commit_after_kib=29956
RESULT decommit_calls_total=9
.RESULT arm=cap4
RESULT elapsed_ns=103275700
RESULT segments_reserved_total=16
RESULT rss_after_kib=30476
RESULT commit_after_kib=29948
RESULT decommit_calls_total=9
.RESULT arm=cap4
RESULT elapsed_ns=73720800
RESULT segments_reserved_total=16
RESULT rss_after_kib=30488
RESULT commit_after_kib=29972
RESULT decommit_calls_total=9
.RESULT arm=cap4
RESULT elapsed_ns=103799100
RESULT segments_reserved_total=16
RESULT rss_after_kib=30472
RESULT commit_after_kib=29944
RESULT decommit_calls_total=9
.RESULT arm=cap4
RESULT elapsed_ns=76835000
RESULT segments_reserved_total=16
RESULT rss_after_kib=30484
RESULT commit_after_kib=29964
RESULT decommit_calls_total=9
.RESULT arm=cap4
RESULT elapsed_ns=77724800
RESULT segments_reserved_total=16
RESULT rss_after_kib=30476
RESULT commit_after_kib=29952
RESULT decommit_calls_total=9
.RESULT arm=cap4
RESULT elapsed_ns=91335000
RESULT segments_reserved_total=16
RESULT rss_after_kib=30464
RESULT commit_after_kib=29928
RESULT decommit_calls_total=9
.RESULT arm=cap4
RESULT elapsed_ns=100513200
RESULT segments_reserved_total=16
RESULT rss_after_kib=30476
RESULT commit_after_kib=29940
RESULT decommit_calls_total=9
.RESULT arm=cap4
RESULT elapsed_ns=104131400
RESULT segments_reserved_total=16
RESULT rss_after_kib=30464
RESULT commit_after_kib=29928
RESULT decommit_calls_total=9
.RESULT arm=cap4
RESULT elapsed_ns=96576700
RESULT segments_reserved_total=16
RESULT rss_after_kib=30496
RESULT commit_after_kib=29972
RESULT decommit_calls_total=9
.RESULT arm=cap4
RESULT elapsed_ns=94482000
RESULT segments_reserved_total=16
RESULT rss_after_kib=30488
RESULT commit_after_kib=29964
RESULT decommit_calls_total=9
.RESULT arm=cap4
RESULT elapsed_ns=92740900
RESULT segments_reserved_total=16
RESULT rss_after_kib=30472
RESULT commit_after_kib=29952
RESULT decommit_calls_total=9
.RESULT arm=cap4
RESULT elapsed_ns=77508400
RESULT segments_reserved_total=16
RESULT rss_after_kib=30476
RESULT commit_after_kib=29956
RESULT decommit_calls_total=9
.RESULT arm=cap4
RESULT elapsed_ns=95610400
RESULT segments_reserved_total=16
RESULT rss_after_kib=30492
RESULT commit_after_kib=29968
RESULT decommit_calls_total=9
.RESULT arm=cap4
RESULT elapsed_ns=101696500
RESULT segments_reserved_total=16
RESULT rss_after_kib=30476
RESULT commit_after_kib=29964
RESULT decommit_calls_total=9
.RESULT arm=cap4
RESULT elapsed_ns=88234500
RESULT segments_reserved_total=16
RESULT rss_after_kib=30476
RESULT commit_after_kib=29956
RESULT decommit_calls_total=9
.RESULT arm=cap4
RESULT elapsed_ns=85725000
RESULT segments_reserved_total=16
RESULT rss_after_kib=30472
RESULT commit_after_kib=29936
RESULT decommit_calls_total=9
.RESULT arm=cap4
RESULT elapsed_ns=108890000
RESULT segments_reserved_total=16
RESULT rss_after_kib=30476
RESULT commit_after_kib=29952
RESULT decommit_calls_total=9
.RESULT arm=cap4
RESULT elapsed_ns=79232200
RESULT segments_reserved_total=16
RESULT rss_after_kib=30484
RESULT commit_after_kib=29956
RESULT decommit_calls_total=9
.RESULT arm=cap4
RESULT elapsed_ns=97136800
RESULT segments_reserved_total=16
RESULT rss_after_kib=30464
RESULT commit_after_kib=29932
RESULT decommit_calls_total=9
.RESULT arm=cap4
RESULT elapsed_ns=105363000
RESULT segments_reserved_total=16
RESULT rss_after_kib=30464
RESULT commit_after_kib=29928
RESULT decommit_calls_total=9
.RESULT arm=cap4
RESULT elapsed_ns=103190100
RESULT segments_reserved_total=16
RESULT rss_after_kib=30488
RESULT commit_after_kib=29968
RESULT decommit_calls_total=9
.RESULT arm=cap4
RESULT elapsed_ns=86536700
RESULT segments_reserved_total=16
RESULT rss_after_kib=30476
RESULT commit_after_kib=29956
RESULT decommit_calls_total=9
.RESULT arm=cap4
RESULT elapsed_ns=85313200
RESULT segments_reserved_total=16
RESULT rss_after_kib=30476
RESULT commit_after_kib=29952
RESULT decommit_calls_total=9
.RESULT arm=cap4
RESULT elapsed_ns=103376100
RESULT segments_reserved_total=16
RESULT rss_after_kib=30464
RESULT commit_after_kib=29932
RESULT decommit_calls_total=9
.RESULT arm=cap4
RESULT elapsed_ns=103166800
RESULT segments_reserved_total=16
RESULT rss_after_kib=30476
RESULT commit_after_kib=29960
RESULT decommit_calls_total=9
.RESULT arm=cap4
RESULT elapsed_ns=85179400
RESULT segments_reserved_total=16
RESULT rss_after_kib=30476
RESULT commit_after_kib=29936
RESULT decommit_calls_total=9
.RESULT arm=cap4
RESULT elapsed_ns=75569400
RESULT segments_reserved_total=16
RESULT rss_after_kib=30480
RESULT commit_after_kib=29956
RESULT decommit_calls_total=9
.RESULT arm=cap4
RESULT elapsed_ns=97943600
RESULT segments_reserved_total=16
RESULT rss_after_kib=30468
RESULT commit_after_kib=29936
RESULT decommit_calls_total=9
.

  === cap4(A-slot) vs cap4(B-slot) (A - B, ns)  [SAME-VS-SAME CONTROL] ===
  n=20  mean Δ=-1.205 ms  sd=12.429 ms  se=2.779 ms  t=-0.434  df=19  crit(p<0.05)=2.101  => NOT statistically distinguishable from noise (fails to reject null)
  sign test: cap4(A-slot)-faster=11/20  cap4(B-slot)-faster=9/20  ties=0

[paired-ab] provenance written to D:\dev\rust\sefer-alloc/docs/perf/paired_ab_runs/2026-07-28T23-56-02-705Z.json

[paired-ab] Reading this output: `t` past `crit` (or sign test heavily lopsided, e.g. 17+/20) means a REAL,
  non-noise wall-clock difference on THIS host for THIS workload — mirroring
  docs/perf/R5_R2_CHURN_REGRESSION_PAIRED_AB.md's verdict criteria. A same-vs-same control run
  (--arms sefer,sefer) should show t well under `crit` and a roughly even sign-test split --
  if it does not, that indicates a harness bug (non-reproducible workload, background load
  bleeding into the timed region), not a real self-difference.
