   Compiling proc-macro2 v1.0.106
   Compiling quote v1.0.46
   Compiling unicode-ident v1.0.24
   Compiling libc v0.2.186
   Compiling cfg-if v1.0.4
   Compiling serde_core v1.0.228
   Compiling zerocopy v0.8.52
   Compiling zmij v1.0.21
   Compiling syn v2.0.118
   Compiling serde_json v1.0.150
   Compiling getrandom v0.3.4
   Compiling serde v1.0.228
   Compiling libm v0.2.16
   Compiling autocfg v1.5.1
   Compiling crossbeam-utils v0.8.21
   Compiling num-traits v0.2.19
   Compiling crossbeam-epoch v0.9.20
   Compiling getrandom v0.4.3
   Compiling rustix v1.1.4
   Compiling rand_core v0.9.5
   Compiling find-msvc-tools v0.1.9
   Compiling version_check v0.9.5
   Compiling shlex v2.0.1
   Compiling bitflags v2.13.0
   Compiling linux-raw-sys v0.12.1
   Compiling once_cell v1.21.4
   Compiling regex-syntax v0.8.11
   Compiling cc v1.2.65
   Compiling serde_derive v1.0.228
   Compiling zerocopy-derive v0.8.52
   Compiling derive_more-impl v2.1.1
   Compiling slotmap v1.1.1
   Compiling rayon-core v1.13.0
   Compiling fastrand v2.4.1
   Compiling either v1.16.0
   Compiling tempfile v3.27.0
   Compiling crossbeam-deque v0.8.6
   Compiling libmimalloc-sys v0.1.49
   Compiling wait-timeout v0.2.1
   Compiling proc-macro-error-attr2 v2.0.0
   Compiling bit-vec v0.8.0
   Compiling ciborium-io v0.2.2
   Compiling itoa v1.0.18
   Compiling memchr v2.8.2
   Compiling clap_lex v1.1.0
   Compiling anstyle v1.0.14
   Compiling quick-error v1.2.3
   Compiling fnv v1.0.7
   Compiling iai-callgrind-runner v0.14.2
   Compiling plotters-backend v0.3.7
   Compiling plotters-svg v0.3.7
   Compiling rusty-fork v0.3.1
   Compiling half v2.7.1
   Compiling ppv-lite86 v0.2.21
   Compiling ciborium-ll v0.2.2
   Compiling rand_chacha v0.9.0
   Compiling clap_builder v4.6.0
   Compiling proc-macro-error2 v2.0.1
   Compiling bit-set v0.8.0
   Compiling itertools v0.10.5
   Compiling derive_more v2.1.1
   Compiling regex-automata v0.4.14
   Compiling rand_xorshift v0.4.0
   Compiling rand v0.9.4
   Compiling same-file v1.0.6
   Compiling iai-callgrind v0.14.2
   Compiling unarray v0.1.4
   Compiling cast v0.3.0
   Compiling criterion-plot v0.5.0
   Compiling proptest v1.11.0
   Compiling walkdir v2.5.0
   Compiling regex v1.12.4
   Compiling clap v4.6.1
   Compiling iai-callgrind-macros v0.5.1
   Compiling sefer-region v0.2.0 (<repo>/worktrees/ph6b/crates/sefer-region)
   Compiling rayon v1.12.0
   Compiling tinytemplate v1.2.1
   Compiling ciborium v0.2.2
   Compiling plotters v0.3.7
   Compiling bincode v1.3.3
   Compiling tokio-macros v2.7.0
   Compiling is-terminal v0.4.17
   Compiling oorandom v11.1.5
   Compiling once-ptr-cell v0.1.0 (<repo>/worktrees/ph6b/crates/once-ptr-cell)
   Compiling anes v0.1.6
   Compiling tagged-index-stack v0.1.0 (<repo>/worktrees/ph6b/crates/tagged-index-stack)
   Compiling proc-memstat v0.1.0 (<repo>/worktrees/ph6b/crates/proc-memstat)
   Compiling size-classes v0.1.0 (<repo>/worktrees/ph6b/crates/size-classes)
   Compiling aligned-vmem v0.2.0 (<repo>/worktrees/ph6b/crates/aligned-vmem)
   Compiling pin-project-lite v0.2.17
   Compiling proc-probe v0.1.0 (<repo>/worktrees/ph6b/crates/proc-probe)
   Compiling tokio v1.52.3
   Compiling criterion v0.5.1
   Compiling sefer-alloc v0.3.0 (<repo>/worktrees/ph6b)
   Compiling globalalloc-model v0.1.0 (<repo>/worktrees/ph6b/crates/globalalloc-model)
   Compiling mimalloc v0.1.52
   Compiling malloc-bench-rs v0.1.0 (<repo>/worktrees/ph6b/crates/malloc-bench-rs)
    Finished `bench` profile [optimized] target(s) in 1m 09s
warning: the following packages contain code that will be rejected by a future version of Rust: proc-macro-error2 v2.0.1
note: to see what the problems were, use the option `--future-incompat-report`, or run `cargo report future-incompatibilities --id 1`
     Running benches/perf_gate_iai.rs ($HOME/target-ph6b-cand-iai/release/deps/perf_gate_iai-1eae813e19149d63)
perf_gate_iai::perf_gate::small_churn_16b
  Instructions:                       58346|N/A                  (*********)
  L1 Hits:                           104988|N/A                  (*********)
  L2 Hits:                              184|N/A                  (*********)
  RAM Hits:                            1096|N/A                  (*********)
  Total read+write:                  106268|N/A                  (*********)
  Estimated Cycles:                  144268|N/A                  (*********)
perf_gate_iai::perf_gate::small_churn_16b_2n
  Instructions:                       65118|N/A                  (*********)
  L1 Hits:                           113608|N/A                  (*********)
  L2 Hits:                              184|N/A                  (*********)
  RAM Hits:                            1096|N/A                  (*********)
  Total read+write:                  114888|N/A                  (*********)
  Estimated Cycles:                  152888|N/A                  (*********)
perf_gate_iai::perf_gate::dealloc_prealloc_only_16b
  Instructions:                       64265|N/A                  (*********)
  L1 Hits:                           113174|N/A                  (*********)
  L2 Hits:                              166|N/A                  (*********)
  RAM Hits:                            1069|N/A                  (*********)
  Total read+write:                  114409|N/A                  (*********)
  Estimated Cycles:                  151419|N/A                  (*********)
perf_gate_iai::perf_gate::dealloc_free_only_16b
  Instructions:                       73187|N/A                  (*********)
  L1 Hits:                           124684|N/A                  (*********)
  L2 Hits:                              165|N/A                  (*********)
  RAM Hits:                            1115|N/A                  (*********)
  Total read+write:                  125964|N/A                  (*********)
  Estimated Cycles:                  164534|N/A                  (*********)
perf_gate_iai::perf_gate::dealloc_contains_base_probe_only_16b
  Instructions:                       65617|N/A                  (*********)
  L1 Hits:                           114913|N/A                  (*********)
  L2 Hits:                              165|N/A                  (*********)
  RAM Hits:                            1073|N/A                  (*********)
  Total read+write:                  116151|N/A                  (*********)
  Estimated Cycles:                  153293|N/A                  (*********)
perf_gate_iai::perf_gate::dealloc_segment_base_of_ptr_probe_only_16b
  Instructions:                       64848|N/A                  (*********)
  L1 Hits:                           113888|N/A                  (*********)
  L2 Hits:                              165|N/A                  (*********)
  RAM Hits:                            1071|N/A                  (*********)
  Total read+write:                  115124|N/A                  (*********)
  Estimated Cycles:                  152198|N/A                  (*********)
perf_gate_iai::perf_gate::alloc_magazine_prefill_only_16b
  Instructions:                       57528|N/A                  (*********)
  L1 Hits:                           103959|N/A                  (*********)
  L2 Hits:                              164|N/A                  (*********)
  RAM Hits:                            1074|N/A                  (*********)
  Total read+write:                  105197|N/A                  (*********)
  Estimated Cycles:                  142369|N/A                  (*********)
perf_gate_iai::perf_gate::alloc_magazine_hit_only_16b
  Instructions:                       58013|N/A                  (*********)
  L1 Hits:                           104552|N/A                  (*********)
  L2 Hits:                              164|N/A                  (*********)
  RAM Hits:                            1079|N/A                  (*********)
  Total read+write:                  105795|N/A                  (*********)
  Estimated Cycles:                  143137|N/A                  (*********)
perf_gate_iai::perf_gate::alloc_zeroed_magazine_prefill_only_16b
  Instructions:                       57540|N/A                  (*********)
  L1 Hits:                           103978|N/A                  (*********)
  L2 Hits:                              164|N/A                  (*********)
  RAM Hits:                            1075|N/A                  (*********)
  Total read+write:                  105217|N/A                  (*********)
  Estimated Cycles:                  142423|N/A                  (*********)
perf_gate_iai::perf_gate::alloc_zeroed_magazine_hit_only_16b
  Instructions:                       58089|N/A                  (*********)
  L1 Hits:                           104649|N/A                  (*********)
  L2 Hits:                              164|N/A                  (*********)
  RAM Hits:                            1082|N/A                  (*********)
  Total read+write:                  105895|N/A                  (*********)
  Estimated Cycles:                  143339|N/A                  (*********)
perf_gate_iai::perf_gate::dealloc_hash_contains_only_probe_16b
  Instructions:                       66639|N/A                  (*********)
  L1 Hits:                           115996|N/A                  (*********)
  L2 Hits:                              165|N/A                  (*********)
  RAM Hits:                            1074|N/A                  (*********)
  Total read+write:                  117235|N/A                  (*********)
  Estimated Cycles:                  154411|N/A                  (*********)
perf_gate_iai::perf_gate::dealloc_own_thread_body_only_16b
  Instructions:                       71985|N/A                  (*********)
  L1 Hits:                           123101|N/A                  (*********)
  L2 Hits:                              165|N/A                  (*********)
  RAM Hits:                            1114|N/A                  (*********)
  Total read+write:                  124380|N/A                  (*********)
  Estimated Cycles:                  162916|N/A                  (*********)
perf_gate_iai::perf_gate::dealloc_free_only_16b_n1
  Instructions:                       64346|N/A                  (*********)
  L1 Hits:                           113274|N/A                  (*********)
  L2 Hits:                              166|N/A                  (*********)
  RAM Hits:                            1081|N/A                  (*********)
  Total read+write:                  114521|N/A                  (*********)
  Estimated Cycles:                  151939|N/A                  (*********)
perf_gate_iai::perf_gate::dealloc_free_only_16b_n8
  Instructions:                       64829|N/A                  (*********)
  L1 Hits:                           113898|N/A                  (*********)
  L2 Hits:                              164|N/A                  (*********)
  RAM Hits:                            1082|N/A                  (*********)
  Total read+write:                  115144|N/A                  (*********)
  Estimated Cycles:                  152588|N/A                  (*********)
perf_gate_iai::perf_gate::dealloc_free_only_16b_n9
  Instructions:                       64899|N/A                  (*********)
  L1 Hits:                           113989|N/A                  (*********)
  L2 Hits:                              164|N/A                  (*********)
  RAM Hits:                            1082|N/A                  (*********)
  Total read+write:                  115235|N/A                  (*********)
  Estimated Cycles:                  152679|N/A                  (*********)
perf_gate_iai::perf_gate::dealloc_free_only_16b_n16
  Instructions:                       65389|N/A                  (*********)
  L1 Hits:                           114626|N/A                  (*********)
  L2 Hits:                              164|N/A                  (*********)
  RAM Hits:                            1082|N/A                  (*********)
  Total read+write:                  115872|N/A                  (*********)
  Estimated Cycles:                  153316|N/A                  (*********)
perf_gate_iai::perf_gate::dealloc_free_only_16b_n17
  Instructions:                       66202|N/A                  (*********)
  L1 Hits:                           115652|N/A                  (*********)
  L2 Hits:                              165|N/A                  (*********)
  RAM Hits:                            1105|N/A                  (*********)
  Total read+write:                  116922|N/A                  (*********)
  Estimated Cycles:                  155152|N/A                  (*********)
perf_gate_iai::perf_gate::dealloc_free_only_16b_n32
  Instructions:                       67991|N/A                  (*********)
  L1 Hits:                           117968|N/A                  (*********)
  L2 Hits:                              165|N/A                  (*********)
  RAM Hits:                            1107|N/A                  (*********)
  Total read+write:                  119240|N/A                  (*********)
  Estimated Cycles:                  157538|N/A                  (*********)
perf_gate_iai::perf_gate::dealloc_flush_class_only_16b_prefix
  Instructions:                       52130|N/A                  (*********)
  L1 Hits:                            97035|N/A                  (*********)
  L2 Hits:                              163|N/A                  (*********)
  RAM Hits:                            1079|N/A                  (*********)
  Total read+write:                   98277|N/A                  (*********)
  Estimated Cycles:                  135615|N/A                  (*********)
perf_gate_iai::perf_gate::dealloc_flush_class_only_16b
  Instructions:                       52650|N/A                  (*********)
  L1 Hits:                            97694|N/A                  (*********)
  L2 Hits:                              165|N/A                  (*********)
  RAM Hits:                            1096|N/A                  (*********)
  Total read+write:                   98955|N/A                  (*********)
  Estimated Cycles:                  136879|N/A                  (*********)
perf_gate_iai::perf_gate::alloc_clear_magazine_only_16b_prefix
  Instructions:                       52687|N/A                  (*********)
  L1 Hits:                            97764|N/A                  (*********)
  L2 Hits:                              164|N/A                  (*********)
  RAM Hits:                            1074|N/A                  (*********)
  Total read+write:                   99002|N/A                  (*********)
  Estimated Cycles:                  136174|N/A                  (*********)
perf_gate_iai::perf_gate::alloc_clear_magazine_only_16b
  Instructions:                       53072|N/A                  (*********)
  L1 Hits:                            98218|N/A                  (*********)
  L2 Hits:                              165|N/A                  (*********)
  RAM Hits:                            1077|N/A                  (*********)
  Total read+write:                   99460|N/A                  (*********)
  Estimated Cycles:                  136738|N/A                  (*********)
perf_gate_iai::perf_gate::alloc_zeroed_calloc_virgin_64k_prefix
  Instructions:                           3|N/A                  (*********)
  L1 Hits:                                4|N/A                  (*********)
  L2 Hits:                                0|N/A                  (*********)
  RAM Hits:                               1|N/A                  (*********)
  Total read+write:                       5|N/A                  (*********)
  Estimated Cycles:                      39|N/A                  (*********)
perf_gate_iai::perf_gate::alloc_zeroed_calloc_virgin_64k
  Instructions:                           3|N/A                  (*********)
  L1 Hits:                                4|N/A                  (*********)
  L2 Hits:                                0|N/A                  (*********)
  RAM Hits:                               1|N/A                  (*********)
  Total read+write:                       5|N/A                  (*********)
  Estimated Cycles:                      39|N/A                  (*********)
perf_gate_iai::perf_gate::alloc_zeroed_calloc_recycled_64k_prefix
  Instructions:                           3|N/A                  (*********)
  L1 Hits:                                4|N/A                  (*********)
  L2 Hits:                                0|N/A                  (*********)
  RAM Hits:                               1|N/A                  (*********)
  Total read+write:                       5|N/A                  (*********)
  Estimated Cycles:                      39|N/A                  (*********)
perf_gate_iai::perf_gate::alloc_zeroed_calloc_recycled_64k
  Instructions:                           3|N/A                  (*********)
  L1 Hits:                                4|N/A                  (*********)
  L2 Hits:                                0|N/A                  (*********)
  RAM Hits:                               1|N/A                  (*********)
  Total read+write:                       5|N/A                  (*********)
  Estimated Cycles:                      39|N/A                  (*********)
perf_gate_iai::perf_gate::dealloc_prealloc_only_1088_16b
  Instructions:                      349152|N/A                  (*********)
  L1 Hits:                           497237|N/A                  (*********)
  L2 Hits:                              175|N/A                  (*********)
  RAM Hits:                            1198|N/A                  (*********)
  Total read+write:                  498610|N/A                  (*********)
  Estimated Cycles:                  540042|N/A                  (*********)
perf_gate_iai::perf_gate::dealloc_free_only_1088_16b_n17
  Instructions:                      351089|N/A                  (*********)
  L1 Hits:                           499715|N/A                  (*********)
  L2 Hits:                              175|N/A                  (*********)
  RAM Hits:                            1233|N/A                  (*********)
  Total read+write:                  501123|N/A                  (*********)
  Estimated Cycles:                  543745|N/A                  (*********)
perf_gate_iai::perf_gate::dealloc_free_only_1088_16b_n32
  Instructions:                      352878|N/A                  (*********)
  L1 Hits:                           502031|N/A                  (*********)
  L2 Hits:                              175|N/A                  (*********)
  RAM Hits:                            1235|N/A                  (*********)
  Total read+write:                  503441|N/A                  (*********)
  Estimated Cycles:                  546131|N/A                  (*********)
perf_gate_iai::perf_gate::dealloc_free_only_1088_16b_n64
  Instructions:                      358074|N/A                  (*********)
  L1 Hits:                           508747|N/A                  (*********)
  L2 Hits:                              175|N/A                  (*********)
  RAM Hits:                            1243|N/A                  (*********)
  Total read+write:                  510165|N/A                  (*********)
  Estimated Cycles:                  553127|N/A                  (*********)
perf_gate_iai::perf_gate::dealloc_free_only_1088_16b_n256
  Instructions:                      389250|N/A                  (*********)
  L1 Hits:                           549044|N/A                  (*********)
  L2 Hits:                              174|N/A                  (*********)
  RAM Hits:                            1291|N/A                  (*********)
  Total read+write:                  550509|N/A                  (*********)
  Estimated Cycles:                  595099|N/A                  (*********)
perf_gate_iai::perf_gate::dealloc_free_only_1088_16b_n1024
  Instructions:                      513966|N/A                  (*********)
  L1 Hits:                           710243|N/A                  (*********)
  L2 Hits:                              175|N/A                  (*********)
  RAM Hits:                            1487|N/A                  (*********)
  Total read+write:                  711905|N/A                  (*********)
  Estimated Cycles:                  763163|N/A                  (*********)
perf_gate_iai::perf_gate::dealloc_realloc_burst_1088_16b_n17
  Instructions:                      355793|N/A                  (*********)
  L1 Hits:                           505980|N/A                  (*********)
  L2 Hits:                              173|N/A                  (*********)
  RAM Hits:                            1253|N/A                  (*********)
  Total read+write:                  507406|N/A                  (*********)
  Estimated Cycles:                  550700|N/A                  (*********)
perf_gate_iai::perf_gate::oscillating_live_set_16b
  Instructions:                       87985|N/A                  (*********)
  L1 Hits:                           143090|N/A                  (*********)
  L2 Hits:                              165|N/A                  (*********)
  RAM Hits:                            1106|N/A                  (*********)
  Total read+write:                  144361|N/A                  (*********)
  Estimated Cycles:                  182625|N/A                  (*********)
perf_gate_iai::perf_gate::carve_batch_only_16b
  Instructions:                        3241|N/A                  (*********)
  L1 Hits:                             3869|N/A                  (*********)
  L2 Hits:                               51|N/A                  (*********)
  RAM Hits:                             114|N/A                  (*********)
  Total read+write:                    4034|N/A                  (*********)
  Estimated Cycles:                    8114|N/A                  (*********)
perf_gate_iai::perf_gate::carve_batch_only_16b_2n
  Instructions:                        9142|N/A                  (*********)
  L1 Hits:                            13892|N/A                  (*********)
  L2 Hits:                               82|N/A                  (*********)
  RAM Hits:                             118|N/A                  (*********)
  Total read+write:                   14092|N/A                  (*********)
  Estimated Cycles:                   18432|N/A                  (*********)
perf_gate_iai::perf_gate::dealloc_batch_fresh_16_16b
  Instructions:                           3|N/A                  (*********)
  L1 Hits:                                4|N/A                  (*********)
  L2 Hits:                                0|N/A                  (*********)
  RAM Hits:                               1|N/A                  (*********)
  Total read+write:                       5|N/A                  (*********)
  Estimated Cycles:                      39|N/A                  (*********)
perf_gate_iai::perf_gate::dealloc_batch_fresh_64_16b
  Instructions:                           3|N/A                  (*********)
  L1 Hits:                                4|N/A                  (*********)
  L2 Hits:                                0|N/A                  (*********)
  RAM Hits:                               1|N/A                  (*********)
  Total read+write:                       5|N/A                  (*********)
  Estimated Cycles:                      39|N/A                  (*********)
perf_gate_iai::perf_gate::dealloc_batch_fresh_80_16b
  Instructions:                           3|N/A                  (*********)
  L1 Hits:                                4|N/A                  (*********)
  L2 Hits:                                0|N/A                  (*********)
  RAM Hits:                               1|N/A                  (*********)
  Total read+write:                       5|N/A                  (*********)
  Estimated Cycles:                      39|N/A                  (*********)
perf_gate_iai::perf_gate::dealloc_batch_fresh_81_16b
  Instructions:                           3|N/A                  (*********)
  L1 Hits:                                4|N/A                  (*********)
  L2 Hits:                                0|N/A                  (*********)
  RAM Hits:                               1|N/A                  (*********)
  Total read+write:                       5|N/A                  (*********)
  Estimated Cycles:                      39|N/A                  (*********)
perf_gate_iai::perf_gate::dealloc_batch_fresh_128_16b
  Instructions:                           3|N/A                  (*********)
  L1 Hits:                                4|N/A                  (*********)
  L2 Hits:                                0|N/A                  (*********)
  RAM Hits:                               1|N/A                  (*********)
  Total read+write:                       5|N/A                  (*********)
  Estimated Cycles:                      39|N/A                  (*********)
perf_gate_iai::perf_gate::dealloc_batch_fresh_200_16b
  Instructions:                           3|N/A                  (*********)
  L1 Hits:                                4|N/A                  (*********)
  L2 Hits:                                0|N/A                  (*********)
  RAM Hits:                               1|N/A                  (*********)
  Total read+write:                       5|N/A                  (*********)
  Estimated Cycles:                      39|N/A                  (*********)
perf_gate_iai::perf_gate::dealloc_batch_fresh_512_16b
  Instructions:                           3|N/A                  (*********)
  L1 Hits:                                4|N/A                  (*********)
  L2 Hits:                                0|N/A                  (*********)
  RAM Hits:                               1|N/A                  (*********)
  Total read+write:                       5|N/A                  (*********)
  Estimated Cycles:                      39|N/A                  (*********)
perf_gate_iai::perf_gate::dealloc_batch_fresh_1024_16b
  Instructions:                           3|N/A                  (*********)
  L1 Hits:                                4|N/A                  (*********)
  L2 Hits:                                0|N/A                  (*********)
  RAM Hits:                               1|N/A                  (*********)
  Total read+write:                       5|N/A                  (*********)
  Estimated Cycles:                      39|N/A                  (*********)
perf_gate_iai::perf_gate::dealloc_batch_fresh_0_16b
  Instructions:                           3|N/A                  (*********)
  L1 Hits:                                4|N/A                  (*********)
  L2 Hits:                                0|N/A                  (*********)
  RAM Hits:                               1|N/A                  (*********)
  Total read+write:                       5|N/A                  (*********)
  Estimated Cycles:                      39|N/A                  (*********)
perf_gate_iai::perf_gate::dealloc_batch_fresh_1_16b
  Instructions:                           3|N/A                  (*********)
  L1 Hits:                                4|N/A                  (*********)
  L2 Hits:                                0|N/A                  (*********)
  RAM Hits:                               1|N/A                  (*********)
  Total read+write:                       5|N/A                  (*********)
  Estimated Cycles:                      39|N/A                  (*********)
perf_gate_iai::perf_gate::dealloc_batch_fresh_8_16b
  Instructions:                           3|N/A                  (*********)
  L1 Hits:                                4|N/A                  (*********)
  L2 Hits:                                0|N/A                  (*********)
  RAM Hits:                               1|N/A                  (*********)
  Total read+write:                       5|N/A                  (*********)
  Estimated Cycles:                      39|N/A                  (*********)
perf_gate_iai::perf_gate::dealloc_batch_fresh_17_16b
  Instructions:                           3|N/A                  (*********)
  L1 Hits:                                4|N/A                  (*********)
  L2 Hits:                                0|N/A                  (*********)
  RAM Hits:                               1|N/A                  (*********)
  Total read+write:                       5|N/A                  (*********)
  Estimated Cycles:                      39|N/A                  (*********)
perf_gate_iai::perf_gate::medium_class_dealloc_churn_16b
  Instructions:                       58334|N/A                  (*********)
  L1 Hits:                           104968|N/A                  (*********)
  L2 Hits:                              184|N/A                  (*********)
  RAM Hits:                            1096|N/A                  (*********)
  Total read+write:                  106248|N/A                  (*********)
  Estimated Cycles:                  144248|N/A                  (*********)
perf_gate_iai::perf_gate::aligned_churn_640b_a128
  Instructions:                       58328|N/A                  (*********)
  L1 Hits:                           104961|N/A                  (*********)
  L2 Hits:                              185|N/A                  (*********)
  RAM Hits:                            1098|N/A                  (*********)
  Total read+write:                  106244|N/A                  (*********)
  Estimated Cycles:                  144316|N/A                  (*********)
perf_gate_iai::perf_gate::large_alloc_free_cycle
  Instructions:                       49951|N/A                  (*********)
  L1 Hits:                            94304|N/A                  (*********)
  L2 Hits:                              188|N/A                  (*********)
  RAM Hits:                            1105|N/A                  (*********)
  Total read+write:                   95597|N/A                  (*********)
  Estimated Cycles:                  133919|N/A                  (*********)
perf_gate_iai::perf_gate::large_cache_prefill_only_4mib
  Instructions:                       58939|N/A                  (*********)
  L1 Hits:                           107247|N/A                  (*********)
  L2 Hits:                              170|N/A                  (*********)
  RAM Hits:                            1092|N/A                  (*********)
  Total read+write:                  108509|N/A                  (*********)
  Estimated Cycles:                  146317|N/A                  (*********)
perf_gate_iai::perf_gate::large_cache_hit_only_4mib
  Instructions:                       60242|N/A                  (*********)
  L1 Hits:                           109103|N/A                  (*********)
  L2 Hits:                              170|N/A                  (*********)
  RAM Hits:                            1108|N/A                  (*********)
  Total read+write:                  110381|N/A                  (*********)
  Estimated Cycles:                  148733|N/A                  (*********)
perf_gate_iai::perf_gate::large_cache_free_slot_search_prefill_only
  Instructions:                       63749|N/A                  (*********)
  L1 Hits:                           113538|N/A                  (*********)
  L2 Hits:                              170|N/A                  (*********)
  RAM Hits:                            1213|N/A                  (*********)
  Total read+write:                  114921|N/A                  (*********)
  Estimated Cycles:                  156843|N/A                  (*********)
perf_gate_iai::perf_gate::large_cache_free_slot_search_cycle_only
  Instructions:                       75282|N/A                  (*********)
  L1 Hits:                           129865|N/A                  (*********)
  L2 Hits:                              170|N/A                  (*********)
  RAM Hits:                            1239|N/A                  (*********)
  Total read+write:                  131274|N/A                  (*********)
  Estimated Cycles:                  174080|N/A                  (*********)
perf_gate_iai::perf_gate::realloc_grow
  Instructions:                      583182|N/A                  (*********)
  L1 Hits:                          1195968|N/A                  (*********)
  L2 Hits:                             4407|N/A                  (*********)
  RAM Hits:                           70954|N/A                  (*********)
  Total read+write:                 1271329|N/A                  (*********)
  Estimated Cycles:                 3701393|N/A                  (*********)
perf_gate_iai::perf_gate::cold_alloc_free_256x16b
  Instructions:                      158111|N/A                  (*********)
  L1 Hits:                           236111|N/A                  (*********)
  L2 Hits:                              197|N/A                  (*********)
  RAM Hits:                            1215|N/A                  (*********)
  Total read+write:                  237523|N/A                  (*********)
  Estimated Cycles:                  279621|N/A                  (*********)
perf_gate_iai::perf_gate::cold_alloc_free_256x16b_2n
  Instructions:                      274441|N/A                  (*********)
  L1 Hits:                           391558|N/A                  (*********)
  L2 Hits:                              229|N/A                  (*********)
  RAM Hits:                            1312|N/A                  (*********)
  Total read+write:                  393099|N/A                  (*********)
  Estimated Cycles:                  438623|N/A                  (*********)
perf_gate_iai::perf_gate::cold_alloc_free_256x16b_4n
  Instructions:                      505541|N/A                  (*********)
  L1 Hits:                           697693|N/A                  (*********)
  L2 Hits:                              299|N/A                  (*********)
  RAM Hits:                            1506|N/A                  (*********)
  Total read+write:                  699498|N/A                  (*********)
  Estimated Cycles:                  751898|N/A                  (*********)
perf_gate_iai::perf_gate::cold_alloc_only_256x16b
  Instructions:                      116991|N/A                  (*********)
  L1 Hits:                           183032|N/A                  (*********)
  L2 Hits:                              196|N/A                  (*********)
  RAM Hits:                            1121|N/A                  (*********)
  Total read+write:                  184349|N/A                  (*********)
  Estimated Cycles:                  223247|N/A                  (*********)
perf_gate_iai::perf_gate::cold_alloc_only_256x16b_2n
  Instructions:                      190729|N/A                  (*********)
  L1 Hits:                           283472|N/A                  (*********)
  L2 Hits:                              229|N/A                  (*********)
  RAM Hits:                            1152|N/A                  (*********)
  Total read+write:                  284853|N/A                  (*********)
  Estimated Cycles:                  324937|N/A                  (*********)
perf_gate_iai::perf_gate::cold_alloc_only_256x16b_4n
  Instructions:                      336645|N/A                  (*********)
  L1 Hits:                           479596|N/A                  (*********)
  L2 Hits:                              295|N/A                  (*********)
  RAM Hits:                            1217|N/A                  (*********)
  Total read+write:                  481108|N/A                  (*********)
  Estimated Cycles:                  523666|N/A                  (*********)
perf_gate_iai::perf_gate::cold_alloc_free_256x64b
  Instructions:                      159014|N/A                  (*********)
  L1 Hits:                           237122|N/A                  (*********)
  L2 Hits:                              198|N/A                  (*********)
  RAM Hits:                            1397|N/A                  (*********)
  Total read+write:                  238717|N/A                  (*********)
  Estimated Cycles:                  287007|N/A                  (*********)
perf_gate_iai::perf_gate::recycle_alloc_free_256x16b
  Instructions:                      265409|N/A                  (*********)
  L1 Hits:                           375021|N/A                  (*********)
  L2 Hits:                              197|N/A                  (*********)
  RAM Hits:                            1232|N/A                  (*********)
  Total read+write:                  376450|N/A                  (*********)
  Estimated Cycles:                  419126|N/A                  (*********)
perf_gate_iai::perf_gate::recycle_alloc_only_256x16b
  Instructions:                      223826|N/A                  (*********)
  L1 Hits:                           321500|N/A                  (*********)
  L2 Hits:                              197|N/A                  (*********)
  RAM Hits:                            1232|N/A                  (*********)
  Total read+write:                  322929|N/A                  (*********)
  Estimated Cycles:                  365605|N/A                  (*********)
perf_gate_iai::perf_gate::recycle_alloc_free_256x64b
  Instructions:                      266312|N/A                  (*********)
  L1 Hits:                           376020|N/A                  (*********)
  L2 Hits:                              199|N/A                  (*********)
  RAM Hits:                            1425|N/A                  (*********)
  Total read+write:                  377644|N/A                  (*********)
  Estimated Cycles:                  426890|N/A                  (*********)
perf_gate_iai::perf_gate::churn_256b
  Instructions:                       58346|N/A                  (*********)
  L1 Hits:                           104987|N/A                  (*********)
  L2 Hits:                              185|N/A                  (*********)
  RAM Hits:                            1096|N/A                  (*********)
  Total read+write:                  106268|N/A                  (*********)
  Estimated Cycles:                  144272|N/A                  (*********)
perf_gate_iai::perf_gate::churn_write_256b
  Instructions:                       58526|N/A                  (*********)
  L1 Hits:                           105286|N/A                  (*********)
  L2 Hits:                              184|N/A                  (*********)
  RAM Hits:                            1098|N/A                  (*********)
  Total read+write:                  106568|N/A                  (*********)
  Estimated Cycles:                  144636|N/A                  (*********)
perf_gate_iai::perf_gate::multiseg_cold_256k
  Instructions:                     4028010|N/A                  (*********)
  L1 Hits:                          5421526|N/A                  (*********)
  L2 Hits:                            33963|N/A                  (*********)
  RAM Hits:                            2612|N/A                  (*********)
  Total read+write:                 5458101|N/A                  (*********)
  Estimated Cycles:                 5682761|N/A                  (*********)
perf_gate_iai::perf_gate::seg_cycle_decommit_256k
  Instructions:                    12374664|N/A                  (*********)
  L1 Hits:                         16483896|N/A                  (*********)
  L2 Hits:                           105059|N/A                  (*********)
  RAM Hits:                            2612|N/A                  (*********)
  Total read+write:                16591567|N/A                  (*********)
  Estimated Cycles:                17100611|N/A                  (*********)
perf_gate_iai::perf_gate::mimalloc_small_churn_16b
  Instructions:                       16629|N/A                  (*********)
  L1 Hits:                            21433|N/A                  (*********)
  L2 Hits:                               63|N/A                  (*********)
  RAM Hits:                             502|N/A                  (*********)
  Total read+write:                   21998|N/A                  (*********)
  Estimated Cycles:                   39318|N/A                  (*********)
perf_gate_iai::perf_gate::mimalloc_small_churn_16b_2n
  Instructions:                       21557|N/A                  (*********)
  L1 Hits:                            27896|N/A                  (*********)
  L2 Hits:                               64|N/A                  (*********)
  RAM Hits:                             502|N/A                  (*********)
  Total read+write:                   28462|N/A                  (*********)
  Estimated Cycles:                   45786|N/A                  (*********)
perf_gate_iai::perf_gate::mimalloc_churn_256b
  Instructions:                       16130|N/A                  (*********)
  L1 Hits:                            20946|N/A                  (*********)
  L2 Hits:                               64|N/A                  (*********)
  RAM Hits:                             457|N/A                  (*********)
  Total read+write:                   21467|N/A                  (*********)
  Estimated Cycles:                   37261|N/A                  (*********)
perf_gate_iai::perf_gate::mimalloc_cold_alloc_free_256x16b
  Instructions:                       32325|N/A                  (*********)
  L1 Hits:                            41782|N/A                  (*********)
  L2 Hits:                               90|N/A                  (*********)
  RAM Hits:                             503|N/A                  (*********)
  Total read+write:                   42375|N/A                  (*********)
  Estimated Cycles:                   59837|N/A                  (*********)
perf_gate_iai::perf_gate::mimalloc_cold_alloc_free_256x16b_2n
  Instructions:                       58389|N/A                  (*********)
  L1 Hits:                            78278|N/A                  (*********)
  L2 Hits:                              132|N/A                  (*********)
  RAM Hits:                             581|N/A                  (*********)
  Total read+write:                   78991|N/A                  (*********)
  Estimated Cycles:                   99273|N/A                  (*********)
perf_gate_iai::perf_gate::mimalloc_cold_alloc_free_256x16b_4n
  Instructions:                      106653|N/A                  (*********)
  L1 Hits:                           143431|N/A                  (*********)
  L2 Hits:                              208|N/A                  (*********)
  RAM Hits:                             757|N/A                  (*********)
  Total read+write:                  144396|N/A                  (*********)
  Estimated Cycles:                  170966|N/A                  (*********)
perf_gate_iai::perf_gate::mimalloc_cold_alloc_only_256x16b
  Instructions:                       24584|N/A                  (*********)
  L1 Hits:                            30959|N/A                  (*********)
  L2 Hits:                               89|N/A                  (*********)
  RAM Hits:                             495|N/A                  (*********)
  Total read+write:                   31543|N/A                  (*********)
  Estimated Cycles:                   48729|N/A                  (*********)
perf_gate_iai::perf_gate::mimalloc_cold_alloc_only_256x16b_2n
  Instructions:                       42968|N/A                  (*********)
  L1 Hits:                            56702|N/A                  (*********)
  L2 Hits:                              132|N/A                  (*********)
  RAM Hits:                             573|N/A                  (*********)
  Total read+write:                   57407|N/A                  (*********)
  Estimated Cycles:                   77417|N/A                  (*********)
perf_gate_iai::perf_gate::mimalloc_cold_alloc_only_256x16b_4n
  Instructions:                       75872|N/A                  (*********)
  L1 Hits:                           100351|N/A                  (*********)
  L2 Hits:                              207|N/A                  (*********)
  RAM Hits:                             750|N/A                  (*********)
  Total read+write:                  101308|N/A                  (*********)
  Estimated Cycles:                  127636|N/A                  (*********)
perf_gate_iai::perf_gate::mimalloc_cold_alloc_free_256x64b
  Instructions:                       33329|N/A                  (*********)
  L1 Hits:                            42939|N/A                  (*********)
  L2 Hits:                              100|N/A                  (*********)
  RAM Hits:                             709|N/A                  (*********)
  Total read+write:                   43748|N/A                  (*********)
  Estimated Cycles:                   68254|N/A                  (*********)
perf_gate_iai::perf_gate::mimalloc_recycle_alloc_free_256x16b
  Instructions:                       53020|N/A                  (*********)
  L1 Hits:                            68688|N/A                  (*********)
  L2 Hits:                               90|N/A                  (*********)
  RAM Hits:                             505|N/A                  (*********)
  Total read+write:                   69283|N/A                  (*********)
  Estimated Cycles:                   86813|N/A                  (*********)
perf_gate_iai::perf_gate::mimalloc_recycle_alloc_free_256x64b
  Instructions:                       54024|N/A                  (*********)
  L1 Hits:                            69844|N/A                  (*********)
  L2 Hits:                              101|N/A                  (*********)
  RAM Hits:                             711|N/A                  (*********)
  Total read+write:                   70656|N/A                  (*********)
  Estimated Cycles:                   95234|N/A                  (*********)
perf_gate_iai::perf_gate::mimalloc_bootstrap_proxy
  Instructions:                       13050|N/A                  (*********)
  L1 Hits:                            16720|N/A                  (*********)
  L2 Hits:                               71|N/A                  (*********)
  RAM Hits:                             514|N/A                  (*********)
  Total read+write:                   17305|N/A                  (*********)
  Estimated Cycles:                   35065|N/A                  (*********)
perf_gate_iai::perf_gate::decomp_full_cycle_8x
  Instructions:                      680068|N/A                  (*********)
  L1 Hits:                          1282338|N/A                  (*********)
  L2 Hits:                             6928|N/A                  (*********)
  RAM Hits:                            3863|N/A                  (*********)
  Total read+write:                 1293129|N/A                  (*********)
  Estimated Cycles:                 1452183|N/A                  (*********)
perf_gate_iai::perf_gate::decomp_os_roundtrip_8x
  Instructions:                         861|N/A                  (*********)
  L1 Hits:                             1165|N/A                  (*********)
  L2 Hits:                                1|N/A                  (*********)
  RAM Hits:                              26|N/A                  (*********)
  Total read+write:                    1192|N/A                  (*********)
  Estimated Cycles:                    2080|N/A                  (*********)

Iai-Callgrind result: Ok. 85 without regressions; 0 regressed; 85 benchmarks finished in 33.1951s
