[paired-ab] --config has no "build" step; assuming arm commands are already built.

[paired-ab] off vs on — 20 pairs, A/B/B/A protocol
RESULT arm=large_cache_extended_narrow_off
RESULT narrow_n=4
RESULT elapsed_ns=448100
RESULT large_cache_hits=1600
RESULT total_deallocs=1600
RESULT rss_after_kib=3136
RESULT commit_after_kib=4187748
RESULT segments_reserved_total=10
RESULT segments_reserved_baseline=1
RESULT segments_reserved_pre_timing=10
RESULT large_cache_used_bytes_pre_timing=4278190080
RESULT oracle_total_slots=8
.RESULT arm=large_cache_extended_narrow_on
RESULT narrow_n=4
RESULT elapsed_ns=675900
RESULT large_cache_hits=1600
RESULT total_deallocs=1600
RESULT rss_after_kib=3188
RESULT commit_after_kib=4196008
RESULT segments_reserved_total=10
RESULT segments_reserved_baseline=1
RESULT segments_reserved_pre_timing=10
RESULT large_cache_used_bytes_pre_timing=4286578688
RESULT oracle_total_slots=40
RESULT oracle_materialised=1
.RESULT arm=large_cache_extended_narrow_on
RESULT narrow_n=4
RESULT elapsed_ns=675600
RESULT large_cache_hits=1600
RESULT total_deallocs=1600
RESULT rss_after_kib=3180
RESULT commit_after_kib=4195988
RESULT segments_reserved_total=10
RESULT segments_reserved_baseline=1
RESULT segments_reserved_pre_timing=10
RESULT large_cache_used_bytes_pre_timing=4286578688
RESULT oracle_total_slots=40
RESULT oracle_materialised=1
.RESULT arm=large_cache_extended_narrow_off
RESULT narrow_n=4
RESULT elapsed_ns=463600
RESULT large_cache_hits=1600
RESULT total_deallocs=1600
RESULT rss_after_kib=3156
RESULT commit_after_kib=4187780
RESULT segments_reserved_total=10
RESULT segments_reserved_baseline=1
RESULT segments_reserved_pre_timing=10
RESULT large_cache_used_bytes_pre_timing=4278190080
RESULT oracle_total_slots=8
.RESULT arm=large_cache_extended_narrow_off
RESULT narrow_n=4
RESULT elapsed_ns=461100
RESULT large_cache_hits=1600
RESULT total_deallocs=1600
RESULT rss_after_kib=3168
RESULT commit_after_kib=4187796
RESULT segments_reserved_total=10
RESULT segments_reserved_baseline=1
RESULT segments_reserved_pre_timing=10
RESULT large_cache_used_bytes_pre_timing=4278190080
RESULT oracle_total_slots=8
.RESULT arm=large_cache_extended_narrow_on
RESULT narrow_n=4
RESULT elapsed_ns=665200
RESULT large_cache_hits=1600
RESULT total_deallocs=1600
RESULT rss_after_kib=3168
RESULT commit_after_kib=4195968
RESULT segments_reserved_total=10
RESULT segments_reserved_baseline=1
RESULT segments_reserved_pre_timing=10
RESULT large_cache_used_bytes_pre_timing=4286578688
RESULT oracle_total_slots=40
RESULT oracle_materialised=1
.RESULT arm=large_cache_extended_narrow_on
RESULT narrow_n=4
RESULT elapsed_ns=419600
RESULT large_cache_hits=1600
RESULT total_deallocs=1600
RESULT rss_after_kib=3184
RESULT commit_after_kib=4196000
RESULT segments_reserved_total=10
RESULT segments_reserved_baseline=1
RESULT segments_reserved_pre_timing=10
RESULT large_cache_used_bytes_pre_timing=4286578688
RESULT oracle_total_slots=40
RESULT oracle_materialised=1
.RESULT arm=large_cache_extended_narrow_off
RESULT narrow_n=4
RESULT elapsed_ns=434600
RESULT large_cache_hits=1600
RESULT total_deallocs=1600
RESULT rss_after_kib=3152
RESULT commit_after_kib=4187772
RESULT segments_reserved_total=10
RESULT segments_reserved_baseline=1
RESULT segments_reserved_pre_timing=10
RESULT large_cache_used_bytes_pre_timing=4278190080
RESULT oracle_total_slots=8
.RESULT arm=large_cache_extended_narrow_off
RESULT narrow_n=4
RESULT elapsed_ns=465100
RESULT large_cache_hits=1600
RESULT total_deallocs=1600
RESULT rss_after_kib=3156
RESULT commit_after_kib=4187784
RESULT segments_reserved_total=10
RESULT segments_reserved_baseline=1
RESULT segments_reserved_pre_timing=10
RESULT large_cache_used_bytes_pre_timing=4278190080
RESULT oracle_total_slots=8
.RESULT arm=large_cache_extended_narrow_on
RESULT narrow_n=4
RESULT elapsed_ns=691200
RESULT large_cache_hits=1600
RESULT total_deallocs=1600
RESULT rss_after_kib=3184
RESULT commit_after_kib=4196000
RESULT segments_reserved_total=10
RESULT segments_reserved_baseline=1
RESULT segments_reserved_pre_timing=10
RESULT large_cache_used_bytes_pre_timing=4286578688
RESULT oracle_total_slots=40
RESULT oracle_materialised=1
.RESULT arm=large_cache_extended_narrow_on
RESULT narrow_n=4
RESULT elapsed_ns=393700
RESULT large_cache_hits=1600
RESULT total_deallocs=1600
RESULT rss_after_kib=3184
RESULT commit_after_kib=4196000
RESULT segments_reserved_total=10
RESULT segments_reserved_baseline=1
RESULT segments_reserved_pre_timing=10
RESULT large_cache_used_bytes_pre_timing=4286578688
RESULT oracle_total_slots=40
RESULT oracle_materialised=1
.RESULT arm=large_cache_extended_narrow_off
RESULT narrow_n=4
RESULT elapsed_ns=452600
RESULT large_cache_hits=1600
RESULT total_deallocs=1600
RESULT rss_after_kib=3156
RESULT commit_after_kib=4187784
RESULT segments_reserved_total=10
RESULT segments_reserved_baseline=1
RESULT segments_reserved_pre_timing=10
RESULT large_cache_used_bytes_pre_timing=4278190080
RESULT oracle_total_slots=8
.RESULT arm=large_cache_extended_narrow_off
RESULT narrow_n=4
RESULT elapsed_ns=321100
RESULT large_cache_hits=1600
RESULT total_deallocs=1600
RESULT rss_after_kib=3160
RESULT commit_after_kib=4187780
RESULT segments_reserved_total=10
RESULT segments_reserved_baseline=1
RESULT segments_reserved_pre_timing=10
RESULT large_cache_used_bytes_pre_timing=4278190080
RESULT oracle_total_slots=8
.RESULT arm=large_cache_extended_narrow_on
RESULT narrow_n=4
RESULT elapsed_ns=416800
RESULT large_cache_hits=1600
RESULT total_deallocs=1600
RESULT rss_after_kib=3184
RESULT commit_after_kib=4196004
RESULT segments_reserved_total=10
RESULT segments_reserved_baseline=1
RESULT segments_reserved_pre_timing=10
RESULT large_cache_used_bytes_pre_timing=4286578688
RESULT oracle_total_slots=40
RESULT oracle_materialised=1
.RESULT arm=large_cache_extended_narrow_on
RESULT narrow_n=4
RESULT elapsed_ns=803800
RESULT large_cache_hits=1600
RESULT total_deallocs=1600
RESULT rss_after_kib=3180
RESULT commit_after_kib=4195992
RESULT segments_reserved_total=10
RESULT segments_reserved_baseline=1
RESULT segments_reserved_pre_timing=10
RESULT large_cache_used_bytes_pre_timing=4286578688
RESULT oracle_total_slots=40
RESULT oracle_materialised=1
.RESULT arm=large_cache_extended_narrow_off
RESULT narrow_n=4
RESULT elapsed_ns=293500
RESULT large_cache_hits=1600
RESULT total_deallocs=1600
RESULT rss_after_kib=3160
RESULT commit_after_kib=4187784
RESULT segments_reserved_total=10
RESULT segments_reserved_baseline=1
RESULT segments_reserved_pre_timing=10
RESULT large_cache_used_bytes_pre_timing=4278190080
RESULT oracle_total_slots=8
.RESULT arm=large_cache_extended_narrow_off
RESULT narrow_n=4
RESULT elapsed_ns=440700
RESULT large_cache_hits=1600
RESULT total_deallocs=1600
RESULT rss_after_kib=3160
RESULT commit_after_kib=4187784
RESULT segments_reserved_total=10
RESULT segments_reserved_baseline=1
RESULT segments_reserved_pre_timing=10
RESULT large_cache_used_bytes_pre_timing=4278190080
RESULT oracle_total_slots=8
.RESULT arm=large_cache_extended_narrow_on
RESULT narrow_n=4
RESULT elapsed_ns=680300
RESULT large_cache_hits=1600
RESULT total_deallocs=1600
RESULT rss_after_kib=3180
RESULT commit_after_kib=4195988
RESULT segments_reserved_total=10
RESULT segments_reserved_baseline=1
RESULT segments_reserved_pre_timing=10
RESULT large_cache_used_bytes_pre_timing=4286578688
RESULT oracle_total_slots=40
RESULT oracle_materialised=1
.RESULT arm=large_cache_extended_narrow_on
RESULT narrow_n=4
RESULT elapsed_ns=577600
RESULT large_cache_hits=1600
RESULT total_deallocs=1600
RESULT rss_after_kib=3184
RESULT commit_after_kib=4195996
RESULT segments_reserved_total=10
RESULT segments_reserved_baseline=1
RESULT segments_reserved_pre_timing=10
RESULT large_cache_used_bytes_pre_timing=4286578688
RESULT oracle_total_slots=40
RESULT oracle_materialised=1
.RESULT arm=large_cache_extended_narrow_off
RESULT narrow_n=4
RESULT elapsed_ns=312500
RESULT large_cache_hits=1600
RESULT total_deallocs=1600
RESULT rss_after_kib=3160
RESULT commit_after_kib=4187788
RESULT segments_reserved_total=10
RESULT segments_reserved_baseline=1
RESULT segments_reserved_pre_timing=10
RESULT large_cache_used_bytes_pre_timing=4278190080
RESULT oracle_total_slots=8
.RESULT arm=large_cache_extended_narrow_off
RESULT narrow_n=4
RESULT elapsed_ns=415100
RESULT large_cache_hits=1600
RESULT total_deallocs=1600
RESULT rss_after_kib=3160
RESULT commit_after_kib=4187780
RESULT segments_reserved_total=10
RESULT segments_reserved_baseline=1
RESULT segments_reserved_pre_timing=10
RESULT large_cache_used_bytes_pre_timing=4278190080
RESULT oracle_total_slots=8
.RESULT arm=large_cache_extended_narrow_on
RESULT narrow_n=4
RESULT elapsed_ns=445300
RESULT large_cache_hits=1600
RESULT total_deallocs=1600
RESULT rss_after_kib=3164
RESULT commit_after_kib=4195964
RESULT segments_reserved_total=10
RESULT segments_reserved_baseline=1
RESULT segments_reserved_pre_timing=10
RESULT large_cache_used_bytes_pre_timing=4286578688
RESULT oracle_total_slots=40
RESULT oracle_materialised=1
.RESULT arm=large_cache_extended_narrow_on
RESULT narrow_n=4
RESULT elapsed_ns=680900
RESULT large_cache_hits=1600
RESULT total_deallocs=1600
RESULT rss_after_kib=3180
RESULT commit_after_kib=4195992
RESULT segments_reserved_total=10
RESULT segments_reserved_baseline=1
RESULT segments_reserved_pre_timing=10
RESULT large_cache_used_bytes_pre_timing=4286578688
RESULT oracle_total_slots=40
RESULT oracle_materialised=1
.RESULT arm=large_cache_extended_narrow_off
RESULT narrow_n=4
RESULT elapsed_ns=451200
RESULT large_cache_hits=1600
RESULT total_deallocs=1600
RESULT rss_after_kib=3164
RESULT commit_after_kib=4187788
RESULT segments_reserved_total=10
RESULT segments_reserved_baseline=1
RESULT segments_reserved_pre_timing=10
RESULT large_cache_used_bytes_pre_timing=4278190080
RESULT oracle_total_slots=8
.RESULT arm=large_cache_extended_narrow_off
RESULT narrow_n=4
RESULT elapsed_ns=462100
RESULT large_cache_hits=1600
RESULT total_deallocs=1600
RESULT rss_after_kib=3168
RESULT commit_after_kib=4187796
RESULT segments_reserved_total=10
RESULT segments_reserved_baseline=1
RESULT segments_reserved_pre_timing=10
RESULT large_cache_used_bytes_pre_timing=4278190080
RESULT oracle_total_slots=8
.RESULT arm=large_cache_extended_narrow_on
RESULT narrow_n=4
RESULT elapsed_ns=668200
RESULT large_cache_hits=1600
RESULT total_deallocs=1600
RESULT rss_after_kib=3180
RESULT commit_after_kib=4195988
RESULT segments_reserved_total=10
RESULT segments_reserved_baseline=1
RESULT segments_reserved_pre_timing=10
RESULT large_cache_used_bytes_pre_timing=4286578688
RESULT oracle_total_slots=40
RESULT oracle_materialised=1
.RESULT arm=large_cache_extended_narrow_on
RESULT narrow_n=4
RESULT elapsed_ns=671400
RESULT large_cache_hits=1600
RESULT total_deallocs=1600
RESULT rss_after_kib=3184
RESULT commit_after_kib=4195996
RESULT segments_reserved_total=10
RESULT segments_reserved_baseline=1
RESULT segments_reserved_pre_timing=10
RESULT large_cache_used_bytes_pre_timing=4286578688
RESULT oracle_total_slots=40
RESULT oracle_materialised=1
.RESULT arm=large_cache_extended_narrow_off
RESULT narrow_n=4
RESULT elapsed_ns=444400
RESULT large_cache_hits=1600
RESULT total_deallocs=1600
RESULT rss_after_kib=3156
RESULT commit_after_kib=4187784
RESULT segments_reserved_total=10
RESULT segments_reserved_baseline=1
RESULT segments_reserved_pre_timing=10
RESULT large_cache_used_bytes_pre_timing=4278190080
RESULT oracle_total_slots=8
.RESULT arm=large_cache_extended_narrow_off
RESULT narrow_n=4
RESULT elapsed_ns=322000
RESULT large_cache_hits=1600
RESULT total_deallocs=1600
RESULT rss_after_kib=3164
RESULT commit_after_kib=4187788
RESULT segments_reserved_total=10
RESULT segments_reserved_baseline=1
RESULT segments_reserved_pre_timing=10
RESULT large_cache_used_bytes_pre_timing=4278190080
RESULT oracle_total_slots=8
.RESULT arm=large_cache_extended_narrow_on
RESULT narrow_n=4
RESULT elapsed_ns=686600
RESULT large_cache_hits=1600
RESULT total_deallocs=1600
RESULT rss_after_kib=3184
RESULT commit_after_kib=4195996
RESULT segments_reserved_total=10
RESULT segments_reserved_baseline=1
RESULT segments_reserved_pre_timing=10
RESULT large_cache_used_bytes_pre_timing=4286578688
RESULT oracle_total_slots=40
RESULT oracle_materialised=1
.RESULT arm=large_cache_extended_narrow_on
RESULT narrow_n=4
RESULT elapsed_ns=517500
RESULT large_cache_hits=1600
RESULT total_deallocs=1600
RESULT rss_after_kib=3184
RESULT commit_after_kib=4196000
RESULT segments_reserved_total=10
RESULT segments_reserved_baseline=1
RESULT segments_reserved_pre_timing=10
RESULT large_cache_used_bytes_pre_timing=4286578688
RESULT oracle_total_slots=40
RESULT oracle_materialised=1
.RESULT arm=large_cache_extended_narrow_off
RESULT narrow_n=4
RESULT elapsed_ns=295300
RESULT large_cache_hits=1600
RESULT total_deallocs=1600
RESULT rss_after_kib=3144
RESULT commit_after_kib=4187764
RESULT segments_reserved_total=10
RESULT segments_reserved_baseline=1
RESULT segments_reserved_pre_timing=10
RESULT large_cache_used_bytes_pre_timing=4278190080
RESULT oracle_total_slots=8
.RESULT arm=large_cache_extended_narrow_off
RESULT narrow_n=4
RESULT elapsed_ns=399400
RESULT large_cache_hits=1600
RESULT total_deallocs=1600
RESULT rss_after_kib=3156
RESULT commit_after_kib=4187784
RESULT segments_reserved_total=10
RESULT segments_reserved_baseline=1
RESULT segments_reserved_pre_timing=10
RESULT large_cache_used_bytes_pre_timing=4278190080
RESULT oracle_total_slots=8
.RESULT arm=large_cache_extended_narrow_on
RESULT narrow_n=4
RESULT elapsed_ns=666500
RESULT large_cache_hits=1600
RESULT total_deallocs=1600
RESULT rss_after_kib=3180
RESULT commit_after_kib=4195996
RESULT segments_reserved_total=10
RESULT segments_reserved_baseline=1
RESULT segments_reserved_pre_timing=10
RESULT large_cache_used_bytes_pre_timing=4286578688
RESULT oracle_total_slots=40
RESULT oracle_materialised=1
.RESULT arm=large_cache_extended_narrow_on
RESULT narrow_n=4
RESULT elapsed_ns=580500
RESULT large_cache_hits=1600
RESULT total_deallocs=1600
RESULT rss_after_kib=3184
RESULT commit_after_kib=4196000
RESULT segments_reserved_total=10
RESULT segments_reserved_baseline=1
RESULT segments_reserved_pre_timing=10
RESULT large_cache_used_bytes_pre_timing=4286578688
RESULT oracle_total_slots=40
RESULT oracle_materialised=1
.RESULT arm=large_cache_extended_narrow_off
RESULT narrow_n=4
RESULT elapsed_ns=458800
RESULT large_cache_hits=1600
RESULT total_deallocs=1600
RESULT rss_after_kib=3160
RESULT commit_after_kib=4187788
RESULT segments_reserved_total=10
RESULT segments_reserved_baseline=1
RESULT segments_reserved_pre_timing=10
RESULT large_cache_used_bytes_pre_timing=4278190080
RESULT oracle_total_slots=8
.RESULT arm=large_cache_extended_narrow_off
RESULT narrow_n=4
RESULT elapsed_ns=467300
RESULT large_cache_hits=1600
RESULT total_deallocs=1600
RESULT rss_after_kib=3164
RESULT commit_after_kib=4187788
RESULT segments_reserved_total=10
RESULT segments_reserved_baseline=1
RESULT segments_reserved_pre_timing=10
RESULT large_cache_used_bytes_pre_timing=4278190080
RESULT oracle_total_slots=8
.RESULT arm=large_cache_extended_narrow_on
RESULT narrow_n=4
RESULT elapsed_ns=664500
RESULT large_cache_hits=1600
RESULT total_deallocs=1600
RESULT rss_after_kib=3192
RESULT commit_after_kib=4196004
RESULT segments_reserved_total=10
RESULT segments_reserved_baseline=1
RESULT segments_reserved_pre_timing=10
RESULT large_cache_used_bytes_pre_timing=4286578688
RESULT oracle_total_slots=40
RESULT oracle_materialised=1
.RESULT arm=large_cache_extended_narrow_on
RESULT narrow_n=4
RESULT elapsed_ns=659400
RESULT large_cache_hits=1600
RESULT total_deallocs=1600
RESULT rss_after_kib=3172
RESULT commit_after_kib=4195988
RESULT segments_reserved_total=10
RESULT segments_reserved_baseline=1
RESULT segments_reserved_pre_timing=10
RESULT large_cache_used_bytes_pre_timing=4286578688
RESULT oracle_total_slots=40
RESULT oracle_materialised=1
.RESULT arm=large_cache_extended_narrow_off
RESULT narrow_n=4
RESULT elapsed_ns=463700
RESULT large_cache_hits=1600
RESULT total_deallocs=1600
RESULT rss_after_kib=3160
RESULT commit_after_kib=4187780
RESULT segments_reserved_total=10
RESULT segments_reserved_baseline=1
RESULT segments_reserved_pre_timing=10
RESULT large_cache_used_bytes_pre_timing=4278190080
RESULT oracle_total_slots=8
.RESULT arm=large_cache_extended_narrow_off
RESULT narrow_n=4
RESULT elapsed_ns=560500
RESULT large_cache_hits=1600
RESULT total_deallocs=1600
RESULT rss_after_kib=3156
RESULT commit_after_kib=4187772
RESULT segments_reserved_total=10
RESULT segments_reserved_baseline=1
RESULT segments_reserved_pre_timing=10
RESULT large_cache_used_bytes_pre_timing=4278190080
RESULT oracle_total_slots=8
.RESULT arm=large_cache_extended_narrow_on
RESULT narrow_n=4
RESULT elapsed_ns=670700
RESULT large_cache_hits=1600
RESULT total_deallocs=1600
RESULT rss_after_kib=3180
RESULT commit_after_kib=4195992
RESULT segments_reserved_total=10
RESULT segments_reserved_baseline=1
RESULT segments_reserved_pre_timing=10
RESULT large_cache_used_bytes_pre_timing=4286578688
RESULT oracle_total_slots=40
RESULT oracle_materialised=1
.RESULT arm=large_cache_extended_narrow_on
RESULT narrow_n=4
RESULT elapsed_ns=661700
RESULT large_cache_hits=1600
RESULT total_deallocs=1600
RESULT rss_after_kib=3184
RESULT commit_after_kib=4196000
RESULT segments_reserved_total=10
RESULT segments_reserved_baseline=1
RESULT segments_reserved_pre_timing=10
RESULT large_cache_used_bytes_pre_timing=4286578688
RESULT oracle_total_slots=40
RESULT oracle_materialised=1
.RESULT arm=large_cache_extended_narrow_off
RESULT narrow_n=4
RESULT elapsed_ns=406600
RESULT large_cache_hits=1600
RESULT total_deallocs=1600
RESULT rss_after_kib=3140
RESULT commit_after_kib=4187748
RESULT segments_reserved_total=10
RESULT segments_reserved_baseline=1
RESULT segments_reserved_pre_timing=10
RESULT large_cache_used_bytes_pre_timing=4278190080
RESULT oracle_total_slots=8
.RESULT arm=large_cache_extended_narrow_off
RESULT narrow_n=4
RESULT elapsed_ns=382100
RESULT large_cache_hits=1600
RESULT total_deallocs=1600
RESULT rss_after_kib=3136
RESULT commit_after_kib=4187744
RESULT segments_reserved_total=10
RESULT segments_reserved_baseline=1
RESULT segments_reserved_pre_timing=10
RESULT large_cache_used_bytes_pre_timing=4278190080
RESULT oracle_total_slots=8
.RESULT arm=large_cache_extended_narrow_on
RESULT narrow_n=4
RESULT elapsed_ns=711200
RESULT large_cache_hits=1600
RESULT total_deallocs=1600
RESULT rss_after_kib=3168
RESULT commit_after_kib=4195968
RESULT segments_reserved_total=10
RESULT segments_reserved_baseline=1
RESULT segments_reserved_pre_timing=10
RESULT large_cache_used_bytes_pre_timing=4286578688
RESULT oracle_total_slots=40
RESULT oracle_materialised=1
.RESULT arm=large_cache_extended_narrow_on
RESULT narrow_n=4
RESULT elapsed_ns=397200
RESULT large_cache_hits=1600
RESULT total_deallocs=1600
RESULT rss_after_kib=3180
RESULT commit_after_kib=4195996
RESULT segments_reserved_total=10
RESULT segments_reserved_baseline=1
RESULT segments_reserved_pre_timing=10
RESULT large_cache_used_bytes_pre_timing=4286578688
RESULT oracle_total_slots=40
RESULT oracle_materialised=1
.RESULT arm=large_cache_extended_narrow_off
RESULT narrow_n=4
RESULT elapsed_ns=413300
RESULT large_cache_hits=1600
RESULT total_deallocs=1600
RESULT rss_after_kib=3156
RESULT commit_after_kib=4187780
RESULT segments_reserved_total=10
RESULT segments_reserved_baseline=1
RESULT segments_reserved_pre_timing=10
RESULT large_cache_used_bytes_pre_timing=4278190080
RESULT oracle_total_slots=8
.RESULT arm=large_cache_extended_narrow_off
RESULT narrow_n=4
RESULT elapsed_ns=452500
RESULT large_cache_hits=1600
RESULT total_deallocs=1600
RESULT rss_after_kib=3160
RESULT commit_after_kib=4187788
RESULT segments_reserved_total=10
RESULT segments_reserved_baseline=1
RESULT segments_reserved_pre_timing=10
RESULT large_cache_used_bytes_pre_timing=4278190080
RESULT oracle_total_slots=8
.RESULT arm=large_cache_extended_narrow_on
RESULT narrow_n=4
RESULT elapsed_ns=679100
RESULT large_cache_hits=1600
RESULT total_deallocs=1600
RESULT rss_after_kib=3184
RESULT commit_after_kib=4196000
RESULT segments_reserved_total=10
RESULT segments_reserved_baseline=1
RESULT segments_reserved_pre_timing=10
RESULT large_cache_used_bytes_pre_timing=4286578688
RESULT oracle_total_slots=40
RESULT oracle_materialised=1
.RESULT arm=large_cache_extended_narrow_on
RESULT narrow_n=4
RESULT elapsed_ns=613300
RESULT large_cache_hits=1600
RESULT total_deallocs=1600
RESULT rss_after_kib=3184
RESULT commit_after_kib=4196000
RESULT segments_reserved_total=10
RESULT segments_reserved_baseline=1
RESULT segments_reserved_pre_timing=10
RESULT large_cache_used_bytes_pre_timing=4286578688
RESULT oracle_total_slots=40
RESULT oracle_materialised=1
.RESULT arm=large_cache_extended_narrow_off
RESULT narrow_n=4
RESULT elapsed_ns=429400
RESULT large_cache_hits=1600
RESULT total_deallocs=1600
RESULT rss_after_kib=3152
RESULT commit_after_kib=4187784
RESULT segments_reserved_total=10
RESULT segments_reserved_baseline=1
RESULT segments_reserved_pre_timing=10
RESULT large_cache_used_bytes_pre_timing=4278190080
RESULT oracle_total_slots=8
.RESULT arm=large_cache_extended_narrow_off
RESULT narrow_n=4
RESULT elapsed_ns=459400
RESULT large_cache_hits=1600
RESULT total_deallocs=1600
RESULT rss_after_kib=3160
RESULT commit_after_kib=4187788
RESULT segments_reserved_total=10
RESULT segments_reserved_baseline=1
RESULT segments_reserved_pre_timing=10
RESULT large_cache_used_bytes_pre_timing=4278190080
RESULT oracle_total_slots=8
.RESULT arm=large_cache_extended_narrow_on
RESULT narrow_n=4
RESULT elapsed_ns=409500
RESULT large_cache_hits=1600
RESULT total_deallocs=1600
RESULT rss_after_kib=3192
RESULT commit_after_kib=4196004
RESULT segments_reserved_total=10
RESULT segments_reserved_baseline=1
RESULT segments_reserved_pre_timing=10
RESULT large_cache_used_bytes_pre_timing=4286578688
RESULT oracle_total_slots=40
RESULT oracle_materialised=1
.RESULT arm=large_cache_extended_narrow_on
RESULT narrow_n=4
RESULT elapsed_ns=665600
RESULT large_cache_hits=1600
RESULT total_deallocs=1600
RESULT rss_after_kib=3180
RESULT commit_after_kib=4196000
RESULT segments_reserved_total=10
RESULT segments_reserved_baseline=1
RESULT segments_reserved_pre_timing=10
RESULT large_cache_used_bytes_pre_timing=4286578688
RESULT oracle_total_slots=40
RESULT oracle_materialised=1
.RESULT arm=large_cache_extended_narrow_off
RESULT narrow_n=4
RESULT elapsed_ns=284500
RESULT large_cache_hits=1600
RESULT total_deallocs=1600
RESULT rss_after_kib=3160
RESULT commit_after_kib=4187780
RESULT segments_reserved_total=10
RESULT segments_reserved_baseline=1
RESULT segments_reserved_pre_timing=10
RESULT large_cache_used_bytes_pre_timing=4278190080
RESULT oracle_total_slots=8
.RESULT arm=large_cache_extended_narrow_off
RESULT narrow_n=4
RESULT elapsed_ns=447500
RESULT large_cache_hits=1600
RESULT total_deallocs=1600
RESULT rss_after_kib=3156
RESULT commit_after_kib=4187780
RESULT segments_reserved_total=10
RESULT segments_reserved_baseline=1
RESULT segments_reserved_pre_timing=10
RESULT large_cache_used_bytes_pre_timing=4278190080
RESULT oracle_total_slots=8
.RESULT arm=large_cache_extended_narrow_on
RESULT narrow_n=4
RESULT elapsed_ns=574100
RESULT large_cache_hits=1600
RESULT total_deallocs=1600
RESULT rss_after_kib=3184
RESULT commit_after_kib=4195992
RESULT segments_reserved_total=10
RESULT segments_reserved_baseline=1
RESULT segments_reserved_pre_timing=10
RESULT large_cache_used_bytes_pre_timing=4286578688
RESULT oracle_total_slots=40
RESULT oracle_materialised=1
.RESULT arm=large_cache_extended_narrow_on
RESULT narrow_n=4
RESULT elapsed_ns=607300
RESULT large_cache_hits=1600
RESULT total_deallocs=1600
RESULT rss_after_kib=3184
RESULT commit_after_kib=4196004
RESULT segments_reserved_total=10
RESULT segments_reserved_baseline=1
RESULT segments_reserved_pre_timing=10
RESULT large_cache_used_bytes_pre_timing=4286578688
RESULT oracle_total_slots=40
RESULT oracle_materialised=1
.RESULT arm=large_cache_extended_narrow_off
RESULT narrow_n=4
RESULT elapsed_ns=382100
RESULT large_cache_hits=1600
RESULT total_deallocs=1600
RESULT rss_after_kib=3160
RESULT commit_after_kib=4187792
RESULT segments_reserved_total=10
RESULT segments_reserved_baseline=1
RESULT segments_reserved_pre_timing=10
RESULT large_cache_used_bytes_pre_timing=4278190080
RESULT oracle_total_slots=8
.RESULT arm=large_cache_extended_narrow_off
RESULT narrow_n=4
RESULT elapsed_ns=418000
RESULT large_cache_hits=1600
RESULT total_deallocs=1600
RESULT rss_after_kib=3140
RESULT commit_after_kib=4187752
RESULT segments_reserved_total=10
RESULT segments_reserved_baseline=1
RESULT segments_reserved_pre_timing=10
RESULT large_cache_used_bytes_pre_timing=4278190080
RESULT oracle_total_slots=8
.RESULT arm=large_cache_extended_narrow_on
RESULT narrow_n=4
RESULT elapsed_ns=652900
RESULT large_cache_hits=1600
RESULT total_deallocs=1600
RESULT rss_after_kib=3192
RESULT commit_after_kib=4196004
RESULT segments_reserved_total=10
RESULT segments_reserved_baseline=1
RESULT segments_reserved_pre_timing=10
RESULT large_cache_used_bytes_pre_timing=4286578688
RESULT oracle_total_slots=40
RESULT oracle_materialised=1
.RESULT arm=large_cache_extended_narrow_on
RESULT narrow_n=4
RESULT elapsed_ns=650700
RESULT large_cache_hits=1600
RESULT total_deallocs=1600
RESULT rss_after_kib=3164
RESULT commit_after_kib=4195960
RESULT segments_reserved_total=10
RESULT segments_reserved_baseline=1
RESULT segments_reserved_pre_timing=10
RESULT large_cache_used_bytes_pre_timing=4286578688
RESULT oracle_total_slots=40
RESULT oracle_materialised=1
.RESULT arm=large_cache_extended_narrow_off
RESULT narrow_n=4
RESULT elapsed_ns=448800
RESULT large_cache_hits=1600
RESULT total_deallocs=1600
RESULT rss_after_kib=3164
RESULT commit_after_kib=4187788
RESULT segments_reserved_total=10
RESULT segments_reserved_baseline=1
RESULT segments_reserved_pre_timing=10
RESULT large_cache_used_bytes_pre_timing=4278190080
RESULT oracle_total_slots=8
.RESULT arm=large_cache_extended_narrow_off
RESULT narrow_n=4
RESULT elapsed_ns=447400
RESULT large_cache_hits=1600
RESULT total_deallocs=1600
RESULT rss_after_kib=3160
RESULT commit_after_kib=4187784
RESULT segments_reserved_total=10
RESULT segments_reserved_baseline=1
RESULT segments_reserved_pre_timing=10
RESULT large_cache_used_bytes_pre_timing=4278190080
RESULT oracle_total_slots=8
.RESULT arm=large_cache_extended_narrow_on
RESULT narrow_n=4
RESULT elapsed_ns=674200
RESULT large_cache_hits=1600
RESULT total_deallocs=1600
RESULT rss_after_kib=3184
RESULT commit_after_kib=4195996
RESULT segments_reserved_total=10
RESULT segments_reserved_baseline=1
RESULT segments_reserved_pre_timing=10
RESULT large_cache_used_bytes_pre_timing=4286578688
RESULT oracle_total_slots=40
RESULT oracle_materialised=1
.RESULT arm=large_cache_extended_narrow_on
RESULT narrow_n=4
RESULT elapsed_ns=667500
RESULT large_cache_hits=1600
RESULT total_deallocs=1600
RESULT rss_after_kib=3184
RESULT commit_after_kib=4196004
RESULT segments_reserved_total=10
RESULT segments_reserved_baseline=1
RESULT segments_reserved_pre_timing=10
RESULT large_cache_used_bytes_pre_timing=4286578688
RESULT oracle_total_slots=40
RESULT oracle_materialised=1
.RESULT arm=large_cache_extended_narrow_off
RESULT narrow_n=4
RESULT elapsed_ns=396800
RESULT large_cache_hits=1600
RESULT total_deallocs=1600
RESULT rss_after_kib=3160
RESULT commit_after_kib=4187784
RESULT segments_reserved_total=10
RESULT segments_reserved_baseline=1
RESULT segments_reserved_pre_timing=10
RESULT large_cache_used_bytes_pre_timing=4278190080
RESULT oracle_total_slots=8
.RESULT arm=large_cache_extended_narrow_off
RESULT narrow_n=4
RESULT elapsed_ns=465300
RESULT large_cache_hits=1600
RESULT total_deallocs=1600
RESULT rss_after_kib=3160
RESULT commit_after_kib=4187784
RESULT segments_reserved_total=10
RESULT segments_reserved_baseline=1
RESULT segments_reserved_pre_timing=10
RESULT large_cache_used_bytes_pre_timing=4278190080
RESULT oracle_total_slots=8
.RESULT arm=large_cache_extended_narrow_on
RESULT narrow_n=4
RESULT elapsed_ns=651800
RESULT large_cache_hits=1600
RESULT total_deallocs=1600
RESULT rss_after_kib=3164
RESULT commit_after_kib=4195964
RESULT segments_reserved_total=10
RESULT segments_reserved_baseline=1
RESULT segments_reserved_pre_timing=10
RESULT large_cache_used_bytes_pre_timing=4286578688
RESULT oracle_total_slots=40
RESULT oracle_materialised=1
.RESULT arm=large_cache_extended_narrow_on
RESULT narrow_n=4
RESULT elapsed_ns=665900
RESULT large_cache_hits=1600
RESULT total_deallocs=1600
RESULT rss_after_kib=3176
RESULT commit_after_kib=4195984
RESULT segments_reserved_total=10
RESULT segments_reserved_baseline=1
RESULT segments_reserved_pre_timing=10
RESULT large_cache_used_bytes_pre_timing=4286578688
RESULT oracle_total_slots=40
RESULT oracle_materialised=1
.RESULT arm=large_cache_extended_narrow_off
RESULT narrow_n=4
RESULT elapsed_ns=485300
RESULT large_cache_hits=1600
RESULT total_deallocs=1600
RESULT rss_after_kib=3160
RESULT commit_after_kib=4187784
RESULT segments_reserved_total=10
RESULT segments_reserved_baseline=1
RESULT segments_reserved_pre_timing=10
RESULT large_cache_used_bytes_pre_timing=4278190080
RESULT oracle_total_slots=8
.RESULT arm=large_cache_extended_narrow_off
RESULT narrow_n=4
RESULT elapsed_ns=451300
RESULT large_cache_hits=1600
RESULT total_deallocs=1600
RESULT rss_after_kib=3136
RESULT commit_after_kib=4187752
RESULT segments_reserved_total=10
RESULT segments_reserved_baseline=1
RESULT segments_reserved_pre_timing=10
RESULT large_cache_used_bytes_pre_timing=4278190080
RESULT oracle_total_slots=8
.RESULT arm=large_cache_extended_narrow_on
RESULT narrow_n=4
RESULT elapsed_ns=678000
RESULT large_cache_hits=1600
RESULT total_deallocs=1600
RESULT rss_after_kib=3184
RESULT commit_after_kib=4195992
RESULT segments_reserved_total=10
RESULT segments_reserved_baseline=1
RESULT segments_reserved_pre_timing=10
RESULT large_cache_used_bytes_pre_timing=4286578688
RESULT oracle_total_slots=40
RESULT oracle_materialised=1
.RESULT arm=large_cache_extended_narrow_on
RESULT narrow_n=4
RESULT elapsed_ns=411600
RESULT large_cache_hits=1600
RESULT total_deallocs=1600
RESULT rss_after_kib=3160
RESULT commit_after_kib=4195956
RESULT segments_reserved_total=10
RESULT segments_reserved_baseline=1
RESULT segments_reserved_pre_timing=10
RESULT large_cache_used_bytes_pre_timing=4286578688
RESULT oracle_total_slots=40
RESULT oracle_materialised=1
.RESULT arm=large_cache_extended_narrow_off
RESULT narrow_n=4
RESULT elapsed_ns=440200
RESULT large_cache_hits=1600
RESULT total_deallocs=1600
RESULT rss_after_kib=3156
RESULT commit_after_kib=4187776
RESULT segments_reserved_total=10
RESULT segments_reserved_baseline=1
RESULT segments_reserved_pre_timing=10
RESULT large_cache_used_bytes_pre_timing=4278190080
RESULT oracle_total_slots=8
.RESULT arm=large_cache_extended_narrow_off
RESULT narrow_n=4
RESULT elapsed_ns=455000
RESULT large_cache_hits=1600
RESULT total_deallocs=1600
RESULT rss_after_kib=3160
RESULT commit_after_kib=4187784
RESULT segments_reserved_total=10
RESULT segments_reserved_baseline=1
RESULT segments_reserved_pre_timing=10
RESULT large_cache_used_bytes_pre_timing=4278190080
RESULT oracle_total_slots=8
.RESULT arm=large_cache_extended_narrow_on
RESULT narrow_n=4
RESULT elapsed_ns=688800
RESULT large_cache_hits=1600
RESULT total_deallocs=1600
RESULT rss_after_kib=3188
RESULT commit_after_kib=4196004
RESULT segments_reserved_total=10
RESULT segments_reserved_baseline=1
RESULT segments_reserved_pre_timing=10
RESULT large_cache_used_bytes_pre_timing=4286578688
RESULT oracle_total_slots=40
RESULT oracle_materialised=1
.RESULT arm=large_cache_extended_narrow_on
RESULT narrow_n=4
RESULT elapsed_ns=403500
RESULT large_cache_hits=1600
RESULT total_deallocs=1600
RESULT rss_after_kib=3184
RESULT commit_after_kib=4195996
RESULT segments_reserved_total=10
RESULT segments_reserved_baseline=1
RESULT segments_reserved_pre_timing=10
RESULT large_cache_used_bytes_pre_timing=4286578688
RESULT oracle_total_slots=40
RESULT oracle_materialised=1
.RESULT arm=large_cache_extended_narrow_off
RESULT narrow_n=4
RESULT elapsed_ns=395800
RESULT large_cache_hits=1600
RESULT total_deallocs=1600
RESULT rss_after_kib=3152
RESULT commit_after_kib=4187780
RESULT segments_reserved_total=10
RESULT segments_reserved_baseline=1
RESULT segments_reserved_pre_timing=10
RESULT large_cache_used_bytes_pre_timing=4278190080
RESULT oracle_total_slots=8
.

  === off vs on (A - B, ns) ===
  n=20  mean Δ=-187.028 us  sd=61.746 us  se=13.807 us  t=-13.546  df=19  crit(p<0.05)=2.101  => REAL (rejects null)
  sign test: off-faster=20/20  on-faster=0/20  ties=0

[paired-ab] provenance written to D:\dev\rust\sefer-alloc/docs/perf/paired_ab_runs/2026-08-01T21-49-13-946Z.json

[paired-ab] Reading this output: `t` past `crit` (or sign test heavily lopsided, e.g. 17+/20) means a REAL,
  non-noise wall-clock difference on THIS host for THIS workload — mirroring
  docs/perf/R5_R2_CHURN_REGRESSION_PAIRED_AB.md's verdict criteria. A same-vs-same control run
  (--arms sefer,sefer) should show t well under `crit` and a roughly even sign-test split --
  if it does not, that indicates a harness bug (non-reproducible workload, background load
  bleeding into the timed region), not a real self-difference.
