    Finished `bench` profile [optimized] target(s) in 1.37s
warning: the following packages contain code that will be rejected by a future version of Rust: proc-macro-error2 v2.0.1
note: to see what the problems were, use the option `--future-incompat-report`, or run `cargo report future-incompatibilities --id 1`
     Running benches/global_alloc.rs ($HOME/target-ph6b-cand-bt/release/deps/global_alloc-dbcb5f322929efe8)
Gnuplot not found, using plotters backend
Benchmarking global_alloc/mimalloc/16B
Benchmarking global_alloc/mimalloc/16B: Warming up for 150.00 ms
Benchmarking global_alloc/mimalloc/16B: Collecting 10 samples in estimated 600.02 ms (62k iterations)
Benchmarking global_alloc/mimalloc/16B: Analyzing
global_alloc/mimalloc/16B
                        time:   [9.5342 µs 11.349 µs 12.677 µs]
                        change: [+59.792% +81.347% +105.22%] (p = 0.00 < 0.05)
                        Performance has regressed.
Found 1 outliers among 10 measurements (10.00%)
  1 (10.00%) high mild
Benchmarking global_alloc/SeferAlloc/16B
Benchmarking global_alloc/SeferAlloc/16B: Warming up for 150.00 ms
Benchmarking global_alloc/SeferAlloc/16B: Collecting 10 samples in estimated 603.05 ms (5720 iterations)
Benchmarking global_alloc/SeferAlloc/16B: Analyzing
global_alloc/SeferAlloc/16B
                        time:   [67.292 µs 79.101 µs 95.981 µs]
                        change: [+69.387% +93.412% +118.82%] (p = 0.00 < 0.05)
                        Performance has regressed.
Benchmarking global_alloc/System/16B
Benchmarking global_alloc/System/16B: Warming up for 150.00 ms
Benchmarking global_alloc/System/16B: Collecting 10 samples in estimated 602.56 ms (13k iterations)
Benchmarking global_alloc/System/16B: Analyzing
global_alloc/System/16B time:   [37.364 µs 40.088 µs 47.062 µs]
                        change: [+220.26% +289.10% +364.78%] (p = 0.00 < 0.05)
                        Performance has regressed.
Benchmarking global_alloc/mimalloc/64B
Benchmarking global_alloc/mimalloc/64B: Warming up for 150.00 ms
Benchmarking global_alloc/mimalloc/64B: Collecting 10 samples in estimated 600.80 ms (36k iterations)
Benchmarking global_alloc/mimalloc/64B: Analyzing
global_alloc/mimalloc/64B
                        time:   [12.382 µs 13.981 µs 15.068 µs]
                        change: [+73.115% +96.800% +129.27%] (p = 0.00 < 0.05)
                        Performance has regressed.
Found 1 outliers among 10 measurements (10.00%)
  1 (10.00%) high mild
Benchmarking global_alloc/System/64B
Benchmarking global_alloc/System/64B: Warming up for 150.00 ms
Benchmarking global_alloc/System/64B: Collecting 10 samples in estimated 600.70 ms (10k iterations)
Benchmarking global_alloc/System/64B: Analyzing
global_alloc/System/64B time:   [29.153 µs 32.218 µs 38.620 µs]
                        change: [+18.632% +37.193% +59.554%] (p = 0.00 < 0.05)
                        Performance has regressed.
Benchmarking global_alloc/SeferAlloc/64B
Benchmarking global_alloc/SeferAlloc/64B: Warming up for 150.00 ms
Benchmarking global_alloc/SeferAlloc/64B: Collecting 10 samples in estimated 604.78 ms (5940 iterations)
Benchmarking global_alloc/SeferAlloc/64B: Analyzing
global_alloc/SeferAlloc/64B
                        time:   [47.445 µs 55.623 µs 65.394 µs]
                        change: [+26.782% +59.220% +93.426%] (p = 0.00 < 0.05)
                        Performance has regressed.
Found 2 outliers among 10 measurements (20.00%)
  1 (10.00%) high mild
  1 (10.00%) high severe
Benchmarking global_alloc/System/256B
Benchmarking global_alloc/System/256B: Warming up for 150.00 ms
Benchmarking global_alloc/System/256B: Collecting 10 samples in estimated 601.13 ms (7700 iterations)
Benchmarking global_alloc/System/256B: Analyzing
global_alloc/System/256B
                        time:   [39.273 µs 50.277 µs 61.821 µs]
                        change: [+4.7306% +18.336% +37.200%] (p = 0.03 < 0.05)
                        Performance has regressed.
Found 1 outliers among 10 measurements (10.00%)
  1 (10.00%) high severe
Benchmarking global_alloc/SeferAlloc/256B
Benchmarking global_alloc/SeferAlloc/256B: Warming up for 150.00 ms
Benchmarking global_alloc/SeferAlloc/256B: Collecting 10 samples in estimated 604.50 ms (5115 iterations)
Benchmarking global_alloc/SeferAlloc/256B: Analyzing
global_alloc/SeferAlloc/256B
                        time:   [65.680 µs 82.096 µs 98.754 µs]
                        change: [+90.486% +126.22% +168.04%] (p = 0.00 < 0.05)
                        Performance has regressed.
Found 1 outliers among 10 measurements (10.00%)
  1 (10.00%) high mild
Benchmarking global_alloc/mimalloc/256B
Benchmarking global_alloc/mimalloc/256B: Warming up for 150.00 ms
Benchmarking global_alloc/mimalloc/256B: Collecting 10 samples in estimated 600.38 ms (39k iterations)
Benchmarking global_alloc/mimalloc/256B: Analyzing
global_alloc/mimalloc/256B
                        time:   [10.087 µs 12.144 µs 14.416 µs]
                        change: [+22.374% +55.121% +92.337%] (p = 0.00 < 0.05)
                        Performance has regressed.
Found 2 outliers among 10 measurements (20.00%)
  2 (20.00%) high mild
Benchmarking global_alloc/System/1024B
Benchmarking global_alloc/System/1024B: Warming up for 150.00 ms
Benchmarking global_alloc/System/1024B: Collecting 10 samples in estimated 602.42 ms (5610 iterations)
Benchmarking global_alloc/System/1024B: Analyzing
global_alloc/System/1024B
                        time:   [51.216 µs 74.218 µs 91.819 µs]
                        change: [+6.5686% +31.542% +57.960%] (p = 0.04 < 0.05)
                        Performance has regressed.
Benchmarking global_alloc/mimalloc/1024B
Benchmarking global_alloc/mimalloc/1024B: Warming up for 150.00 ms
Benchmarking global_alloc/mimalloc/1024B: Collecting 10 samples in estimated 600.54 ms (14k iterations)
Benchmarking global_alloc/mimalloc/1024B: Analyzing
global_alloc/mimalloc/1024B
                        time:   [20.612 µs 26.237 µs 35.732 µs]
                        change: [+1.0497% +30.715% +64.098%] (p = 0.08 > 0.05)
                        No change in performance detected.
Benchmarking global_alloc/SeferAlloc/1024B
Benchmarking global_alloc/SeferAlloc/1024B: Warming up for 150.00 ms
Benchmarking global_alloc/SeferAlloc/1024B: Collecting 10 samples in estimated 602.69 ms (7425 iterations)
Benchmarking global_alloc/SeferAlloc/1024B: Analyzing
global_alloc/SeferAlloc/1024B
                        time:   [58.991 µs 68.773 µs 88.895 µs]
                        change: [+4.2921% +46.307% +97.934%] (p = 0.05 < 0.05)
                        Performance has regressed.
Found 2 outliers among 10 measurements (20.00%)
  2 (20.00%) high mild
Benchmarking global_alloc/manual_realloc_sim/SeferAlloc
Benchmarking global_alloc/manual_realloc_sim/SeferAlloc: Warming up for 150.00 ms
Benchmarking global_alloc/manual_realloc_sim/SeferAlloc: Collecting 10 samples in estimated 600.02 ms (261k iterations)
Benchmarking global_alloc/manual_realloc_sim/SeferAlloc: Analyzing
global_alloc/manual_realloc_sim/SeferAlloc
                        time:   [768.36 ns 833.43 ns 977.41 ns]
                        change: [+9.9328% +59.239% +119.60%] (p = 0.04 < 0.05)
                        Performance has regressed.
Found 1 outliers among 10 measurements (10.00%)
  1 (10.00%) high mild
Benchmarking global_alloc/manual_realloc_sim/mimalloc
Benchmarking global_alloc/manual_realloc_sim/mimalloc: Warming up for 150.00 ms
Benchmarking global_alloc/manual_realloc_sim/mimalloc: Collecting 10 samples in estimated 600.01 ms (502k iterations)
Benchmarking global_alloc/manual_realloc_sim/mimalloc: Analyzing
global_alloc/manual_realloc_sim/mimalloc
                        time:   [647.99 ns 750.94 ns 952.71 ns]
                        change: [+73.969% +107.20% +142.21%] (p = 0.00 < 0.05)
                        Performance has regressed.
Benchmarking global_alloc/manual_realloc_sim/System
Benchmarking global_alloc/manual_realloc_sim/System: Warming up for 150.00 ms
Benchmarking global_alloc/manual_realloc_sim/System: Collecting 10 samples in estimated 600.06 ms (511k iterations)
Benchmarking global_alloc/manual_realloc_sim/System: Analyzing
global_alloc/manual_realloc_sim/System
                        time:   [555.64 ns 574.62 ns 614.14 ns]
                        change: [+3.3389% +18.784% +37.397%] (p = 0.04 < 0.05)
                        Performance has regressed.

Benchmarking global_alloc_churn/SeferAlloc/16B
Benchmarking global_alloc_churn/SeferAlloc/16B: Warming up for 150.00 ms
Benchmarking global_alloc_churn/SeferAlloc/16B: Collecting 10 samples in estimated 602.34 ms (14k iterations)
Benchmarking global_alloc_churn/SeferAlloc/16B: Analyzing
global_alloc_churn/SeferAlloc/16B
                        time:   [14.555 µs 17.585 µs 21.121 µs]
                        change: [-30.567% -16.940% -0.5158%] (p = 0.08 > 0.05)
                        No change in performance detected.
Found 1 outliers among 10 measurements (10.00%)
  1 (10.00%) high mild
Benchmarking global_alloc_churn/System/16B
Benchmarking global_alloc_churn/System/16B: Warming up for 150.00 ms
Benchmarking global_alloc_churn/System/16B: Collecting 10 samples in estimated 601.06 ms (19k iterations)
Benchmarking global_alloc_churn/System/16B: Analyzing
global_alloc_churn/System/16B
                        time:   [13.040 µs 14.038 µs 16.010 µs]
                        change: [-34.878% -17.804% +4.7076%] (p = 0.17 > 0.05)
                        No change in performance detected.
Found 1 outliers among 10 measurements (10.00%)
  1 (10.00%) high mild
Benchmarking global_alloc_churn/mimalloc/16B
Benchmarking global_alloc_churn/mimalloc/16B: Warming up for 150.00 ms
Benchmarking global_alloc_churn/mimalloc/16B: Collecting 10 samples in estimated 600.09 ms (63k iterations)
Benchmarking global_alloc_churn/mimalloc/16B: Analyzing
global_alloc_churn/mimalloc/16B
                        time:   [6.4891 µs 6.7130 µs 6.8855 µs]
                        change: [-19.453% -10.031% -1.3162%] (p = 0.07 > 0.05)
                        No change in performance detected.
Benchmarking global_alloc_churn/mimalloc/64B
Benchmarking global_alloc_churn/mimalloc/64B: Warming up for 150.00 ms
Benchmarking global_alloc_churn/mimalloc/64B: Collecting 10 samples in estimated 600.13 ms (31k iterations)
Benchmarking global_alloc_churn/mimalloc/64B: Analyzing
global_alloc_churn/mimalloc/64B
                        time:   [9.0071 µs 10.046 µs 11.469 µs]
                        change: [-58.510% -43.563% -22.087%] (p = 0.01 < 0.05)
                        Performance has improved.
Found 3 outliers among 10 measurements (30.00%)
  1 (10.00%) low mild
  1 (10.00%) high mild
  1 (10.00%) high severe
Benchmarking global_alloc_churn/SeferAlloc/64B
Benchmarking global_alloc_churn/SeferAlloc/64B: Warming up for 150.00 ms
Benchmarking global_alloc_churn/SeferAlloc/64B: Collecting 10 samples in estimated 600.90 ms (2200 iterations)
Benchmarking global_alloc_churn/SeferAlloc/64B: Analyzing
global_alloc_churn/SeferAlloc/64B
                        time:   [15.023 µs 20.881 µs 25.518 µs]
                        change: [-0.8448% +17.500% +41.916%] (p = 0.13 > 0.05)
                        No change in performance detected.
Found 2 outliers among 10 measurements (20.00%)
  2 (20.00%) high severe
Benchmarking global_alloc_churn/System/64B
Benchmarking global_alloc_churn/System/64B: Warming up for 150.00 ms
Benchmarking global_alloc_churn/System/64B: Collecting 10 samples in estimated 603.52 ms (8580 iterations)
Benchmarking global_alloc_churn/System/64B: Analyzing
global_alloc_churn/System/64B
                        time:   [16.121 µs 17.613 µs 19.471 µs]
                        change: [+2.4461% +20.286% +40.657%] (p = 0.05 < 0.05)
                        Performance has regressed.
Benchmarking global_alloc_churn/mimalloc/256B
Benchmarking global_alloc_churn/mimalloc/256B: Warming up for 150.00 ms
Benchmarking global_alloc_churn/mimalloc/256B: Collecting 10 samples in estimated 602.96 ms (7535 iterations)
Benchmarking global_alloc_churn/mimalloc/256B: Analyzing
global_alloc_churn/mimalloc/256B
                        time:   [23.393 µs 29.982 µs 37.810 µs]
                        change: [+67.304% +115.78% +175.09%] (p = 0.00 < 0.05)
                        Performance has regressed.
Found 1 outliers among 10 measurements (10.00%)
  1 (10.00%) high mild
Benchmarking global_alloc_churn/System/256B
Benchmarking global_alloc_churn/System/256B: Warming up for 150.00 ms
Benchmarking global_alloc_churn/System/256B: Collecting 10 samples in estimated 603.07 ms (5225 iterations)
Benchmarking global_alloc_churn/System/256B: Analyzing
global_alloc_churn/System/256B
                        time:   [44.175 µs 54.526 µs 63.823 µs]
                        change: [+92.679% +164.51% +245.77%] (p = 0.00 < 0.05)
                        Performance has regressed.
Benchmarking global_alloc_churn/SeferAlloc/256B
Benchmarking global_alloc_churn/SeferAlloc/256B: Warming up for 150.00 ms
Benchmarking global_alloc_churn/SeferAlloc/256B: Collecting 10 samples in estimated 608.96 ms (3245 iterations)
Benchmarking global_alloc_churn/SeferAlloc/256B: Analyzing
global_alloc_churn/SeferAlloc/256B
                        time:   [16.969 µs 19.458 µs 23.434 µs]
                        change: [+5.4362% +21.452% +41.082%] (p = 0.03 < 0.05)
                        Performance has regressed.
Benchmarking global_alloc_churn/System/1024B
Benchmarking global_alloc_churn/System/1024B: Warming up for 150.00 ms
Benchmarking global_alloc_churn/System/1024B: Collecting 10 samples in estimated 604.04 ms (3630 iterations)
Benchmarking global_alloc_churn/System/1024B: Analyzing
global_alloc_churn/System/1024B
                        time:   [37.973 µs 67.713 µs 98.147 µs]
                        change: [-8.1784% +52.173% +137.21%] (p = 0.13 > 0.05)
                        No change in performance detected.
Benchmarking global_alloc_churn/SeferAlloc/1024B
Benchmarking global_alloc_churn/SeferAlloc/1024B: Warming up for 150.00 ms
Benchmarking global_alloc_churn/SeferAlloc/1024B: Collecting 10 samples in estimated 624.90 ms (1210 iterations)
Benchmarking global_alloc_churn/SeferAlloc/1024B: Analyzing
global_alloc_churn/SeferAlloc/1024B
                        time:   [15.300 µs 16.580 µs 17.294 µs]
                        change: [-37.687% -23.924% -8.2201%] (p = 0.02 < 0.05)
                        Performance has improved.
Benchmarking global_alloc_churn/mimalloc/1024B
Benchmarking global_alloc_churn/mimalloc/1024B: Warming up for 150.00 ms
Benchmarking global_alloc_churn/mimalloc/1024B: Collecting 10 samples in estimated 601.61 ms (5775 iterations)
Benchmarking global_alloc_churn/mimalloc/1024B: Analyzing
global_alloc_churn/mimalloc/1024B
                        time:   [69.985 µs 73.086 µs 75.632 µs]
                        change: [-0.1698% +2.9156% +6.2297%] (p = 0.12 > 0.05)
                        No change in performance detected.

Benchmarking global_alloc_churn_with_teardown/System/16B
Benchmarking global_alloc_churn_with_teardown/System/16B: Warming up for 150.00 ms
Benchmarking global_alloc_churn_with_teardown/System/16B: Collecting 10 samples in estimated 600.64 ms (30k iterations)
Benchmarking global_alloc_churn_with_teardown/System/16B: Analyzing
global_alloc_churn_with_teardown/System/16B
                        time:   [15.453 µs 16.672 µs 17.757 µs]
                        change: [-28.585% -17.905% -5.4563%] (p = 0.02 < 0.05)
                        Performance has improved.
Benchmarking global_alloc_churn_with_teardown/mimalloc/16B
Benchmarking global_alloc_churn_with_teardown/mimalloc/16B: Warming up for 150.00 ms
Benchmarking global_alloc_churn_with_teardown/mimalloc/16B: Collecting 10 samples in estimated 600.09 ms (61k iterations)
Benchmarking global_alloc_churn_with_teardown/mimalloc/16B: Analyzing
global_alloc_churn_with_teardown/mimalloc/16B
                        time:   [6.6705 µs 7.1800 µs 7.6732 µs]
                        change: [-46.100% -35.357% -22.523%] (p = 0.00 < 0.05)
                        Performance has improved.
Found 1 outliers among 10 measurements (10.00%)
  1 (10.00%) high mild
Benchmarking global_alloc_churn_with_teardown/SeferAlloc/16B
Benchmarking global_alloc_churn_with_teardown/SeferAlloc/16B: Warming up for 150.00 ms
Benchmarking global_alloc_churn_with_teardown/SeferAlloc/16B: Collecting 10 samples in estimated 600.18 ms (9405 iterations)
Benchmarking global_alloc_churn_with_teardown/SeferAlloc/16B: Analyzing
global_alloc_churn_with_teardown/SeferAlloc/16B
                        time:   [26.534 µs 33.539 µs 38.186 µs]
                        change: [+16.507% +40.041% +67.658%] (p = 0.00 < 0.05)
                        Performance has regressed.
global_alloc_churn_with_teardown/16B: decommit_calls delta = 0, segments_released_total delta = 0
Benchmarking global_alloc_churn_with_teardown/SeferAlloc/64B
Benchmarking global_alloc_churn_with_teardown/SeferAlloc/64B: Warming up for 150.00 ms
Benchmarking global_alloc_churn_with_teardown/SeferAlloc/64B: Collecting 10 samples in estimated 600.58 ms (2970 iterations)
Benchmarking global_alloc_churn_with_teardown/SeferAlloc/64B: Analyzing
global_alloc_churn_with_teardown/SeferAlloc/64B
                        time:   [22.954 µs 24.957 µs 27.805 µs]
                        change: [+2.1641% +13.348% +26.658%] (p = 0.06 > 0.05)
                        No change in performance detected.
Benchmarking global_alloc_churn_with_teardown/mimalloc/64B
Benchmarking global_alloc_churn_with_teardown/mimalloc/64B: Warming up for 150.00 ms
Benchmarking global_alloc_churn_with_teardown/mimalloc/64B: Collecting 10 samples in estimated 600.93 ms (27k iterations)
Benchmarking global_alloc_churn_with_teardown/mimalloc/64B: Analyzing
global_alloc_churn_with_teardown/mimalloc/64B
                        time:   [8.5466 µs 9.1584 µs 10.227 µs]
                        change: [-58.580% -43.814% -19.536%] (p = 0.01 < 0.05)
                        Performance has improved.
Found 2 outliers among 10 measurements (20.00%)
  1 (10.00%) high mild
  1 (10.00%) high severe
Benchmarking global_alloc_churn_with_teardown/System/64B
Benchmarking global_alloc_churn_with_teardown/System/64B: Warming up for 150.00 ms
Benchmarking global_alloc_churn_with_teardown/System/64B: Collecting 10 samples in estimated 602.21 ms (7590 iterations)
Benchmarking global_alloc_churn_with_teardown/System/64B: Analyzing
global_alloc_churn_with_teardown/System/64B
                        time:   [20.476 µs 25.878 µs 31.423 µs]
                        change: [-4.1763% +34.254% +93.227%] (p = 0.15 > 0.05)
                        No change in performance detected.
Found 1 outliers among 10 measurements (10.00%)
  1 (10.00%) high mild
global_alloc_churn_with_teardown/64B: decommit_calls delta = 0, segments_released_total delta = 0
Benchmarking global_alloc_churn_with_teardown/SeferAlloc/256B
Benchmarking global_alloc_churn_with_teardown/SeferAlloc/256B: Warming up for 150.00 ms
Benchmarking global_alloc_churn_with_teardown/SeferAlloc/256B: Collecting 10 samples in estimated 607.78 ms (1870 iterations)
Benchmarking global_alloc_churn_with_teardown/SeferAlloc/256B: Analyzing
global_alloc_churn_with_teardown/SeferAlloc/256B
                        time:   [41.898 µs 49.854 µs 61.972 µs]
                        change: [+75.940% +120.61% +174.64%] (p = 0.00 < 0.05)
                        Performance has regressed.
Found 1 outliers among 10 measurements (10.00%)
  1 (10.00%) high mild
Benchmarking global_alloc_churn_with_teardown/System/256B
Benchmarking global_alloc_churn_with_teardown/System/256B: Warming up for 150.00 ms
Benchmarking global_alloc_churn_with_teardown/System/256B: Collecting 10 samples in estimated 600.07 ms (9075 iterations)
Benchmarking global_alloc_churn_with_teardown/System/256B: Analyzing
global_alloc_churn_with_teardown/System/256B
                        time:   [26.874 µs 38.330 µs 51.532 µs]
                        change: [+18.083% +56.757% +105.54%] (p = 0.01 < 0.05)
                        Performance has regressed.
Benchmarking global_alloc_churn_with_teardown/mimalloc/256B
Benchmarking global_alloc_churn_with_teardown/mimalloc/256B: Warming up for 150.00 ms
Benchmarking global_alloc_churn_with_teardown/mimalloc/256B: Collecting 10 samples in estimated 600.89 ms (15k iterations)
Benchmarking global_alloc_churn_with_teardown/mimalloc/256B: Analyzing
global_alloc_churn_with_teardown/mimalloc/256B
                        time:   [12.826 µs 14.324 µs 17.043 µs]
                        change: [+32.524% +59.109% +89.453%] (p = 0.00 < 0.05)
                        Performance has regressed.
Found 1 outliers among 10 measurements (10.00%)
  1 (10.00%) high mild
global_alloc_churn_with_teardown/256B: decommit_calls delta = 0, segments_released_total delta = 0
Benchmarking global_alloc_churn_with_teardown/mimalloc/1024B
Benchmarking global_alloc_churn_with_teardown/mimalloc/1024B: Warming up for 150.00 ms
Benchmarking global_alloc_churn_with_teardown/mimalloc/1024B: Collecting 10 samples in estimated 605.74 ms (5280 iterations)
Benchmarking global_alloc_churn_with_teardown/mimalloc/1024B: Analyzing
global_alloc_churn_with_teardown/mimalloc/1024B
                        time:   [28.789 µs 32.790 µs 41.741 µs]
                        change: [+64.679% +104.11% +143.27%] (p = 0.00 < 0.05)
                        Performance has regressed.
Benchmarking global_alloc_churn_with_teardown/SeferAlloc/1024B
Benchmarking global_alloc_churn_with_teardown/SeferAlloc/1024B: Warming up for 150.00 ms
Benchmarking global_alloc_churn_with_teardown/SeferAlloc/1024B: Collecting 10 samples in estimated 634.43 ms (880 iterations)
Benchmarking global_alloc_churn_with_teardown/SeferAlloc/1024B: Analyzing
global_alloc_churn_with_teardown/SeferAlloc/1024B
                        time:   [28.647 µs 30.386 µs 31.777 µs]
                        change: [+3.9680% +15.923% +29.030%] (p = 0.02 < 0.05)
                        Performance has regressed.
Benchmarking global_alloc_churn_with_teardown/System/1024B
Benchmarking global_alloc_churn_with_teardown/System/1024B: Warming up for 150.00 ms
Benchmarking global_alloc_churn_with_teardown/System/1024B: Collecting 10 samples in estimated 602.39 ms (3630 iterations)
Benchmarking global_alloc_churn_with_teardown/System/1024B: Analyzing
global_alloc_churn_with_teardown/System/1024B
                        time:   [30.657 µs 42.091 µs 65.949 µs]
                        change: [+29.289% +115.71% +210.10%] (p = 0.02 < 0.05)
                        Performance has regressed.
Found 2 outliers among 10 measurements (20.00%)
  2 (20.00%) high severe
global_alloc_churn_with_teardown/1024B: decommit_calls delta = 0, segments_released_total delta = 0

Benchmarking global_alloc_churn_write/mimalloc/16B
Benchmarking global_alloc_churn_write/mimalloc/16B: Warming up for 150.00 ms
Benchmarking global_alloc_churn_write/mimalloc/16B: Collecting 10 samples in estimated 600.88 ms (30k iterations)
Benchmarking global_alloc_churn_write/mimalloc/16B: Analyzing
global_alloc_churn_write/mimalloc/16B
                        time:   [9.6933 µs 10.543 µs 11.611 µs]
                        change: [+4.4137% +31.296% +64.087%] (p = 0.03 < 0.05)
                        Performance has regressed.
Benchmarking global_alloc_churn_write/System/16B
Benchmarking global_alloc_churn_write/System/16B: Warming up for 150.00 ms
Benchmarking global_alloc_churn_write/System/16B: Collecting 10 samples in estimated 602.14 ms (10k iterations)
Benchmarking global_alloc_churn_write/System/16B: Analyzing
global_alloc_churn_write/System/16B
                        time:   [11.856 µs 12.423 µs 13.646 µs]
                        change: [-0.0047% +29.585% +69.489%] (p = 0.09 > 0.05)
                        No change in performance detected.
Benchmarking global_alloc_churn_write/SeferAlloc/16B
Benchmarking global_alloc_churn_write/SeferAlloc/16B: Warming up for 150.00 ms
Benchmarking global_alloc_churn_write/SeferAlloc/16B: Collecting 10 samples in estimated 600.25 ms (16k iterations)
Benchmarking global_alloc_churn_write/SeferAlloc/16B: Analyzing
global_alloc_churn_write/SeferAlloc/16B
                        time:   [21.129 µs 23.000 µs 26.434 µs]
                        change: [+24.975% +45.416% +67.622%] (p = 0.00 < 0.05)
                        Performance has regressed.
Benchmarking global_alloc_churn_write/System/64B
Benchmarking global_alloc_churn_write/System/64B: Warming up for 150.00 ms
Benchmarking global_alloc_churn_write/System/64B: Collecting 10 samples in estimated 601.27 ms (13k iterations)
Benchmarking global_alloc_churn_write/System/64B: Analyzing
global_alloc_churn_write/System/64B
                        time:   [20.287 µs 23.424 µs 28.377 µs]
                        change: [+55.044% +88.069% +122.24%] (p = 0.00 < 0.05)
                        Performance has regressed.
Benchmarking global_alloc_churn_write/SeferAlloc/64B
Benchmarking global_alloc_churn_write/SeferAlloc/64B: Warming up for 150.00 ms
Benchmarking global_alloc_churn_write/SeferAlloc/64B: Collecting 10 samples in estimated 613.84 ms (1595 iterations)
Benchmarking global_alloc_churn_write/SeferAlloc/64B: Analyzing
global_alloc_churn_write/SeferAlloc/64B
                        time:   [19.367 µs 23.408 µs 27.640 µs]
                        change: [+9.9255% +32.134% +55.802%] (p = 0.01 < 0.05)
                        Performance has regressed.
Found 1 outliers among 10 measurements (10.00%)
  1 (10.00%) high mild
Benchmarking global_alloc_churn_write/mimalloc/64B
Benchmarking global_alloc_churn_write/mimalloc/64B: Warming up for 150.00 ms
Benchmarking global_alloc_churn_write/mimalloc/64B: Collecting 10 samples in estimated 601.17 ms (27k iterations)
Benchmarking global_alloc_churn_write/mimalloc/64B: Analyzing
global_alloc_churn_write/mimalloc/64B
                        time:   [8.4449 µs 10.188 µs 12.639 µs]
                        change: [+3.3593% +24.441% +48.416%] (p = 0.05 > 0.05)
                        No change in performance detected.
Benchmarking global_alloc_churn_write/System/256B
Benchmarking global_alloc_churn_write/System/256B: Warming up for 150.00 ms
Benchmarking global_alloc_churn_write/System/256B: Collecting 10 samples in estimated 602.34 ms (12k iterations)
Benchmarking global_alloc_churn_write/System/256B: Analyzing
global_alloc_churn_write/System/256B
                        time:   [23.933 µs 31.114 µs 34.690 µs]
                        change: [+20.882% +65.532% +108.47%] (p = 0.01 < 0.05)
                        Performance has regressed.
Benchmarking global_alloc_churn_write/mimalloc/256B
Benchmarking global_alloc_churn_write/mimalloc/256B: Warming up for 150.00 ms
Benchmarking global_alloc_churn_write/mimalloc/256B: Collecting 10 samples in estimated 600.61 ms (16k iterations)
Benchmarking global_alloc_churn_write/mimalloc/256B: Analyzing
global_alloc_churn_write/mimalloc/256B
                        time:   [12.691 µs 15.478 µs 19.202 µs]
                        change: [+0.1790% +22.305% +50.763%] (p = 0.08 > 0.05)
                        No change in performance detected.
Found 1 outliers among 10 measurements (10.00%)
  1 (10.00%) high mild
Benchmarking global_alloc_churn_write/SeferAlloc/256B
Benchmarking global_alloc_churn_write/SeferAlloc/256B: Warming up for 150.00 ms
Benchmarking global_alloc_churn_write/SeferAlloc/256B: Collecting 10 samples in estimated 608.15 ms (3685 iterations)
Benchmarking global_alloc_churn_write/SeferAlloc/256B: Analyzing
global_alloc_churn_write/SeferAlloc/256B
                        time:   [18.330 µs 19.771 µs 21.039 µs]
                        change: [-6.6474% +3.0246% +12.524%] (p = 0.56 > 0.05)
                        No change in performance detected.
Benchmarking global_alloc_churn_write/SeferAlloc/1024B
Benchmarking global_alloc_churn_write/SeferAlloc/1024B: Warming up for 150.00 ms
Benchmarking global_alloc_churn_write/SeferAlloc/1024B: Collecting 10 samples in estimated 610.87 ms (1155 iterations)
Benchmarking global_alloc_churn_write/SeferAlloc/1024B: Analyzing
global_alloc_churn_write/SeferAlloc/1024B
                        time:   [28.466 µs 34.574 µs 40.508 µs]
                        change: [+21.212% +50.543% +88.857%] (p = 0.01 < 0.05)
                        Performance has regressed.
Benchmarking global_alloc_churn_write/mimalloc/1024B
Benchmarking global_alloc_churn_write/mimalloc/1024B: Warming up for 150.00 ms
Benchmarking global_alloc_churn_write/mimalloc/1024B: Collecting 10 samples in estimated 602.09 ms (4840 iterations)
Benchmarking global_alloc_churn_write/mimalloc/1024B: Analyzing
global_alloc_churn_write/mimalloc/1024B
                        time:   [101.45 µs 127.52 µs 158.87 µs]
                        change: [+29.297% +56.459% +86.638%] (p = 0.00 < 0.05)
                        Performance has regressed.
Found 1 outliers among 10 measurements (10.00%)
  1 (10.00%) high severe
Benchmarking global_alloc_churn_write/System/1024B
Benchmarking global_alloc_churn_write/System/1024B: Warming up for 150.00 ms
Benchmarking global_alloc_churn_write/System/1024B: Collecting 10 samples in estimated 603.53 ms (3355 iterations)
Benchmarking global_alloc_churn_write/System/1024B: Analyzing
global_alloc_churn_write/System/1024B
                        time:   [14.603 µs 17.680 µs 23.758 µs]
                        change: [-12.588% +15.440% +50.580%] (p = 0.31 > 0.05)
                        No change in performance detected.

Benchmarking segment_decommit_cycle/SeferAlloc/253KiB
Benchmarking segment_decommit_cycle/SeferAlloc/253KiB: Warming up for 150.00 ms
Benchmarking segment_decommit_cycle/SeferAlloc/253KiB: Collecting 10 samples in estimated 677.01 ms (440 iterations)
Benchmarking segment_decommit_cycle/SeferAlloc/253KiB: Analyzing
segment_decommit_cycle/SeferAlloc/253KiB
                        time:   [1.4222 ms 1.6995 ms 1.9963 ms]
                        change: [-47.275% -37.919% -26.503%] (p = 0.00 < 0.05)
                        Performance has improved.
Found 1 outliers among 10 measurements (10.00%)
  1 (10.00%) high mild
Benchmarking segment_decommit_cycle/System/253KiB
Benchmarking segment_decommit_cycle/System/253KiB: Warming up for 150.00 ms
Benchmarking segment_decommit_cycle/System/253KiB: Collecting 10 samples in estimated 600.14 ms (193k iterations)
Benchmarking segment_decommit_cycle/System/253KiB: Analyzing
segment_decommit_cycle/System/253KiB
                        time:   [1.7410 µs 1.9055 µs 2.1896 µs]
                        change: [+7.0808% +24.332% +43.023%] (p = 0.02 < 0.05)
                        Performance has regressed.
Benchmarking segment_decommit_cycle/mimalloc/253KiB
Benchmarking segment_decommit_cycle/mimalloc/253KiB: Warming up for 150.00 ms
Benchmarking segment_decommit_cycle/mimalloc/253KiB: Collecting 10 samples in estimated 600.16 ms (161k iterations)
Benchmarking segment_decommit_cycle/mimalloc/253KiB: Analyzing
segment_decommit_cycle/mimalloc/253KiB
                        time:   [3.2939 µs 3.9773 µs 4.9692 µs]
                        change: [-17.097% -0.0195% +19.351%] (p = 1.00 > 0.05)
                        No change in performance detected.

Benchmarking working_set_cycle/SeferAlloc/16B
Benchmarking working_set_cycle/SeferAlloc/16B: Warming up for 150.00 ms
Benchmarking working_set_cycle/SeferAlloc/16B: Collecting 10 samples in estimated 841.22 ms (110 iterations)
Benchmarking working_set_cycle/SeferAlloc/16B: Analyzing
working_set_cycle/SeferAlloc/16B
                        time:   [246.32 µs 328.98 µs 397.42 µs]
                        change: [-6.3508% +8.3424% +29.498%] (p = 0.43 > 0.05)
                        No change in performance detected.
Found 1 outliers among 10 measurements (10.00%)
  1 (10.00%) high mild
working_set_cycle/SeferAlloc/16B: decommit_calls delta = 0, segments_released_total delta = 0
Benchmarking working_set_cycle/SeferAlloc/64B
Benchmarking working_set_cycle/SeferAlloc/64B: Warming up for 150.00 ms
Benchmarking working_set_cycle/SeferAlloc/64B: Collecting 10 samples in estimated 1.0432 s (20 iterations)
Benchmarking working_set_cycle/SeferAlloc/64B: Analyzing
working_set_cycle/SeferAlloc/64B
                        time:   [259.55 µs 294.31 µs 332.26 µs]
                        change: [-1.5622% +13.477% +29.347%] (p = 0.11 > 0.05)
                        No change in performance detected.
working_set_cycle/SeferAlloc/64B: decommit_calls delta = 0, segments_released_total delta = 0
Benchmarking working_set_cycle/SeferAlloc/256B
Benchmarking working_set_cycle/SeferAlloc/256B: Warming up for 150.00 ms

Warning: Unable to complete 10 samples in 600.0ms. You may wish to increase target time to 697.7ms.
Benchmarking working_set_cycle/SeferAlloc/256B: Collecting 10 samples in estimated 697.73 ms (10 iterations)
Benchmarking working_set_cycle/SeferAlloc/256B: Analyzing
working_set_cycle/SeferAlloc/256B
                        time:   [238.10 µs 266.94 µs 297.87 µs]
                        change: [-23.101% -7.5205% +11.596%] (p = 0.46 > 0.05)
                        No change in performance detected.
working_set_cycle/SeferAlloc/256B: decommit_calls delta = 0, segments_released_total delta = 0
Benchmarking working_set_cycle/SeferAlloc/1024B
Benchmarking working_set_cycle/SeferAlloc/1024B: Warming up for 150.00 ms

Warning: Unable to complete 10 samples in 600.0ms. You may wish to increase target time to 3.3s.
Benchmarking working_set_cycle/SeferAlloc/1024B: Collecting 10 samples in estimated 3.2830 s (10 iterations)
Benchmarking working_set_cycle/SeferAlloc/1024B: Analyzing
working_set_cycle/SeferAlloc/1024B
                        time:   [266.60 µs 298.37 µs 335.00 µs]
                        change: [+13.334% +26.846% +44.173%] (p = 0.00 < 0.05)
                        Performance has regressed.
working_set_cycle/SeferAlloc/1024B: decommit_calls delta = 0, segments_released_total delta = 0

