[paired-ab] --config has no "build" step; assuming arm commands are already built.

[paired-ab] off vs off — 20 pairs, A/B/B/A protocol
RESULT arm=large_cache_extended_off
RESULT elapsed_ns=404047100
RESULT large_cache_hits=1600
RESULT total_deallocs=4800
RESULT rss_after_kib=3128
RESULT commit_after_kib=34504
RESULT segments_reserved_total=3257
.RESULT arm=large_cache_extended_off
RESULT elapsed_ns=407919500
RESULT large_cache_hits=1600
RESULT total_deallocs=4800
RESULT rss_after_kib=3128
RESULT commit_after_kib=34508
RESULT segments_reserved_total=3257
.RESULT arm=large_cache_extended_off
RESULT elapsed_ns=398840100
RESULT large_cache_hits=1600
RESULT total_deallocs=4800
RESULT rss_after_kib=3112
RESULT commit_after_kib=34480
RESULT segments_reserved_total=3257
.RESULT arm=large_cache_extended_off
RESULT elapsed_ns=385149600
RESULT large_cache_hits=1600
RESULT total_deallocs=4800
RESULT rss_after_kib=3128
RESULT commit_after_kib=34508
RESULT segments_reserved_total=3257
.RESULT arm=large_cache_extended_off
RESULT elapsed_ns=375148800
RESULT large_cache_hits=1600
RESULT total_deallocs=4800
RESULT rss_after_kib=3128
RESULT commit_after_kib=34508
RESULT segments_reserved_total=3257
.RESULT arm=large_cache_extended_off
RESULT elapsed_ns=375932000
RESULT large_cache_hits=1600
RESULT total_deallocs=4800
RESULT rss_after_kib=3132
RESULT commit_after_kib=34508
RESULT segments_reserved_total=3257
.RESULT arm=large_cache_extended_off
RESULT elapsed_ns=358181200
RESULT large_cache_hits=1600
RESULT total_deallocs=4800
RESULT rss_after_kib=3128
RESULT commit_after_kib=34504
RESULT segments_reserved_total=3257
.RESULT arm=large_cache_extended_off
RESULT elapsed_ns=342306100
RESULT large_cache_hits=1600
RESULT total_deallocs=4800
RESULT rss_after_kib=3128
RESULT commit_after_kib=34508
RESULT segments_reserved_total=3257
.RESULT arm=large_cache_extended_off
RESULT elapsed_ns=381134300
RESULT large_cache_hits=1600
RESULT total_deallocs=4800
RESULT rss_after_kib=3128
RESULT commit_after_kib=34504
RESULT segments_reserved_total=3257
.RESULT arm=large_cache_extended_off
RESULT elapsed_ns=364383000
RESULT large_cache_hits=1600
RESULT total_deallocs=4800
RESULT rss_after_kib=3128
RESULT commit_after_kib=34508
RESULT segments_reserved_total=3257
.RESULT arm=large_cache_extended_off
RESULT elapsed_ns=366435500
RESULT large_cache_hits=1600
RESULT total_deallocs=4800
RESULT rss_after_kib=3144
RESULT commit_after_kib=34516
RESULT segments_reserved_total=3257
.RESULT arm=large_cache_extended_off
RESULT elapsed_ns=361924300
RESULT large_cache_hits=1600
RESULT total_deallocs=4800
RESULT rss_after_kib=3140
RESULT commit_after_kib=34512
RESULT segments_reserved_total=3257
.RESULT arm=large_cache_extended_off
RESULT elapsed_ns=364319500
RESULT large_cache_hits=1600
RESULT total_deallocs=4800
RESULT rss_after_kib=3128
RESULT commit_after_kib=34504
RESULT segments_reserved_total=3257
.RESULT arm=large_cache_extended_off
RESULT elapsed_ns=358882700
RESULT large_cache_hits=1600
RESULT total_deallocs=4800
RESULT rss_after_kib=3128
RESULT commit_after_kib=34504
RESULT segments_reserved_total=3257
.RESULT arm=large_cache_extended_off
RESULT elapsed_ns=360655600
RESULT large_cache_hits=1600
RESULT total_deallocs=4800
RESULT rss_after_kib=3128
RESULT commit_after_kib=34496
RESULT segments_reserved_total=3257
.RESULT arm=large_cache_extended_off
RESULT elapsed_ns=367860200
RESULT large_cache_hits=1600
RESULT total_deallocs=4800
RESULT rss_after_kib=3140
RESULT commit_after_kib=34524
RESULT segments_reserved_total=3257
.RESULT arm=large_cache_extended_off
RESULT elapsed_ns=380671600
RESULT large_cache_hits=1600
RESULT total_deallocs=4800
RESULT rss_after_kib=3128
RESULT commit_after_kib=34512
RESULT segments_reserved_total=3257
.RESULT arm=large_cache_extended_off
RESULT elapsed_ns=378330400
RESULT large_cache_hits=1600
RESULT total_deallocs=4800
RESULT rss_after_kib=3128
RESULT commit_after_kib=34508
RESULT segments_reserved_total=3257
.RESULT arm=large_cache_extended_off
RESULT elapsed_ns=389019500
RESULT large_cache_hits=1600
RESULT total_deallocs=4800
RESULT rss_after_kib=3132
RESULT commit_after_kib=34508
RESULT segments_reserved_total=3257
.RESULT arm=large_cache_extended_off
RESULT elapsed_ns=361182800
RESULT large_cache_hits=1600
RESULT total_deallocs=4800
RESULT rss_after_kib=3128
RESULT commit_after_kib=34508
RESULT segments_reserved_total=3257
.RESULT arm=large_cache_extended_off
RESULT elapsed_ns=376365400
RESULT large_cache_hits=1600
RESULT total_deallocs=4800
RESULT rss_after_kib=3128
RESULT commit_after_kib=34508
RESULT segments_reserved_total=3257
.RESULT arm=large_cache_extended_off
RESULT elapsed_ns=380761100
RESULT large_cache_hits=1600
RESULT total_deallocs=4800
RESULT rss_after_kib=3128
RESULT commit_after_kib=34512
RESULT segments_reserved_total=3257
.RESULT arm=large_cache_extended_off
RESULT elapsed_ns=402346100
RESULT large_cache_hits=1600
RESULT total_deallocs=4800
RESULT rss_after_kib=3128
RESULT commit_after_kib=34512
RESULT segments_reserved_total=3257
.RESULT arm=large_cache_extended_off
RESULT elapsed_ns=378218300
RESULT large_cache_hits=1600
RESULT total_deallocs=4800
RESULT rss_after_kib=3128
RESULT commit_after_kib=34512
RESULT segments_reserved_total=3257
.RESULT arm=large_cache_extended_off
RESULT elapsed_ns=370318300
RESULT large_cache_hits=1600
RESULT total_deallocs=4800
RESULT rss_after_kib=3128
RESULT commit_after_kib=34512
RESULT segments_reserved_total=3257
.RESULT arm=large_cache_extended_off
RESULT elapsed_ns=348956700
RESULT large_cache_hits=1600
RESULT total_deallocs=4800
RESULT rss_after_kib=3128
RESULT commit_after_kib=34500
RESULT segments_reserved_total=3257
.RESULT arm=large_cache_extended_off
RESULT elapsed_ns=392323500
RESULT large_cache_hits=1600
RESULT total_deallocs=4800
RESULT rss_after_kib=3128
RESULT commit_after_kib=34500
RESULT segments_reserved_total=3257
.RESULT arm=large_cache_extended_off
RESULT elapsed_ns=405020600
RESULT large_cache_hits=1600
RESULT total_deallocs=4800
RESULT rss_after_kib=3128
RESULT commit_after_kib=34512
RESULT segments_reserved_total=3257
.RESULT arm=large_cache_extended_off
RESULT elapsed_ns=390618300
RESULT large_cache_hits=1600
RESULT total_deallocs=4800
RESULT rss_after_kib=3108
RESULT commit_after_kib=34468
RESULT segments_reserved_total=3257
.RESULT arm=large_cache_extended_off
RESULT elapsed_ns=360663200
RESULT large_cache_hits=1600
RESULT total_deallocs=4800
RESULT rss_after_kib=3128
RESULT commit_after_kib=34504
RESULT segments_reserved_total=3257
.RESULT arm=large_cache_extended_off
RESULT elapsed_ns=376563900
RESULT large_cache_hits=1600
RESULT total_deallocs=4800
RESULT rss_after_kib=3128
RESULT commit_after_kib=34508
RESULT segments_reserved_total=3257
.RESULT arm=large_cache_extended_off
RESULT elapsed_ns=349829600
RESULT large_cache_hits=1600
RESULT total_deallocs=4800
RESULT rss_after_kib=3128
RESULT commit_after_kib=34504
RESULT segments_reserved_total=3257
.RESULT arm=large_cache_extended_off
RESULT elapsed_ns=367180300
RESULT large_cache_hits=1600
RESULT total_deallocs=4800
RESULT rss_after_kib=3128
RESULT commit_after_kib=34512
RESULT segments_reserved_total=3257
.RESULT arm=large_cache_extended_off
RESULT elapsed_ns=374362800
RESULT large_cache_hits=1600
RESULT total_deallocs=4800
RESULT rss_after_kib=3128
RESULT commit_after_kib=34508
RESULT segments_reserved_total=3257
.RESULT arm=large_cache_extended_off
RESULT elapsed_ns=379007000
RESULT large_cache_hits=1600
RESULT total_deallocs=4800
RESULT rss_after_kib=3128
RESULT commit_after_kib=34508
RESULT segments_reserved_total=3257
.RESULT arm=large_cache_extended_off
RESULT elapsed_ns=385337800
RESULT large_cache_hits=1600
RESULT total_deallocs=4800
RESULT rss_after_kib=3128
RESULT commit_after_kib=34504
RESULT segments_reserved_total=3257
.RESULT arm=large_cache_extended_off
RESULT elapsed_ns=347511400
RESULT large_cache_hits=1600
RESULT total_deallocs=4800
RESULT rss_after_kib=3128
RESULT commit_after_kib=34504
RESULT segments_reserved_total=3257
.RESULT arm=large_cache_extended_off
RESULT elapsed_ns=356548000
RESULT large_cache_hits=1600
RESULT total_deallocs=4800
RESULT rss_after_kib=3104
RESULT commit_after_kib=34468
RESULT segments_reserved_total=3257
.RESULT arm=large_cache_extended_off
RESULT elapsed_ns=358736000
RESULT large_cache_hits=1600
RESULT total_deallocs=4800
RESULT rss_after_kib=3128
RESULT commit_after_kib=34504
RESULT segments_reserved_total=3257
.RESULT arm=large_cache_extended_off
RESULT elapsed_ns=341441800
RESULT large_cache_hits=1600
RESULT total_deallocs=4800
RESULT rss_after_kib=3128
RESULT commit_after_kib=34508
RESULT segments_reserved_total=3257
.RESULT arm=large_cache_extended_off
RESULT elapsed_ns=344010300
RESULT large_cache_hits=1600
RESULT total_deallocs=4800
RESULT rss_after_kib=3128
RESULT commit_after_kib=34504
RESULT segments_reserved_total=3257
.RESULT arm=large_cache_extended_off
RESULT elapsed_ns=342382300
RESULT large_cache_hits=1600
RESULT total_deallocs=4800
RESULT rss_after_kib=3128
RESULT commit_after_kib=34500
RESULT segments_reserved_total=3257
.RESULT arm=large_cache_extended_off
RESULT elapsed_ns=364395400
RESULT large_cache_hits=1600
RESULT total_deallocs=4800
RESULT rss_after_kib=3128
RESULT commit_after_kib=34512
RESULT segments_reserved_total=3257
.RESULT arm=large_cache_extended_off
RESULT elapsed_ns=377786200
RESULT large_cache_hits=1600
RESULT total_deallocs=4800
RESULT rss_after_kib=3128
RESULT commit_after_kib=34508
RESULT segments_reserved_total=3257
.RESULT arm=large_cache_extended_off
RESULT elapsed_ns=363045700
RESULT large_cache_hits=1600
RESULT total_deallocs=4800
RESULT rss_after_kib=3128
RESULT commit_after_kib=34500
RESULT segments_reserved_total=3257
.RESULT arm=large_cache_extended_off
RESULT elapsed_ns=384970200
RESULT large_cache_hits=1600
RESULT total_deallocs=4800
RESULT rss_after_kib=3132
RESULT commit_after_kib=34512
RESULT segments_reserved_total=3257
.RESULT arm=large_cache_extended_off
RESULT elapsed_ns=370553900
RESULT large_cache_hits=1600
RESULT total_deallocs=4800
RESULT rss_after_kib=3128
RESULT commit_after_kib=34504
RESULT segments_reserved_total=3257
.RESULT arm=large_cache_extended_off
RESULT elapsed_ns=366922900
RESULT large_cache_hits=1600
RESULT total_deallocs=4800
RESULT rss_after_kib=3128
RESULT commit_after_kib=34500
RESULT segments_reserved_total=3257
.RESULT arm=large_cache_extended_off
RESULT elapsed_ns=369996200
RESULT large_cache_hits=1600
RESULT total_deallocs=4800
RESULT rss_after_kib=3128
RESULT commit_after_kib=34504
RESULT segments_reserved_total=3257
.RESULT arm=large_cache_extended_off
RESULT elapsed_ns=378175400
RESULT large_cache_hits=1600
RESULT total_deallocs=4800
RESULT rss_after_kib=3128
RESULT commit_after_kib=34508
RESULT segments_reserved_total=3257
.RESULT arm=large_cache_extended_off
RESULT elapsed_ns=364700500
RESULT large_cache_hits=1600
RESULT total_deallocs=4800
RESULT rss_after_kib=3128
RESULT commit_after_kib=34512
RESULT segments_reserved_total=3257
.RESULT arm=large_cache_extended_off
RESULT elapsed_ns=368878600
RESULT large_cache_hits=1600
RESULT total_deallocs=4800
RESULT rss_after_kib=3136
RESULT commit_after_kib=34520
RESULT segments_reserved_total=3257
.RESULT arm=large_cache_extended_off
RESULT elapsed_ns=370539500
RESULT large_cache_hits=1600
RESULT total_deallocs=4800
RESULT rss_after_kib=3112
RESULT commit_after_kib=34480
RESULT segments_reserved_total=3257
.RESULT arm=large_cache_extended_off
RESULT elapsed_ns=347438800
RESULT large_cache_hits=1600
RESULT total_deallocs=4800
RESULT rss_after_kib=3128
RESULT commit_after_kib=34512
RESULT segments_reserved_total=3257
.RESULT arm=large_cache_extended_off
RESULT elapsed_ns=347983200
RESULT large_cache_hits=1600
RESULT total_deallocs=4800
RESULT rss_after_kib=3132
RESULT commit_after_kib=34508
RESULT segments_reserved_total=3257
.RESULT arm=large_cache_extended_off
RESULT elapsed_ns=369365200
RESULT large_cache_hits=1600
RESULT total_deallocs=4800
RESULT rss_after_kib=3136
RESULT commit_after_kib=34512
RESULT segments_reserved_total=3257
.RESULT arm=large_cache_extended_off
RESULT elapsed_ns=359434600
RESULT large_cache_hits=1600
RESULT total_deallocs=4800
RESULT rss_after_kib=3124
RESULT commit_after_kib=34496
RESULT segments_reserved_total=3257
.RESULT arm=large_cache_extended_off
RESULT elapsed_ns=362527600
RESULT large_cache_hits=1600
RESULT total_deallocs=4800
RESULT rss_after_kib=3128
RESULT commit_after_kib=34512
RESULT segments_reserved_total=3257
.RESULT arm=large_cache_extended_off
RESULT elapsed_ns=344471100
RESULT large_cache_hits=1600
RESULT total_deallocs=4800
RESULT rss_after_kib=3128
RESULT commit_after_kib=34504
RESULT segments_reserved_total=3257
.RESULT arm=large_cache_extended_off
RESULT elapsed_ns=394856200
RESULT large_cache_hits=1600
RESULT total_deallocs=4800
RESULT rss_after_kib=3132
RESULT commit_after_kib=34512
RESULT segments_reserved_total=3257
.RESULT arm=large_cache_extended_off
RESULT elapsed_ns=362997400
RESULT large_cache_hits=1600
RESULT total_deallocs=4800
RESULT rss_after_kib=3128
RESULT commit_after_kib=34508
RESULT segments_reserved_total=3257
.RESULT arm=large_cache_extended_off
RESULT elapsed_ns=357519700
RESULT large_cache_hits=1600
RESULT total_deallocs=4800
RESULT rss_after_kib=3128
RESULT commit_after_kib=34512
RESULT segments_reserved_total=3257
.RESULT arm=large_cache_extended_off
RESULT elapsed_ns=336395700
RESULT large_cache_hits=1600
RESULT total_deallocs=4800
RESULT rss_after_kib=3128
RESULT commit_after_kib=34508
RESULT segments_reserved_total=3257
.RESULT arm=large_cache_extended_off
RESULT elapsed_ns=340785600
RESULT large_cache_hits=1600
RESULT total_deallocs=4800
RESULT rss_after_kib=3128
RESULT commit_after_kib=34508
RESULT segments_reserved_total=3257
.RESULT arm=large_cache_extended_off
RESULT elapsed_ns=371928400
RESULT large_cache_hits=1600
RESULT total_deallocs=4800
RESULT rss_after_kib=3128
RESULT commit_after_kib=34512
RESULT segments_reserved_total=3257
.RESULT arm=large_cache_extended_off
RESULT elapsed_ns=371130100
RESULT large_cache_hits=1600
RESULT total_deallocs=4800
RESULT rss_after_kib=3132
RESULT commit_after_kib=34508
RESULT segments_reserved_total=3257
.RESULT arm=large_cache_extended_off
RESULT elapsed_ns=375330200
RESULT large_cache_hits=1600
RESULT total_deallocs=4800
RESULT rss_after_kib=3128
RESULT commit_after_kib=34508
RESULT segments_reserved_total=3257
.RESULT arm=large_cache_extended_off
RESULT elapsed_ns=358746200
RESULT large_cache_hits=1600
RESULT total_deallocs=4800
RESULT rss_after_kib=3128
RESULT commit_after_kib=34516
RESULT segments_reserved_total=3257
.RESULT arm=large_cache_extended_off
RESULT elapsed_ns=372459700
RESULT large_cache_hits=1600
RESULT total_deallocs=4800
RESULT rss_after_kib=3128
RESULT commit_after_kib=34496
RESULT segments_reserved_total=3257
.RESULT arm=large_cache_extended_off
RESULT elapsed_ns=353214500
RESULT large_cache_hits=1600
RESULT total_deallocs=4800
RESULT rss_after_kib=3112
RESULT commit_after_kib=34480
RESULT segments_reserved_total=3257
.RESULT arm=large_cache_extended_off
RESULT elapsed_ns=338494400
RESULT large_cache_hits=1600
RESULT total_deallocs=4800
RESULT rss_after_kib=3128
RESULT commit_after_kib=34512
RESULT segments_reserved_total=3257
.RESULT arm=large_cache_extended_off
RESULT elapsed_ns=369466200
RESULT large_cache_hits=1600
RESULT total_deallocs=4800
RESULT rss_after_kib=3112
RESULT commit_after_kib=34484
RESULT segments_reserved_total=3257
.RESULT arm=large_cache_extended_off
RESULT elapsed_ns=347923200
RESULT large_cache_hits=1600
RESULT total_deallocs=4800
RESULT rss_after_kib=3128
RESULT commit_after_kib=34508
RESULT segments_reserved_total=3257
.RESULT arm=large_cache_extended_off
RESULT elapsed_ns=344345300
RESULT large_cache_hits=1600
RESULT total_deallocs=4800
RESULT rss_after_kib=3128
RESULT commit_after_kib=34500
RESULT segments_reserved_total=3257
.RESULT arm=large_cache_extended_off
RESULT elapsed_ns=362355500
RESULT large_cache_hits=1600
RESULT total_deallocs=4800
RESULT rss_after_kib=3112
RESULT commit_after_kib=34480
RESULT segments_reserved_total=3257
.RESULT arm=large_cache_extended_off
RESULT elapsed_ns=375677300
RESULT large_cache_hits=1600
RESULT total_deallocs=4800
RESULT rss_after_kib=3128
RESULT commit_after_kib=34508
RESULT segments_reserved_total=3257
.RESULT arm=large_cache_extended_off
RESULT elapsed_ns=368182700
RESULT large_cache_hits=1600
RESULT total_deallocs=4800
RESULT rss_after_kib=3140
RESULT commit_after_kib=34516
RESULT segments_reserved_total=3257
.RESULT arm=large_cache_extended_off
RESULT elapsed_ns=374136100
RESULT large_cache_hits=1600
RESULT total_deallocs=4800
RESULT rss_after_kib=3128
RESULT commit_after_kib=34504
RESULT segments_reserved_total=3257
.RESULT arm=large_cache_extended_off
RESULT elapsed_ns=385272700
RESULT large_cache_hits=1600
RESULT total_deallocs=4800
RESULT rss_after_kib=3128
RESULT commit_after_kib=34512
RESULT segments_reserved_total=3257
.RESULT arm=large_cache_extended_off
RESULT elapsed_ns=389645800
RESULT large_cache_hits=1600
RESULT total_deallocs=4800
RESULT rss_after_kib=3136
RESULT commit_after_kib=34512
RESULT segments_reserved_total=3257
.

  === off(A-slot) vs off(B-slot) (A - B, ns)  [SAME-VS-SAME CONTROL] ===
  n=20  mean Δ=2.090 ms  sd=12.639 ms  se=2.826 ms  t=0.739  df=19  crit(p<0.05)=2.101  => NOT statistically distinguishable from noise (fails to reject null)
  sign test: off(A-slot)-faster=10/20  off(B-slot)-faster=10/20  ties=0

[paired-ab] provenance written to D:\dev\rust\sefer-alloc/docs/perf/paired_ab_runs/2026-07-30T19-48-02-508Z.json

[paired-ab] Reading this output: `t` past `crit` (or sign test heavily lopsided, e.g. 17+/20) means a REAL,
  non-noise wall-clock difference on THIS host for THIS workload — mirroring
  docs/perf/R5_R2_CHURN_REGRESSION_PAIRED_AB.md's verdict criteria. A same-vs-same control run
  (--arms sefer,sefer) should show t well under `crit` and a roughly even sign-test split --
  if it does not, that indicates a harness bug (non-reproducible workload, background load
  bleeding into the timed region), not a real self-difference.
