[paired-ab] --config has no "build" step; assuming arm commands are already built.

[paired-ab] off vs off — 20 pairs, A/B/B/A protocol
RESULT arm=alloc_recycled_off
RESULT size=4096
RESULT rounds=200000
RESULT elapsed_ns=3716400
RESULT ns_per_round=18
RESULT oracle_hits_delta=200000
.RESULT arm=alloc_recycled_off
RESULT size=4096
RESULT rounds=200000
RESULT elapsed_ns=2619500
RESULT ns_per_round=13
RESULT oracle_hits_delta=200000
.RESULT arm=alloc_recycled_off
RESULT size=4096
RESULT rounds=200000
RESULT elapsed_ns=2421900
RESULT ns_per_round=12
RESULT oracle_hits_delta=200000
.RESULT arm=alloc_recycled_off
RESULT size=4096
RESULT rounds=200000
RESULT elapsed_ns=2564000
RESULT ns_per_round=12
RESULT oracle_hits_delta=200000
.RESULT arm=alloc_recycled_off
RESULT size=4096
RESULT rounds=200000
RESULT elapsed_ns=2532300
RESULT ns_per_round=12
RESULT oracle_hits_delta=200000
.RESULT arm=alloc_recycled_off
RESULT size=4096
RESULT rounds=200000
RESULT elapsed_ns=2599000
RESULT ns_per_round=12
RESULT oracle_hits_delta=200000
.RESULT arm=alloc_recycled_off
RESULT size=4096
RESULT rounds=200000
RESULT elapsed_ns=2488800
RESULT ns_per_round=12
RESULT oracle_hits_delta=200000
.RESULT arm=alloc_recycled_off
RESULT size=4096
RESULT rounds=200000
RESULT elapsed_ns=2510800
RESULT ns_per_round=12
RESULT oracle_hits_delta=200000
.RESULT arm=alloc_recycled_off
RESULT size=4096
RESULT rounds=200000
RESULT elapsed_ns=2542900
RESULT ns_per_round=12
RESULT oracle_hits_delta=200000
.RESULT arm=alloc_recycled_off
RESULT size=4096
RESULT rounds=200000
RESULT elapsed_ns=2355700
RESULT ns_per_round=11
RESULT oracle_hits_delta=200000
.RESULT arm=alloc_recycled_off
RESULT size=4096
RESULT rounds=200000
RESULT elapsed_ns=3200800
RESULT ns_per_round=16
RESULT oracle_hits_delta=200000
.RESULT arm=alloc_recycled_off
RESULT size=4096
RESULT rounds=200000
RESULT elapsed_ns=2578200
RESULT ns_per_round=12
RESULT oracle_hits_delta=200000
.RESULT arm=alloc_recycled_off
RESULT size=4096
RESULT rounds=200000
RESULT elapsed_ns=2587500
RESULT ns_per_round=12
RESULT oracle_hits_delta=200000
.RESULT arm=alloc_recycled_off
RESULT size=4096
RESULT rounds=200000
RESULT elapsed_ns=2420000
RESULT ns_per_round=12
RESULT oracle_hits_delta=200000
.RESULT arm=alloc_recycled_off
RESULT size=4096
RESULT rounds=200000
RESULT elapsed_ns=2553000
RESULT ns_per_round=12
RESULT oracle_hits_delta=200000
.RESULT arm=alloc_recycled_off
RESULT size=4096
RESULT rounds=200000
RESULT elapsed_ns=2573500
RESULT ns_per_round=12
RESULT oracle_hits_delta=200000
.RESULT arm=alloc_recycled_off
RESULT size=4096
RESULT rounds=200000
RESULT elapsed_ns=2673600
RESULT ns_per_round=13
RESULT oracle_hits_delta=200000
.RESULT arm=alloc_recycled_off
RESULT size=4096
RESULT rounds=200000
RESULT elapsed_ns=2761800
RESULT ns_per_round=13
RESULT oracle_hits_delta=200000
.RESULT arm=alloc_recycled_off
RESULT size=4096
RESULT rounds=200000
RESULT elapsed_ns=2646900
RESULT ns_per_round=13
RESULT oracle_hits_delta=200000
.RESULT arm=alloc_recycled_off
RESULT size=4096
RESULT rounds=200000
RESULT elapsed_ns=2545300
RESULT ns_per_round=12
RESULT oracle_hits_delta=200000
.RESULT arm=alloc_recycled_off
RESULT size=4096
RESULT rounds=200000
RESULT elapsed_ns=2537100
RESULT ns_per_round=12
RESULT oracle_hits_delta=200000
.RESULT arm=alloc_recycled_off
RESULT size=4096
RESULT rounds=200000
RESULT elapsed_ns=2880000
RESULT ns_per_round=14
RESULT oracle_hits_delta=200000
.RESULT arm=alloc_recycled_off
RESULT size=4096
RESULT rounds=200000
RESULT elapsed_ns=2799600
RESULT ns_per_round=13
RESULT oracle_hits_delta=200000
.RESULT arm=alloc_recycled_off
RESULT size=4096
RESULT rounds=200000
RESULT elapsed_ns=2567400
RESULT ns_per_round=12
RESULT oracle_hits_delta=200000
.RESULT arm=alloc_recycled_off
RESULT size=4096
RESULT rounds=200000
RESULT elapsed_ns=6857500
RESULT ns_per_round=34
RESULT oracle_hits_delta=200000
.RESULT arm=alloc_recycled_off
RESULT size=4096
RESULT rounds=200000
RESULT elapsed_ns=2499700
RESULT ns_per_round=12
RESULT oracle_hits_delta=200000
.RESULT arm=alloc_recycled_off
RESULT size=4096
RESULT rounds=200000
RESULT elapsed_ns=2535900
RESULT ns_per_round=12
RESULT oracle_hits_delta=200000
.RESULT arm=alloc_recycled_off
RESULT size=4096
RESULT rounds=200000
RESULT elapsed_ns=2647600
RESULT ns_per_round=13
RESULT oracle_hits_delta=200000
.RESULT arm=alloc_recycled_off
RESULT size=4096
RESULT rounds=200000
RESULT elapsed_ns=2484400
RESULT ns_per_round=12
RESULT oracle_hits_delta=200000
.RESULT arm=alloc_recycled_off
RESULT size=4096
RESULT rounds=200000
RESULT elapsed_ns=2904200
RESULT ns_per_round=14
RESULT oracle_hits_delta=200000
.RESULT arm=alloc_recycled_off
RESULT size=4096
RESULT rounds=200000
RESULT elapsed_ns=2581200
RESULT ns_per_round=12
RESULT oracle_hits_delta=200000
.RESULT arm=alloc_recycled_off
RESULT size=4096
RESULT rounds=200000
RESULT elapsed_ns=2708200
RESULT ns_per_round=13
RESULT oracle_hits_delta=200000
.RESULT arm=alloc_recycled_off
RESULT size=4096
RESULT rounds=200000
RESULT elapsed_ns=2647200
RESULT ns_per_round=13
RESULT oracle_hits_delta=200000
.RESULT arm=alloc_recycled_off
RESULT size=4096
RESULT rounds=200000
RESULT elapsed_ns=2322200
RESULT ns_per_round=11
RESULT oracle_hits_delta=200000
.RESULT arm=alloc_recycled_off
RESULT size=4096
RESULT rounds=200000
RESULT elapsed_ns=2524200
RESULT ns_per_round=12
RESULT oracle_hits_delta=200000
.RESULT arm=alloc_recycled_off
RESULT size=4096
RESULT rounds=200000
RESULT elapsed_ns=2412900
RESULT ns_per_round=12
RESULT oracle_hits_delta=200000
.RESULT arm=alloc_recycled_off
RESULT size=4096
RESULT rounds=200000
RESULT elapsed_ns=2398800
RESULT ns_per_round=11
RESULT oracle_hits_delta=200000
.RESULT arm=alloc_recycled_off
RESULT size=4096
RESULT rounds=200000
RESULT elapsed_ns=2647600
RESULT ns_per_round=13
RESULT oracle_hits_delta=200000
.RESULT arm=alloc_recycled_off
RESULT size=4096
RESULT rounds=200000
RESULT elapsed_ns=2499900
RESULT ns_per_round=12
RESULT oracle_hits_delta=200000
.RESULT arm=alloc_recycled_off
RESULT size=4096
RESULT rounds=200000
RESULT elapsed_ns=3425300
RESULT ns_per_round=17
RESULT oracle_hits_delta=200000
.RESULT arm=alloc_recycled_off
RESULT size=4096
RESULT rounds=200000
RESULT elapsed_ns=2795500
RESULT ns_per_round=13
RESULT oracle_hits_delta=200000
.RESULT arm=alloc_recycled_off
RESULT size=4096
RESULT rounds=200000
RESULT elapsed_ns=2861100
RESULT ns_per_round=14
RESULT oracle_hits_delta=200000
.RESULT arm=alloc_recycled_off
RESULT size=4096
RESULT rounds=200000
RESULT elapsed_ns=2524300
RESULT ns_per_round=12
RESULT oracle_hits_delta=200000
.RESULT arm=alloc_recycled_off
RESULT size=4096
RESULT rounds=200000
RESULT elapsed_ns=2486100
RESULT ns_per_round=12
RESULT oracle_hits_delta=200000
.RESULT arm=alloc_recycled_off
RESULT size=4096
RESULT rounds=200000
RESULT elapsed_ns=2633000
RESULT ns_per_round=13
RESULT oracle_hits_delta=200000
.RESULT arm=alloc_recycled_off
RESULT size=4096
RESULT rounds=200000
RESULT elapsed_ns=2514500
RESULT ns_per_round=12
RESULT oracle_hits_delta=200000
.RESULT arm=alloc_recycled_off
RESULT size=4096
RESULT rounds=200000
RESULT elapsed_ns=2644400
RESULT ns_per_round=13
RESULT oracle_hits_delta=200000
.RESULT arm=alloc_recycled_off
RESULT size=4096
RESULT rounds=200000
RESULT elapsed_ns=2650400
RESULT ns_per_round=13
RESULT oracle_hits_delta=200000
.RESULT arm=alloc_recycled_off
RESULT size=4096
RESULT rounds=200000
RESULT elapsed_ns=2733900
RESULT ns_per_round=13
RESULT oracle_hits_delta=200000
.RESULT arm=alloc_recycled_off
RESULT size=4096
RESULT rounds=200000
RESULT elapsed_ns=2616200
RESULT ns_per_round=13
RESULT oracle_hits_delta=200000
.RESULT arm=alloc_recycled_off
RESULT size=4096
RESULT rounds=200000
RESULT elapsed_ns=2587300
RESULT ns_per_round=12
RESULT oracle_hits_delta=200000
.RESULT arm=alloc_recycled_off
RESULT size=4096
RESULT rounds=200000
RESULT elapsed_ns=3189200
RESULT ns_per_round=15
RESULT oracle_hits_delta=200000
.RESULT arm=alloc_recycled_off
RESULT size=4096
RESULT rounds=200000
RESULT elapsed_ns=2377500
RESULT ns_per_round=11
RESULT oracle_hits_delta=200000
.RESULT arm=alloc_recycled_off
RESULT size=4096
RESULT rounds=200000
RESULT elapsed_ns=2457100
RESULT ns_per_round=12
RESULT oracle_hits_delta=200000
.RESULT arm=alloc_recycled_off
RESULT size=4096
RESULT rounds=200000
RESULT elapsed_ns=2808000
RESULT ns_per_round=14
RESULT oracle_hits_delta=200000
.RESULT arm=alloc_recycled_off
RESULT size=4096
RESULT rounds=200000
RESULT elapsed_ns=2568600
RESULT ns_per_round=12
RESULT oracle_hits_delta=200000
.RESULT arm=alloc_recycled_off
RESULT size=4096
RESULT rounds=200000
RESULT elapsed_ns=2417400
RESULT ns_per_round=12
RESULT oracle_hits_delta=200000
.RESULT arm=alloc_recycled_off
RESULT size=4096
RESULT rounds=200000
RESULT elapsed_ns=2337100
RESULT ns_per_round=11
RESULT oracle_hits_delta=200000
.RESULT arm=alloc_recycled_off
RESULT size=4096
RESULT rounds=200000
RESULT elapsed_ns=2502500
RESULT ns_per_round=12
RESULT oracle_hits_delta=200000
.RESULT arm=alloc_recycled_off
RESULT size=4096
RESULT rounds=200000
RESULT elapsed_ns=2670800
RESULT ns_per_round=13
RESULT oracle_hits_delta=200000
.RESULT arm=alloc_recycled_off
RESULT size=4096
RESULT rounds=200000
RESULT elapsed_ns=2879800
RESULT ns_per_round=14
RESULT oracle_hits_delta=200000
.RESULT arm=alloc_recycled_off
RESULT size=4096
RESULT rounds=200000
RESULT elapsed_ns=2775100
RESULT ns_per_round=13
RESULT oracle_hits_delta=200000
.RESULT arm=alloc_recycled_off
RESULT size=4096
RESULT rounds=200000
RESULT elapsed_ns=2703800
RESULT ns_per_round=13
RESULT oracle_hits_delta=200000
.RESULT arm=alloc_recycled_off
RESULT size=4096
RESULT rounds=200000
RESULT elapsed_ns=2428900
RESULT ns_per_round=12
RESULT oracle_hits_delta=200000
.RESULT arm=alloc_recycled_off
RESULT size=4096
RESULT rounds=200000
RESULT elapsed_ns=2548700
RESULT ns_per_round=12
RESULT oracle_hits_delta=200000
.RESULT arm=alloc_recycled_off
RESULT size=4096
RESULT rounds=200000
RESULT elapsed_ns=2252100
RESULT ns_per_round=11
RESULT oracle_hits_delta=200000
.RESULT arm=alloc_recycled_off
RESULT size=4096
RESULT rounds=200000
RESULT elapsed_ns=4554200
RESULT ns_per_round=22
RESULT oracle_hits_delta=200000
.RESULT arm=alloc_recycled_off
RESULT size=4096
RESULT rounds=200000
RESULT elapsed_ns=2504600
RESULT ns_per_round=12
RESULT oracle_hits_delta=200000
.RESULT arm=alloc_recycled_off
RESULT size=4096
RESULT rounds=200000
RESULT elapsed_ns=2858400
RESULT ns_per_round=14
RESULT oracle_hits_delta=200000
.RESULT arm=alloc_recycled_off
RESULT size=4096
RESULT rounds=200000
RESULT elapsed_ns=5708900
RESULT ns_per_round=28
RESULT oracle_hits_delta=200000
.RESULT arm=alloc_recycled_off
RESULT size=4096
RESULT rounds=200000
RESULT elapsed_ns=2565000
RESULT ns_per_round=12
RESULT oracle_hits_delta=200000
.RESULT arm=alloc_recycled_off
RESULT size=4096
RESULT rounds=200000
RESULT elapsed_ns=2898200
RESULT ns_per_round=14
RESULT oracle_hits_delta=200000
.RESULT arm=alloc_recycled_off
RESULT size=4096
RESULT rounds=200000
RESULT elapsed_ns=2808900
RESULT ns_per_round=14
RESULT oracle_hits_delta=200000
.RESULT arm=alloc_recycled_off
RESULT size=4096
RESULT rounds=200000
RESULT elapsed_ns=2858800
RESULT ns_per_round=14
RESULT oracle_hits_delta=200000
.RESULT arm=alloc_recycled_off
RESULT size=4096
RESULT rounds=200000
RESULT elapsed_ns=2840700
RESULT ns_per_round=14
RESULT oracle_hits_delta=200000
.RESULT arm=alloc_recycled_off
RESULT size=4096
RESULT rounds=200000
RESULT elapsed_ns=2392600
RESULT ns_per_round=11
RESULT oracle_hits_delta=200000
.RESULT arm=alloc_recycled_off
RESULT size=4096
RESULT rounds=200000
RESULT elapsed_ns=2646200
RESULT ns_per_round=13
RESULT oracle_hits_delta=200000
.RESULT arm=alloc_recycled_off
RESULT size=4096
RESULT rounds=200000
RESULT elapsed_ns=2655100
RESULT ns_per_round=13
RESULT oracle_hits_delta=200000
.RESULT arm=alloc_recycled_off
RESULT size=4096
RESULT rounds=200000
RESULT elapsed_ns=2605700
RESULT ns_per_round=13
RESULT oracle_hits_delta=200000
.RESULT arm=alloc_recycled_off
RESULT size=4096
RESULT rounds=200000
RESULT elapsed_ns=2663800
RESULT ns_per_round=13
RESULT oracle_hits_delta=200000
.

  === off(A-slot) vs off(B-slot) (A - B, ns)  [SAME-VS-SAME CONTROL] ===
  n=20  mean Δ=0 ns  sd=3 ns  se=1 ns  t=0.101  df=19  crit(p<0.05)=2.101  => NOT statistically distinguishable from noise (fails to reject null)
  sign test: off(A-slot)-faster=9/20  off(B-slot)-faster=7/20  ties=4

[paired-ab] provenance written to D:\dev\rust\sefer-alloc/docs/perf/paired_ab_runs/2026-08-01T23-11-07-888Z.json

[paired-ab] Reading this output: `t` past `crit` (or sign test heavily lopsided, e.g. 17+/20) means a REAL,
  non-noise wall-clock difference on THIS host for THIS workload — mirroring
  docs/perf/R5_R2_CHURN_REGRESSION_PAIRED_AB.md's verdict criteria. A same-vs-same control run
  (--arms sefer,sefer) should show t well under `crit` and a roughly even sign-test split --
  if it does not, that indicates a harness bug (non-reproducible workload, background load
  bleeding into the timed region), not a real self-difference.
