
> sefer-alloc-dev-scripts@0.0.0 iai
> node scripts/iai.mjs --features production batch-api

[iai] wsl: /mnt/d/dev/rust/sefer-alloc
[iai] features: production batch-api | target: /tmp/sefer-iai
iai_callgrind_runner: Error: No version information found for iai-callgrind but iai-callgrind-runner (0.14.2) is >= '0.3.0'. Please update iai-callgrind to '0.14.2' in your Cargo.toml file
__MISSING__
[iai] runner already installed: 0.14.2 (skip install)

[iai] running benches...

   Compiling proc-macro2 v1.0.106
   Compiling unicode-ident v1.0.24
   Compiling quote v1.0.46
   Compiling libc v0.2.186
   Compiling cfg-if v1.0.4
   Compiling serde_core v1.0.228
   Compiling zmij v1.0.21
   Compiling zerocopy v0.8.52
   Compiling serde v1.0.228
   Compiling crossbeam-utils v0.8.21
   Compiling serde_json v1.0.150
   Compiling getrandom v0.3.4
   Compiling autocfg v1.5.1
   Compiling getrandom v0.4.3
   Compiling rustix v1.1.4
   Compiling find-msvc-tools v0.1.9
   Compiling linux-raw-sys v0.12.1
   Compiling regex-syntax v0.8.11
   Compiling num-traits v0.2.19
   Compiling once_cell v1.21.4
   Compiling bitflags v2.13.0
   Compiling shlex v2.0.1
   Compiling version_check v0.9.5
   Compiling rustversion v1.0.22
   Compiling rayon-core v1.13.0
   Compiling either v1.16.0
   Compiling fastrand v2.4.1
   Compiling cc v1.2.65
   Compiling slotmap v1.1.1
   Compiling plotters-backend v0.3.7
   Compiling ciborium-io v0.2.2
   Compiling crossbeam-epoch v0.9.18
   Compiling iai-callgrind-runner v0.14.2
   Compiling memchr v2.8.2
   Compiling fnv v1.0.7
   Compiling quick-error v1.2.3
   Compiling bit-vec v0.8.0
   Compiling syn v2.0.118
   Compiling anstyle v1.0.14
   Compiling proc-macro-error-attr2 v2.0.0
   Compiling crossbeam-deque v0.8.6
   Compiling clap_lex v1.1.0
   Compiling itoa v1.0.18
   Compiling clap_builder v4.6.0
   Compiling bit-set v0.8.0
   Compiling plotters-svg v0.3.7
   Compiling itertools v0.10.5
   Compiling unarray v0.1.4
   Compiling wait-timeout v0.2.1
   Compiling iai-callgrind v0.14.2
   Compiling libmimalloc-sys v0.1.49
   Compiling rand_core v0.9.5
   Compiling cast v0.3.0
   Compiling same-file v1.0.6
   Compiling rand_xorshift v0.4.0
   Compiling rand v0.9.4
   Compiling rayon v1.12.0
   Compiling walkdir v2.5.0
   Compiling is-terminal v0.4.17
   Compiling sefer-region v0.1.0 (/mnt/d/dev/rust/sefer-alloc/crates/region)
   Compiling plotters v0.3.7
   Compiling regex-automata v0.4.14
   Compiling arc-swap v1.9.1
   Compiling proc-memstat v0.1.0 (/mnt/d/dev/rust/sefer-alloc/crates/proc-memstat)
   Compiling tempfile v3.27.0
   Compiling tagged-index-stack v0.1.0 (/mnt/d/dev/rust/sefer-alloc/crates/tagged-index-stack)
   Compiling aligned-vmem v0.2.0 (/mnt/d/dev/rust/sefer-alloc/crates/vmem)
   Compiling anes v0.1.6
   Compiling size-classes v0.1.0 (/mnt/d/dev/rust/sefer-alloc/crates/size-classes)
   Compiling oorandom v11.1.5
   Compiling rusty-fork v0.3.1
   Compiling pin-project-lite v0.2.17
   Compiling racy-ptr-cell v0.1.0 (/mnt/d/dev/rust/sefer-alloc/crates/racy-ptr-cell)
   Compiling proc-probe v0.1.0 (/mnt/d/dev/rust/sefer-alloc/crates/proc-probe)
   Compiling malloc-bench-rs v0.1.0 (/mnt/d/dev/rust/sefer-alloc/crates/malloc-bench)
   Compiling sefer-alloc v0.3.0 (/mnt/d/dev/rust/sefer-alloc)
   Compiling criterion-plot v0.5.0
   Compiling clap v4.6.1
   Compiling regex v1.12.4
   Compiling proc-macro-error2 v2.0.1
   Compiling zerocopy-derive v0.8.52
   Compiling serde_derive v1.0.228
   Compiling derive_more-impl v2.1.1
   Compiling tokio-macros v2.7.0
   Compiling tokio v1.52.3
   Compiling derive_more v2.1.1
   Compiling mimalloc v0.1.52
   Compiling iai-callgrind-macros v0.5.1
   Compiling tinytemplate v1.2.1
   Compiling bincode v1.3.3
   Compiling half v2.7.1
   Compiling ppv-lite86 v0.2.21
   Compiling ciborium-ll v0.2.2
   Compiling rand_chacha v0.9.0
   Compiling ciborium v0.2.2
   Compiling proptest v1.11.0
   Compiling criterion v0.5.1
   Compiling globalalloc-model v0.1.0 (/mnt/d/dev/rust/sefer-alloc/crates/globalalloc-model)
    Finished `bench` profile [optimized] target(s) in 1m 26s
warning: the following packages contain code that will be rejected by a future version of Rust: proc-macro-error2 v2.0.1
note: to see what the problems were, use the option `--future-incompat-report`, or run `cargo report future-incompatibilities --id 1`
     Running benches/perf_gate_iai.rs (/tmp/sefer-iai/release/deps/perf_gate_iai-80b4d9d9601a77ad)
perf_gate_iai::perf_gate::small_churn_16b
  Instructions:                        8052|N/A                  (*********)
  L1 Hits:                            10530|N/A                  (*********)
  L2 Hits:                              106|N/A                  (*********)
  RAM Hits:                             442|N/A                  (*********)
  Total read+write:                   11078|N/A                  (*********)
  Estimated Cycles:                   26530|N/A                  (*********)
perf_gate_iai::perf_gate::small_churn_16b_2n
  Instructions:                       12468|N/A                  (*********)
  L1 Hits:                            16034|N/A                  (*********)
  L2 Hits:                              106|N/A                  (*********)
  RAM Hits:                             442|N/A                  (*********)
  Total read+write:                   16582|N/A                  (*********)
  Estimated Cycles:                   32034|N/A                  (*********)
perf_gate_iai::perf_gate::dealloc_prealloc_only_16b
  Instructions:                        7007|N/A                  (*********)
  L1 Hits:                             9076|N/A                  (*********)
  L2 Hits:                               94|N/A                  (*********)
  RAM Hits:                             423|N/A                  (*********)
  Total read+write:                    9593|N/A                  (*********)
  Estimated Cycles:                   24351|N/A                  (*********)
perf_gate_iai::perf_gate::dealloc_free_only_16b
  Instructions:                       12927|N/A                  (*********)
  L1 Hits:                            16393|N/A                  (*********)
  L2 Hits:                               94|N/A                  (*********)
  RAM Hits:                             466|N/A                  (*********)
  Total read+write:                   16953|N/A                  (*********)
  Estimated Cycles:                   33173|N/A                  (*********)
perf_gate_iai::perf_gate::dealloc_contains_base_probe_only_16b
  Instructions:                        8108|N/A                  (*********)
  L1 Hits:                            10373|N/A                  (*********)
  L2 Hits:                               94|N/A                  (*********)
  RAM Hits:                             422|N/A                  (*********)
  Total read+write:                   10889|N/A                  (*********)
  Estimated Cycles:                   25613|N/A                  (*********)
perf_gate_iai::perf_gate::dealloc_segment_base_of_ptr_probe_only_16b
  Instructions:                        7585|N/A                  (*********)
  L1 Hits:                             9784|N/A                  (*********)
  L2 Hits:                               94|N/A                  (*********)
  RAM Hits:                             421|N/A                  (*********)
  Total read+write:                   10299|N/A                  (*********)
  Estimated Cycles:                   24989|N/A                  (*********)
perf_gate_iai::perf_gate::alloc_magazine_prefill_only_16b
  Instructions:                        7451|N/A                  (*********)
  L1 Hits:                             9761|N/A                  (*********)
  L2 Hits:                               94|N/A                  (*********)
  RAM Hits:                             424|N/A                  (*********)
  Total read+write:                   10279|N/A                  (*********)
  Estimated Cycles:                   25071|N/A                  (*********)
perf_gate_iai::perf_gate::alloc_magazine_hit_only_16b
  Instructions:                        7809|N/A                  (*********)
  L1 Hits:                            10198|N/A                  (*********)
  L2 Hits:                               94|N/A                  (*********)
  RAM Hits:                             426|N/A                  (*********)
  Total read+write:                   10718|N/A                  (*********)
  Estimated Cycles:                   25578|N/A                  (*********)
perf_gate_iai::perf_gate::dealloc_hash_contains_only_probe_16b
  Instructions:                        8353|N/A                  (*********)
  L1 Hits:                            10678|N/A                  (*********)
  L2 Hits:                               95|N/A                  (*********)
  RAM Hits:                             422|N/A                  (*********)
  Total read+write:                   11195|N/A                  (*********)
  Estimated Cycles:                   25923|N/A                  (*********)
perf_gate_iai::perf_gate::dealloc_own_thread_body_only_16b
  Instructions:                       12366|N/A                  (*********)
  L1 Hits:                            15770|N/A                  (*********)
  L2 Hits:                               96|N/A                  (*********)
  RAM Hits:                             464|N/A                  (*********)
  Total read+write:                   16330|N/A                  (*********)
  Estimated Cycles:                   32490|N/A                  (*********)
perf_gate_iai::perf_gate::dealloc_free_only_16b_n1
  Instructions:                        7062|N/A                  (*********)
  L1 Hits:                             9139|N/A                  (*********)
  L2 Hits:                               97|N/A                  (*********)
  RAM Hits:                             430|N/A                  (*********)
  Total read+write:                    9666|N/A                  (*********)
  Estimated Cycles:                   24674|N/A                  (*********)
perf_gate_iai::perf_gate::dealloc_free_only_16b_n8
  Instructions:                        7371|N/A                  (*********)
  L1 Hits:                             9529|N/A                  (*********)
  L2 Hits:                               95|N/A                  (*********)
  RAM Hits:                             429|N/A                  (*********)
  Total read+write:                   10053|N/A                  (*********)
  Estimated Cycles:                   25019|N/A                  (*********)
perf_gate_iai::perf_gate::dealloc_free_only_16b_n9
  Instructions:                        7414|N/A                  (*********)
  L1 Hits:                             9584|N/A                  (*********)
  L2 Hits:                               94|N/A                  (*********)
  RAM Hits:                             429|N/A                  (*********)
  Total read+write:                   10107|N/A                  (*********)
  Estimated Cycles:                   25069|N/A                  (*********)
perf_gate_iai::perf_gate::dealloc_free_only_16b_n16
  Instructions:                        7715|N/A                  (*********)
  L1 Hits:                             9961|N/A                  (*********)
  L2 Hits:                               94|N/A                  (*********)
  RAM Hits:                             430|N/A                  (*********)
  Total read+write:                   10485|N/A                  (*********)
  Estimated Cycles:                   25481|N/A                  (*********)
perf_gate_iai::perf_gate::dealloc_free_only_16b_n17
  Instructions:                        8286|N/A                  (*********)
  L1 Hits:                            10640|N/A                  (*********)
  L2 Hits:                               94|N/A                  (*********)
  RAM Hits:                             456|N/A                  (*********)
  Total read+write:                   11190|N/A                  (*********)
  Estimated Cycles:                   27070|N/A                  (*********)
perf_gate_iai::perf_gate::dealloc_free_only_16b_n32
  Instructions:                        9455|N/A                  (*********)
  L1 Hits:                            12093|N/A                  (*********)
  L2 Hits:                               94|N/A                  (*********)
  RAM Hits:                             458|N/A                  (*********)
  Total read+write:                   12645|N/A                  (*********)
  Estimated Cycles:                   28593|N/A                  (*********)
perf_gate_iai::perf_gate::dealloc_overflow_bitmap_clear_only_16b
  Instructions:                        7455|N/A                  (*********)
  L1 Hits:                             9630|N/A                  (*********)
  L2 Hits:                               94|N/A                  (*********)
  RAM Hits:                             431|N/A                  (*********)
  Total read+write:                   10155|N/A                  (*********)
  Estimated Cycles:                   25185|N/A                  (*********)
perf_gate_iai::perf_gate::alloc_batch_drain15_16b
  Instructions:                        3685|N/A                  (*********)
  L1 Hits:                             5062|N/A                  (*********)
  L2 Hits:                               95|N/A                  (*********)
  RAM Hits:                             426|N/A                  (*********)
  Total read+write:                    5583|N/A                  (*********)
  Estimated Cycles:                   20447|N/A                  (*********)
perf_gate_iai::perf_gate::alloc_batch_drain8_16b
  Instructions:                        3640|N/A                  (*********)
  L1 Hits:                             5000|N/A                  (*********)
  L2 Hits:                               95|N/A                  (*********)
  RAM Hits:                             435|N/A                  (*********)
  Total read+write:                    5530|N/A                  (*********)
  Estimated Cycles:                   20700|N/A                  (*********)
perf_gate_iai::perf_gate::carve_batch_only_16b
  Instructions:                       68284|N/A                  (*********)
  L1 Hits:                           133157|N/A                  (*********)
  L2 Hits:                              101|N/A                  (*********)
  RAM Hits:                            1047|N/A                  (*********)
  Total read+write:                  134305|N/A                  (*********)
  Estimated Cycles:                  170307|N/A                  (*********)
perf_gate_iai::perf_gate::carve_batch_only_16b_2n
  Instructions:                       74185|N/A                  (*********)
  L1 Hits:                           143181|N/A                  (*********)
  L2 Hits:                              102|N/A                  (*********)
  RAM Hits:                            1080|N/A                  (*********)
  Total read+write:                  144363|N/A                  (*********)
  Estimated Cycles:                  181491|N/A                  (*********)
perf_gate_iai::perf_gate::medium_class_dealloc_churn_16b
  Instructions:                        8052|N/A                  (*********)
  L1 Hits:                            10531|N/A                  (*********)
  L2 Hits:                              106|N/A                  (*********)
  RAM Hits:                             441|N/A                  (*********)
  Total read+write:                   11078|N/A                  (*********)
  Estimated Cycles:                   26496|N/A                  (*********)
perf_gate_iai::perf_gate::aligned_churn_640b_a128
  Instructions:                        7988|N/A                  (*********)
  L1 Hits:                            10467|N/A                  (*********)
  L2 Hits:                              105|N/A                  (*********)
  RAM Hits:                             442|N/A                  (*********)
  Total read+write:                   11014|N/A                  (*********)
  Estimated Cycles:                   26462|N/A                  (*********)
perf_gate_iai::perf_gate::large_alloc_free_cycle
  Instructions:                        3308|N/A                  (*********)
  L1 Hits:                             4748|N/A                  (*********)
  L2 Hits:                              106|N/A                  (*********)
  RAM Hits:                             443|N/A                  (*********)
  Total read+write:                    5297|N/A                  (*********)
  Estimated Cycles:                   20783|N/A                  (*********)
perf_gate_iai::perf_gate::realloc_grow
  Instructions:                      492702|N/A                  (*********)
  L1 Hits:                          1046806|N/A                  (*********)
  L2 Hits:                             3850|N/A                  (*********)
  RAM Hits:                           70328|N/A                  (*********)
  Total read+write:                 1120984|N/A                  (*********)
  Estimated Cycles:                 3527536|N/A                  (*********)
perf_gate_iai::perf_gate::cold_alloc_free_256x16b
  Instructions:                       50180|N/A                  (*********)
  L1 Hits:                            62148|N/A                  (*********)
  L2 Hits:                              109|N/A                  (*********)
  RAM Hits:                             560|N/A                  (*********)
  Total read+write:                   62817|N/A                  (*********)
  Estimated Cycles:                   82293|N/A                  (*********)
perf_gate_iai::perf_gate::cold_alloc_free_256x16b_2n
  Instructions:                      102385|N/A                  (*********)
  L1 Hits:                           129294|N/A                  (*********)
  L2 Hits:                              124|N/A                  (*********)
  RAM Hits:                             657|N/A                  (*********)
  Total read+write:                  130075|N/A                  (*********)
  Estimated Cycles:                  152909|N/A                  (*********)
perf_gate_iai::perf_gate::cold_alloc_free_256x16b_4n
  Instructions:                      202931|N/A                  (*********)
  L1 Hits:                           255740|N/A                  (*********)
  L2 Hits:                              174|N/A                  (*********)
  RAM Hits:                             852|N/A                  (*********)
  Total read+write:                  256766|N/A                  (*********)
  Estimated Cycles:                  286430|N/A                  (*********)
perf_gate_iai::perf_gate::cold_alloc_free_256x64b
  Instructions:                       50180|N/A                  (*********)
  L1 Hits:                            61965|N/A                  (*********)
  L2 Hits:                              109|N/A                  (*********)
  RAM Hits:                             743|N/A                  (*********)
  Total read+write:                   62817|N/A                  (*********)
  Estimated Cycles:                   88515|N/A                  (*********)
perf_gate_iai::perf_gate::recycle_alloc_free_256x16b
  Instructions:                       98344|N/A                  (*********)
  L1 Hits:                           120973|N/A                  (*********)
  L2 Hits:                               31|N/A                  (*********)
  RAM Hits:                             671|N/A                  (*********)
  Total read+write:                  121675|N/A                  (*********)
  Estimated Cycles:                  144613|N/A                  (*********)
perf_gate_iai::perf_gate::recycle_alloc_free_256x64b
  Instructions:                       98344|N/A                  (*********)
  L1 Hits:                           120778|N/A                  (*********)
  L2 Hits:                               32|N/A                  (*********)
  RAM Hits:                             865|N/A                  (*********)
  Total read+write:                  121675|N/A                  (*********)
  Estimated Cycles:                  151213|N/A                  (*********)
perf_gate_iai::perf_gate::churn_256b
  Instructions:                        8052|N/A                  (*********)
  L1 Hits:                            10530|N/A                  (*********)
  L2 Hits:                              105|N/A                  (*********)
  RAM Hits:                             443|N/A                  (*********)
  Total read+write:                   11078|N/A                  (*********)
  Estimated Cycles:                   26560|N/A                  (*********)
perf_gate_iai::perf_gate::churn_write_256b
  Instructions:                        8308|N/A                  (*********)
  L1 Hits:                            10913|N/A                  (*********)
  L2 Hits:                              105|N/A                  (*********)
  RAM Hits:                             444|N/A                  (*********)
  Total read+write:                   11462|N/A                  (*********)
  Estimated Cycles:                   26978|N/A                  (*********)
perf_gate_iai::perf_gate::multiseg_cold_256k
  Instructions:                       25829|N/A                  (*********)
  L1 Hits:                            34856|N/A                  (*********)
  L2 Hits:                               38|N/A                  (*********)
  RAM Hits:                             741|N/A                  (*********)
  Total read+write:                   35635|N/A                  (*********)
  Estimated Cycles:                   60981|N/A                  (*********)
perf_gate_iai::perf_gate::seg_cycle_decommit_256k
  Instructions:                       62041|N/A                  (*********)
  L1 Hits:                            83223|N/A                  (*********)
  L2 Hits:                               92|N/A                  (*********)
  RAM Hits:                             742|N/A                  (*********)
  Total read+write:                   84057|N/A                  (*********)
  Estimated Cycles:                  109653|N/A                  (*********)
perf_gate_iai::perf_gate::mimalloc_small_churn_16b
  Instructions:                       16629|N/A                  (*********)
  L1 Hits:                            21425|N/A                  (*********)
  L2 Hits:                               68|N/A                  (*********)
  RAM Hits:                             505|N/A                  (*********)
  Total read+write:                   21998|N/A                  (*********)
  Estimated Cycles:                   39440|N/A                  (*********)
perf_gate_iai::perf_gate::mimalloc_small_churn_16b_2n
  Instructions:                       21557|N/A                  (*********)
  L1 Hits:                            27889|N/A                  (*********)
  L2 Hits:                               68|N/A                  (*********)
  RAM Hits:                             505|N/A                  (*********)
  Total read+write:                   28462|N/A                  (*********)
  Estimated Cycles:                   45904|N/A                  (*********)
perf_gate_iai::perf_gate::mimalloc_churn_256b
  Instructions:                       16130|N/A                  (*********)
  L1 Hits:                            20939|N/A                  (*********)
  L2 Hits:                               69|N/A                  (*********)
  RAM Hits:                             459|N/A                  (*********)
  Total read+write:                   21467|N/A                  (*********)
  Estimated Cycles:                   37349|N/A                  (*********)
perf_gate_iai::perf_gate::mimalloc_cold_alloc_free_256x16b
  Instructions:                       32325|N/A                  (*********)
  L1 Hits:                            41772|N/A                  (*********)
  L2 Hits:                               97|N/A                  (*********)
  RAM Hits:                             506|N/A                  (*********)
  Total read+write:                   42375|N/A                  (*********)
  Estimated Cycles:                   59967|N/A                  (*********)
perf_gate_iai::perf_gate::mimalloc_cold_alloc_free_256x16b_2n
  Instructions:                       58389|N/A                  (*********)
  L1 Hits:                            78264|N/A                  (*********)
  L2 Hits:                              142|N/A                  (*********)
  RAM Hits:                             585|N/A                  (*********)
  Total read+write:                   78991|N/A                  (*********)
  Estimated Cycles:                   99449|N/A                  (*********)
perf_gate_iai::perf_gate::mimalloc_cold_alloc_free_256x16b_4n
  Instructions:                      106653|N/A                  (*********)
  L1 Hits:                           143423|N/A                  (*********)
  L2 Hits:                              213|N/A                  (*********)
  RAM Hits:                             760|N/A                  (*********)
  Total read+write:                  144396|N/A                  (*********)
  Estimated Cycles:                  171088|N/A                  (*********)
perf_gate_iai::perf_gate::mimalloc_cold_alloc_free_256x64b
  Instructions:                       33329|N/A                  (*********)
  L1 Hits:                            42928|N/A                  (*********)
  L2 Hits:                              105|N/A                  (*********)
  RAM Hits:                             715|N/A                  (*********)
  Total read+write:                   43748|N/A                  (*********)
  Estimated Cycles:                   68478|N/A                  (*********)
perf_gate_iai::perf_gate::mimalloc_recycle_alloc_free_256x16b
  Instructions:                       53020|N/A                  (*********)
  L1 Hits:                            68675|N/A                  (*********)
  L2 Hits:                               99|N/A                  (*********)
  RAM Hits:                             509|N/A                  (*********)
  Total read+write:                   69283|N/A                  (*********)
  Estimated Cycles:                   86985|N/A                  (*********)
perf_gate_iai::perf_gate::mimalloc_recycle_alloc_free_256x64b
  Instructions:                       54024|N/A                  (*********)
  L1 Hits:                            69835|N/A                  (*********)
  L2 Hits:                              105|N/A                  (*********)
  RAM Hits:                             716|N/A                  (*********)
  Total read+write:                   70656|N/A                  (*********)
  Estimated Cycles:                   95420|N/A                  (*********)
perf_gate_iai::perf_gate::mimalloc_bootstrap_proxy
  Instructions:                       13050|N/A                  (*********)
  L1 Hits:                            16715|N/A                  (*********)
  L2 Hits:                               74|N/A                  (*********)
  RAM Hits:                             516|N/A                  (*********)
  Total read+write:                   17305|N/A                  (*********)
  Estimated Cycles:                   35145|N/A                  (*********)

Iai-Callgrind result: Ok. 45 without regressions; 0 regressed; 45 benchmarks finished in 35.9770s

  bench                                                 Ir            L1            L2           RAM     EstCycles        Ir/op*
  ------------------------------------------  ------------  ------------  ------------  ------------  ------------  ------------
  small_churn_16b                                    8,052        10,530           106           442        26,530          74.1
  small_churn_16b_2n                                12,468        16,034           106           442        32,034             -
  dealloc_prealloc_only_16b                          7,007         9,076            94           423        24,351             -
  dealloc_free_only_16b                             12,927        16,393            94           466        33,173             -
  dealloc_contains_base_probe_only_16b               8,108        10,373            94           422        25,613             -
  dealloc_segment_base_of_ptr_probe_only_16b         7,585         9,784            94           421        24,989             -
  alloc_magazine_prefill_only_16b                    7,451         9,761            94           424        25,071             -
  alloc_magazine_hit_only_16b                        7,809        10,198            94           426        25,578             -
  dealloc_hash_contains_only_probe_16b               8,353        10,678            95           422        25,923             -
  dealloc_own_thread_body_only_16b                  12,366        15,770            96           464        32,490             -
  dealloc_free_only_16b_n1                           7,062         9,139            97           430        24,674             -
  dealloc_free_only_16b_n8                           7,371         9,529            95           429        25,019             -
  dealloc_free_only_16b_n9                           7,414         9,584            94           429        25,069             -
  dealloc_free_only_16b_n16                          7,715         9,961            94           430        25,481             -
  dealloc_free_only_16b_n17                          8,286        10,640            94           456        27,070             -
  dealloc_free_only_16b_n32                          9,455        12,093            94           458        28,593             -
  dealloc_overflow_bitmap_clear_only_16b             7,455         9,630            94           431        25,185             -
  alloc_batch_drain15_16b                            3,685         5,062            95           426        20,447             -
  alloc_batch_drain8_16b                             3,640         5,000            95           435        20,700             -
  carve_batch_only_16b                              68,284       133,157           101         1,047       170,307             -
  carve_batch_only_16b_2n                           74,185       143,181           102         1,080       181,491             -
  medium_class_dealloc_churn_16b                     8,052        10,531           106           441        26,496          74.1
  aligned_churn_640b_a128                            7,988        10,467           105           442        26,462          73.1
  large_alloc_free_cycle                             3,308         4,748           106           443        20,783             -
  realloc_grow                                     492,702     1,046,806         3,850        70,328     3,527,536      30,587.1
  cold_alloc_free_256x16b                           50,180        62,148           109           560        82,293         183.1
  cold_alloc_free_256x16b_2n                       102,385       129,294           124           657       152,909             -
  cold_alloc_free_256x16b_4n                       202,931       255,740           174           852       286,430             -
  cold_alloc_free_256x64b                           50,180        61,965           109           743        88,515         183.1
  recycle_alloc_free_256x16b                        98,344       120,973            31           671       144,613         185.6
  recycle_alloc_free_256x64b                        98,344       120,778            32           865       151,213         185.6
  churn_256b                                         8,052        10,530           105           443        26,560          74.1
  churn_write_256b                                   8,308        10,913           105           444        26,978          78.1
  multiseg_cold_256k                                25,829        34,856            38           741        60,981         331.2
  seg_cycle_decommit_256k                           62,041        83,223            92           742       109,653         287.9
  mimalloc_small_churn_16b                          16,629        21,425            68           505        39,440          55.9
  mimalloc_small_churn_16b_2n                       21,557        27,889            68           505        45,904             -
  mimalloc_churn_256b                               16,130        20,939            69           459        37,349          48.1
  mimalloc_cold_alloc_free_256x16b                  32,325        41,772            97           506        59,967          75.3
  mimalloc_cold_alloc_free_256x16b_2n               58,389        78,264           142           585        99,449             -
  mimalloc_cold_alloc_free_256x16b_4n              106,653       143,423           213           760       171,088             -
  mimalloc_cold_alloc_free_256x64b                  33,329        42,928           105           715        68,478          79.2
  mimalloc_recycle_alloc_free_256x16b               53,020        68,675            99           509        86,985          78.1
  mimalloc_recycle_alloc_free_256x64b               54,024        69,835           105           716        95,420          80.0
  mimalloc_bootstrap_proxy                          13,050        16,715            74           516        35,145             -

  * Ir/op = (Ir − B) / ops — marginal instruction count per operation, with
    the one-time process bootstrap subtracted. B is taken PER ARM: SeferAlloc
    rows use large_alloc_free_cycle (B=3,308); mimalloc_* rows use
    mimalloc_bootstrap_proxy (B=13,050) — the two allocators' bootstrap
    constants are never mixed (R22-15/task #366). Comparable across benches
    within the SAME arm; the honest unit for per-op thresholds (review finding
    F2). "-" = bootstrap proxy / no op-count / that arm's bootstrap bench absent.

  Sefer/mimalloc marginal Ir/op ratio (workload-matched pairs):

  workload                     Sefer Ir/op      mi Ir/op         ratio
  --------------------------  ------------  ------------  ------------
  small_churn_16b                     74.1          55.9         1.326
  churn_256b                          74.1          48.1         1.541
  cold_alloc_free_256x16b            183.1          75.3         2.432
  cold_alloc_free_256x64b            183.1          79.2         2.312
  recycle_alloc_free_256x16b         185.6          78.1         2.376
  recycle_alloc_free_256x64b         185.6          80.0         2.320

  ratio = Sefer Ir/op ÷ mimalloc Ir/op — > 1.000 means SeferAlloc retires MORE
    instructions per op than mimalloc on that workload (i.e. mimalloc is
    cheaper in Ir); < 1.000 means the reverse. "-" when a pair's row is
    missing/filtered on either side.

[iai] PASS — 45 bench(es) produced Ir
