[iai] wsl: /mnt/d/dev/rust/sefer-alloc
[iai] features: production | target: /tmp/sefer-iai
iai_callgrind_runner: Error: No version information found for iai-callgrind but iai-callgrind-runner (0.14.2) is >= '0.3.0'. Please update iai-callgrind to '0.14.2' in your Cargo.toml file
__MISSING__
[iai] runner already installed: 0.14.2 (skip install)

[iai] running benches...

   Compiling proc-macro2 v1.0.106
   Compiling unicode-ident v1.0.24
   Compiling quote v1.0.46
   Compiling libc v0.2.186
   Compiling cfg-if v1.0.4
   Compiling zmij v1.0.21
   Compiling zerocopy v0.8.52
   Compiling serde_core v1.0.228
   Compiling serde_json v1.0.150
   Compiling serde v1.0.228
   Compiling getrandom v0.3.4
   Compiling crossbeam-utils v0.8.21
   Compiling autocfg v1.5.1
   Compiling getrandom v0.4.3
   Compiling rustix v1.1.4
   Compiling shlex v2.0.1
   Compiling find-msvc-tools v0.1.9
   Compiling once_cell v1.21.4
   Compiling version_check v0.9.5
   Compiling regex-syntax v0.8.11
   Compiling linux-raw-sys v0.12.1
   Compiling num-traits v0.2.19
   Compiling bitflags v2.13.0
   Compiling cc v1.2.65
   Compiling rayon-core v1.13.0
   Compiling either v1.16.0
   Compiling fastrand v2.4.1
   Compiling slotmap v1.1.1
   Compiling quick-error v1.2.3
   Compiling memchr v2.8.2
   Compiling fnv v1.0.7
   Compiling iai-callgrind-runner v0.14.2
   Compiling clap_lex v1.1.0
   Compiling crossbeam-epoch v0.9.18
   Compiling bit-vec v0.8.0
   Compiling plotters-backend v0.3.7
   Compiling syn v2.0.118
   Compiling ciborium-io v0.2.2
   Compiling proc-macro-error-attr2 v2.0.0
   Compiling itoa v1.0.18
   Compiling crossbeam-deque v0.8.6
   Compiling anstyle v1.0.14
   Compiling plotters-svg v0.3.7
   Compiling bit-set v0.8.0
   Compiling itertools v0.10.5
   Compiling same-file v1.0.6
   Compiling clap_builder v4.6.0
   Compiling cast v0.3.0
   Compiling unarray v0.1.4
   Compiling iai-callgrind v0.14.2
   Compiling walkdir v2.5.0
   Compiling anes v0.1.6
   Compiling size-classes v0.1.0 (/mnt/d/dev/rust/sefer-alloc/crates/size-classes)
   Compiling tagged-index-stack v0.1.0 (/mnt/d/dev/rust/sefer-alloc/crates/tagged-index-stack)
   Compiling wait-timeout v0.2.1
   Compiling libmimalloc-sys v0.1.49
   Compiling rand_core v0.9.5
   Compiling plotters v0.3.7
   Compiling is-terminal v0.4.17
   Compiling rayon v1.12.0
   Compiling pin-project-lite v0.2.17
   Compiling sefer-region v0.1.0 (/mnt/d/dev/rust/sefer-alloc/crates/region)
   Compiling proc-memstat v0.1.0 (/mnt/d/dev/rust/sefer-alloc/crates/proc-memstat)
   Compiling rand_xorshift v0.4.0
   Compiling rand v0.9.4
   Compiling aligned-vmem v0.2.0 (/mnt/d/dev/rust/sefer-alloc/crates/vmem)
   Compiling racy-ptr-cell v0.1.0 (/mnt/d/dev/rust/sefer-alloc/crates/racy-ptr-cell)
   Compiling oorandom v11.1.5
   Compiling proc-probe v0.1.0 (/mnt/d/dev/rust/sefer-alloc/crates/proc-probe)
   Compiling malloc-bench-rs v0.1.0 (/mnt/d/dev/rust/sefer-alloc/crates/malloc-bench)
   Compiling sefer-alloc v0.3.0 (/mnt/d/dev/rust/sefer-alloc)
   Compiling regex-automata v0.4.14
   Compiling tempfile v3.27.0
   Compiling criterion-plot v0.5.0
   Compiling rusty-fork v0.3.1
   Compiling clap v4.6.1
   Compiling regex v1.12.4
   Compiling proc-macro-error2 v2.0.1
   Compiling zerocopy-derive v0.8.52
   Compiling serde_derive v1.0.228
   Compiling derive_more-impl v2.1.1
   Compiling tokio-macros v2.7.0
   Compiling tokio v1.52.3
   Compiling derive_more v2.1.1
   Compiling mimalloc v0.1.52
   Compiling iai-callgrind-macros v0.5.1
   Compiling bincode v1.3.3
   Compiling tinytemplate v1.2.1
   Compiling half v2.7.1
   Compiling ppv-lite86 v0.2.21
   Compiling ciborium-ll v0.2.2
   Compiling rand_chacha v0.9.0
   Compiling ciborium v0.2.2
   Compiling proptest v1.11.0
   Compiling criterion v0.5.1
   Compiling globalalloc-model v0.1.0 (/mnt/d/dev/rust/sefer-alloc/crates/globalalloc-model)
    Finished `bench` profile [optimized] target(s) in 1m 33s
warning: the following packages contain code that will be rejected by a future version of Rust: proc-macro-error2 v2.0.1
note: to see what the problems were, use the option `--future-incompat-report`, or run `cargo report future-incompatibilities --id 1`
     Running benches/perf_gate_iai.rs (/tmp/sefer-iai/release/deps/perf_gate_iai-9bc28190fa8f0beb)
perf_gate_iai::perf_gate::small_churn_16b
  Instructions:                        8051|N/A                  (*********)
  L1 Hits:                            10535|N/A                  (*********)
  L2 Hits:                              106|N/A                  (*********)
  RAM Hits:                             439|N/A                  (*********)
  Total read+write:                   11080|N/A                  (*********)
  Estimated Cycles:                   26430|N/A                  (*********)
perf_gate_iai::perf_gate::small_churn_16b_2n
  Instructions:                       12467|N/A                  (*********)
  L1 Hits:                            16038|N/A                  (*********)
  L2 Hits:                              107|N/A                  (*********)
  RAM Hits:                             439|N/A                  (*********)
  Total read+write:                   16584|N/A                  (*********)
  Estimated Cycles:                   31938|N/A                  (*********)
perf_gate_iai::perf_gate::dealloc_prealloc_only_16b
  Instructions:                        7003|N/A                  (*********)
  L1 Hits:                             9087|N/A                  (*********)
  L2 Hits:                               94|N/A                  (*********)
  RAM Hits:                             420|N/A                  (*********)
  Total read+write:                    9601|N/A                  (*********)
  Estimated Cycles:                   24257|N/A                  (*********)
perf_gate_iai::perf_gate::dealloc_free_only_16b
  Instructions:                       12923|N/A                  (*********)
  L1 Hits:                            16403|N/A                  (*********)
  L2 Hits:                               95|N/A                  (*********)
  RAM Hits:                             463|N/A                  (*********)
  Total read+write:                   16961|N/A                  (*********)
  Estimated Cycles:                   33083|N/A                  (*********)
perf_gate_iai::perf_gate::dealloc_contains_base_probe_only_16b
  Instructions:                        8104|N/A                  (*********)
  L1 Hits:                            10384|N/A                  (*********)
  L2 Hits:                               94|N/A                  (*********)
  RAM Hits:                             419|N/A                  (*********)
  Total read+write:                   10897|N/A                  (*********)
  Estimated Cycles:                   25519|N/A                  (*********)
perf_gate_iai::perf_gate::dealloc_segment_base_of_ptr_probe_only_16b
  Instructions:                        7581|N/A                  (*********)
  L1 Hits:                             9795|N/A                  (*********)
  L2 Hits:                               94|N/A                  (*********)
  RAM Hits:                             418|N/A                  (*********)
  Total read+write:                   10307|N/A                  (*********)
  Estimated Cycles:                   24895|N/A                  (*********)
perf_gate_iai::perf_gate::alloc_magazine_prefill_only_16b
  Instructions:                        7450|N/A                  (*********)
  L1 Hits:                             9766|N/A                  (*********)
  L2 Hits:                               94|N/A                  (*********)
  RAM Hits:                             421|N/A                  (*********)
  Total read+write:                   10281|N/A                  (*********)
  Estimated Cycles:                   24971|N/A                  (*********)
perf_gate_iai::perf_gate::alloc_magazine_hit_only_16b
  Instructions:                        7808|N/A                  (*********)
  L1 Hits:                            10203|N/A                  (*********)
  L2 Hits:                               94|N/A                  (*********)
  RAM Hits:                             423|N/A                  (*********)
  Total read+write:                   10720|N/A                  (*********)
  Estimated Cycles:                   25478|N/A                  (*********)
perf_gate_iai::perf_gate::dealloc_hash_contains_only_probe_16b
  Instructions:                        8349|N/A                  (*********)
  L1 Hits:                            10690|N/A                  (*********)
  L2 Hits:                               94|N/A                  (*********)
  RAM Hits:                             419|N/A                  (*********)
  Total read+write:                   11203|N/A                  (*********)
  Estimated Cycles:                   25825|N/A                  (*********)
perf_gate_iai::perf_gate::dealloc_own_thread_body_only_16b
  Instructions:                       12362|N/A                  (*********)
  L1 Hits:                            15782|N/A                  (*********)
  L2 Hits:                               95|N/A                  (*********)
  RAM Hits:                             461|N/A                  (*********)
  Total read+write:                   16338|N/A                  (*********)
  Estimated Cycles:                   32392|N/A                  (*********)
perf_gate_iai::perf_gate::dealloc_free_only_16b_n1
  Instructions:                        7058|N/A                  (*********)
  L1 Hits:                             9152|N/A                  (*********)
  L2 Hits:                               95|N/A                  (*********)
  RAM Hits:                             427|N/A                  (*********)
  Total read+write:                    9674|N/A                  (*********)
  Estimated Cycles:                   24572|N/A                  (*********)
perf_gate_iai::perf_gate::dealloc_free_only_16b_n8
  Instructions:                        7367|N/A                  (*********)
  L1 Hits:                             9540|N/A                  (*********)
  L2 Hits:                               95|N/A                  (*********)
  RAM Hits:                             426|N/A                  (*********)
  Total read+write:                   10061|N/A                  (*********)
  Estimated Cycles:                   24925|N/A                  (*********)
perf_gate_iai::perf_gate::dealloc_free_only_16b_n9
  Instructions:                        7410|N/A                  (*********)
  L1 Hits:                             9594|N/A                  (*********)
  L2 Hits:                               95|N/A                  (*********)
  RAM Hits:                             426|N/A                  (*********)
  Total read+write:                   10115|N/A                  (*********)
  Estimated Cycles:                   24979|N/A                  (*********)
perf_gate_iai::perf_gate::dealloc_free_only_16b_n16
  Instructions:                        7711|N/A                  (*********)
  L1 Hits:                             9971|N/A                  (*********)
  L2 Hits:                               95|N/A                  (*********)
  RAM Hits:                             427|N/A                  (*********)
  Total read+write:                   10493|N/A                  (*********)
  Estimated Cycles:                   25391|N/A                  (*********)
perf_gate_iai::perf_gate::dealloc_free_only_16b_n17
  Instructions:                        8282|N/A                  (*********)
  L1 Hits:                            10650|N/A                  (*********)
  L2 Hits:                               95|N/A                  (*********)
  RAM Hits:                             453|N/A                  (*********)
  Total read+write:                   11198|N/A                  (*********)
  Estimated Cycles:                   26980|N/A                  (*********)
perf_gate_iai::perf_gate::dealloc_free_only_16b_n32
  Instructions:                        9451|N/A                  (*********)
  L1 Hits:                            12102|N/A                  (*********)
  L2 Hits:                               96|N/A                  (*********)
  RAM Hits:                             455|N/A                  (*********)
  Total read+write:                   12653|N/A                  (*********)
  Estimated Cycles:                   28507|N/A                  (*********)
perf_gate_iai::perf_gate::dealloc_overflow_bitmap_clear_only_16b
  Instructions:                        7451|N/A                  (*********)
  L1 Hits:                             9639|N/A                  (*********)
  L2 Hits:                               94|N/A                  (*********)
  RAM Hits:                             430|N/A                  (*********)
  Total read+write:                   10163|N/A                  (*********)
  Estimated Cycles:                   25159|N/A                  (*********)
perf_gate_iai::perf_gate::carve_batch_only_16b
  Instructions:                       68284|N/A                  (*********)
  L1 Hits:                           133159|N/A                  (*********)
  L2 Hits:                               99|N/A                  (*********)
  RAM Hits:                            1047|N/A                  (*********)
  Total read+write:                  134305|N/A                  (*********)
  Estimated Cycles:                  170299|N/A                  (*********)
perf_gate_iai::perf_gate::carve_batch_only_16b_2n
  Instructions:                       74185|N/A                  (*********)
  L1 Hits:                           143186|N/A                  (*********)
  L2 Hits:                               99|N/A                  (*********)
  RAM Hits:                            1078|N/A                  (*********)
  Total read+write:                  144363|N/A                  (*********)
  Estimated Cycles:                  181411|N/A                  (*********)
perf_gate_iai::perf_gate::medium_class_dealloc_churn_16b
  Instructions:                        8051|N/A                  (*********)
  L1 Hits:                            10534|N/A                  (*********)
  L2 Hits:                              108|N/A                  (*********)
  RAM Hits:                             438|N/A                  (*********)
  Total read+write:                   11080|N/A                  (*********)
  Estimated Cycles:                   26404|N/A                  (*********)
perf_gate_iai::perf_gate::aligned_churn_640b_a128
  Instructions:                        7987|N/A                  (*********)
  L1 Hits:                            10468|N/A                  (*********)
  L2 Hits:                              110|N/A                  (*********)
  RAM Hits:                             438|N/A                  (*********)
  Total read+write:                   11016|N/A                  (*********)
  Estimated Cycles:                   26348|N/A                  (*********)
perf_gate_iai::perf_gate::large_alloc_free_cycle
  Instructions:                        3308|N/A                  (*********)
  L1 Hits:                             4749|N/A                  (*********)
  L2 Hits:                              110|N/A                  (*********)
  RAM Hits:                             438|N/A                  (*********)
  Total read+write:                    5297|N/A                  (*********)
  Estimated Cycles:                   20629|N/A                  (*********)
perf_gate_iai::perf_gate::realloc_grow
  Instructions:                      492690|N/A                  (*********)
  L1 Hits:                          1046838|N/A                  (*********)
  L2 Hits:                             3850|N/A                  (*********)
  RAM Hits:                           70320|N/A                  (*********)
  Total read+write:                 1121008|N/A                  (*********)
  Estimated Cycles:                 3527288|N/A                  (*********)
perf_gate_iai::perf_gate::cold_alloc_free_256x16b
  Instructions:                       50164|N/A                  (*********)
  L1 Hits:                            62184|N/A                  (*********)
  L2 Hits:                              108|N/A                  (*********)
  RAM Hits:                             557|N/A                  (*********)
  Total read+write:                   62849|N/A                  (*********)
  Estimated Cycles:                   82219|N/A                  (*********)
perf_gate_iai::perf_gate::cold_alloc_free_256x16b_2n
  Instructions:                      102353|N/A                  (*********)
  L1 Hits:                           129364|N/A                  (*********)
  L2 Hits:                              122|N/A                  (*********)
  RAM Hits:                             653|N/A                  (*********)
  Total read+write:                  130139|N/A                  (*********)
  Estimated Cycles:                  152829|N/A                  (*********)
perf_gate_iai::perf_gate::cold_alloc_free_256x16b_4n
  Instructions:                      202867|N/A                  (*********)
  L1 Hits:                           255863|N/A                  (*********)
  L2 Hits:                              183|N/A                  (*********)
  RAM Hits:                             848|N/A                  (*********)
  Total read+write:                  256894|N/A                  (*********)
  Estimated Cycles:                  286458|N/A                  (*********)
perf_gate_iai::perf_gate::cold_alloc_only_256x16b
  Instructions:                       22318|N/A                  (*********)
  L1 Hits:                            27681|N/A                  (*********)
  L2 Hits:                              106|N/A                  (*********)
  RAM Hits:                             463|N/A                  (*********)
  Total read+write:                   28250|N/A                  (*********)
  Estimated Cycles:                   44416|N/A                  (*********)
perf_gate_iai::perf_gate::cold_alloc_only_256x16b_2n
  Instructions:                       45627|N/A                  (*********)
  L1 Hits:                            59054|N/A                  (*********)
  L2 Hits:                              119|N/A                  (*********)
  RAM Hits:                             495|N/A                  (*********)
  Total read+write:                   59668|N/A                  (*********)
  Estimated Cycles:                   76974|N/A                  (*********)
perf_gate_iai::perf_gate::cold_alloc_only_256x16b_4n
  Instructions:                       88381|N/A                  (*********)
  L1 Hits:                           113935|N/A                  (*********)
  L2 Hits:                              183|N/A                  (*********)
  RAM Hits:                             561|N/A                  (*********)
  Total read+write:                  114679|N/A                  (*********)
  Estimated Cycles:                  134485|N/A                  (*********)
perf_gate_iai::perf_gate::cold_alloc_free_256x64b
  Instructions:                       50164|N/A                  (*********)
  L1 Hits:                            62003|N/A                  (*********)
  L2 Hits:                              107|N/A                  (*********)
  RAM Hits:                             739|N/A                  (*********)
  Total read+write:                   62849|N/A                  (*********)
  Estimated Cycles:                   88403|N/A                  (*********)
perf_gate_iai::perf_gate::recycle_alloc_free_256x16b
  Instructions:                       98343|N/A                  (*********)
  L1 Hits:                           121070|N/A                  (*********)
  L2 Hits:                               29|N/A                  (*********)
  RAM Hits:                             668|N/A                  (*********)
  Total read+write:                  121767|N/A                  (*********)
  Estimated Cycles:                  144595|N/A                  (*********)
perf_gate_iai::perf_gate::recycle_alloc_only_256x16b
  Instructions:                       70310|N/A                  (*********)
  L1 Hits:                            86203|N/A                  (*********)
  L2 Hits:                              106|N/A                  (*********)
  RAM Hits:                             562|N/A                  (*********)
  Total read+write:                   86871|N/A                  (*********)
  Estimated Cycles:                  106403|N/A                  (*********)
perf_gate_iai::perf_gate::recycle_alloc_free_256x64b
  Instructions:                       98343|N/A                  (*********)
  L1 Hits:                           120875|N/A                  (*********)
  L2 Hits:                               31|N/A                  (*********)
  RAM Hits:                             861|N/A                  (*********)
  Total read+write:                  121767|N/A                  (*********)
  Estimated Cycles:                  151165|N/A                  (*********)
perf_gate_iai::perf_gate::churn_256b
  Instructions:                        8051|N/A                  (*********)
  L1 Hits:                            10535|N/A                  (*********)
  L2 Hits:                              105|N/A                  (*********)
  RAM Hits:                             440|N/A                  (*********)
  Total read+write:                   11080|N/A                  (*********)
  Estimated Cycles:                   26460|N/A                  (*********)
perf_gate_iai::perf_gate::churn_write_256b
  Instructions:                        8307|N/A                  (*********)
  L1 Hits:                            10918|N/A                  (*********)
  L2 Hits:                              106|N/A                  (*********)
  RAM Hits:                             440|N/A                  (*********)
  Total read+write:                   11464|N/A                  (*********)
  Estimated Cycles:                   26848|N/A                  (*********)
perf_gate_iai::perf_gate::multiseg_cold_256k
  Instructions:                       25819|N/A                  (*********)
  L1 Hits:                            35027|N/A                  (*********)
  L2 Hits:                               37|N/A                  (*********)
  RAM Hits:                             737|N/A                  (*********)
  Total read+write:                   35801|N/A                  (*********)
  Estimated Cycles:                   61007|N/A                  (*********)
perf_gate_iai::perf_gate::seg_cycle_decommit_256k
  Instructions:                       62127|N/A                  (*********)
  L1 Hits:                            83779|N/A                  (*********)
  L2 Hits:                               90|N/A                  (*********)
  RAM Hits:                             738|N/A                  (*********)
  Total read+write:                   84607|N/A                  (*********)
  Estimated Cycles:                  110059|N/A                  (*********)
perf_gate_iai::perf_gate::mimalloc_small_churn_16b
  Instructions:                       16629|N/A                  (*********)
  L1 Hits:                            21431|N/A                  (*********)
  L2 Hits:                               65|N/A                  (*********)
  RAM Hits:                             502|N/A                  (*********)
  Total read+write:                   21998|N/A                  (*********)
  Estimated Cycles:                   39326|N/A                  (*********)
perf_gate_iai::perf_gate::mimalloc_small_churn_16b_2n
  Instructions:                       21557|N/A                  (*********)
  L1 Hits:                            27895|N/A                  (*********)
  L2 Hits:                               65|N/A                  (*********)
  RAM Hits:                             502|N/A                  (*********)
  Total read+write:                   28462|N/A                  (*********)
  Estimated Cycles:                   45790|N/A                  (*********)
perf_gate_iai::perf_gate::mimalloc_churn_256b
  Instructions:                       16130|N/A                  (*********)
  L1 Hits:                            20946|N/A                  (*********)
  L2 Hits:                               64|N/A                  (*********)
  RAM Hits:                             457|N/A                  (*********)
  Total read+write:                   21467|N/A                  (*********)
  Estimated Cycles:                   37261|N/A                  (*********)
perf_gate_iai::perf_gate::mimalloc_cold_alloc_free_256x16b
  Instructions:                       32325|N/A                  (*********)
  L1 Hits:                            41779|N/A                  (*********)
  L2 Hits:                               93|N/A                  (*********)
  RAM Hits:                             503|N/A                  (*********)
  Total read+write:                   42375|N/A                  (*********)
  Estimated Cycles:                   59849|N/A                  (*********)
perf_gate_iai::perf_gate::mimalloc_cold_alloc_free_256x16b_2n
  Instructions:                       58389|N/A                  (*********)
  L1 Hits:                            78274|N/A                  (*********)
  L2 Hits:                              137|N/A                  (*********)
  RAM Hits:                             580|N/A                  (*********)
  Total read+write:                   78991|N/A                  (*********)
  Estimated Cycles:                   99259|N/A                  (*********)
perf_gate_iai::perf_gate::mimalloc_cold_alloc_free_256x16b_4n
  Instructions:                      106653|N/A                  (*********)
  L1 Hits:                           143428|N/A                  (*********)
  L2 Hits:                              213|N/A                  (*********)
  RAM Hits:                             755|N/A                  (*********)
  Total read+write:                  144396|N/A                  (*********)
  Estimated Cycles:                  170918|N/A                  (*********)
perf_gate_iai::perf_gate::mimalloc_cold_alloc_only_256x16b
  Instructions:                       24584|N/A                  (*********)
  L1 Hits:                            30955|N/A                  (*********)
  L2 Hits:                               92|N/A                  (*********)
  RAM Hits:                             496|N/A                  (*********)
  Total read+write:                   31543|N/A                  (*********)
  Estimated Cycles:                   48775|N/A                  (*********)
perf_gate_iai::perf_gate::mimalloc_cold_alloc_only_256x16b_2n
  Instructions:                       42968|N/A                  (*********)
  L1 Hits:                            56698|N/A                  (*********)
  L2 Hits:                              137|N/A                  (*********)
  RAM Hits:                             572|N/A                  (*********)
  Total read+write:                   57407|N/A                  (*********)
  Estimated Cycles:                   77403|N/A                  (*********)
perf_gate_iai::perf_gate::mimalloc_cold_alloc_only_256x16b_4n
  Instructions:                       75872|N/A                  (*********)
  L1 Hits:                           100355|N/A                  (*********)
  L2 Hits:                              205|N/A                  (*********)
  RAM Hits:                             748|N/A                  (*********)
  Total read+write:                  101308|N/A                  (*********)
  Estimated Cycles:                  127560|N/A                  (*********)
perf_gate_iai::perf_gate::mimalloc_cold_alloc_free_256x64b
  Instructions:                       33329|N/A                  (*********)
  L1 Hits:                            42938|N/A                  (*********)
  L2 Hits:                              100|N/A                  (*********)
  RAM Hits:                             710|N/A                  (*********)
  Total read+write:                   43748|N/A                  (*********)
  Estimated Cycles:                   68288|N/A                  (*********)
perf_gate_iai::perf_gate::mimalloc_recycle_alloc_free_256x16b
  Instructions:                       53020|N/A                  (*********)
  L1 Hits:                            68685|N/A                  (*********)
  L2 Hits:                               92|N/A                  (*********)
  RAM Hits:                             506|N/A                  (*********)
  Total read+write:                   69283|N/A                  (*********)
  Estimated Cycles:                   86855|N/A                  (*********)
perf_gate_iai::perf_gate::mimalloc_recycle_alloc_free_256x64b
  Instructions:                       54024|N/A                  (*********)
  L1 Hits:                            69844|N/A                  (*********)
  L2 Hits:                              100|N/A                  (*********)
  RAM Hits:                             712|N/A                  (*********)
  Total read+write:                   70656|N/A                  (*********)
  Estimated Cycles:                   95264|N/A                  (*********)
perf_gate_iai::perf_gate::mimalloc_bootstrap_proxy
  Instructions:                       13050|N/A                  (*********)
  L1 Hits:                            16722|N/A                  (*********)
  L2 Hits:                               70|N/A                  (*********)
  RAM Hits:                             513|N/A                  (*********)
  Total read+write:                   17305|N/A                  (*********)
  Estimated Cycles:                   35027|N/A                  (*********)

Iai-Callgrind result: Ok. 50 without regressions; 0 regressed; 50 benchmarks finished in 27.7320s

  bench                                                 Ir            L1            L2           RAM     EstCycles        Ir/op*
  ------------------------------------------  ------------  ------------  ------------  ------------  ------------  ------------
  small_churn_16b                                    8,051        10,535           106           439        26,430          74.1
  small_churn_16b_2n                                12,467        16,038           107           439        31,938             -
  dealloc_prealloc_only_16b                          7,003         9,087            94           420        24,257             -
  dealloc_free_only_16b                             12,923        16,403            95           463        33,083             -
  dealloc_contains_base_probe_only_16b               8,104        10,384            94           419        25,519             -
  dealloc_segment_base_of_ptr_probe_only_16b         7,581         9,795            94           418        24,895             -
  alloc_magazine_prefill_only_16b                    7,450         9,766            94           421        24,971             -
  alloc_magazine_hit_only_16b                        7,808        10,203            94           423        25,478             -
  dealloc_hash_contains_only_probe_16b               8,349        10,690            94           419        25,825             -
  dealloc_own_thread_body_only_16b                  12,362        15,782            95           461        32,392             -
  dealloc_free_only_16b_n1                           7,058         9,152            95           427        24,572             -
  dealloc_free_only_16b_n8                           7,367         9,540            95           426        24,925             -
  dealloc_free_only_16b_n9                           7,410         9,594            95           426        24,979             -
  dealloc_free_only_16b_n16                          7,711         9,971            95           427        25,391             -
  dealloc_free_only_16b_n17                          8,282        10,650            95           453        26,980             -
  dealloc_free_only_16b_n32                          9,451        12,102            96           455        28,507             -
  dealloc_overflow_bitmap_clear_only_16b             7,451         9,639            94           430        25,159             -
  carve_batch_only_16b                              68,284       133,159            99         1,047       170,299             -
  carve_batch_only_16b_2n                           74,185       143,186            99         1,078       181,411             -
  medium_class_dealloc_churn_16b                     8,051        10,534           108           438        26,404          74.1
  aligned_churn_640b_a128                            7,987        10,468           110           438        26,348          73.1
  large_alloc_free_cycle                             3,308         4,749           110           438        20,629             -
  realloc_grow                                     492,690     1,046,838         3,850        70,320     3,527,288      30,586.4
  cold_alloc_free_256x16b                           50,164        62,184           108           557        82,219         183.0
  cold_alloc_free_256x16b_2n                       102,353       129,364           122           653       152,829             -
  cold_alloc_free_256x16b_4n                       202,867       255,863           183           848       286,458             -
  cold_alloc_only_256x16b                           22,318        27,681           106           463        44,416             -
  cold_alloc_only_256x16b_2n                        45,627        59,054           119           495        76,974             -
  cold_alloc_only_256x16b_4n                        88,381       113,935           183           561       134,485             -
  cold_alloc_free_256x64b                           50,164        62,003           107           739        88,403         183.0
  recycle_alloc_free_256x16b                        98,343       121,070            29           668       144,595         185.6
  recycle_alloc_only_256x16b                        70,310        86,203           106           562       106,403             -
  recycle_alloc_free_256x64b                        98,343       120,875            31           861       151,165         185.6
  churn_256b                                         8,051        10,535           105           440        26,460          74.1
  churn_write_256b                                   8,307        10,918           106           440        26,848          78.1
  multiseg_cold_256k                                25,819        35,027            37           737        61,007         331.0
  seg_cycle_decommit_256k                           62,127        83,779            90           738       110,059         288.3
  mimalloc_small_churn_16b                          16,629        21,431            65           502        39,326          55.9
  mimalloc_small_churn_16b_2n                       21,557        27,895            65           502        45,790             -
  mimalloc_churn_256b                               16,130        20,946            64           457        37,261          48.1
  mimalloc_cold_alloc_free_256x16b                  32,325        41,779            93           503        59,849          75.3
  mimalloc_cold_alloc_free_256x16b_2n               58,389        78,274           137           580        99,259             -
  mimalloc_cold_alloc_free_256x16b_4n              106,653       143,428           213           755       170,918             -
  mimalloc_cold_alloc_only_256x16b                  24,584        30,955            92           496        48,775             -
  mimalloc_cold_alloc_only_256x16b_2n               42,968        56,698           137           572        77,403             -
  mimalloc_cold_alloc_only_256x16b_4n               75,872       100,355           205           748       127,560             -
  mimalloc_cold_alloc_free_256x64b                  33,329        42,938           100           710        68,288          79.2
  mimalloc_recycle_alloc_free_256x16b               53,020        68,685            92           506        86,855          78.1
  mimalloc_recycle_alloc_free_256x64b               54,024        69,844           100           712        95,264          80.0
  mimalloc_bootstrap_proxy                          13,050        16,722            70           513        35,027             -

  * Ir/op = (Ir − B) / ops — marginal instruction count per operation, with
    the one-time process bootstrap subtracted. B is taken PER ARM: SeferAlloc
    rows use large_alloc_free_cycle (B=3,308); mimalloc_* rows use
    mimalloc_bootstrap_proxy (B=13,050) — the two allocators' bootstrap
    constants are never mixed (R22-15/task #366). Comparable across benches
    within the SAME arm; the honest unit for per-op thresholds (review finding
    F2). "-" = bootstrap proxy / no op-count / that arm's bootstrap bench absent.

  Sefer/mimalloc marginal Ir/op ratio (workload-matched pairs):

  workload                     Sefer Ir/op      mi Ir/op         ratio
  --------------------------  ------------  ------------  ------------
  small_churn_16b                     74.1          55.9         1.326
  churn_256b                          74.1          48.1         1.541
  cold_alloc_free_256x16b            183.0          75.3         2.430
  cold_alloc_free_256x64b            183.0          79.2         2.311
  recycle_alloc_free_256x16b         185.6          78.1         2.376
  recycle_alloc_free_256x64b         185.6          80.0         2.320

  ratio = Sefer Ir/op ÷ mimalloc Ir/op — > 1.000 means SeferAlloc retires MORE
    instructions per op than mimalloc on that workload (i.e. mimalloc is
    cheaper in Ir); < 1.000 means the reverse. "-" when a pair's row is
    missing/filtered on either side.

[iai] PASS — 50 bench(es) produced Ir
