[iai] wsl: /mnt/d/dev/rust/sefer-alloc
[iai] features: production bench-internals | target: /tmp/sefer-iai
[iai] filter: large_alloc_free_cycle, large_cache_prefill_only_4mib, large_cache_hit_only_4mib, small_churn_16b, churn_256b, aligned_churn_640b_a128, cold_alloc_free_256x16b
iai_callgrind_runner: Error: No version information found for iai-callgrind but iai-callgrind-runner (0.14.2) is >= '0.3.0'. Please update iai-callgrind to '0.14.2' in your Cargo.toml file
__MISSING__
[iai] runner already installed: 0.14.2 (skip install)

[iai] running benches...

   Compiling proc-macro2 v1.0.106
   Compiling quote v1.0.46
   Compiling unicode-ident v1.0.24
   Compiling libc v0.2.186
   Compiling cfg-if v1.0.4
   Compiling serde_core v1.0.228
   Compiling zmij v1.0.21
   Compiling zerocopy v0.8.52
   Compiling serde v1.0.228
   Compiling serde_json v1.0.150
   Compiling getrandom v0.3.4
   Compiling crossbeam-utils v0.8.21
   Compiling autocfg v1.5.1
   Compiling rustix v1.1.4
   Compiling getrandom v0.4.3
   Compiling once_cell v1.21.4
   Compiling shlex v2.0.1
   Compiling find-msvc-tools v0.1.9
   Compiling linux-raw-sys v0.12.1
   Compiling num-traits v0.2.19
   Compiling version_check v0.9.5
   Compiling bitflags v2.13.0
   Compiling regex-syntax v0.8.11
   Compiling cc v1.2.65
   Compiling slotmap v1.1.1
   Compiling rayon-core v1.13.0
   Compiling either v1.16.0
   Compiling fastrand v2.4.1
   Compiling ciborium-io v0.2.2
   Compiling memchr v2.8.2
   Compiling plotters-backend v0.3.7
   Compiling itoa v1.0.18
   Compiling crossbeam-epoch v0.9.18
   Compiling quick-error v1.2.3
   Compiling anstyle v1.0.14
   Compiling clap_lex v1.1.0
   Compiling crossbeam-deque v0.8.6
   Compiling bit-vec v0.8.0
   Compiling fnv v1.0.7
   Compiling syn v2.0.118
   Compiling iai-callgrind-runner v0.14.2
   Compiling plotters-svg v0.3.7
   Compiling proc-macro-error-attr2 v2.0.0
   Compiling bit-set v0.8.0
   Compiling clap_builder v4.6.0
   Compiling itertools v0.10.5
   Compiling unarray v0.1.4
   Compiling cast v0.3.0
   Compiling same-file v1.0.6
   Compiling iai-callgrind v0.14.2
   Compiling walkdir v2.5.0
   Compiling plotters v0.3.7
   Compiling anes v0.1.6
   Compiling sefer-region v0.1.0 (/mnt/d/dev/rust/sefer-alloc/crates/region)
   Compiling wait-timeout v0.2.1
   Compiling rayon v1.12.0
   Compiling is-terminal v0.4.17
   Compiling rand_core v0.9.5
   Compiling size-classes v0.1.0 (/mnt/d/dev/rust/sefer-alloc/crates/size-classes)
   Compiling oorandom v11.1.5
   Compiling aligned-vmem v0.2.0 (/mnt/d/dev/rust/sefer-alloc/crates/vmem)
   Compiling rand v0.9.4
   Compiling rand_xorshift v0.4.0
   Compiling pin-project-lite v0.2.17
   Compiling tagged-index-stack v0.1.0 (/mnt/d/dev/rust/sefer-alloc/crates/tagged-index-stack)
   Compiling proc-memstat v0.1.0 (/mnt/d/dev/rust/sefer-alloc/crates/proc-memstat)
   Compiling racy-ptr-cell v0.1.0 (/mnt/d/dev/rust/sefer-alloc/crates/racy-ptr-cell)
   Compiling malloc-bench-rs v0.1.0 (/mnt/d/dev/rust/sefer-alloc/crates/malloc-bench)
   Compiling tempfile v3.27.0
   Compiling sefer-alloc v0.3.0 (/mnt/d/dev/rust/sefer-alloc)
   Compiling proc-probe v0.1.0 (/mnt/d/dev/rust/sefer-alloc/crates/proc-probe)
   Compiling libmimalloc-sys v0.1.49
   Compiling rusty-fork v0.3.1
   Compiling clap v4.6.1
   Compiling criterion-plot v0.5.0
   Compiling regex-automata v0.4.14
   Compiling proc-macro-error2 v2.0.1
   Compiling serde_derive v1.0.228
   Compiling zerocopy-derive v0.8.52
   Compiling derive_more-impl v2.1.1
   Compiling tokio-macros v2.7.0
   Compiling regex v1.12.4
   Compiling tokio v1.52.3
   Compiling derive_more v2.1.1
   Compiling iai-callgrind-macros v0.5.1
   Compiling bincode v1.3.3
   Compiling tinytemplate v1.2.1
   Compiling mimalloc v0.1.52
   Compiling half v2.7.1
   Compiling ppv-lite86 v0.2.21
   Compiling ciborium-ll v0.2.2
   Compiling rand_chacha v0.9.0
   Compiling ciborium v0.2.2
   Compiling proptest v1.11.0
   Compiling criterion v0.5.1
   Compiling globalalloc-model v0.1.0 (/mnt/d/dev/rust/sefer-alloc/crates/globalalloc-model)
    Finished `bench` profile [optimized] target(s) in 1m 48s
warning: the following packages contain code that will be rejected by a future version of Rust: proc-macro-error2 v2.0.1
note: to see what the problems were, use the option `--future-incompat-report`, or run `cargo report future-incompatibilities --id 1`
     Running benches/perf_gate_iai.rs (/tmp/sefer-iai/release/deps/perf_gate_iai-3eaca49fc4134272)
perf_gate_iai::perf_gate::small_churn_16b
  Instructions:                        8810|N/A                  (*********)
  L1 Hits:                            11586|N/A                  (*********)
  L2 Hits:                               95|N/A                  (*********)
  RAM Hits:                             283|N/A                  (*********)
  Total read+write:                   11964|N/A                  (*********)
  Estimated Cycles:                   21966|N/A                  (*********)
perf_gate_iai::perf_gate::small_churn_16b_2n
  Instructions:                       13226|N/A                  (*********)
  L1 Hits:                            17088|N/A                  (*********)
  L2 Hits:                               96|N/A                  (*********)
  RAM Hits:                             284|N/A                  (*********)
  Total read+write:                   17468|N/A                  (*********)
  Estimated Cycles:                   27508|N/A                  (*********)
perf_gate_iai::perf_gate::dealloc_prealloc_only_16b
  Instructions:                        8390|N/A                  (*********)
  L1 Hits:                            11090|N/A                  (*********)
  L2 Hits:                               93|N/A                  (*********)
  RAM Hits:                             368|N/A                  (*********)
  Total read+write:                   11551|N/A                  (*********)
  Estimated Cycles:                   24435|N/A                  (*********)
perf_gate_iai::perf_gate::dealloc_free_only_16b
  Instructions:                       14369|N/A                  (*********)
  L1 Hits:                            18470|N/A                  (*********)
  L2 Hits:                               93|N/A                  (*********)
  RAM Hits:                             413|N/A                  (*********)
  Total read+write:                   18976|N/A                  (*********)
  Estimated Cycles:                   33390|N/A                  (*********)
perf_gate_iai::perf_gate::dealloc_contains_base_probe_only_16b
  Instructions:                        9491|N/A                  (*********)
  L1 Hits:                            12383|N/A                  (*********)
  L2 Hits:                               93|N/A                  (*********)
  RAM Hits:                             371|N/A                  (*********)
  Total read+write:                   12847|N/A                  (*********)
  Estimated Cycles:                   25833|N/A                  (*********)
perf_gate_iai::perf_gate::dealloc_segment_base_of_ptr_probe_only_16b
  Instructions:                        8968|N/A                  (*********)
  L1 Hits:                            11795|N/A                  (*********)
  L2 Hits:                               93|N/A                  (*********)
  RAM Hits:                             369|N/A                  (*********)
  Total read+write:                   12257|N/A                  (*********)
  Estimated Cycles:                   25175|N/A                  (*********)
perf_gate_iai::perf_gate::alloc_magazine_prefill_only_16b
  Instructions:                        8871|N/A                  (*********)
  L1 Hits:                            11794|N/A                  (*********)
  L2 Hits:                               93|N/A                  (*********)
  RAM Hits:                             372|N/A                  (*********)
  Total read+write:                   12259|N/A                  (*********)
  Estimated Cycles:                   25279|N/A                  (*********)
perf_gate_iai::perf_gate::alloc_magazine_hit_only_16b
  Instructions:                        9229|N/A                  (*********)
  L1 Hits:                            12230|N/A                  (*********)
  L2 Hits:                               93|N/A                  (*********)
  RAM Hits:                             375|N/A                  (*********)
  Total read+write:                   12698|N/A                  (*********)
  Estimated Cycles:                   25820|N/A                  (*********)
perf_gate_iai::perf_gate::alloc_zeroed_magazine_prefill_only_16b
  Instructions:                           3|N/A                  (*********)
  L1 Hits:                                4|N/A                  (*********)
  L2 Hits:                                0|N/A                  (*********)
  RAM Hits:                               1|N/A                  (*********)
  Total read+write:                       5|N/A                  (*********)
  Estimated Cycles:                      39|N/A                  (*********)
perf_gate_iai::perf_gate::alloc_zeroed_magazine_hit_only_16b
  Instructions:                           3|N/A                  (*********)
  L1 Hits:                                4|N/A                  (*********)
  L2 Hits:                                0|N/A                  (*********)
  RAM Hits:                               1|N/A                  (*********)
  Total read+write:                       5|N/A                  (*********)
  Estimated Cycles:                      39|N/A                  (*********)
perf_gate_iai::perf_gate::dealloc_hash_contains_only_probe_16b
  Instructions:                        9736|N/A                  (*********)
  L1 Hits:                            12690|N/A                  (*********)
  L2 Hits:                               93|N/A                  (*********)
  RAM Hits:                             370|N/A                  (*********)
  Total read+write:                   13153|N/A                  (*********)
  Estimated Cycles:                   26105|N/A                  (*********)
perf_gate_iai::perf_gate::dealloc_own_thread_body_only_16b
  Instructions:                       13858|N/A                  (*********)
  L1 Hits:                            17894|N/A                  (*********)
  L2 Hits:                               93|N/A                  (*********)
  RAM Hits:                             410|N/A                  (*********)
  Total read+write:                   18397|N/A                  (*********)
  Estimated Cycles:                   32709|N/A                  (*********)
perf_gate_iai::perf_gate::dealloc_free_only_16b_n1
  Instructions:                        8444|N/A                  (*********)
  L1 Hits:                            11154|N/A                  (*********)
  L2 Hits:                               93|N/A                  (*********)
  RAM Hits:                             376|N/A                  (*********)
  Total read+write:                   11623|N/A                  (*********)
  Estimated Cycles:                   24779|N/A                  (*********)
perf_gate_iai::perf_gate::dealloc_free_only_16b_n8
  Instructions:                        8753|N/A                  (*********)
  L1 Hits:                            11540|N/A                  (*********)
  L2 Hits:                               93|N/A                  (*********)
  RAM Hits:                             377|N/A                  (*********)
  Total read+write:                   12010|N/A                  (*********)
  Estimated Cycles:                   25200|N/A                  (*********)
perf_gate_iai::perf_gate::dealloc_free_only_16b_n9
  Instructions:                        8796|N/A                  (*********)
  L1 Hits:                            11594|N/A                  (*********)
  L2 Hits:                               93|N/A                  (*********)
  RAM Hits:                             377|N/A                  (*********)
  Total read+write:                   12064|N/A                  (*********)
  Estimated Cycles:                   25254|N/A                  (*********)
perf_gate_iai::perf_gate::dealloc_free_only_16b_n16
  Instructions:                        9097|N/A                  (*********)
  L1 Hits:                            11972|N/A                  (*********)
  L2 Hits:                               93|N/A                  (*********)
  RAM Hits:                             377|N/A                  (*********)
  Total read+write:                   12442|N/A                  (*********)
  Estimated Cycles:                   25632|N/A                  (*********)
perf_gate_iai::perf_gate::dealloc_free_only_16b_n17
  Instructions:                        9678|N/A                  (*********)
  L1 Hits:                            12662|N/A                  (*********)
  L2 Hits:                               93|N/A                  (*********)
  RAM Hits:                             403|N/A                  (*********)
  Total read+write:                   13158|N/A                  (*********)
  Estimated Cycles:                   27232|N/A                  (*********)
perf_gate_iai::perf_gate::dealloc_free_only_16b_n32
  Instructions:                       10857|N/A                  (*********)
  L1 Hits:                            14126|N/A                  (*********)
  L2 Hits:                               93|N/A                  (*********)
  RAM Hits:                             405|N/A                  (*********)
  Total read+write:                   14624|N/A                  (*********)
  Estimated Cycles:                   28766|N/A                  (*********)
perf_gate_iai::perf_gate::dealloc_flush_class_only_16b_prefix
  Instructions:                        5310|N/A                  (*********)
  L1 Hits:                             7346|N/A                  (*********)
  L2 Hits:                               94|N/A                  (*********)
  RAM Hits:                             389|N/A                  (*********)
  Total read+write:                    7829|N/A                  (*********)
  Estimated Cycles:                   21431|N/A                  (*********)
perf_gate_iai::perf_gate::dealloc_flush_class_only_16b
  Instructions:                        5759|N/A                  (*********)
  L1 Hits:                             7871|N/A                  (*********)
  L2 Hits:                               93|N/A                  (*********)
  RAM Hits:                             412|N/A                  (*********)
  Total read+write:                    8376|N/A                  (*********)
  Estimated Cycles:                   22756|N/A                  (*********)
perf_gate_iai::perf_gate::alloc_clear_magazine_only_16b_prefix
  Instructions:                        5707|N/A                  (*********)
  L1 Hits:                             7853|N/A                  (*********)
  L2 Hits:                               94|N/A                  (*********)
  RAM Hits:                             369|N/A                  (*********)
  Total read+write:                    8316|N/A                  (*********)
  Estimated Cycles:                   21238|N/A                  (*********)
perf_gate_iai::perf_gate::alloc_clear_magazine_only_16b
  Instructions:                        5902|N/A                  (*********)
  L1 Hits:                             8068|N/A                  (*********)
  L2 Hits:                               93|N/A                  (*********)
  RAM Hits:                             383|N/A                  (*********)
  Total read+write:                    8544|N/A                  (*********)
  Estimated Cycles:                   21938|N/A                  (*********)
perf_gate_iai::perf_gate::alloc_zeroed_calloc_virgin_64k_prefix
  Instructions:                           3|N/A                  (*********)
  L1 Hits:                                4|N/A                  (*********)
  L2 Hits:                                0|N/A                  (*********)
  RAM Hits:                               1|N/A                  (*********)
  Total read+write:                       5|N/A                  (*********)
  Estimated Cycles:                      39|N/A                  (*********)
perf_gate_iai::perf_gate::alloc_zeroed_calloc_virgin_64k
  Instructions:                           3|N/A                  (*********)
  L1 Hits:                                4|N/A                  (*********)
  L2 Hits:                                0|N/A                  (*********)
  RAM Hits:                               1|N/A                  (*********)
  Total read+write:                       5|N/A                  (*********)
  Estimated Cycles:                      39|N/A                  (*********)
perf_gate_iai::perf_gate::alloc_zeroed_calloc_recycled_64k_prefix
  Instructions:                           3|N/A                  (*********)
  L1 Hits:                                4|N/A                  (*********)
  L2 Hits:                                0|N/A                  (*********)
  RAM Hits:                               1|N/A                  (*********)
  Total read+write:                       5|N/A                  (*********)
  Estimated Cycles:                      39|N/A                  (*********)
perf_gate_iai::perf_gate::alloc_zeroed_calloc_recycled_64k
  Instructions:                           3|N/A                  (*********)
  L1 Hits:                                4|N/A                  (*********)
  L2 Hits:                                0|N/A                  (*********)
  RAM Hits:                               1|N/A                  (*********)
  Total read+write:                       5|N/A                  (*********)
  Estimated Cycles:                      39|N/A                  (*********)
perf_gate_iai::perf_gate::dealloc_prealloc_only_1088_16b
  Instructions:                       88425|N/A                  (*********)
  L1 Hits:                           115023|N/A                  (*********)
  L2 Hits:                              111|N/A                  (*********)
  RAM Hits:                             498|N/A                  (*********)
  Total read+write:                  115632|N/A                  (*********)
  Estimated Cycles:                  133008|N/A                  (*********)
perf_gate_iai::perf_gate::dealloc_free_only_1088_16b_n17
  Instructions:                       89712|N/A                  (*********)
  L1 Hits:                           116593|N/A                  (*********)
  L2 Hits:                              112|N/A                  (*********)
  RAM Hits:                             533|N/A                  (*********)
  Total read+write:                  117238|N/A                  (*********)
  Estimated Cycles:                  135808|N/A                  (*********)
perf_gate_iai::perf_gate::dealloc_free_only_1088_16b_n32
  Instructions:                       90891|N/A                  (*********)
  L1 Hits:                           118057|N/A                  (*********)
  L2 Hits:                              112|N/A                  (*********)
  RAM Hits:                             535|N/A                  (*********)
  Total read+write:                  118704|N/A                  (*********)
  Estimated Cycles:                  137342|N/A                  (*********)
perf_gate_iai::perf_gate::dealloc_free_only_1088_16b_n64
  Instructions:                       94403|N/A                  (*********)
  L1 Hits:                           122400|N/A                  (*********)
  L2 Hits:                              112|N/A                  (*********)
  RAM Hits:                             544|N/A                  (*********)
  Total read+write:                  123056|N/A                  (*********)
  Estimated Cycles:                  142000|N/A                  (*********)
perf_gate_iai::perf_gate::dealloc_free_only_1088_16b_n256
  Instructions:                      115475|N/A                  (*********)
  L1 Hits:                           148464|N/A                  (*********)
  L2 Hits:                              112|N/A                  (*********)
  RAM Hits:                             592|N/A                  (*********)
  Total read+write:                  149168|N/A                  (*********)
  Estimated Cycles:                  169744|N/A                  (*********)
perf_gate_iai::perf_gate::dealloc_free_only_1088_16b_n1024
  Instructions:                      199763|N/A                  (*********)
  L1 Hits:                           252718|N/A                  (*********)
  L2 Hits:                              112|N/A                  (*********)
  RAM Hits:                             786|N/A                  (*********)
  Total read+write:                  253616|N/A                  (*********)
  Estimated Cycles:                  280788|N/A                  (*********)
perf_gate_iai::perf_gate::dealloc_realloc_burst_1088_16b_n17
  Instructions:                       91008|N/A                  (*********)
  L1 Hits:                           118239|N/A                  (*********)
  L2 Hits:                              113|N/A                  (*********)
  RAM Hits:                             539|N/A                  (*********)
  Total read+write:                  118891|N/A                  (*********)
  Estimated Cycles:                  137669|N/A                  (*********)
perf_gate_iai::perf_gate::oscillating_live_set_16b
  Instructions:                       27122|N/A                  (*********)
  L1 Hits:                            34459|N/A                  (*********)
  L2 Hits:                               93|N/A                  (*********)
  RAM Hits:                             412|N/A                  (*********)
  Total read+write:                   34964|N/A                  (*********)
  Estimated Cycles:                   49344|N/A                  (*********)
perf_gate_iai::perf_gate::carve_batch_only_16b
  Instructions:                       68283|N/A                  (*********)
  L1 Hits:                           133162|N/A                  (*********)
  L2 Hits:                               97|N/A                  (*********)
  RAM Hits:                            1047|N/A                  (*********)
  Total read+write:                  134306|N/A                  (*********)
  Estimated Cycles:                  170292|N/A                  (*********)
perf_gate_iai::perf_gate::carve_batch_only_16b_2n
  Instructions:                       74191|N/A                  (*********)
  L1 Hits:                           143197|N/A                  (*********)
  L2 Hits:                               98|N/A                  (*********)
  RAM Hits:                            1080|N/A                  (*********)
  Total read+write:                  144375|N/A                  (*********)
  Estimated Cycles:                  181487|N/A                  (*********)
perf_gate_iai::perf_gate::dealloc_batch_fresh_16_16b
  Instructions:                           3|N/A                  (*********)
  L1 Hits:                                4|N/A                  (*********)
  L2 Hits:                                0|N/A                  (*********)
  RAM Hits:                               1|N/A                  (*********)
  Total read+write:                       5|N/A                  (*********)
  Estimated Cycles:                      39|N/A                  (*********)
perf_gate_iai::perf_gate::dealloc_batch_fresh_64_16b
  Instructions:                           3|N/A                  (*********)
  L1 Hits:                                4|N/A                  (*********)
  L2 Hits:                                0|N/A                  (*********)
  RAM Hits:                               1|N/A                  (*********)
  Total read+write:                       5|N/A                  (*********)
  Estimated Cycles:                      39|N/A                  (*********)
perf_gate_iai::perf_gate::dealloc_batch_fresh_80_16b
  Instructions:                           3|N/A                  (*********)
  L1 Hits:                                4|N/A                  (*********)
  L2 Hits:                                0|N/A                  (*********)
  RAM Hits:                               1|N/A                  (*********)
  Total read+write:                       5|N/A                  (*********)
  Estimated Cycles:                      39|N/A                  (*********)
perf_gate_iai::perf_gate::dealloc_batch_fresh_81_16b
  Instructions:                           3|N/A                  (*********)
  L1 Hits:                                4|N/A                  (*********)
  L2 Hits:                                0|N/A                  (*********)
  RAM Hits:                               1|N/A                  (*********)
  Total read+write:                       5|N/A                  (*********)
  Estimated Cycles:                      39|N/A                  (*********)
perf_gate_iai::perf_gate::dealloc_batch_fresh_128_16b
  Instructions:                           3|N/A                  (*********)
  L1 Hits:                                4|N/A                  (*********)
  L2 Hits:                                0|N/A                  (*********)
  RAM Hits:                               1|N/A                  (*********)
  Total read+write:                       5|N/A                  (*********)
  Estimated Cycles:                      39|N/A                  (*********)
perf_gate_iai::perf_gate::dealloc_batch_fresh_200_16b
  Instructions:                           3|N/A                  (*********)
  L1 Hits:                                4|N/A                  (*********)
  L2 Hits:                                0|N/A                  (*********)
  RAM Hits:                               1|N/A                  (*********)
  Total read+write:                       5|N/A                  (*********)
  Estimated Cycles:                      39|N/A                  (*********)
perf_gate_iai::perf_gate::dealloc_batch_fresh_512_16b
  Instructions:                           3|N/A                  (*********)
  L1 Hits:                                4|N/A                  (*********)
  L2 Hits:                                0|N/A                  (*********)
  RAM Hits:                               1|N/A                  (*********)
  Total read+write:                       5|N/A                  (*********)
  Estimated Cycles:                      39|N/A                  (*********)
perf_gate_iai::perf_gate::dealloc_batch_fresh_1024_16b
  Instructions:                           3|N/A                  (*********)
  L1 Hits:                                4|N/A                  (*********)
  L2 Hits:                                0|N/A                  (*********)
  RAM Hits:                               1|N/A                  (*********)
  Total read+write:                       5|N/A                  (*********)
  Estimated Cycles:                      39|N/A                  (*********)
perf_gate_iai::perf_gate::dealloc_batch_fresh_0_16b
  Instructions:                           3|N/A                  (*********)
  L1 Hits:                                4|N/A                  (*********)
  L2 Hits:                                0|N/A                  (*********)
  RAM Hits:                               1|N/A                  (*********)
  Total read+write:                       5|N/A                  (*********)
  Estimated Cycles:                      39|N/A                  (*********)
perf_gate_iai::perf_gate::dealloc_batch_fresh_1_16b
  Instructions:                           3|N/A                  (*********)
  L1 Hits:                                4|N/A                  (*********)
  L2 Hits:                                0|N/A                  (*********)
  RAM Hits:                               1|N/A                  (*********)
  Total read+write:                       5|N/A                  (*********)
  Estimated Cycles:                      39|N/A                  (*********)
perf_gate_iai::perf_gate::dealloc_batch_fresh_8_16b
  Instructions:                           3|N/A                  (*********)
  L1 Hits:                                4|N/A                  (*********)
  L2 Hits:                                0|N/A                  (*********)
  RAM Hits:                               1|N/A                  (*********)
  Total read+write:                       5|N/A                  (*********)
  Estimated Cycles:                      39|N/A                  (*********)
perf_gate_iai::perf_gate::dealloc_batch_fresh_17_16b
  Instructions:                           3|N/A                  (*********)
  L1 Hits:                                4|N/A                  (*********)
  L2 Hits:                                0|N/A                  (*********)
  RAM Hits:                               1|N/A                  (*********)
  Total read+write:                       5|N/A                  (*********)
  Estimated Cycles:                      39|N/A                  (*********)
perf_gate_iai::perf_gate::medium_class_dealloc_churn_16b
  Instructions:                        8810|N/A                  (*********)
  L1 Hits:                            11584|N/A                  (*********)
  L2 Hits:                               97|N/A                  (*********)
  RAM Hits:                             283|N/A                  (*********)
  Total read+write:                   11964|N/A                  (*********)
  Estimated Cycles:                   21974|N/A                  (*********)
perf_gate_iai::perf_gate::aligned_churn_640b_a128
  Instructions:                        8746|N/A                  (*********)
  L1 Hits:                            11518|N/A                  (*********)
  L2 Hits:                               97|N/A                  (*********)
  RAM Hits:                             285|N/A                  (*********)
  Total read+write:                   11900|N/A                  (*********)
  Estimated Cycles:                   21978|N/A                  (*********)
perf_gate_iai::perf_gate::large_alloc_free_cycle
  Instructions:                        4080|N/A                  (*********)
  L1 Hits:                             5815|N/A                  (*********)
  L2 Hits:                               96|N/A                  (*********)
  RAM Hits:                             281|N/A                  (*********)
  Total read+write:                    6192|N/A                  (*********)
  Estimated Cycles:                   16130|N/A                  (*********)
perf_gate_iai::perf_gate::large_cache_prefill_only_4mib
  Instructions:                        6770|N/A                  (*********)
  L1 Hits:                             9863|N/A                  (*********)
  L2 Hits:                               94|N/A                  (*********)
  RAM Hits:                             372|N/A                  (*********)
  Total read+write:                   10329|N/A                  (*********)
  Estimated Cycles:                   23353|N/A                  (*********)
perf_gate_iai::perf_gate::large_cache_hit_only_4mib
  Instructions:                        7115|N/A                  (*********)
  L1 Hits:                            10371|N/A                  (*********)
  L2 Hits:                               94|N/A                  (*********)
  RAM Hits:                             377|N/A                  (*********)
  Total read+write:                   10842|N/A                  (*********)
  Estimated Cycles:                   24036|N/A                  (*********)
perf_gate_iai::perf_gate::realloc_grow
  Instructions:                      493310|N/A                  (*********)
  L1 Hits:                          1047759|N/A                  (*********)
  L2 Hits:                             3847|N/A                  (*********)
  RAM Hits:                           70171|N/A                  (*********)
  Total read+write:                 1121777|N/A                  (*********)
  Estimated Cycles:                 3522979|N/A                  (*********)
perf_gate_iai::perf_gate::cold_alloc_free_256x16b
  Instructions:                       50968|N/A                  (*********)
  L1 Hits:                            63250|N/A                  (*********)
  L2 Hits:                               96|N/A                  (*********)
  RAM Hits:                             402|N/A                  (*********)
  Total read+write:                   63748|N/A                  (*********)
  Estimated Cycles:                   77800|N/A                  (*********)
perf_gate_iai::perf_gate::cold_alloc_free_256x16b_2n
  Instructions:                      103205|N/A                  (*********)
  L1 Hits:                           130459|N/A                  (*********)
  L2 Hits:                               97|N/A                  (*********)
  RAM Hits:                             498|N/A                  (*********)
  Total read+write:                  131054|N/A                  (*********)
  Estimated Cycles:                  148374|N/A                  (*********)
perf_gate_iai::perf_gate::cold_alloc_free_256x16b_4n
  Instructions:                      203815|N/A                  (*********)
  L1 Hits:                           257043|N/A                  (*********)
  L2 Hits:                              106|N/A                  (*********)
  RAM Hits:                             692|N/A                  (*********)
  Total read+write:                  257841|N/A                  (*********)
  Estimated Cycles:                  281793|N/A                  (*********)
perf_gate_iai::perf_gate::cold_alloc_only_256x16b
  Instructions:                       22882|N/A                  (*********)
  L1 Hits:                            28565|N/A                  (*********)
  L2 Hits:                               96|N/A                  (*********)
  RAM Hits:                             308|N/A                  (*********)
  Total read+write:                   28969|N/A                  (*********)
  Estimated Cycles:                   39825|N/A                  (*********)
perf_gate_iai::perf_gate::cold_alloc_only_256x16b_2n
  Instructions:                       45983|N/A                  (*********)
  L1 Hits:                            59772|N/A                  (*********)
  L2 Hits:                               98|N/A                  (*********)
  RAM Hits:                             341|N/A                  (*********)
  Total read+write:                   60211|N/A                  (*********)
  Estimated Cycles:                   72197|N/A                  (*********)
perf_gate_iai::perf_gate::cold_alloc_only_256x16b_4n
  Instructions:                       88321|N/A                  (*********)
  L1 Hits:                           114359|N/A                  (*********)
  L2 Hits:                              105|N/A                  (*********)
  RAM Hits:                             406|N/A                  (*********)
  Total read+write:                  114870|N/A                  (*********)
  Estimated Cycles:                  129094|N/A                  (*********)
perf_gate_iai::perf_gate::cold_alloc_free_256x64b
  Instructions:                       50968|N/A                  (*********)
  L1 Hits:                            63068|N/A                  (*********)
  L2 Hits:                               96|N/A                  (*********)
  RAM Hits:                             584|N/A                  (*********)
  Total read+write:                   63748|N/A                  (*********)
  Estimated Cycles:                   83988|N/A                  (*********)
perf_gate_iai::perf_gate::recycle_alloc_free_256x16b
  Instructions:                       99192|N/A                  (*********)
  L1 Hits:                           122150|N/A                  (*********)
  L2 Hits:                               20|N/A                  (*********)
  RAM Hits:                             511|N/A                  (*********)
  Total read+write:                  122681|N/A                  (*********)
  Estimated Cycles:                  140135|N/A                  (*********)
perf_gate_iai::perf_gate::recycle_alloc_only_256x16b
  Instructions:                       70919|N/A                  (*********)
  L1 Hits:                            87100|N/A                  (*********)
  L2 Hits:                               97|N/A                  (*********)
  RAM Hits:                             408|N/A                  (*********)
  Total read+write:                   87605|N/A                  (*********)
  Estimated Cycles:                  101865|N/A                  (*********)
perf_gate_iai::perf_gate::recycle_alloc_free_256x64b
  Instructions:                       99192|N/A                  (*********)
  L1 Hits:                           121954|N/A                  (*********)
  L2 Hits:                               20|N/A                  (*********)
  RAM Hits:                             707|N/A                  (*********)
  Total read+write:                  122681|N/A                  (*********)
  Estimated Cycles:                  146799|N/A                  (*********)
perf_gate_iai::perf_gate::churn_256b
  Instructions:                        8810|N/A                  (*********)
  L1 Hits:                            11585|N/A                  (*********)
  L2 Hits:                               95|N/A                  (*********)
  RAM Hits:                             284|N/A                  (*********)
  Total read+write:                   11964|N/A                  (*********)
  Estimated Cycles:                   22000|N/A                  (*********)
perf_gate_iai::perf_gate::churn_write_256b
  Instructions:                        9066|N/A                  (*********)
  L1 Hits:                            11967|N/A                  (*********)
  L2 Hits:                               96|N/A                  (*********)
  RAM Hits:                             285|N/A                  (*********)
  Total read+write:                   12348|N/A                  (*********)
  Estimated Cycles:                   22422|N/A                  (*********)
perf_gate_iai::perf_gate::multiseg_cold_256k
  Instructions:                       27002|N/A                  (*********)
  L1 Hits:                            36596|N/A                  (*********)
  L2 Hits:                               31|N/A                  (*********)
  RAM Hits:                             584|N/A                  (*********)
  Total read+write:                   37211|N/A                  (*********)
  Estimated Cycles:                   57191|N/A                  (*********)
perf_gate_iai::perf_gate::seg_cycle_decommit_256k
  Instructions:                       64048|N/A                  (*********)
  L1 Hits:                            86256|N/A                  (*********)
  L2 Hits:                               84|N/A                  (*********)
  RAM Hits:                             583|N/A                  (*********)
  Total read+write:                   86923|N/A                  (*********)
  Estimated Cycles:                  107081|N/A                  (*********)
perf_gate_iai::perf_gate::mimalloc_small_churn_16b
  Instructions:                       16629|N/A                  (*********)
  L1 Hits:                            21436|N/A                  (*********)
  L2 Hits:                               57|N/A                  (*********)
  RAM Hits:                             505|N/A                  (*********)
  Total read+write:                   21998|N/A                  (*********)
  Estimated Cycles:                   39396|N/A                  (*********)
perf_gate_iai::perf_gate::mimalloc_small_churn_16b_2n
  Instructions:                       21557|N/A                  (*********)
  L1 Hits:                            27899|N/A                  (*********)
  L2 Hits:                               58|N/A                  (*********)
  RAM Hits:                             505|N/A                  (*********)
  Total read+write:                   28462|N/A                  (*********)
  Estimated Cycles:                   45864|N/A                  (*********)
perf_gate_iai::perf_gate::mimalloc_churn_256b
  Instructions:                       16130|N/A                  (*********)
  L1 Hits:                            20948|N/A                  (*********)
  L2 Hits:                               60|N/A                  (*********)
  RAM Hits:                             459|N/A                  (*********)
  Total read+write:                   21467|N/A                  (*********)
  Estimated Cycles:                   37313|N/A                  (*********)
perf_gate_iai::perf_gate::mimalloc_cold_alloc_free_256x16b
  Instructions:                       32325|N/A                  (*********)
  L1 Hits:                            41782|N/A                  (*********)
  L2 Hits:                               86|N/A                  (*********)
  RAM Hits:                             507|N/A                  (*********)
  Total read+write:                   42375|N/A                  (*********)
  Estimated Cycles:                   59957|N/A                  (*********)
perf_gate_iai::perf_gate::mimalloc_cold_alloc_free_256x16b_2n
  Instructions:                       58389|N/A                  (*********)
  L1 Hits:                            78273|N/A                  (*********)
  L2 Hits:                              132|N/A                  (*********)
  RAM Hits:                             586|N/A                  (*********)
  Total read+write:                   78991|N/A                  (*********)
  Estimated Cycles:                   99443|N/A                  (*********)
perf_gate_iai::perf_gate::mimalloc_cold_alloc_free_256x16b_4n
  Instructions:                      106653|N/A                  (*********)
  L1 Hits:                           143419|N/A                  (*********)
  L2 Hits:                              216|N/A                  (*********)
  RAM Hits:                             761|N/A                  (*********)
  Total read+write:                  144396|N/A                  (*********)
  Estimated Cycles:                  171134|N/A                  (*********)
perf_gate_iai::perf_gate::mimalloc_cold_alloc_only_256x16b
  Instructions:                       24584|N/A                  (*********)
  L1 Hits:                            30958|N/A                  (*********)
  L2 Hits:                               85|N/A                  (*********)
  RAM Hits:                             500|N/A                  (*********)
  Total read+write:                   31543|N/A                  (*********)
  Estimated Cycles:                   48883|N/A                  (*********)
perf_gate_iai::perf_gate::mimalloc_cold_alloc_only_256x16b_2n
  Instructions:                       42968|N/A                  (*********)
  L1 Hits:                            56695|N/A                  (*********)
  L2 Hits:                              133|N/A                  (*********)
  RAM Hits:                             579|N/A                  (*********)
  Total read+write:                   57407|N/A                  (*********)
  Estimated Cycles:                   77625|N/A                  (*********)
perf_gate_iai::perf_gate::mimalloc_cold_alloc_only_256x16b_4n
  Instructions:                       75872|N/A                  (*********)
  L1 Hits:                           100339|N/A                  (*********)
  L2 Hits:                              215|N/A                  (*********)
  RAM Hits:                             754|N/A                  (*********)
  Total read+write:                  101308|N/A                  (*********)
  Estimated Cycles:                  127804|N/A                  (*********)
perf_gate_iai::perf_gate::mimalloc_cold_alloc_free_256x64b
  Instructions:                       33329|N/A                  (*********)
  L1 Hits:                            42936|N/A                  (*********)
  L2 Hits:                               98|N/A                  (*********)
  RAM Hits:                             714|N/A                  (*********)
  Total read+write:                   43748|N/A                  (*********)
  Estimated Cycles:                   68416|N/A                  (*********)
perf_gate_iai::perf_gate::mimalloc_recycle_alloc_free_256x16b
  Instructions:                       53020|N/A                  (*********)
  L1 Hits:                            68688|N/A                  (*********)
  L2 Hits:                               85|N/A                  (*********)
  RAM Hits:                             510|N/A                  (*********)
  Total read+write:                   69283|N/A                  (*********)
  Estimated Cycles:                   86963|N/A                  (*********)
perf_gate_iai::perf_gate::mimalloc_recycle_alloc_free_256x64b
  Instructions:                       54024|N/A                  (*********)
  L1 Hits:                            69844|N/A                  (*********)
  L2 Hits:                               95|N/A                  (*********)
  RAM Hits:                             717|N/A                  (*********)
  Total read+write:                   70656|N/A                  (*********)
  Estimated Cycles:                   95414|N/A                  (*********)
perf_gate_iai::perf_gate::mimalloc_bootstrap_proxy
  Instructions:                       13050|N/A                  (*********)
  L1 Hits:                            16724|N/A                  (*********)
  L2 Hits:                               64|N/A                  (*********)
  RAM Hits:                             517|N/A                  (*********)
  Total read+write:                   17305|N/A                  (*********)
  Estimated Cycles:                   35139|N/A                  (*********)
perf_gate_iai::perf_gate::decomp_full_cycle_8x
  Instructions:                        9283|N/A                  (*********)
  L1 Hits:                            13533|N/A                  (*********)
  L2 Hits:                               99|N/A                  (*********)
  RAM Hits:                             505|N/A                  (*********)
  Total read+write:                   14137|N/A                  (*********)
  Estimated Cycles:                   31703|N/A                  (*********)
perf_gate_iai::perf_gate::decomp_os_roundtrip_8x
  Instructions:                        1394|N/A                  (*********)
  L1 Hits:                             1833|N/A                  (*********)
  L2 Hits:                                0|N/A                  (*********)
  RAM Hits:                              18|N/A                  (*********)
  Total read+write:                    1851|N/A                  (*********)
  Estimated Cycles:                    2463|N/A                  (*********)

Iai-Callgrind result: Ok. 83 without regressions; 0 regressed; 83 benchmarks finished in 45.7230s

  bench                                          Ir            L1            L2           RAM     EstCycles        Ir/op*
  -----------------------------------  ------------  ------------  ------------  ------------  ------------  ------------
  small_churn_16b                             8,810        11,586            95           283        21,966          73.9
  small_churn_16b_2n                         13,226        17,088            96           284        27,508             -
  aligned_churn_640b_a128                     8,746        11,518            97           285        21,978          72.9
  large_alloc_free_cycle                      4,080         5,815            96           281        16,130             -
  large_cache_prefill_only_4mib               6,770         9,863            94           372        23,353             -
  large_cache_hit_only_4mib                   7,115        10,371            94           377        24,036             -
  cold_alloc_free_256x16b                    50,968        63,250            96           402        77,800         183.2
  cold_alloc_free_256x16b_2n                103,205       130,459            97           498       148,374             -
  cold_alloc_free_256x16b_4n                203,815       257,043           106           692       281,793             -
  churn_256b                                  8,810        11,585            95           284        22,000          73.9
  mimalloc_small_churn_16b                   16,629        21,436            57           505        39,396          55.9
  mimalloc_small_churn_16b_2n                21,557        27,899            58           505        45,864             -
  mimalloc_churn_256b                        16,130        20,948            60           459        37,313          48.1
  mimalloc_cold_alloc_free_256x16b           32,325        41,782            86           507        59,957          75.3
  mimalloc_cold_alloc_free_256x16b_2n        58,389        78,273           132           586        99,443             -
  mimalloc_cold_alloc_free_256x16b_4n       106,653       143,419           216           761       171,134             -

  * Ir/op = (Ir − B) / ops — marginal instruction count per operation, with
    the one-time process bootstrap subtracted. B is taken PER ARM: SeferAlloc
    rows use large_alloc_free_cycle (B=4,080); mimalloc_* rows use
    mimalloc_bootstrap_proxy (B=13,050) — the two allocators' bootstrap
    constants are never mixed (R22-15/task #366). Comparable across benches
    within the SAME arm; the honest unit for per-op thresholds (review finding
    F2). "-" = bootstrap proxy / no op-count / that arm's bootstrap bench absent.

  Sefer/mimalloc marginal Ir/op ratio (workload-matched pairs):

  workload                  Sefer Ir/op      mi Ir/op         ratio
  -----------------------  ------------  ------------  ------------
  small_churn_16b                  73.9          55.9         1.322
  churn_256b                       73.9          48.1         1.536
  cold_alloc_free_256x16b         183.2          75.3         2.433

  ratio = Sefer Ir/op ÷ mimalloc Ir/op — > 1.000 means SeferAlloc retires MORE
    instructions per op than mimalloc on that workload (i.e. mimalloc is
    cheaper in Ir); < 1.000 means the reverse. "-" when a pair's row is
    missing/filtered on either side.

[iai] PASS — 16 bench(es) produced Ir
