    Finished `bench` profile [optimized] target(s) in 1.03s
warning: the following packages contain code that will be rejected by a future version of Rust: proc-macro-error2 v2.0.1
note: to see what the problems were, use the option `--future-incompat-report`, or run `cargo report future-incompatibilities --id 1`
     Running benches/global_alloc.rs ($HOME/target-ph6b-cand-bt/release/deps/global_alloc-dbcb5f322929efe8)
Gnuplot not found, using plotters backend
Benchmarking global_alloc/System/16B
Benchmarking global_alloc/System/16B: Warming up for 150.00 ms
Benchmarking global_alloc/System/16B: Collecting 10 samples in estimated 600.57 ms (48k iterations)
Benchmarking global_alloc/System/16B: Analyzing
global_alloc/System/16B time:   [13.482 µs 19.624 µs 26.511 µs]
                        change: [-38.536% -13.881% +22.838%] (p = 0.42 > 0.05)
                        No change in performance detected.
Found 1 outliers among 10 measurements (10.00%)
  1 (10.00%) high mild
Benchmarking global_alloc/mimalloc/16B
Benchmarking global_alloc/mimalloc/16B: Warming up for 150.00 ms
Benchmarking global_alloc/mimalloc/16B: Collecting 10 samples in estimated 600.13 ms (62k iterations)
Benchmarking global_alloc/mimalloc/16B: Analyzing
global_alloc/mimalloc/16B
                        time:   [4.8955 µs 8.2918 µs 10.924 µs]
                        change: [-4.0709% +29.437% +70.046%] (p = 0.17 > 0.05)
                        No change in performance detected.
Found 2 outliers among 10 measurements (20.00%)
  2 (20.00%) high mild
Benchmarking global_alloc/SeferAlloc/16B
Benchmarking global_alloc/SeferAlloc/16B: Warming up for 150.00 ms
Benchmarking global_alloc/SeferAlloc/16B: Collecting 10 samples in estimated 604.50 ms (5775 iterations)
Benchmarking global_alloc/SeferAlloc/16B: Analyzing
global_alloc/SeferAlloc/16B
                        time:   [71.343 µs 82.248 µs 99.087 µs]
                        change: [-4.0572% +19.320% +52.420%] (p = 0.15 > 0.05)
                        No change in performance detected.
Benchmarking global_alloc/SeferAlloc/64B
Benchmarking global_alloc/SeferAlloc/64B: Warming up for 150.00 ms
Benchmarking global_alloc/SeferAlloc/64B: Collecting 10 samples in estimated 600.54 ms (12k iterations)
Benchmarking global_alloc/SeferAlloc/64B: Analyzing
global_alloc/SeferAlloc/64B
                        time:   [40.287 µs 50.972 µs 63.750 µs]
                        change: [-2.9760% +10.352% +25.876%] (p = 0.27 > 0.05)
                        No change in performance detected.
Found 1 outliers among 10 measurements (10.00%)
  1 (10.00%) high mild
Benchmarking global_alloc/mimalloc/64B
Benchmarking global_alloc/mimalloc/64B: Warming up for 150.00 ms
Benchmarking global_alloc/mimalloc/64B: Collecting 10 samples in estimated 600.47 ms (57k iterations)
Benchmarking global_alloc/mimalloc/64B: Analyzing
global_alloc/mimalloc/64B
                        time:   [6.4993 µs 8.3344 µs 9.9592 µs]
                        change: [-63.921% -54.506% -41.600%] (p = 0.00 < 0.05)
                        Performance has improved.
Found 2 outliers among 10 measurements (20.00%)
  1 (10.00%) high mild
  1 (10.00%) high severe
Benchmarking global_alloc/System/64B
Benchmarking global_alloc/System/64B: Warming up for 150.00 ms
Benchmarking global_alloc/System/64B: Collecting 10 samples in estimated 601.33 ms (7645 iterations)
Benchmarking global_alloc/System/64B: Analyzing
global_alloc/System/64B time:   [27.797 µs 30.993 µs 36.293 µs]
                        change: [-34.192% -19.470% +0.6477%] (p = 0.10 > 0.05)
                        No change in performance detected.
Benchmarking global_alloc/SeferAlloc/256B
Benchmarking global_alloc/SeferAlloc/256B: Warming up for 150.00 ms
Benchmarking global_alloc/SeferAlloc/256B: Collecting 10 samples in estimated 600.22 ms (6710 iterations)
Benchmarking global_alloc/SeferAlloc/256B: Analyzing
global_alloc/SeferAlloc/256B
                        time:   [48.904 µs 68.640 µs 81.969 µs]
                        change: [-19.380% +2.1313% +30.353%] (p = 0.88 > 0.05)
                        No change in performance detected.
Found 1 outliers among 10 measurements (10.00%)
  1 (10.00%) high mild
Benchmarking global_alloc/System/256B
Benchmarking global_alloc/System/256B: Warming up for 150.00 ms
Benchmarking global_alloc/System/256B: Collecting 10 samples in estimated 600.10 ms (14k iterations)
Benchmarking global_alloc/System/256B: Analyzing
global_alloc/System/256B
                        time:   [38.167 µs 44.431 µs 49.967 µs]
                        change: [-47.701% -38.431% -27.364%] (p = 0.00 < 0.05)
                        Performance has improved.
Found 1 outliers among 10 measurements (10.00%)
  1 (10.00%) high mild
Benchmarking global_alloc/mimalloc/256B
Benchmarking global_alloc/mimalloc/256B: Warming up for 150.00 ms
Benchmarking global_alloc/mimalloc/256B: Collecting 10 samples in estimated 600.37 ms (36k iterations)
Benchmarking global_alloc/mimalloc/256B: Analyzing
global_alloc/mimalloc/256B
                        time:   [7.9582 µs 8.2149 µs 8.6438 µs]
                        change: [-48.895% -35.019% -13.428%] (p = 0.01 < 0.05)
                        Performance has improved.
Found 1 outliers among 10 measurements (10.00%)
  1 (10.00%) high mild
Benchmarking global_alloc/mimalloc/1024B
Benchmarking global_alloc/mimalloc/1024B: Warming up for 150.00 ms
Benchmarking global_alloc/mimalloc/1024B: Collecting 10 samples in estimated 600.54 ms (11k iterations)
Benchmarking global_alloc/mimalloc/1024B: Analyzing
global_alloc/mimalloc/1024B
                        time:   [33.864 µs 37.384 µs 40.810 µs]
                        change: [-12.745% +5.2699% +32.653%] (p = 0.64 > 0.05)
                        No change in performance detected.
Benchmarking global_alloc/SeferAlloc/1024B
Benchmarking global_alloc/SeferAlloc/1024B: Warming up for 150.00 ms
Benchmarking global_alloc/SeferAlloc/1024B: Collecting 10 samples in estimated 600.48 ms (3850 iterations)
Benchmarking global_alloc/SeferAlloc/1024B: Analyzing
global_alloc/SeferAlloc/1024B
                        time:   [46.874 µs 51.388 µs 59.531 µs]
                        change: [-34.277% -25.782% -16.098%] (p = 0.00 < 0.05)
                        Performance has improved.
Benchmarking global_alloc/System/1024B
Benchmarking global_alloc/System/1024B: Warming up for 150.00 ms
Benchmarking global_alloc/System/1024B: Collecting 10 samples in estimated 604.07 ms (5720 iterations)
Benchmarking global_alloc/System/1024B: Analyzing
global_alloc/System/1024B
                        time:   [46.205 µs 47.337 µs 48.821 µs]
                        change: [-40.685% -26.913% -10.412%] (p = 0.01 < 0.05)
                        Performance has improved.
Found 2 outliers among 10 measurements (20.00%)
  2 (20.00%) high severe
Benchmarking global_alloc/manual_realloc_sim/mimalloc
Benchmarking global_alloc/manual_realloc_sim/mimalloc: Warming up for 150.00 ms
Benchmarking global_alloc/manual_realloc_sim/mimalloc: Collecting 10 samples in estimated 600.02 ms (1.0M iterations)
Benchmarking global_alloc/manual_realloc_sim/mimalloc: Analyzing
global_alloc/manual_realloc_sim/mimalloc
                        time:   [570.21 ns 731.12 ns 891.95 ns]
                        change: [-40.864% -23.666% +4.6676%] (p = 0.12 > 0.05)
                        No change in performance detected.
Found 1 outliers among 10 measurements (10.00%)
  1 (10.00%) high severe
Benchmarking global_alloc/manual_realloc_sim/System
Benchmarking global_alloc/manual_realloc_sim/System: Warming up for 150.00 ms
Benchmarking global_alloc/manual_realloc_sim/System: Collecting 10 samples in estimated 600.06 ms (463k iterations)
Benchmarking global_alloc/manual_realloc_sim/System: Analyzing
global_alloc/manual_realloc_sim/System
                        time:   [548.87 ns 629.67 ns 827.68 ns]
                        change: [+8.2290% +37.244% +77.528%] (p = 0.05 < 0.05)
                        Performance has regressed.
Benchmarking global_alloc/manual_realloc_sim/SeferAlloc
Benchmarking global_alloc/manual_realloc_sim/SeferAlloc: Warming up for 150.00 ms
Benchmarking global_alloc/manual_realloc_sim/SeferAlloc: Collecting 10 samples in estimated 600.07 ms (443k iterations)
Benchmarking global_alloc/manual_realloc_sim/SeferAlloc: Analyzing
global_alloc/manual_realloc_sim/SeferAlloc
                        time:   [704.13 ns 982.98 ns 1.2352 µs]
                        change: [-50.131% -28.180% +10.101%] (p = 0.19 > 0.05)
                        No change in performance detected.
Found 2 outliers among 10 measurements (20.00%)
  1 (10.00%) high mild
  1 (10.00%) high severe

Benchmarking global_alloc_churn/System/16B
Benchmarking global_alloc_churn/System/16B: Warming up for 150.00 ms
Benchmarking global_alloc_churn/System/16B: Collecting 10 samples in estimated 601.64 ms (13k iterations)
Benchmarking global_alloc_churn/System/16B: Analyzing
global_alloc_churn/System/16B
                        time:   [14.075 µs 17.116 µs 21.551 µs]
                        change: [-50.039% -38.065% -23.627%] (p = 0.00 < 0.05)
                        Performance has improved.
Benchmarking global_alloc_churn/SeferAlloc/16B
Benchmarking global_alloc_churn/SeferAlloc/16B: Warming up for 150.00 ms
Benchmarking global_alloc_churn/SeferAlloc/16B: Collecting 10 samples in estimated 600.13 ms (16k iterations)
Benchmarking global_alloc_churn/SeferAlloc/16B: Analyzing
global_alloc_churn/SeferAlloc/16B
                        time:   [16.600 µs 19.104 µs 25.038 µs]
                        change: [-43.852% -22.504% +9.2850%] (p = 0.20 > 0.05)
                        No change in performance detected.
Found 2 outliers among 10 measurements (20.00%)
  2 (20.00%) high severe
Benchmarking global_alloc_churn/mimalloc/16B
Benchmarking global_alloc_churn/mimalloc/16B: Warming up for 150.00 ms
Benchmarking global_alloc_churn/mimalloc/16B: Collecting 10 samples in estimated 601.02 ms (32k iterations)
Benchmarking global_alloc_churn/mimalloc/16B: Analyzing
global_alloc_churn/mimalloc/16B
                        time:   [6.3919 µs 6.6424 µs 7.2367 µs]
                        change: [-42.928% -23.169% +4.5624%] (p = 0.15 > 0.05)
                        No change in performance detected.
Found 2 outliers among 10 measurements (20.00%)
  2 (20.00%) high mild
Benchmarking global_alloc_churn/System/64B
Benchmarking global_alloc_churn/System/64B: Warming up for 150.00 ms
Benchmarking global_alloc_churn/System/64B: Collecting 10 samples in estimated 602.23 ms (13k iterations)
Benchmarking global_alloc_churn/System/64B: Analyzing
global_alloc_churn/System/64B
                        time:   [23.206 µs 27.847 µs 31.299 µs]
                        change: [-34.402% -16.043% +9.8527%] (p = 0.25 > 0.05)
                        No change in performance detected.
Benchmarking global_alloc_churn/mimalloc/64B
Benchmarking global_alloc_churn/mimalloc/64B: Warming up for 150.00 ms
Benchmarking global_alloc_churn/mimalloc/64B: Collecting 10 samples in estimated 601.09 ms (30k iterations)
Benchmarking global_alloc_churn/mimalloc/64B: Analyzing
global_alloc_churn/mimalloc/64B
                        time:   [8.8231 µs 11.944 µs 17.346 µs]
                        change: [-49.668% -32.068% -5.3361%] (p = 0.04 < 0.05)
                        Performance has improved.
Found 1 outliers among 10 measurements (10.00%)
  1 (10.00%) high severe
Benchmarking global_alloc_churn/SeferAlloc/64B
Benchmarking global_alloc_churn/SeferAlloc/64B: Warming up for 150.00 ms
Benchmarking global_alloc_churn/SeferAlloc/64B: Collecting 10 samples in estimated 606.66 ms (2750 iterations)
Benchmarking global_alloc_churn/SeferAlloc/64B: Analyzing
global_alloc_churn/SeferAlloc/64B
                        time:   [18.539 µs 21.642 µs 25.012 µs]
                        change: [+2.5516% +18.269% +35.648%] (p = 0.04 < 0.05)
                        Performance has regressed.
Found 1 outliers among 10 measurements (10.00%)
  1 (10.00%) high mild
Benchmarking global_alloc_churn/SeferAlloc/256B
Benchmarking global_alloc_churn/SeferAlloc/256B: Warming up for 150.00 ms
Benchmarking global_alloc_churn/SeferAlloc/256B: Collecting 10 samples in estimated 610.01 ms (2970 iterations)
Benchmarking global_alloc_churn/SeferAlloc/256B: Analyzing
global_alloc_churn/SeferAlloc/256B
                        time:   [17.312 µs 19.554 µs 21.851 µs]
                        change: [-30.137% -17.808% -2.4271%] (p = 0.05 < 0.05)
                        Performance has improved.
Benchmarking global_alloc_churn/mimalloc/256B
Benchmarking global_alloc_churn/mimalloc/256B: Warming up for 150.00 ms
Benchmarking global_alloc_churn/mimalloc/256B: Collecting 10 samples in estimated 600.53 ms (8800 iterations)
Benchmarking global_alloc_churn/mimalloc/256B: Analyzing
global_alloc_churn/mimalloc/256B
                        time:   [19.932 µs 27.638 µs 34.996 µs]
                        change: [-39.995% -16.072% +19.299%] (p = 0.42 > 0.05)
                        No change in performance detected.
Found 1 outliers among 10 measurements (10.00%)
  1 (10.00%) high mild
Benchmarking global_alloc_churn/System/256B
Benchmarking global_alloc_churn/System/256B: Warming up for 150.00 ms
Benchmarking global_alloc_churn/System/256B: Collecting 10 samples in estimated 603.97 ms (6325 iterations)
Benchmarking global_alloc_churn/System/256B: Analyzing
global_alloc_churn/System/256B
                        time:   [20.322 µs 26.292 µs 33.630 µs]
                        change: [-61.217% -42.868% -10.985%] (p = 0.03 < 0.05)
                        Performance has improved.
Found 2 outliers among 10 measurements (20.00%)
  2 (20.00%) high mild
Benchmarking global_alloc_churn/SeferAlloc/1024B
Benchmarking global_alloc_churn/SeferAlloc/1024B: Warming up for 150.00 ms
Benchmarking global_alloc_churn/SeferAlloc/1024B: Collecting 10 samples in estimated 602.82 ms (825 iterations)
Benchmarking global_alloc_churn/SeferAlloc/1024B: Analyzing
global_alloc_churn/SeferAlloc/1024B
                        time:   [21.592 µs 25.498 µs 28.807 µs]
                        change: [-67.119% -50.082% -12.128%] (p = 0.04 < 0.05)
                        Performance has improved.
Found 2 outliers among 10 measurements (20.00%)
  1 (10.00%) low mild
  1 (10.00%) high mild
Benchmarking global_alloc_churn/System/1024B
Benchmarking global_alloc_churn/System/1024B: Warming up for 150.00 ms
Benchmarking global_alloc_churn/System/1024B: Collecting 10 samples in estimated 609.20 ms (2475 iterations)
Benchmarking global_alloc_churn/System/1024B: Analyzing
global_alloc_churn/System/1024B
                        time:   [25.671 µs 56.158 µs 75.984 µs]
                        change: [-48.929% -7.0199% +50.703%] (p = 0.79 > 0.05)
                        No change in performance detected.
Found 2 outliers among 10 measurements (20.00%)
  2 (20.00%) high severe
Benchmarking global_alloc_churn/mimalloc/1024B
Benchmarking global_alloc_churn/mimalloc/1024B: Warming up for 150.00 ms
Benchmarking global_alloc_churn/mimalloc/1024B: Collecting 10 samples in estimated 607.46 ms (3190 iterations)
Benchmarking global_alloc_churn/mimalloc/1024B: Analyzing
global_alloc_churn/mimalloc/1024B
                        time:   [77.939 µs 84.260 µs 92.673 µs]
                        change: [-47.130% -26.274% +6.9457%] (p = 0.11 > 0.05)
                        No change in performance detected.
Found 1 outliers among 10 measurements (10.00%)
  1 (10.00%) high severe

Benchmarking global_alloc_churn_with_teardown/mimalloc/16B
Benchmarking global_alloc_churn_with_teardown/mimalloc/16B: Warming up for 150.00 ms
Benchmarking global_alloc_churn_with_teardown/mimalloc/16B: Collecting 10 samples in estimated 601.76 ms (18k iterations)
Benchmarking global_alloc_churn_with_teardown/mimalloc/16B: Analyzing
global_alloc_churn_with_teardown/mimalloc/16B
                        time:   [8.7955 µs 11.683 µs 17.979 µs]
                        change: [-18.817% +33.715% +102.26%] (p = 0.30 > 0.05)
                        No change in performance detected.
Found 1 outliers among 10 measurements (10.00%)
  1 (10.00%) high mild
Benchmarking global_alloc_churn_with_teardown/SeferAlloc/16B
Benchmarking global_alloc_churn_with_teardown/SeferAlloc/16B: Warming up for 150.00 ms
Benchmarking global_alloc_churn_with_teardown/SeferAlloc/16B: Collecting 10 samples in estimated 602.19 ms (11k iterations)
Benchmarking global_alloc_churn_with_teardown/SeferAlloc/16B: Analyzing
global_alloc_churn_with_teardown/SeferAlloc/16B
                        time:   [29.178 µs 40.866 µs 51.280 µs]
                        change: [-42.374% -22.232% +6.3866%] (p = 0.12 > 0.05)
                        No change in performance detected.
Benchmarking global_alloc_churn_with_teardown/System/16B
Benchmarking global_alloc_churn_with_teardown/System/16B: Warming up for 150.00 ms
Benchmarking global_alloc_churn_with_teardown/System/16B: Collecting 10 samples in estimated 600.89 ms (11k iterations)
Benchmarking global_alloc_churn_with_teardown/System/16B: Analyzing
global_alloc_churn_with_teardown/System/16B
                        time:   [15.031 µs 18.804 µs 26.824 µs]
                        change: [-28.475% -5.7648% +23.887%] (p = 0.69 > 0.05)
                        No change in performance detected.
global_alloc_churn_with_teardown/16B: decommit_calls delta = 0, segments_released_total delta = 0
Benchmarking global_alloc_churn_with_teardown/mimalloc/64B
Benchmarking global_alloc_churn_with_teardown/mimalloc/64B: Warming up for 150.00 ms
Benchmarking global_alloc_churn_with_teardown/mimalloc/64B: Collecting 10 samples in estimated 601.16 ms (20k iterations)
Benchmarking global_alloc_churn_with_teardown/mimalloc/64B: Analyzing
global_alloc_churn_with_teardown/mimalloc/64B
                        time:   [10.682 µs 19.537 µs 26.105 µs]
                        change: [-37.620% -2.2996% +45.630%] (p = 0.92 > 0.05)
                        No change in performance detected.
Benchmarking global_alloc_churn_with_teardown/System/64B
Benchmarking global_alloc_churn_with_teardown/System/64B: Warming up for 150.00 ms
Benchmarking global_alloc_churn_with_teardown/System/64B: Collecting 10 samples in estimated 601.07 ms (8690 iterations)
Benchmarking global_alloc_churn_with_teardown/System/64B: Analyzing
global_alloc_churn_with_teardown/System/64B
                        time:   [15.004 µs 18.143 µs 25.911 µs]
                        change: [+11.717% +62.788% +111.68%] (p = 0.03 < 0.05)
                        Performance has regressed.
Benchmarking global_alloc_churn_with_teardown/SeferAlloc/64B
Benchmarking global_alloc_churn_with_teardown/SeferAlloc/64B: Warming up for 150.00 ms
Benchmarking global_alloc_churn_with_teardown/SeferAlloc/64B: Collecting 10 samples in estimated 604.46 ms (1595 iterations)
Benchmarking global_alloc_churn_with_teardown/SeferAlloc/64B: Analyzing
global_alloc_churn_with_teardown/SeferAlloc/64B
                        time:   [21.773 µs 24.610 µs 27.511 µs]
                        change: [-4.4035% +4.5457% +15.824%] (p = 0.40 > 0.05)
                        No change in performance detected.
Found 1 outliers among 10 measurements (10.00%)
  1 (10.00%) high mild
global_alloc_churn_with_teardown/64B: decommit_calls delta = 0, segments_released_total delta = 0
Benchmarking global_alloc_churn_with_teardown/System/256B
Benchmarking global_alloc_churn_with_teardown/System/256B: Warming up for 150.00 ms
Benchmarking global_alloc_churn_with_teardown/System/256B: Collecting 10 samples in estimated 603.46 ms (5445 iterations)
Benchmarking global_alloc_churn_with_teardown/System/256B: Analyzing
global_alloc_churn_with_teardown/System/256B
                        time:   [30.879 µs 39.850 µs 54.420 µs]
                        change: [-29.872% +7.3174% +72.132%] (p = 0.77 > 0.05)
                        No change in performance detected.
Benchmarking global_alloc_churn_with_teardown/SeferAlloc/256B
Benchmarking global_alloc_churn_with_teardown/SeferAlloc/256B: Warming up for 150.00 ms
Benchmarking global_alloc_churn_with_teardown/SeferAlloc/256B: Collecting 10 samples in estimated 615.97 ms (1045 iterations)
Benchmarking global_alloc_churn_with_teardown/SeferAlloc/256B: Analyzing
global_alloc_churn_with_teardown/SeferAlloc/256B
                        time:   [38.112 µs 41.818 µs 45.430 µs]
                        change: [+11.020% +42.136% +76.024%] (p = 0.01 < 0.05)
                        Performance has regressed.
Benchmarking global_alloc_churn_with_teardown/mimalloc/256B
Benchmarking global_alloc_churn_with_teardown/mimalloc/256B: Warming up for 150.00 ms
Benchmarking global_alloc_churn_with_teardown/mimalloc/256B: Collecting 10 samples in estimated 604.31 ms (7590 iterations)
Benchmarking global_alloc_churn_with_teardown/mimalloc/256B: Analyzing
global_alloc_churn_with_teardown/mimalloc/256B
                        time:   [11.960 µs 14.396 µs 19.641 µs]
                        change: [-41.982% -11.255% +42.209%] (p = 0.63 > 0.05)
                        No change in performance detected.
global_alloc_churn_with_teardown/256B: decommit_calls delta = 0, segments_released_total delta = 0
Benchmarking global_alloc_churn_with_teardown/System/1024B
Benchmarking global_alloc_churn_with_teardown/System/1024B: Warming up for 150.00 ms
Benchmarking global_alloc_churn_with_teardown/System/1024B: Collecting 10 samples in estimated 604.21 ms (2585 iterations)
Benchmarking global_alloc_churn_with_teardown/System/1024B: Analyzing
global_alloc_churn_with_teardown/System/1024B
                        time:   [27.250 µs 36.332 µs 50.724 µs]
                        change: [+19.655% +61.886% +117.60%] (p = 0.01 < 0.05)
                        Performance has regressed.
Benchmarking global_alloc_churn_with_teardown/mimalloc/1024B
Benchmarking global_alloc_churn_with_teardown/mimalloc/1024B: Warming up for 150.00 ms
Benchmarking global_alloc_churn_with_teardown/mimalloc/1024B: Collecting 10 samples in estimated 600.01 ms (4730 iterations)
Benchmarking global_alloc_churn_with_teardown/mimalloc/1024B: Analyzing
global_alloc_churn_with_teardown/mimalloc/1024B
                        time:   [26.252 µs 37.132 µs 55.989 µs]
                        change: [+0.4448% +38.828% +91.558%] (p = 0.08 > 0.05)
                        No change in performance detected.
Benchmarking global_alloc_churn_with_teardown/SeferAlloc/1024B
Benchmarking global_alloc_churn_with_teardown/SeferAlloc/1024B: Warming up for 150.00 ms
Benchmarking global_alloc_churn_with_teardown/SeferAlloc/1024B: Collecting 10 samples in estimated 608.07 ms (1100 iterations)
Benchmarking global_alloc_churn_with_teardown/SeferAlloc/1024B: Analyzing
global_alloc_churn_with_teardown/SeferAlloc/1024B
                        time:   [46.675 µs 63.854 µs 78.542 µs]
                        change: [-15.775% +120.79% +412.27%] (p = 0.32 > 0.05)
                        No change in performance detected.
Found 1 outliers among 10 measurements (10.00%)
  1 (10.00%) high severe
global_alloc_churn_with_teardown/1024B: decommit_calls delta = 0, segments_released_total delta = 0

Benchmarking global_alloc_churn_write/SeferAlloc/16B
Benchmarking global_alloc_churn_write/SeferAlloc/16B: Warming up for 150.00 ms
Benchmarking global_alloc_churn_write/SeferAlloc/16B: Collecting 10 samples in estimated 603.59 ms (8965 iterations)
Benchmarking global_alloc_churn_write/SeferAlloc/16B: Analyzing
global_alloc_churn_write/SeferAlloc/16B
                        time:   [27.960 µs 31.061 µs 36.149 µs]
                        change: [+20.151% +46.229% +82.452%] (p = 0.00 < 0.05)
                        Performance has regressed.
Found 1 outliers among 10 measurements (10.00%)
  1 (10.00%) high severe
Benchmarking global_alloc_churn_write/mimalloc/16B
Benchmarking global_alloc_churn_write/mimalloc/16B: Warming up for 150.00 ms
Benchmarking global_alloc_churn_write/mimalloc/16B: Collecting 10 samples in estimated 601.63 ms (19k iterations)
Benchmarking global_alloc_churn_write/mimalloc/16B: Analyzing
global_alloc_churn_write/mimalloc/16B
                        time:   [7.0212 µs 7.6202 µs 8.4767 µs]
                        change: [-4.9803% +14.889% +40.541%] (p = 0.24 > 0.05)
                        No change in performance detected.
Found 1 outliers among 10 measurements (10.00%)
  1 (10.00%) high mild
Benchmarking global_alloc_churn_write/System/16B
Benchmarking global_alloc_churn_write/System/16B: Warming up for 150.00 ms
Benchmarking global_alloc_churn_write/System/16B: Collecting 10 samples in estimated 602.19 ms (13k iterations)
Benchmarking global_alloc_churn_write/System/16B: Analyzing
global_alloc_churn_write/System/16B
                        time:   [14.032 µs 16.185 µs 19.729 µs]
                        change: [+28.011% +66.564% +121.49%] (p = 0.00 < 0.05)
                        Performance has regressed.
Found 2 outliers among 10 measurements (20.00%)
  1 (10.00%) high mild
  1 (10.00%) high severe
Benchmarking global_alloc_churn_write/SeferAlloc/64B
Benchmarking global_alloc_churn_write/SeferAlloc/64B: Warming up for 150.00 ms
Benchmarking global_alloc_churn_write/SeferAlloc/64B: Collecting 10 samples in estimated 611.33 ms (1815 iterations)
Benchmarking global_alloc_churn_write/SeferAlloc/64B: Analyzing
global_alloc_churn_write/SeferAlloc/64B
                        time:   [24.718 µs 36.141 µs 51.015 µs]
                        change: [-22.621% +29.072% +124.47%] (p = 0.35 > 0.05)
                        No change in performance detected.
Found 1 outliers among 10 measurements (10.00%)
  1 (10.00%) high mild
Benchmarking global_alloc_churn_write/System/64B
Benchmarking global_alloc_churn_write/System/64B: Warming up for 150.00 ms
Benchmarking global_alloc_churn_write/System/64B: Collecting 10 samples in estimated 602.15 ms (7920 iterations)
Benchmarking global_alloc_churn_write/System/64B: Analyzing
global_alloc_churn_write/System/64B
                        time:   [38.490 µs 43.986 µs 48.010 µs]
                        change: [-1.3588% +42.878% +105.32%] (p = 0.08 > 0.05)
                        No change in performance detected.
Found 2 outliers among 10 measurements (20.00%)
  1 (10.00%) low mild
  1 (10.00%) high mild
Benchmarking global_alloc_churn_write/mimalloc/64B
Benchmarking global_alloc_churn_write/mimalloc/64B: Warming up for 150.00 ms
Benchmarking global_alloc_churn_write/mimalloc/64B: Collecting 10 samples in estimated 600.19 ms (16k iterations)
Benchmarking global_alloc_churn_write/mimalloc/64B: Analyzing
global_alloc_churn_write/mimalloc/64B
                        time:   [12.456 µs 15.734 µs 21.990 µs]
                        change: [+44.382% +100.08% +175.15%] (p = 0.00 < 0.05)
                        Performance has regressed.
Benchmarking global_alloc_churn_write/mimalloc/256B
Benchmarking global_alloc_churn_write/mimalloc/256B: Warming up for 150.00 ms
Benchmarking global_alloc_churn_write/mimalloc/256B: Collecting 10 samples in estimated 603.83 ms (5115 iterations)
Benchmarking global_alloc_churn_write/mimalloc/256B: Analyzing
global_alloc_churn_write/mimalloc/256B
                        time:   [23.615 µs 28.058 µs 33.694 µs]
                        change: [+112.66% +187.35% +281.71%] (p = 0.00 < 0.05)
                        Performance has regressed.
Found 1 outliers among 10 measurements (10.00%)
  1 (10.00%) high mild
Benchmarking global_alloc_churn_write/SeferAlloc/256B
Benchmarking global_alloc_churn_write/SeferAlloc/256B: Warming up for 150.00 ms
Benchmarking global_alloc_churn_write/SeferAlloc/256B: Collecting 10 samples in estimated 610.55 ms (1540 iterations)
Benchmarking global_alloc_churn_write/SeferAlloc/256B: Analyzing
global_alloc_churn_write/SeferAlloc/256B
                        time:   [27.377 µs 34.529 µs 41.554 µs]
                        change: [-34.147% -4.6627% +40.481%] (p = 0.83 > 0.05)
                        No change in performance detected.
Found 2 outliers among 10 measurements (20.00%)
  1 (10.00%) high mild
  1 (10.00%) high severe
Benchmarking global_alloc_churn_write/System/256B
Benchmarking global_alloc_churn_write/System/256B: Warming up for 150.00 ms
Benchmarking global_alloc_churn_write/System/256B: Collecting 10 samples in estimated 600.88 ms (4730 iterations)
Benchmarking global_alloc_churn_write/System/256B: Analyzing
global_alloc_churn_write/System/256B
                        time:   [23.825 µs 37.390 µs 52.481 µs]
                        change: [+133.96% +263.75% +381.28%] (p = 0.00 < 0.05)
                        Performance has regressed.
Benchmarking global_alloc_churn_write/mimalloc/1024B
Benchmarking global_alloc_churn_write/mimalloc/1024B: Warming up for 150.00 ms
Benchmarking global_alloc_churn_write/mimalloc/1024B: Collecting 10 samples in estimated 611.32 ms (1925 iterations)
Benchmarking global_alloc_churn_write/mimalloc/1024B: Analyzing
global_alloc_churn_write/mimalloc/1024B
                        time:   [119.84 µs 132.95 µs 162.79 µs]
                        change: [+7.0621% +45.016% +96.334%] (p = 0.03 < 0.05)
                        Performance has regressed.
Benchmarking global_alloc_churn_write/System/1024B
Benchmarking global_alloc_churn_write/System/1024B: Warming up for 150.00 ms
Benchmarking global_alloc_churn_write/System/1024B: Collecting 10 samples in estimated 610.28 ms (2860 iterations)
Benchmarking global_alloc_churn_write/System/1024B: Analyzing
global_alloc_churn_write/System/1024B
                        time:   [14.334 µs 17.920 µs 20.231 µs]
                        change: [-46.630% -24.516% +5.1261%] (p = 0.18 > 0.05)
                        No change in performance detected.
Benchmarking global_alloc_churn_write/SeferAlloc/1024B
Benchmarking global_alloc_churn_write/SeferAlloc/1024B: Warming up for 150.00 ms
Benchmarking global_alloc_churn_write/SeferAlloc/1024B: Collecting 10 samples in estimated 634.71 ms (605 iterations)
Benchmarking global_alloc_churn_write/SeferAlloc/1024B: Analyzing
global_alloc_churn_write/SeferAlloc/1024B
                        time:   [23.265 µs 35.041 µs 58.125 µs]
                        change: [-0.6519% +50.501% +115.85%] (p = 0.09 > 0.05)
                        No change in performance detected.

Benchmarking segment_decommit_cycle/System/253KiB
Benchmarking segment_decommit_cycle/System/253KiB: Warming up for 150.00 ms
Benchmarking segment_decommit_cycle/System/253KiB: Collecting 10 samples in estimated 600.00 ms (171k iterations)
Benchmarking segment_decommit_cycle/System/253KiB: Analyzing
segment_decommit_cycle/System/253KiB
                        time:   [2.6235 µs 3.3068 µs 3.8939 µs]
                        change: [+59.088% +85.864% +111.84%] (p = 0.00 < 0.05)
                        Performance has regressed.
Found 2 outliers among 10 measurements (20.00%)
  2 (20.00%) low mild
Benchmarking segment_decommit_cycle/SeferAlloc/253KiB
Benchmarking segment_decommit_cycle/SeferAlloc/253KiB: Warming up for 150.00 ms
Benchmarking segment_decommit_cycle/SeferAlloc/253KiB: Collecting 10 samples in estimated 768.21 ms (220 iterations)
Benchmarking segment_decommit_cycle/SeferAlloc/253KiB: Analyzing
segment_decommit_cycle/SeferAlloc/253KiB
                        time:   [1.5222 ms 1.8547 ms 2.2464 ms]
                        change: [-1.7159% +17.112% +39.900%] (p = 0.12 > 0.05)
                        No change in performance detected.
Benchmarking segment_decommit_cycle/mimalloc/253KiB
Benchmarking segment_decommit_cycle/mimalloc/253KiB: Warming up for 150.00 ms
Benchmarking segment_decommit_cycle/mimalloc/253KiB: Collecting 10 samples in estimated 600.05 ms (87k iterations)
Benchmarking segment_decommit_cycle/mimalloc/253KiB: Analyzing
segment_decommit_cycle/mimalloc/253KiB
                        time:   [2.7306 µs 2.9602 µs 3.4967 µs]
                        change: [-38.930% -22.261% +0.9385%] (p = 0.08 > 0.05)
                        No change in performance detected.
Found 1 outliers among 10 measurements (10.00%)
  1 (10.00%) high mild

Benchmarking working_set_cycle/SeferAlloc/16B
Benchmarking working_set_cycle/SeferAlloc/16B: Warming up for 150.00 ms
Benchmarking working_set_cycle/SeferAlloc/16B: Collecting 10 samples in estimated 852.15 ms (110 iterations)
Benchmarking working_set_cycle/SeferAlloc/16B: Analyzing
working_set_cycle/SeferAlloc/16B
                        time:   [258.72 µs 373.83 µs 471.40 µs]
                        change: [-31.695% -13.138% +13.059%] (p = 0.29 > 0.05)
                        No change in performance detected.
Found 1 outliers among 10 measurements (10.00%)
  1 (10.00%) high severe
working_set_cycle/SeferAlloc/16B: decommit_calls delta = 0, segments_released_total delta = 0
Benchmarking working_set_cycle/SeferAlloc/64B
Benchmarking working_set_cycle/SeferAlloc/64B: Warming up for 150.00 ms
Benchmarking working_set_cycle/SeferAlloc/64B: Collecting 10 samples in estimated 1.0354 s (20 iterations)
Benchmarking working_set_cycle/SeferAlloc/64B: Analyzing
working_set_cycle/SeferAlloc/64B
                        time:   [282.66 µs 333.01 µs 399.94 µs]
                        change: [-0.5755% +20.817% +47.665%] (p = 0.11 > 0.05)
                        No change in performance detected.
Found 1 outliers among 10 measurements (10.00%)
  1 (10.00%) high severe
working_set_cycle/SeferAlloc/64B: decommit_calls delta = 0, segments_released_total delta = 0
Benchmarking working_set_cycle/SeferAlloc/256B
Benchmarking working_set_cycle/SeferAlloc/256B: Warming up for 150.00 ms
Benchmarking working_set_cycle/SeferAlloc/256B: Collecting 10 samples in estimated 1.1920 s (20 iterations)
Benchmarking working_set_cycle/SeferAlloc/256B: Analyzing
working_set_cycle/SeferAlloc/256B
                        time:   [267.25 µs 297.55 µs 331.78 µs]
                        change: [-2.3868% +10.326% +26.724%] (p = 0.19 > 0.05)
                        No change in performance detected.
working_set_cycle/SeferAlloc/256B: decommit_calls delta = 0, segments_released_total delta = 0
Benchmarking working_set_cycle/SeferAlloc/1024B
Benchmarking working_set_cycle/SeferAlloc/1024B: Warming up for 150.00 ms

Warning: Unable to complete 10 samples in 600.0ms. You may wish to increase target time to 1.6s.
Benchmarking working_set_cycle/SeferAlloc/1024B: Collecting 10 samples in estimated 1.6077 s (10 iterations)
Benchmarking working_set_cycle/SeferAlloc/1024B: Analyzing
working_set_cycle/SeferAlloc/1024B
                        time:   [289.85 µs 326.88 µs 364.72 µs]
                        change: [-34.155% +0.7483% +45.095%] (p = 0.98 > 0.05)
                        No change in performance detected.
working_set_cycle/SeferAlloc/1024B: decommit_calls delta = 0, segments_released_total delta = 0

