   Compiling num-traits v0.2.19
   Compiling plotters v0.3.7
   Compiling proptest v1.11.0
   Compiling criterion v0.5.1
   Compiling globalalloc-model v0.1.0 (/mnt/d/dev/rust/sefer-alloc/worktrees/pg3r-base/crates/globalalloc-model)
   Compiling sefer-alloc v0.3.0 (/mnt/d/dev/rust/sefer-alloc/worktrees/pg3r-base)
    Finished `bench` profile [optimized] target(s) in 3m 08s
warning: the following packages contain code that will be rejected by a future version of Rust: proc-macro-error2 v2.0.1
note: to see what the problems were, use the option `--future-incompat-report`, or run `cargo report future-incompatibilities --id 1`
     Running benches/perf_gate_iai.rs (/tmp/sefer-pg3r-base/release/deps/perf_gate_iai-1eae813e19149d63)
perf_gate_iai::perf_gate::small_churn_16b
  Instructions:                       58299|58299                (No change)
  L1 Hits:                           104982|104982               (No change)
  L2 Hits:                              190|190                  (No change)
  RAM Hits:                            1094|1094                 (No change)
  Total read+write:                  106266|106266               (No change)
  Estimated Cycles:                  144222|144222               (No change)
perf_gate_iai::perf_gate::small_churn_16b_2n
  Instructions:                       64955|64955                (No change)
  L1 Hits:                           113427|113427               (No change)
  L2 Hits:                              191|191                  (No change)
  RAM Hits:                            1096|1096                 (No change)
  Total read+write:                  114714|114714               (No change)
  Estimated Cycles:                  152742|152742               (No change)
perf_gate_iai::perf_gate::dealloc_prealloc_only_16b
  Instructions:                       65080|65080                (No change)
  L1 Hits:                           114530|114530               (No change)
  L2 Hits:                              173|173                  (No change)
  RAM Hits:                            1074|1074                 (No change)
  Total read+write:                  115777|115777               (No change)
  Estimated Cycles:                  152985|152985               (No change)
perf_gate_iai::perf_gate::dealloc_free_only_16b
  Instructions:                       73698|73698                (No change)
  L1 Hits:                           125555|125555               (No change)
  L2 Hits:                              173|173                  (No change)
  RAM Hits:                            1116|1116                 (No change)
  Total read+write:                  126844|126844               (No change)
  Estimated Cycles:                  165480|165480               (No change)
perf_gate_iai::perf_gate::dealloc_contains_base_probe_only_16b
  Instructions:                       66439|66439                (No change)
  L1 Hits:                           116279|116279               (No change)
  L2 Hits:                              174|174                  (No change)
  RAM Hits:                            1077|1077                 (No change)
  Total read+write:                  117530|117530               (No change)
  Estimated Cycles:                  154844|154844               (No change)
perf_gate_iai::perf_gate::dealloc_segment_base_of_ptr_probe_only_16b
  Instructions:                       65670|65670                (No change)
  L1 Hits:                           115256|115256               (No change)
  L2 Hits:                              173|173                  (No change)
  RAM Hits:                            1074|1074                 (No change)
  Total read+write:                  116503|116503               (No change)
  Estimated Cycles:                  153711|153711               (No change)
perf_gate_iai::perf_gate::alloc_magazine_prefill_only_16b
  Instructions:                       57343|57343                (No change)
  L1 Hits:                           103713|103713               (No change)
  L2 Hits:                              172|172                  (No change)
  RAM Hits:                            1076|1076                 (No change)
  Total read+write:                  104961|104961               (No change)
  Estimated Cycles:                  142233|142233               (No change)
perf_gate_iai::perf_gate::alloc_magazine_hit_only_16b
  Instructions:                       57832|57832                (No change)
  L1 Hits:                           104319|104319               (No change)
  L2 Hits:                              172|172                  (No change)
  RAM Hits:                            1080|1080                 (No change)
  Total read+write:                  105571|105571               (No change)
  Estimated Cycles:                  142979|142979               (No change)
perf_gate_iai::perf_gate::alloc_zeroed_magazine_prefill_only_16b
  Instructions:                       57331|57331                (No change)
  L1 Hits:                           103695|103695               (No change)
  L2 Hits:                              171|171                  (No change)
  RAM Hits:                            1075|1075                 (No change)
  Total read+write:                  104941|104941               (No change)
  Estimated Cycles:                  142175|142175               (No change)
perf_gate_iai::perf_gate::alloc_zeroed_magazine_hit_only_16b
  Instructions:                       57881|57881                (No change)
  L1 Hits:                           104379|104379               (No change)
  L2 Hits:                              172|172                  (No change)
  RAM Hits:                            1085|1085                 (No change)
  Total read+write:                  105636|105636               (No change)
  Estimated Cycles:                  143214|143214               (No change)
perf_gate_iai::perf_gate::dealloc_hash_contains_only_probe_16b
  Instructions:                       67461|67461                (No change)
  L1 Hits:                           117362|117362               (No change)
  L2 Hits:                              174|174                  (No change)
  RAM Hits:                            1078|1078                 (No change)
  Total read+write:                  118614|118614               (No change)
  Estimated Cycles:                  155962|155962               (No change)
perf_gate_iai::perf_gate::dealloc_own_thread_body_only_16b
  Instructions:                       72729|72729                (No change)
  L1 Hits:                           124389|124389               (No change)
  L2 Hits:                              173|173                  (No change)
  RAM Hits:                            1111|1111                 (No change)
  Total read+write:                  125673|125673               (No change)
  Estimated Cycles:                  164139|164139               (No change)
perf_gate_iai::perf_gate::dealloc_free_only_16b_n1
  Instructions:                       65149|65149                (No change)
  L1 Hits:                           114615|114615               (No change)
  L2 Hits:                              173|173                  (No change)
  RAM Hits:                            1082|1082                 (No change)
  Total read+write:                  115870|115870               (No change)
  Estimated Cycles:                  153350|153350               (No change)
perf_gate_iai::perf_gate::dealloc_free_only_16b_n8
  Instructions:                       65608|65608                (No change)
  L1 Hits:                           115199|115199               (No change)
  L2 Hits:                              173|173                  (No change)
  RAM Hits:                            1082|1082                 (No change)
  Total read+write:                  116454|116454               (No change)
  Estimated Cycles:                  153934|153934               (No change)
perf_gate_iai::perf_gate::dealloc_free_only_16b_n9
  Instructions:                       65673|65673                (No change)
  L1 Hits:                           115281|115281               (No change)
  L2 Hits:                              173|173                  (No change)
  RAM Hits:                            1083|1083                 (No change)
  Total read+write:                  116537|116537               (No change)
  Estimated Cycles:                  154051|154051               (No change)
perf_gate_iai::perf_gate::dealloc_free_only_16b_n16
  Instructions:                       66128|66128                (No change)
  L1 Hits:                           115864|115864               (No change)
  L2 Hits:                              173|173                  (No change)
  RAM Hits:                            1081|1081                 (No change)
  Total read+write:                  117118|117118               (No change)
  Estimated Cycles:                  154564|154564               (No change)
perf_gate_iai::perf_gate::dealloc_free_only_16b_n17
  Instructions:                       66938|66938                (No change)
  L1 Hits:                           116886|116886               (No change)
  L2 Hits:                              173|173                  (No change)
  RAM Hits:                            1104|1104                 (No change)
  Total read+write:                  118163|118163               (No change)
  Estimated Cycles:                  156391|156391               (No change)
perf_gate_iai::perf_gate::dealloc_free_only_16b_n32
  Instructions:                       68654|68654                (No change)
  L1 Hits:                           119083|119083               (No change)
  L2 Hits:                              173|173                  (No change)
  RAM Hits:                            1108|1108                 (No change)
  Total read+write:                  120364|120364               (No change)
  Estimated Cycles:                  158728|158728               (No change)
perf_gate_iai::perf_gate::dealloc_flush_class_only_16b_prefix
  Instructions:                       52220|52220                (No change)
  L1 Hits:                            97233|97233                (No change)
  L2 Hits:                              171|171                  (No change)
  RAM Hits:                            1078|1078                 (No change)
  Total read+write:                   98482|98482                (No change)
  Estimated Cycles:                  135818|135818               (No change)
perf_gate_iai::perf_gate::dealloc_flush_class_only_16b
  Instructions:                       52737|52737                (No change)
  L1 Hits:                            97886|97886                (No change)
  L2 Hits:                              172|172                  (No change)
  RAM Hits:                            1097|1097                 (No change)
  Total read+write:                   99155|99155                (No change)
  Estimated Cycles:                  137141|137141               (No change)
perf_gate_iai::perf_gate::alloc_clear_magazine_only_16b_prefix
  Instructions:                       52736|52736                (No change)
  L1 Hits:                            97897|97897                (No change)
  L2 Hits:                              171|171                  (No change)
  RAM Hits:                            1073|1073                 (No change)
  Total read+write:                   99141|99141                (No change)
  Estimated Cycles:                  136307|136307               (No change)
perf_gate_iai::perf_gate::alloc_clear_magazine_only_16b
  Instructions:                       53121|53121                (No change)
  L1 Hits:                            98349|98349                (No change)
  L2 Hits:                              172|172                  (No change)
  RAM Hits:                            1079|1079                 (No change)
  Total read+write:                   99600|99600                (No change)
  Estimated Cycles:                  136974|136974               (No change)
perf_gate_iai::perf_gate::alloc_zeroed_calloc_virgin_64k_prefix
  Instructions:                           3|3                    (No change)
  L1 Hits:                                4|4                    (No change)
  L2 Hits:                                0|0                    (No change)
  RAM Hits:                               1|1                    (No change)
  Total read+write:                       5|5                    (No change)
  Estimated Cycles:                      39|39                   (No change)
perf_gate_iai::perf_gate::alloc_zeroed_calloc_virgin_64k
  Instructions:                           3|3                    (No change)
  L1 Hits:                                4|4                    (No change)
  L2 Hits:                                0|0                    (No change)
  RAM Hits:                               1|1                    (No change)
  Total read+write:                       5|5                    (No change)
  Estimated Cycles:                      39|39                   (No change)
perf_gate_iai::perf_gate::alloc_zeroed_calloc_recycled_64k_prefix
  Instructions:                           3|3                    (No change)
  L1 Hits:                                4|4                    (No change)
  L2 Hits:                                0|0                    (No change)
  RAM Hits:                               1|1                    (No change)
  Total read+write:                       5|5                    (No change)
  Estimated Cycles:                      39|39                   (No change)
perf_gate_iai::perf_gate::alloc_zeroed_calloc_recycled_64k
  Instructions:                           3|3                    (No change)
  L1 Hits:                                4|4                    (No change)
  L2 Hits:                                0|0                    (No change)
  RAM Hits:                               1|1                    (No change)
  Total read+write:                       5|5                    (No change)
  Estimated Cycles:                      39|39                   (No change)
perf_gate_iai::perf_gate::dealloc_prealloc_only_1088_16b
  Instructions:                      364623|364623               (No change)
  L1 Hits:                           522209|522209               (No change)
  L2 Hits:                              180|180                  (No change)
  RAM Hits:                            1205|1205                 (No change)
  Total read+write:                  523594|523594               (No change)
  Estimated Cycles:                  565284|565284               (No change)
perf_gate_iai::perf_gate::dealloc_free_only_1088_16b_n17
  Instructions:                      366481|366481               (No change)
  L1 Hits:                           524565|524565               (No change)
  L2 Hits:                              180|180                  (No change)
  RAM Hits:                            1235|1235                 (No change)
  Total read+write:                  525980|525980               (No change)
  Estimated Cycles:                  568690|568690               (No change)
perf_gate_iai::perf_gate::dealloc_free_only_1088_16b_n32
  Instructions:                      368197|368197               (No change)
  L1 Hits:                           526764|526764               (No change)
  L2 Hits:                              180|180                  (No change)
  RAM Hits:                            1237|1237                 (No change)
  Total read+write:                  528181|528181               (No change)
  Estimated Cycles:                  570959|570959               (No change)
perf_gate_iai::perf_gate::dealloc_free_only_1088_16b_n64
  Instructions:                      373241|373241               (No change)
  L1 Hits:                           533238|533238               (No change)
  L2 Hits:                              180|180                  (No change)
  RAM Hits:                            1243|1243                 (No change)
  Total read+write:                  534661|534661               (No change)
  Estimated Cycles:                  577643|577643               (No change)
perf_gate_iai::perf_gate::dealloc_free_only_1088_16b_n256
  Instructions:                      403505|403505               (No change)
  L1 Hits:                           572071|572071               (No change)
  L2 Hits:                              179|179                  (No change)
  RAM Hits:                            1291|1291                 (No change)
  Total read+write:                  573541|573541               (No change)
  Estimated Cycles:                  618151|618151               (No change)
perf_gate_iai::perf_gate::dealloc_free_only_1088_16b_n1024
  Instructions:                      524561|524561               (No change)
  L1 Hits:                           727390|727390               (No change)
  L2 Hits:                              184|184                  (No change)
  RAM Hits:                            1487|1487                 (No change)
  Total read+write:                  729061|729061               (No change)
  Estimated Cycles:                  780355|780355               (No change)
perf_gate_iai::perf_gate::dealloc_realloc_burst_1088_16b_n17
  Instructions:                      371425|371425               (No change)
  L1 Hits:                           531163|531163               (No change)
  L2 Hits:                              179|179                  (No change)
  RAM Hits:                            1247|1247                 (No change)
  Total read+write:                  532589|532589               (No change)
  Estimated Cycles:                  575703|575703               (No change)
perf_gate_iai::perf_gate::oscillating_live_set_16b
  Instructions:                       86742|86742                (No change)
  L1 Hits:                           141169|141169               (No change)
  L2 Hits:                              173|173                  (No change)
  RAM Hits:                            1106|1106                 (No change)
  Total read+write:                  142448|142448               (No change)
  Estimated Cycles:                  180744|180744               (No change)
perf_gate_iai::perf_gate::carve_batch_only_16b
  Instructions:                        3238|3238                 (No change)
  L1 Hits:                             3866|3866                 (No change)
  L2 Hits:                               50|50                   (No change)
  RAM Hits:                             115|115                  (No change)
  Total read+write:                    4031|4031                 (No change)
  Estimated Cycles:                    8141|8141                 (No change)
perf_gate_iai::perf_gate::carve_batch_only_16b_2n
  Instructions:                        9139|9139                 (No change)
  L1 Hits:                            13890|13890                (No change)
  L2 Hits:                               79|79                   (No change)
  RAM Hits:                             120|120                  (No change)
  Total read+write:                   14089|14089                (No change)
  Estimated Cycles:                   18485|18485                (No change)
perf_gate_iai::perf_gate::dealloc_batch_fresh_16_16b
  Instructions:                           3|3                    (No change)
  L1 Hits:                                4|4                    (No change)
  L2 Hits:                                0|0                    (No change)
  RAM Hits:                               1|1                    (No change)
  Total read+write:                       5|5                    (No change)
  Estimated Cycles:                      39|39                   (No change)
perf_gate_iai::perf_gate::dealloc_batch_fresh_64_16b
  Instructions:                           3|3                    (No change)
  L1 Hits:                                4|4                    (No change)
  L2 Hits:                                0|0                    (No change)
  RAM Hits:                               1|1                    (No change)
  Total read+write:                       5|5                    (No change)
  Estimated Cycles:                      39|39                   (No change)
perf_gate_iai::perf_gate::dealloc_batch_fresh_80_16b
  Instructions:                           3|3                    (No change)
  L1 Hits:                                4|4                    (No change)
  L2 Hits:                                0|0                    (No change)
  RAM Hits:                               1|1                    (No change)
  Total read+write:                       5|5                    (No change)
  Estimated Cycles:                      39|39                   (No change)
perf_gate_iai::perf_gate::dealloc_batch_fresh_81_16b
  Instructions:                           3|3                    (No change)
  L1 Hits:                                4|4                    (No change)
  L2 Hits:                                0|0                    (No change)
  RAM Hits:                               1|1                    (No change)
  Total read+write:                       5|5                    (No change)
  Estimated Cycles:                      39|39                   (No change)
perf_gate_iai::perf_gate::dealloc_batch_fresh_128_16b
  Instructions:                           3|3                    (No change)
  L1 Hits:                                4|4                    (No change)
  L2 Hits:                                0|0                    (No change)
  RAM Hits:                               1|1                    (No change)
  Total read+write:                       5|5                    (No change)
  Estimated Cycles:                      39|39                   (No change)
perf_gate_iai::perf_gate::dealloc_batch_fresh_200_16b
  Instructions:                           3|3                    (No change)
  L1 Hits:                                4|4                    (No change)
  L2 Hits:                                0|0                    (No change)
  RAM Hits:                               1|1                    (No change)
  Total read+write:                       5|5                    (No change)
  Estimated Cycles:                      39|39                   (No change)
perf_gate_iai::perf_gate::dealloc_batch_fresh_512_16b
  Instructions:                           3|3                    (No change)
  L1 Hits:                                4|4                    (No change)
  L2 Hits:                                0|0                    (No change)
  RAM Hits:                               1|1                    (No change)
  Total read+write:                       5|5                    (No change)
  Estimated Cycles:                      39|39                   (No change)
perf_gate_iai::perf_gate::dealloc_batch_fresh_1024_16b
  Instructions:                           3|3                    (No change)
  L1 Hits:                                4|4                    (No change)
  L2 Hits:                                0|0                    (No change)
  RAM Hits:                               1|1                    (No change)
  Total read+write:                       5|5                    (No change)
  Estimated Cycles:                      39|39                   (No change)
perf_gate_iai::perf_gate::dealloc_batch_fresh_0_16b
  Instructions:                           3|3                    (No change)
  L1 Hits:                                4|4                    (No change)
  L2 Hits:                                0|0                    (No change)
  RAM Hits:                               1|1                    (No change)
  Total read+write:                       5|5                    (No change)
  Estimated Cycles:                      39|39                   (No change)
perf_gate_iai::perf_gate::dealloc_batch_fresh_1_16b
  Instructions:                           3|3                    (No change)
  L1 Hits:                                4|4                    (No change)
  L2 Hits:                                0|0                    (No change)
  RAM Hits:                               1|1                    (No change)
  Total read+write:                       5|5                    (No change)
  Estimated Cycles:                      39|39                   (No change)
perf_gate_iai::perf_gate::dealloc_batch_fresh_8_16b
  Instructions:                           3|3                    (No change)
  L1 Hits:                                4|4                    (No change)
  L2 Hits:                                0|0                    (No change)
  RAM Hits:                               1|1                    (No change)
  Total read+write:                       5|5                    (No change)
  Estimated Cycles:                      39|39                   (No change)
perf_gate_iai::perf_gate::dealloc_batch_fresh_17_16b
  Instructions:                           3|3                    (No change)
  L1 Hits:                                4|4                    (No change)
  L2 Hits:                                0|0                    (No change)
  RAM Hits:                               1|1                    (No change)
  Total read+write:                       5|5                    (No change)
  Estimated Cycles:                      39|39                   (No change)
perf_gate_iai::perf_gate::medium_class_dealloc_churn_16b
  Instructions:                       58311|58311                (No change)
  L1 Hits:                           105000|105000               (No change)
  L2 Hits:                              191|191                  (No change)
  RAM Hits:                            1095|1095                 (No change)
  Total read+write:                  106286|106286               (No change)
  Estimated Cycles:                  144280|144280               (No change)
perf_gate_iai::perf_gate::aligned_churn_640b_a128
  Instructions:                       58305|58305                (No change)
  L1 Hits:                           104990|104990               (No change)
  L2 Hits:                              193|193                  (No change)
  RAM Hits:                            1099|1099                 (No change)
  Total read+write:                  106282|106282               (No change)
  Estimated Cycles:                  144420|144420               (No change)
perf_gate_iai::perf_gate::large_alloc_free_cycle
  Instructions:                       49912|49912                (No change)
  L1 Hits:                            94252|94252                (No change)
  L2 Hits:                              194|194                  (No change)
  RAM Hits:                            1108|1108                 (No change)
  Total read+write:                   95554|95554                (No change)
  Estimated Cycles:                  134002|134002               (No change)
perf_gate_iai::perf_gate::large_cache_prefill_only_4mib
  Instructions:                       59190|59190                (No change)
  L1 Hits:                           107622|107622               (No change)
  L2 Hits:                              175|175                  (No change)
  RAM Hits:                            1100|1100                 (No change)
  Total read+write:                  108897|108897               (No change)
  Estimated Cycles:                  146997|146997               (No change)
perf_gate_iai::perf_gate::large_cache_hit_only_4mib
  Instructions:                       60570|60570                (No change)
  L1 Hits:                           109587|109587               (No change)
  L2 Hits:                              175|175                  (No change)
  RAM Hits:                            1117|1117                 (No change)
  Total read+write:                  110879|110879               (No change)
  Estimated Cycles:                  149557|149557               (No change)
perf_gate_iai::perf_gate::large_cache_free_slot_search_prefill_only
  Instructions:                       64283|64283                (No change)
  L1 Hits:                           114300|114300               (No change)
  L2 Hits:                              172|172                  (No change)
  RAM Hits:                            1221|1221                 (No change)
  Total read+write:                  115693|115693               (No change)
  Estimated Cycles:                  157895|157895               (No change)
perf_gate_iai::perf_gate::large_cache_free_slot_search_cycle_only
  Instructions:                       76156|76156                (No change)
  L1 Hits:                           131133|131133               (No change)
  L2 Hits:                              172|172                  (No change)
  RAM Hits:                            1246|1246                 (No change)
  Total read+write:                  132551|132551               (No change)
  Estimated Cycles:                  175603|175603               (No change)
perf_gate_iai::perf_gate::realloc_grow
  Instructions:                      584906|584906               (No change)
  L1 Hits:                          1198874|1198874              (No change)
  L2 Hits:                             4433|4433                 (No change)
  RAM Hits:                           70957|70957                (No change)
  Total read+write:                 1274264|1274264              (No change)
  Estimated Cycles:                 3704534|3704534              (No change)
perf_gate_iai::perf_gate::cold_alloc_free_256x16b
  Instructions:                      160447|160447               (No change)
  L1 Hits:                           239857|239857               (No change)
  L2 Hits:                              203|203                  (No change)
  RAM Hits:                            1212|1212                 (No change)
  Total read+write:                  241272|241272               (No change)
  Estimated Cycles:                  283292|283292               (No change)
perf_gate_iai::perf_gate::cold_alloc_free_256x16b_2n
  Instructions:                      279225|279225               (No change)
  L1 Hits:                           399190|399190               (No change)
  L2 Hits:                              238|238                  (No change)
  RAM Hits:                            1308|1308                 (No change)
  Total read+write:                  400736|400736               (No change)
  Estimated Cycles:                  446160|446160               (No change)
perf_gate_iai::perf_gate::cold_alloc_free_256x16b_4n
  Instructions:                      515221|515221               (No change)
  L1 Hits:                           713100|713100               (No change)
  L2 Hits:                              308|308                  (No change)
  RAM Hits:                            1503|1503                 (No change)
  Total read+write:                  714911|714911               (No change)
  Estimated Cycles:                  767245|767245               (No change)
perf_gate_iai::perf_gate::cold_alloc_only_256x16b
  Instructions:                      120534|120534               (No change)
  L1 Hits:                           188769|188769               (No change)
  L2 Hits:                              204|204                  (No change)
  RAM Hits:                            1121|1121                 (No change)
  Total read+write:                  190094|190094               (No change)
  Estimated Cycles:                  229024|229024               (No change)
perf_gate_iai::perf_gate::cold_alloc_only_256x16b_2n
  Instructions:                      197936|197936               (No change)
  L1 Hits:                           295112|295112               (No change)
  L2 Hits:                              236|236                  (No change)
  RAM Hits:                            1154|1154                 (No change)
  Total read+write:                  296502|296502               (No change)
  Estimated Cycles:                  336682|336682               (No change)
perf_gate_iai::perf_gate::cold_alloc_only_256x16b_4n
  Instructions:                      351180|351180               (No change)
  L1 Hits:                           503044|503044               (No change)
  L2 Hits:                              304|304                  (No change)
  RAM Hits:                            1217|1217                 (No change)
  Total read+write:                  504565|504565               (No change)
  Estimated Cycles:                  547159|547159               (No change)
perf_gate_iai::perf_gate::cold_alloc_free_256x64b
  Instructions:                      161302|161302               (No change)
  L1 Hits:                           240864|240864               (No change)
  L2 Hits:                              206|206                  (No change)
  RAM Hits:                            1396|1396                 (No change)
  Total read+write:                  242466|242466               (No change)
  Estimated Cycles:                  290754|290754               (No change)
perf_gate_iai::perf_gate::recycle_alloc_free_256x16b
  Instructions:                      271220|271220               (No change)
  L1 Hits:                           385262|385262               (No change)
  L2 Hits:                              203|203                  (No change)
  RAM Hits:                            1224|1224                 (No change)
  Total read+write:                  386689|386689               (No change)
  Estimated Cycles:                  429117|429117               (No change)
perf_gate_iai::perf_gate::recycle_alloc_only_256x16b
  Instructions:                      230318|230318               (No change)
  L1 Hits:                           332229|332229               (No change)
  L2 Hits:                              204|204                  (No change)
  RAM Hits:                            1222|1222                 (No change)
  Total read+write:                  333655|333655               (No change)
  Estimated Cycles:                  376019|376019               (No change)
perf_gate_iai::perf_gate::recycle_alloc_free_256x64b
  Instructions:                      272075|272075               (No change)
  L1 Hits:                           386260|386260               (No change)
  L2 Hits:                              207|207                  (No change)
  RAM Hits:                            1416|1416                 (No change)
  Total read+write:                  387883|387883               (No change)
  Estimated Cycles:                  436855|436855               (No change)
perf_gate_iai::perf_gate::churn_256b
  Instructions:                       58299|58299                (No change)
  L1 Hits:                           104981|104981               (No change)
  L2 Hits:                              190|190                  (No change)
  RAM Hits:                            1095|1095                 (No change)
  Total read+write:                  106266|106266               (No change)
  Estimated Cycles:                  144256|144256               (No change)
perf_gate_iai::perf_gate::churn_write_256b
  Instructions:                       58491|58491                (No change)
  L1 Hits:                           105297|105297               (No change)
  L2 Hits:                              191|191                  (No change)
  RAM Hits:                            1098|1098                 (No change)
  Total read+write:                  106586|106586               (No change)
  Estimated Cycles:                  144682|144682               (No change)
perf_gate_iai::perf_gate::multiseg_cold_256k
  Instructions:                     4028057|4028057              (No change)
  L1 Hits:                          5421155|5421155              (No change)
  L2 Hits:                            34401|34401                (No change)
  RAM Hits:                            2598|2598                 (No change)
  Total read+write:                 5458154|5458154              (No change)
  Estimated Cycles:                 5684090|5684090              (No change)
perf_gate_iai::perf_gate::seg_cycle_decommit_256k
  Instructions:                    12375007|12375007             (No change)
  L1 Hits:                         16482045|16482045             (No change)
  L2 Hits:                           107109|107109               (No change)
  RAM Hits:                            2598|2598                 (No change)
  Total read+write:                16591752|16591752             (No change)
  Estimated Cycles:                17108520|17108520             (No change)
perf_gate_iai::perf_gate::mimalloc_small_churn_16b
  Instructions:                       16629|16629                (No change)
  L1 Hits:                            21433|21433                (No change)
  L2 Hits:                               64|64                   (No change)
  RAM Hits:                             501|501                  (No change)
  Total read+write:                   21998|21998                (No change)
  Estimated Cycles:                   39288|39288                (No change)
perf_gate_iai::perf_gate::mimalloc_small_churn_16b_2n
  Instructions:                       21557|21557                (No change)
  L1 Hits:                            27897|27898                (-0.00358%) [-1.00004x]
  L2 Hits:                               64|63                   (+1.58730%) [+1.01587x]
  RAM Hits:                             501|501                  (No change)
  Total read+write:                   28462|28462                (No change)
  Estimated Cycles:                   45752|45748                (+0.00874%) [+1.00009x]
perf_gate_iai::perf_gate::mimalloc_churn_256b
  Instructions:                       16130|16130                (No change)
  L1 Hits:                            20945|20945                (No change)
  L2 Hits:                               67|67                   (No change)
  RAM Hits:                             455|455                  (No change)
  Total read+write:                   21467|21467                (No change)
  Estimated Cycles:                   37205|37205                (No change)
perf_gate_iai::perf_gate::mimalloc_cold_alloc_free_256x16b
  Instructions:                       32325|32325                (No change)
  L1 Hits:                            41781|41781                (No change)
  L2 Hits:                               92|92                   (No change)
  RAM Hits:                             502|502                  (No change)
  Total read+write:                   42375|42375                (No change)
  Estimated Cycles:                   59811|59811                (No change)
perf_gate_iai::perf_gate::mimalloc_cold_alloc_free_256x16b_2n
  Instructions:                       58389|58389                (No change)
  L1 Hits:                            78275|78275                (No change)
  L2 Hits:                              131|131                  (No change)
  RAM Hits:                             585|585                  (No change)
  Total read+write:                   78991|78991                (No change)
  Estimated Cycles:                   99405|99405                (No change)
perf_gate_iai::perf_gate::mimalloc_cold_alloc_free_256x16b_4n
  Instructions:                      106653|106653               (No change)
  L1 Hits:                           143417|143418               (-0.00070%) [-1.00001x]
  L2 Hits:                              218|217                  (+0.46083%) [+1.00461x]
  RAM Hits:                             761|761                  (No change)
  Total read+write:                  144396|144396               (No change)
  Estimated Cycles:                  171142|171138               (+0.00234%) [+1.00002x]
perf_gate_iai::perf_gate::mimalloc_cold_alloc_only_256x16b
  Instructions:                       24584|24584                (No change)
  L1 Hits:                            30957|30957                (No change)
  L2 Hits:                               92|92                   (No change)
  RAM Hits:                             494|494                  (No change)
  Total read+write:                   31543|31543                (No change)
  Estimated Cycles:                   48707|48707                (No change)
perf_gate_iai::perf_gate::mimalloc_cold_alloc_only_256x16b_2n
  Instructions:                       42968|42968                (No change)
  L1 Hits:                            56698|56697                (+0.00176%) [+1.00002x]
  L2 Hits:                              131|132                  (-0.75758%) [-1.00763x]
  RAM Hits:                             578|578                  (No change)
  Total read+write:                   57407|57407                (No change)
  Estimated Cycles:                   77583|77587                (-0.00516%) [-1.00005x]
perf_gate_iai::perf_gate::mimalloc_cold_alloc_only_256x16b_4n
  Instructions:                       75872|75872                (No change)
  L1 Hits:                           100342|100341               (+0.00100%) [+1.00001x]
  L2 Hits:                              213|214                  (-0.46729%) [-1.00469x]
  RAM Hits:                             753|753                  (No change)
  Total read+write:                  101308|101308               (No change)
  Estimated Cycles:                  127762|127766               (-0.00313%) [-1.00003x]
perf_gate_iai::perf_gate::mimalloc_cold_alloc_free_256x64b
  Instructions:                       33329|33329                (No change)
  L1 Hits:                            42935|42937                (-0.00466%) [-1.00005x]
  L2 Hits:                              101|99                   (+2.02020%) [+1.02020x]
  RAM Hits:                             712|712                  (No change)
  Total read+write:                   43748|43748                (No change)
  Estimated Cycles:                   68360|68352                (+0.01170%) [+1.00012x]
perf_gate_iai::perf_gate::mimalloc_recycle_alloc_free_256x16b
  Instructions:                       53027|53027                (No change)
  L1 Hits:                            68696|68696                (No change)
  L2 Hits:                               92|92                   (No change)
  RAM Hits:                             506|506                  (No change)
  Total read+write:                   69294|69294                (No change)
  Estimated Cycles:                   86866|86866                (No change)
perf_gate_iai::perf_gate::mimalloc_recycle_alloc_free_256x64b
  Instructions:                       54031|54031                (No change)
  L1 Hits:                            69854|69855                (-0.00143%) [-1.00001x]
  L2 Hits:                               99|98                   (+1.02041%) [+1.01020x]
  RAM Hits:                             714|714                  (No change)
  Total read+write:                   70667|70667                (No change)
  Estimated Cycles:                   95339|95335                (+0.00420%) [+1.00004x]
perf_gate_iai::perf_gate::mimalloc_bootstrap_proxy
  Instructions:                       13050|13050                (No change)
  L1 Hits:                            16719|16720                (-0.00598%) [-1.00006x]
  L2 Hits:                               69|68                   (+1.47059%) [+1.01471x]
  RAM Hits:                             517|517                  (No change)
  Total read+write:                   17305|17305                (No change)
  Estimated Cycles:                   35159|35155                (+0.01138%) [+1.00011x]
perf_gate_iai::perf_gate::decomp_full_cycle_8x
  Instructions:                      680761|680761               (No change)
  L1 Hits:                          1283366|1283366              (No change)
  L2 Hits:                             6953|6953                 (No change)
  RAM Hits:                            3870|3870                 (No change)
  Total read+write:                 1294189|1294189              (No change)
  Estimated Cycles:                 1453581|1453581              (No change)
perf_gate_iai::perf_gate::decomp_os_roundtrip_8x
  Instructions:                         861|861                  (No change)
  L1 Hits:                             1166|1166                 (No change)
  L2 Hits:                                1|1                    (No change)
  RAM Hits:                              25|25                   (No change)
  Total read+write:                    1192|1192                 (No change)
  Estimated Cycles:                    2046|2046                 (No change)

Iai-Callgrind result: Ok. 85 without regressions; 0 regressed; 85 benchmarks finished in 96.9599s
