[paired-ab] --config has no "build" step; assuming arm commands are already built.

[paired-ab] cap4 vs cap8 — 20 pairs, A/B/B/A protocol
RESULT arm=cap4
RESULT elapsed_ns=134572700
RESULT segments_reserved_total=16
RESULT rss_after_kib=30472
RESULT commit_after_kib=29948
RESULT decommit_calls_total=9
.RESULT arm=cap8
RESULT elapsed_ns=121223300
RESULT segments_reserved_total=8
RESULT rss_after_kib=34576
RESULT commit_after_kib=34060
RESULT decommit_calls_total=0
.RESULT arm=cap8
RESULT elapsed_ns=123929600
RESULT segments_reserved_total=8
RESULT rss_after_kib=34576
RESULT commit_after_kib=34048
RESULT decommit_calls_total=0
.RESULT arm=cap4
RESULT elapsed_ns=129225500
RESULT segments_reserved_total=16
RESULT rss_after_kib=30476
RESULT commit_after_kib=29948
RESULT decommit_calls_total=9
.RESULT arm=cap4
RESULT elapsed_ns=143246100
RESULT segments_reserved_total=16
RESULT rss_after_kib=30476
RESULT commit_after_kib=29952
RESULT decommit_calls_total=9
.RESULT arm=cap8
RESULT elapsed_ns=127089700
RESULT segments_reserved_total=8
RESULT rss_after_kib=34588
RESULT commit_after_kib=34064
RESULT decommit_calls_total=0
.RESULT arm=cap8
RESULT elapsed_ns=123485000
RESULT segments_reserved_total=8
RESULT rss_after_kib=34576
RESULT commit_after_kib=34056
RESULT decommit_calls_total=0
.RESULT arm=cap4
RESULT elapsed_ns=140349000
RESULT segments_reserved_total=16
RESULT rss_after_kib=30476
RESULT commit_after_kib=29948
RESULT decommit_calls_total=9
.RESULT arm=cap4
RESULT elapsed_ns=141059100
RESULT segments_reserved_total=16
RESULT rss_after_kib=30476
RESULT commit_after_kib=29948
RESULT decommit_calls_total=9
.RESULT arm=cap8
RESULT elapsed_ns=122157200
RESULT segments_reserved_total=8
RESULT rss_after_kib=34560
RESULT commit_after_kib=34028
RESULT decommit_calls_total=0
.RESULT arm=cap8
RESULT elapsed_ns=111968400
RESULT segments_reserved_total=8
RESULT rss_after_kib=34576
RESULT commit_after_kib=34056
RESULT decommit_calls_total=0
.RESULT arm=cap4
RESULT elapsed_ns=135006000
RESULT segments_reserved_total=16
RESULT rss_after_kib=30476
RESULT commit_after_kib=29956
RESULT decommit_calls_total=9
.RESULT arm=cap4
RESULT elapsed_ns=150916100
RESULT segments_reserved_total=16
RESULT rss_after_kib=30476
RESULT commit_after_kib=29944
RESULT decommit_calls_total=9
.RESULT arm=cap8
RESULT elapsed_ns=139018100
RESULT segments_reserved_total=8
RESULT rss_after_kib=34564
RESULT commit_after_kib=34028
RESULT decommit_calls_total=0
.RESULT arm=cap8
RESULT elapsed_ns=147687300
RESULT segments_reserved_total=8
RESULT rss_after_kib=34576
RESULT commit_after_kib=34056
RESULT decommit_calls_total=0
.RESULT arm=cap4
RESULT elapsed_ns=166691200
RESULT segments_reserved_total=16
RESULT rss_after_kib=30484
RESULT commit_after_kib=29956
RESULT decommit_calls_total=9
.RESULT arm=cap4
RESULT elapsed_ns=165054300
RESULT segments_reserved_total=16
RESULT rss_after_kib=30476
RESULT commit_after_kib=29940
RESULT decommit_calls_total=9
.RESULT arm=cap8
RESULT elapsed_ns=120758100
RESULT segments_reserved_total=8
RESULT rss_after_kib=34576
RESULT commit_after_kib=34052
RESULT decommit_calls_total=0
.RESULT arm=cap8
RESULT elapsed_ns=114625500
RESULT segments_reserved_total=8
RESULT rss_after_kib=34576
RESULT commit_after_kib=34056
RESULT decommit_calls_total=0
.RESULT arm=cap4
RESULT elapsed_ns=144874600
RESULT segments_reserved_total=16
RESULT rss_after_kib=30476
RESULT commit_after_kib=29948
RESULT decommit_calls_total=9
.RESULT arm=cap4
RESULT elapsed_ns=138543600
RESULT segments_reserved_total=16
RESULT rss_after_kib=30484
RESULT commit_after_kib=29956
RESULT decommit_calls_total=9
.RESULT arm=cap8
RESULT elapsed_ns=123696400
RESULT segments_reserved_total=8
RESULT rss_after_kib=34588
RESULT commit_after_kib=34064
RESULT decommit_calls_total=0
.RESULT arm=cap8
RESULT elapsed_ns=124387500
RESULT segments_reserved_total=8
RESULT rss_after_kib=34576
RESULT commit_after_kib=34056
RESULT decommit_calls_total=0
.RESULT arm=cap4
RESULT elapsed_ns=150962400
RESULT segments_reserved_total=16
RESULT rss_after_kib=30476
RESULT commit_after_kib=29952
RESULT decommit_calls_total=9
.RESULT arm=cap4
RESULT elapsed_ns=160517700
RESULT segments_reserved_total=16
RESULT rss_after_kib=30476
RESULT commit_after_kib=29944
RESULT decommit_calls_total=9
.RESULT arm=cap8
RESULT elapsed_ns=118647900
RESULT segments_reserved_total=8
RESULT rss_after_kib=34576
RESULT commit_after_kib=34052
RESULT decommit_calls_total=0
.RESULT arm=cap8
RESULT elapsed_ns=131855500
RESULT segments_reserved_total=8
RESULT rss_after_kib=34576
RESULT commit_after_kib=34048
RESULT decommit_calls_total=0
.RESULT arm=cap4
RESULT elapsed_ns=162269800
RESULT segments_reserved_total=16
RESULT rss_after_kib=30476
RESULT commit_after_kib=29948
RESULT decommit_calls_total=9
.RESULT arm=cap4
RESULT elapsed_ns=159885100
RESULT segments_reserved_total=16
RESULT rss_after_kib=30476
RESULT commit_after_kib=29952
RESULT decommit_calls_total=9
.RESULT arm=cap8
RESULT elapsed_ns=137890200
RESULT segments_reserved_total=8
RESULT rss_after_kib=34576
RESULT commit_after_kib=34052
RESULT decommit_calls_total=0
.RESULT arm=cap8
RESULT elapsed_ns=125218900
RESULT segments_reserved_total=8
RESULT rss_after_kib=34576
RESULT commit_after_kib=34052
RESULT decommit_calls_total=0
.RESULT arm=cap4
RESULT elapsed_ns=151734900
RESULT segments_reserved_total=16
RESULT rss_after_kib=30476
RESULT commit_after_kib=29948
RESULT decommit_calls_total=9
.RESULT arm=cap4
RESULT elapsed_ns=148774200
RESULT segments_reserved_total=16
RESULT rss_after_kib=30476
RESULT commit_after_kib=29956
RESULT decommit_calls_total=9
.RESULT arm=cap8
RESULT elapsed_ns=121293000
RESULT segments_reserved_total=8
RESULT rss_after_kib=34576
RESULT commit_after_kib=34056
RESULT decommit_calls_total=0
.RESULT arm=cap8
RESULT elapsed_ns=116201100
RESULT segments_reserved_total=8
RESULT rss_after_kib=34572
RESULT commit_after_kib=34044
RESULT decommit_calls_total=0
.RESULT arm=cap4
RESULT elapsed_ns=151007300
RESULT segments_reserved_total=16
RESULT rss_after_kib=30476
RESULT commit_after_kib=29952
RESULT decommit_calls_total=9
.RESULT arm=cap4
RESULT elapsed_ns=153842900
RESULT segments_reserved_total=16
RESULT rss_after_kib=30476
RESULT commit_after_kib=29952
RESULT decommit_calls_total=9
.RESULT arm=cap8
RESULT elapsed_ns=115769300
RESULT segments_reserved_total=8
RESULT rss_after_kib=34576
RESULT commit_after_kib=34048
RESULT decommit_calls_total=0
.RESULT arm=cap8
RESULT elapsed_ns=114700800
RESULT segments_reserved_total=8
RESULT rss_after_kib=34576
RESULT commit_after_kib=34052
RESULT decommit_calls_total=0
.RESULT arm=cap4
RESULT elapsed_ns=134065500
RESULT segments_reserved_total=16
RESULT rss_after_kib=30488
RESULT commit_after_kib=29956
RESULT decommit_calls_total=9
.RESULT arm=cap4
RESULT elapsed_ns=140600000
RESULT segments_reserved_total=16
RESULT rss_after_kib=30488
RESULT commit_after_kib=29960
RESULT decommit_calls_total=9
.RESULT arm=cap8
RESULT elapsed_ns=138700000
RESULT segments_reserved_total=8
RESULT rss_after_kib=34572
RESULT commit_after_kib=34048
RESULT decommit_calls_total=0
.RESULT arm=cap8
RESULT elapsed_ns=127561000
RESULT segments_reserved_total=8
RESULT rss_after_kib=34576
RESULT commit_after_kib=34048
RESULT decommit_calls_total=0
.RESULT arm=cap4
RESULT elapsed_ns=138327700
RESULT segments_reserved_total=16
RESULT rss_after_kib=30476
RESULT commit_after_kib=29948
RESULT decommit_calls_total=9
.RESULT arm=cap4
RESULT elapsed_ns=144634100
RESULT segments_reserved_total=16
RESULT rss_after_kib=30476
RESULT commit_after_kib=29952
RESULT decommit_calls_total=9
.RESULT arm=cap8
RESULT elapsed_ns=118303600
RESULT segments_reserved_total=8
RESULT rss_after_kib=34576
RESULT commit_after_kib=34052
RESULT decommit_calls_total=0
.RESULT arm=cap8
RESULT elapsed_ns=113428500
RESULT segments_reserved_total=8
RESULT rss_after_kib=34576
RESULT commit_after_kib=34052
RESULT decommit_calls_total=0
.RESULT arm=cap4
RESULT elapsed_ns=147230200
RESULT segments_reserved_total=16
RESULT rss_after_kib=30476
RESULT commit_after_kib=29948
RESULT decommit_calls_total=9
.RESULT arm=cap4
RESULT elapsed_ns=143755200
RESULT segments_reserved_total=16
RESULT rss_after_kib=30476
RESULT commit_after_kib=29940
RESULT decommit_calls_total=9
.RESULT arm=cap8
RESULT elapsed_ns=122236700
RESULT segments_reserved_total=8
RESULT rss_after_kib=34576
RESULT commit_after_kib=34048
RESULT decommit_calls_total=0
.RESULT arm=cap8
RESULT elapsed_ns=124282900
RESULT segments_reserved_total=8
RESULT rss_after_kib=34576
RESULT commit_after_kib=34060
RESULT decommit_calls_total=0
.RESULT arm=cap4
RESULT elapsed_ns=141021100
RESULT segments_reserved_total=16
RESULT rss_after_kib=30488
RESULT commit_after_kib=29964
RESULT decommit_calls_total=9
.RESULT arm=cap4
RESULT elapsed_ns=150906100
RESULT segments_reserved_total=16
RESULT rss_after_kib=30476
RESULT commit_after_kib=29952
RESULT decommit_calls_total=9
.RESULT arm=cap8
RESULT elapsed_ns=143481600
RESULT segments_reserved_total=8
RESULT rss_after_kib=34576
RESULT commit_after_kib=34056
RESULT decommit_calls_total=0
.RESULT arm=cap8
RESULT elapsed_ns=148890700
RESULT segments_reserved_total=8
RESULT rss_after_kib=34576
RESULT commit_after_kib=34056
RESULT decommit_calls_total=0
.RESULT arm=cap4
RESULT elapsed_ns=172781100
RESULT segments_reserved_total=16
RESULT rss_after_kib=30476
RESULT commit_after_kib=29952
RESULT decommit_calls_total=9
.RESULT arm=cap4
RESULT elapsed_ns=151790800
RESULT segments_reserved_total=16
RESULT rss_after_kib=30476
RESULT commit_after_kib=29944
RESULT decommit_calls_total=9
.RESULT arm=cap8
RESULT elapsed_ns=132962500
RESULT segments_reserved_total=8
RESULT rss_after_kib=34576
RESULT commit_after_kib=34056
RESULT decommit_calls_total=0
.RESULT arm=cap8
RESULT elapsed_ns=130358100
RESULT segments_reserved_total=8
RESULT rss_after_kib=34576
RESULT commit_after_kib=34048
RESULT decommit_calls_total=0
.RESULT arm=cap4
RESULT elapsed_ns=153966300
RESULT segments_reserved_total=16
RESULT rss_after_kib=30476
RESULT commit_after_kib=29948
RESULT decommit_calls_total=9
.RESULT arm=cap4
RESULT elapsed_ns=147376800
RESULT segments_reserved_total=16
RESULT rss_after_kib=30476
RESULT commit_after_kib=29948
RESULT decommit_calls_total=9
.RESULT arm=cap8
RESULT elapsed_ns=119540800
RESULT segments_reserved_total=8
RESULT rss_after_kib=34576
RESULT commit_after_kib=34052
RESULT decommit_calls_total=0
.RESULT arm=cap8
RESULT elapsed_ns=123595800
RESULT segments_reserved_total=8
RESULT rss_after_kib=34576
RESULT commit_after_kib=34052
RESULT decommit_calls_total=0
.RESULT arm=cap4
RESULT elapsed_ns=165229100
RESULT segments_reserved_total=16
RESULT rss_after_kib=30476
RESULT commit_after_kib=29956
RESULT decommit_calls_total=9
.RESULT arm=cap4
RESULT elapsed_ns=158649800
RESULT segments_reserved_total=16
RESULT rss_after_kib=30476
RESULT commit_after_kib=29948
RESULT decommit_calls_total=9
.RESULT arm=cap8
RESULT elapsed_ns=125622500
RESULT segments_reserved_total=8
RESULT rss_after_kib=34576
RESULT commit_after_kib=34052
RESULT decommit_calls_total=0
.RESULT arm=cap8
RESULT elapsed_ns=114470600
RESULT segments_reserved_total=8
RESULT rss_after_kib=34576
RESULT commit_after_kib=34052
RESULT decommit_calls_total=0
.RESULT arm=cap4
RESULT elapsed_ns=136873100
RESULT segments_reserved_total=16
RESULT rss_after_kib=30476
RESULT commit_after_kib=29948
RESULT decommit_calls_total=9
.RESULT arm=cap4
RESULT elapsed_ns=139226800
RESULT segments_reserved_total=16
RESULT rss_after_kib=30476
RESULT commit_after_kib=29952
RESULT decommit_calls_total=9
.RESULT arm=cap8
RESULT elapsed_ns=121070000
RESULT segments_reserved_total=8
RESULT rss_after_kib=34576
RESULT commit_after_kib=34052
RESULT decommit_calls_total=0
.RESULT arm=cap8
RESULT elapsed_ns=113708800
RESULT segments_reserved_total=8
RESULT rss_after_kib=34576
RESULT commit_after_kib=34056
RESULT decommit_calls_total=0
.RESULT arm=cap4
RESULT elapsed_ns=161446800
RESULT segments_reserved_total=16
RESULT rss_after_kib=30484
RESULT commit_after_kib=29952
RESULT decommit_calls_total=9
.RESULT arm=cap4
RESULT elapsed_ns=147880400
RESULT segments_reserved_total=16
RESULT rss_after_kib=30476
RESULT commit_after_kib=29952
RESULT decommit_calls_total=9
.RESULT arm=cap8
RESULT elapsed_ns=119484900
RESULT segments_reserved_total=8
RESULT rss_after_kib=34584
RESULT commit_after_kib=34056
RESULT decommit_calls_total=0
.RESULT arm=cap8
RESULT elapsed_ns=110307300
RESULT segments_reserved_total=8
RESULT rss_after_kib=34576
RESULT commit_after_kib=34056
RESULT decommit_calls_total=0
.RESULT arm=cap4
RESULT elapsed_ns=129907500
RESULT segments_reserved_total=16
RESULT rss_after_kib=30476
RESULT commit_after_kib=29944
RESULT decommit_calls_total=9
.RESULT arm=cap4
RESULT elapsed_ns=136435700
RESULT segments_reserved_total=16
RESULT rss_after_kib=30484
RESULT commit_after_kib=29960
RESULT decommit_calls_total=9
.RESULT arm=cap8
RESULT elapsed_ns=121895400
RESULT segments_reserved_total=8
RESULT rss_after_kib=34576
RESULT commit_after_kib=34052
RESULT decommit_calls_total=0
.RESULT arm=cap8
RESULT elapsed_ns=105073400
RESULT segments_reserved_total=8
RESULT rss_after_kib=34576
RESULT commit_after_kib=34052
RESULT decommit_calls_total=0
.RESULT arm=cap4
RESULT elapsed_ns=132613100
RESULT segments_reserved_total=16
RESULT rss_after_kib=30476
RESULT commit_after_kib=29952
RESULT decommit_calls_total=9
.

  === cap4 vs cap8 (A - B, ns) ===
  n=20  mean Δ=23.667 ms  sd=8.667 ms  se=1.938 ms  t=12.212  df=19  crit(p<0.05)=2.101  => REAL (rejects null)
  sign test: cap4-faster=0/20  cap8-faster=20/20  ties=0

[paired-ab] provenance written to D:\dev\rust\sefer-alloc/docs/perf/paired_ab_runs/2026-07-28T16-25-31-476Z.json

[paired-ab] Reading this output: `t` past `crit` (or sign test heavily lopsided, e.g. 17+/20) means a REAL,
  non-noise wall-clock difference on THIS host for THIS workload — mirroring
  docs/perf/R5_R2_CHURN_REGRESSION_PAIRED_AB.md's verdict criteria. A same-vs-same control run
  (--arms sefer,sefer) should show t well under `crit` and a roughly even sign-test split --
  if it does not, that indicates a harness bug (non-reproducible workload, background load
  bleeding into the timed region), not a real self-difference.
