[paired-ab] --config has no "build" step; assuming arm commands are already built.

[paired-ab] before vs after — 20 pairs, A/B/B/A protocol
RESULT k=64
RESULT rotating_rounds=8192
RESULT table_count_at_floor=65
RESULT oracle1_pass=1
RESULT config_conflicts_delta=0
RESULT tier1_hits=0
RESULT tier1_misses=524288
RESULT tier1_total=524288
RESULT expected_total=524288
RESULT oracle2_pass=1
RESULT tier1_hit_rate_pct=0
RESULT churn_elapsed_ns=15121100
RESULT ns_per_op=28.841209411621094
OK k=64 rounds=8192 table_count=65 oracle1=PASS cfg_conflicts_delta=0 tier1_hits=0 tier1_misses=524288 hit_rate=0.00% oracle2=PASS ns_per_op=28.8
.RESULT k=64
RESULT rotating_rounds=8192
RESULT table_count_at_floor=65
RESULT oracle1_pass=1
RESULT config_conflicts_delta=0
RESULT tier1_hits=32764
RESULT tier1_misses=491524
RESULT tier1_total=524288
RESULT expected_total=524288
RESULT oracle2_pass=1
RESULT tier1_hit_rate_pct=6.249237060546875
RESULT churn_elapsed_ns=15834000
RESULT ns_per_op=30.200958251953125
OK k=64 rounds=8192 table_count=65 oracle1=PASS cfg_conflicts_delta=0 tier1_hits=32764 tier1_misses=491524 hit_rate=6.25% oracle2=PASS ns_per_op=30.2
.RESULT k=64
RESULT rotating_rounds=8192
RESULT table_count_at_floor=65
RESULT oracle1_pass=1
RESULT config_conflicts_delta=0
RESULT tier1_hits=0
RESULT tier1_misses=524288
RESULT tier1_total=524288
RESULT expected_total=524288
RESULT oracle2_pass=1
RESULT tier1_hit_rate_pct=0
RESULT churn_elapsed_ns=15802900
RESULT ns_per_op=30.141639709472656
OK k=64 rounds=8192 table_count=65 oracle1=PASS cfg_conflicts_delta=0 tier1_hits=0 tier1_misses=524288 hit_rate=0.00% oracle2=PASS ns_per_op=30.1
.RESULT k=64
RESULT rotating_rounds=8192
RESULT table_count_at_floor=65
RESULT oracle1_pass=1
RESULT config_conflicts_delta=0
RESULT tier1_hits=0
RESULT tier1_misses=524288
RESULT tier1_total=524288
RESULT expected_total=524288
RESULT oracle2_pass=1
RESULT tier1_hit_rate_pct=0
RESULT churn_elapsed_ns=15378900
RESULT ns_per_op=29.332923889160156
OK k=64 rounds=8192 table_count=65 oracle1=PASS cfg_conflicts_delta=0 tier1_hits=0 tier1_misses=524288 hit_rate=0.00% oracle2=PASS ns_per_op=29.3
.RESULT k=64
RESULT rotating_rounds=8192
RESULT table_count_at_floor=65
RESULT oracle1_pass=1
RESULT config_conflicts_delta=0
RESULT tier1_hits=0
RESULT tier1_misses=524288
RESULT tier1_total=524288
RESULT expected_total=524288
RESULT oracle2_pass=1
RESULT tier1_hit_rate_pct=0
RESULT churn_elapsed_ns=14731800
RESULT ns_per_op=28.098678588867188
OK k=64 rounds=8192 table_count=65 oracle1=PASS cfg_conflicts_delta=0 tier1_hits=0 tier1_misses=524288 hit_rate=0.00% oracle2=PASS ns_per_op=28.1
.RESULT k=64
RESULT rotating_rounds=8192
RESULT table_count_at_floor=65
RESULT oracle1_pass=1
RESULT config_conflicts_delta=0
RESULT tier1_hits=0
RESULT tier1_misses=524288
RESULT tier1_total=524288
RESULT expected_total=524288
RESULT oracle2_pass=1
RESULT tier1_hit_rate_pct=0
RESULT churn_elapsed_ns=19890000
RESULT ns_per_op=37.937164306640625
OK k=64 rounds=8192 table_count=65 oracle1=PASS cfg_conflicts_delta=0 tier1_hits=0 tier1_misses=524288 hit_rate=0.00% oracle2=PASS ns_per_op=37.9
.RESULT k=64
RESULT rotating_rounds=8192
RESULT table_count_at_floor=65
RESULT oracle1_pass=1
RESULT config_conflicts_delta=0
RESULT tier1_hits=0
RESULT tier1_misses=524288
RESULT tier1_total=524288
RESULT expected_total=524288
RESULT oracle2_pass=1
RESULT tier1_hit_rate_pct=0
RESULT churn_elapsed_ns=14876300
RESULT ns_per_op=28.374290466308594
OK k=64 rounds=8192 table_count=65 oracle1=PASS cfg_conflicts_delta=0 tier1_hits=0 tier1_misses=524288 hit_rate=0.00% oracle2=PASS ns_per_op=28.4
.RESULT k=64
RESULT rotating_rounds=8192
RESULT table_count_at_floor=65
RESULT oracle1_pass=1
RESULT config_conflicts_delta=0
RESULT tier1_hits=0
RESULT tier1_misses=524288
RESULT tier1_total=524288
RESULT expected_total=524288
RESULT oracle2_pass=1
RESULT tier1_hit_rate_pct=0
RESULT churn_elapsed_ns=15590300
RESULT ns_per_op=29.73613739013672
OK k=64 rounds=8192 table_count=65 oracle1=PASS cfg_conflicts_delta=0 tier1_hits=0 tier1_misses=524288 hit_rate=0.00% oracle2=PASS ns_per_op=29.7
.RESULT k=64
RESULT rotating_rounds=8192
RESULT table_count_at_floor=65
RESULT oracle1_pass=1
RESULT config_conflicts_delta=0
RESULT tier1_hits=0
RESULT tier1_misses=524288
RESULT tier1_total=524288
RESULT expected_total=524288
RESULT oracle2_pass=1
RESULT tier1_hit_rate_pct=0
RESULT churn_elapsed_ns=14904700
RESULT ns_per_op=28.42845916748047
OK k=64 rounds=8192 table_count=65 oracle1=PASS cfg_conflicts_delta=0 tier1_hits=0 tier1_misses=524288 hit_rate=0.00% oracle2=PASS ns_per_op=28.4
.RESULT k=64
RESULT rotating_rounds=8192
RESULT table_count_at_floor=65
RESULT oracle1_pass=1
RESULT config_conflicts_delta=0
RESULT tier1_hits=0
RESULT tier1_misses=524288
RESULT tier1_total=524288
RESULT expected_total=524288
RESULT oracle2_pass=1
RESULT tier1_hit_rate_pct=0
RESULT churn_elapsed_ns=15188900
RESULT ns_per_op=28.97052764892578
OK k=64 rounds=8192 table_count=65 oracle1=PASS cfg_conflicts_delta=0 tier1_hits=0 tier1_misses=524288 hit_rate=0.00% oracle2=PASS ns_per_op=29.0
.RESULT k=64
RESULT rotating_rounds=8192
RESULT table_count_at_floor=65
RESULT oracle1_pass=1
RESULT config_conflicts_delta=0
RESULT tier1_hits=0
RESULT tier1_misses=524288
RESULT tier1_total=524288
RESULT expected_total=524288
RESULT oracle2_pass=1
RESULT tier1_hit_rate_pct=0
RESULT churn_elapsed_ns=15509200
RESULT ns_per_op=29.581451416015625
OK k=64 rounds=8192 table_count=65 oracle1=PASS cfg_conflicts_delta=0 tier1_hits=0 tier1_misses=524288 hit_rate=0.00% oracle2=PASS ns_per_op=29.6
.RESULT k=64
RESULT rotating_rounds=8192
RESULT table_count_at_floor=65
RESULT oracle1_pass=1
RESULT config_conflicts_delta=0
RESULT tier1_hits=0
RESULT tier1_misses=524288
RESULT tier1_total=524288
RESULT expected_total=524288
RESULT oracle2_pass=1
RESULT tier1_hit_rate_pct=0
RESULT churn_elapsed_ns=14649500
RESULT ns_per_op=27.94170379638672
OK k=64 rounds=8192 table_count=65 oracle1=PASS cfg_conflicts_delta=0 tier1_hits=0 tier1_misses=524288 hit_rate=0.00% oracle2=PASS ns_per_op=27.9
.RESULT k=64
RESULT rotating_rounds=8192
RESULT table_count_at_floor=65
RESULT oracle1_pass=1
RESULT config_conflicts_delta=0
RESULT tier1_hits=0
RESULT tier1_misses=524288
RESULT tier1_total=524288
RESULT expected_total=524288
RESULT oracle2_pass=1
RESULT tier1_hit_rate_pct=0
RESULT churn_elapsed_ns=14537200
RESULT ns_per_op=27.727508544921875
OK k=64 rounds=8192 table_count=65 oracle1=PASS cfg_conflicts_delta=0 tier1_hits=0 tier1_misses=524288 hit_rate=0.00% oracle2=PASS ns_per_op=27.7
.RESULT k=64
RESULT rotating_rounds=8192
RESULT table_count_at_floor=65
RESULT oracle1_pass=1
RESULT config_conflicts_delta=0
RESULT tier1_hits=0
RESULT tier1_misses=524288
RESULT tier1_total=524288
RESULT expected_total=524288
RESULT oracle2_pass=1
RESULT tier1_hit_rate_pct=0
RESULT churn_elapsed_ns=15144300
RESULT ns_per_op=28.885459899902344
OK k=64 rounds=8192 table_count=65 oracle1=PASS cfg_conflicts_delta=0 tier1_hits=0 tier1_misses=524288 hit_rate=0.00% oracle2=PASS ns_per_op=28.9
.RESULT k=64
RESULT rotating_rounds=8192
RESULT table_count_at_floor=65
RESULT oracle1_pass=1
RESULT config_conflicts_delta=0
RESULT tier1_hits=0
RESULT tier1_misses=524288
RESULT tier1_total=524288
RESULT expected_total=524288
RESULT oracle2_pass=1
RESULT tier1_hit_rate_pct=0
RESULT churn_elapsed_ns=15337100
RESULT ns_per_op=29.253196716308594
OK k=64 rounds=8192 table_count=65 oracle1=PASS cfg_conflicts_delta=0 tier1_hits=0 tier1_misses=524288 hit_rate=0.00% oracle2=PASS ns_per_op=29.3
.RESULT k=64
RESULT rotating_rounds=8192
RESULT table_count_at_floor=65
RESULT oracle1_pass=1
RESULT config_conflicts_delta=0
RESULT tier1_hits=0
RESULT tier1_misses=524288
RESULT tier1_total=524288
RESULT expected_total=524288
RESULT oracle2_pass=1
RESULT tier1_hit_rate_pct=0
RESULT churn_elapsed_ns=14849600
RESULT ns_per_op=28.3233642578125
OK k=64 rounds=8192 table_count=65 oracle1=PASS cfg_conflicts_delta=0 tier1_hits=0 tier1_misses=524288 hit_rate=0.00% oracle2=PASS ns_per_op=28.3
.RESULT k=64
RESULT rotating_rounds=8192
RESULT table_count_at_floor=65
RESULT oracle1_pass=1
RESULT config_conflicts_delta=0
RESULT tier1_hits=0
RESULT tier1_misses=524288
RESULT tier1_total=524288
RESULT expected_total=524288
RESULT oracle2_pass=1
RESULT tier1_hit_rate_pct=0
RESULT churn_elapsed_ns=15292100
RESULT ns_per_op=29.16736602783203
OK k=64 rounds=8192 table_count=65 oracle1=PASS cfg_conflicts_delta=0 tier1_hits=0 tier1_misses=524288 hit_rate=0.00% oracle2=PASS ns_per_op=29.2
.RESULT k=64
RESULT rotating_rounds=8192
RESULT table_count_at_floor=65
RESULT oracle1_pass=1
RESULT config_conflicts_delta=0
RESULT tier1_hits=0
RESULT tier1_misses=524288
RESULT tier1_total=524288
RESULT expected_total=524288
RESULT oracle2_pass=1
RESULT tier1_hit_rate_pct=0
RESULT churn_elapsed_ns=15182600
RESULT ns_per_op=28.958511352539063
OK k=64 rounds=8192 table_count=65 oracle1=PASS cfg_conflicts_delta=0 tier1_hits=0 tier1_misses=524288 hit_rate=0.00% oracle2=PASS ns_per_op=29.0
.RESULT k=64
RESULT rotating_rounds=8192
RESULT table_count_at_floor=65
RESULT oracle1_pass=1
RESULT config_conflicts_delta=0
RESULT tier1_hits=0
RESULT tier1_misses=524288
RESULT tier1_total=524288
RESULT expected_total=524288
RESULT oracle2_pass=1
RESULT tier1_hit_rate_pct=0
RESULT churn_elapsed_ns=15311400
RESULT ns_per_op=29.204177856445313
OK k=64 rounds=8192 table_count=65 oracle1=PASS cfg_conflicts_delta=0 tier1_hits=0 tier1_misses=524288 hit_rate=0.00% oracle2=PASS ns_per_op=29.2
.RESULT k=64
RESULT rotating_rounds=8192
RESULT table_count_at_floor=65
RESULT oracle1_pass=1
RESULT config_conflicts_delta=0
RESULT tier1_hits=0
RESULT tier1_misses=524288
RESULT tier1_total=524288
RESULT expected_total=524288
RESULT oracle2_pass=1
RESULT tier1_hit_rate_pct=0
RESULT churn_elapsed_ns=14056000
RESULT ns_per_op=26.8096923828125
OK k=64 rounds=8192 table_count=65 oracle1=PASS cfg_conflicts_delta=0 tier1_hits=0 tier1_misses=524288 hit_rate=0.00% oracle2=PASS ns_per_op=26.8
.RESULT k=64
RESULT rotating_rounds=8192
RESULT table_count_at_floor=65
RESULT oracle1_pass=1
RESULT config_conflicts_delta=0
RESULT tier1_hits=0
RESULT tier1_misses=524288
RESULT tier1_total=524288
RESULT expected_total=524288
RESULT oracle2_pass=1
RESULT tier1_hit_rate_pct=0
RESULT churn_elapsed_ns=14730900
RESULT ns_per_op=28.096961975097656
OK k=64 rounds=8192 table_count=65 oracle1=PASS cfg_conflicts_delta=0 tier1_hits=0 tier1_misses=524288 hit_rate=0.00% oracle2=PASS ns_per_op=28.1
.RESULT k=64
RESULT rotating_rounds=8192
RESULT table_count_at_floor=65
RESULT oracle1_pass=1
RESULT config_conflicts_delta=0
RESULT tier1_hits=0
RESULT tier1_misses=524288
RESULT tier1_total=524288
RESULT expected_total=524288
RESULT oracle2_pass=1
RESULT tier1_hit_rate_pct=0
RESULT churn_elapsed_ns=14928800
RESULT ns_per_op=28.47442626953125
OK k=64 rounds=8192 table_count=65 oracle1=PASS cfg_conflicts_delta=0 tier1_hits=0 tier1_misses=524288 hit_rate=0.00% oracle2=PASS ns_per_op=28.5
.RESULT k=64
RESULT rotating_rounds=8192
RESULT table_count_at_floor=65
RESULT oracle1_pass=1
RESULT config_conflicts_delta=0
RESULT tier1_hits=0
RESULT tier1_misses=524288
RESULT tier1_total=524288
RESULT expected_total=524288
RESULT oracle2_pass=1
RESULT tier1_hit_rate_pct=0
RESULT churn_elapsed_ns=14974200
RESULT ns_per_op=28.561019897460938
OK k=64 rounds=8192 table_count=65 oracle1=PASS cfg_conflicts_delta=0 tier1_hits=0 tier1_misses=524288 hit_rate=0.00% oracle2=PASS ns_per_op=28.6
.RESULT k=64
RESULT rotating_rounds=8192
RESULT table_count_at_floor=65
RESULT oracle1_pass=1
RESULT config_conflicts_delta=0
RESULT tier1_hits=0
RESULT tier1_misses=524288
RESULT tier1_total=524288
RESULT expected_total=524288
RESULT oracle2_pass=1
RESULT tier1_hit_rate_pct=0
RESULT churn_elapsed_ns=15507000
RESULT ns_per_op=29.577255249023438
OK k=64 rounds=8192 table_count=65 oracle1=PASS cfg_conflicts_delta=0 tier1_hits=0 tier1_misses=524288 hit_rate=0.00% oracle2=PASS ns_per_op=29.6
.RESULT k=64
RESULT rotating_rounds=8192
RESULT table_count_at_floor=65
RESULT oracle1_pass=1
RESULT config_conflicts_delta=0
RESULT tier1_hits=0
RESULT tier1_misses=524288
RESULT tier1_total=524288
RESULT expected_total=524288
RESULT oracle2_pass=1
RESULT tier1_hit_rate_pct=0
RESULT churn_elapsed_ns=15075400
RESULT ns_per_op=28.754043579101563
OK k=64 rounds=8192 table_count=65 oracle1=PASS cfg_conflicts_delta=0 tier1_hits=0 tier1_misses=524288 hit_rate=0.00% oracle2=PASS ns_per_op=28.8
.RESULT k=64
RESULT rotating_rounds=8192
RESULT table_count_at_floor=65
RESULT oracle1_pass=1
RESULT config_conflicts_delta=0
RESULT tier1_hits=40955
RESULT tier1_misses=483333
RESULT tier1_total=524288
RESULT expected_total=524288
RESULT oracle2_pass=1
RESULT tier1_hit_rate_pct=7.811546325683594
RESULT churn_elapsed_ns=15226800
RESULT ns_per_op=29.042816162109375
OK k=64 rounds=8192 table_count=65 oracle1=PASS cfg_conflicts_delta=0 tier1_hits=40955 tier1_misses=483333 hit_rate=7.81% oracle2=PASS ns_per_op=29.0
.RESULT k=64
RESULT rotating_rounds=8192
RESULT table_count_at_floor=65
RESULT oracle1_pass=1
RESULT config_conflicts_delta=0
RESULT tier1_hits=0
RESULT tier1_misses=524288
RESULT tier1_total=524288
RESULT expected_total=524288
RESULT oracle2_pass=1
RESULT tier1_hit_rate_pct=0
RESULT churn_elapsed_ns=15619900
RESULT ns_per_op=29.79259490966797
OK k=64 rounds=8192 table_count=65 oracle1=PASS cfg_conflicts_delta=0 tier1_hits=0 tier1_misses=524288 hit_rate=0.00% oracle2=PASS ns_per_op=29.8
.RESULT k=64
RESULT rotating_rounds=8192
RESULT table_count_at_floor=65
RESULT oracle1_pass=1
RESULT config_conflicts_delta=0
RESULT tier1_hits=0
RESULT tier1_misses=524288
RESULT tier1_total=524288
RESULT expected_total=524288
RESULT oracle2_pass=1
RESULT tier1_hit_rate_pct=0
RESULT churn_elapsed_ns=15235000
RESULT ns_per_op=29.058456420898438
OK k=64 rounds=8192 table_count=65 oracle1=PASS cfg_conflicts_delta=0 tier1_hits=0 tier1_misses=524288 hit_rate=0.00% oracle2=PASS ns_per_op=29.1
.RESULT k=64
RESULT rotating_rounds=8192
RESULT table_count_at_floor=65
RESULT oracle1_pass=1
RESULT config_conflicts_delta=0
RESULT tier1_hits=0
RESULT tier1_misses=524288
RESULT tier1_total=524288
RESULT expected_total=524288
RESULT oracle2_pass=1
RESULT tier1_hit_rate_pct=0
RESULT churn_elapsed_ns=14990700
RESULT ns_per_op=28.592491149902344
OK k=64 rounds=8192 table_count=65 oracle1=PASS cfg_conflicts_delta=0 tier1_hits=0 tier1_misses=524288 hit_rate=0.00% oracle2=PASS ns_per_op=28.6
.RESULT k=64
RESULT rotating_rounds=8192
RESULT table_count_at_floor=65
RESULT oracle1_pass=1
RESULT config_conflicts_delta=0
RESULT tier1_hits=0
RESULT tier1_misses=524288
RESULT tier1_total=524288
RESULT expected_total=524288
RESULT oracle2_pass=1
RESULT tier1_hit_rate_pct=0
RESULT churn_elapsed_ns=15253900
RESULT ns_per_op=29.094505310058594
OK k=64 rounds=8192 table_count=65 oracle1=PASS cfg_conflicts_delta=0 tier1_hits=0 tier1_misses=524288 hit_rate=0.00% oracle2=PASS ns_per_op=29.1
.RESULT k=64
RESULT rotating_rounds=8192
RESULT table_count_at_floor=65
RESULT oracle1_pass=1
RESULT config_conflicts_delta=0
RESULT tier1_hits=0
RESULT tier1_misses=524288
RESULT tier1_total=524288
RESULT expected_total=524288
RESULT oracle2_pass=1
RESULT tier1_hit_rate_pct=0
RESULT churn_elapsed_ns=15026100
RESULT ns_per_op=28.660011291503906
OK k=64 rounds=8192 table_count=65 oracle1=PASS cfg_conflicts_delta=0 tier1_hits=0 tier1_misses=524288 hit_rate=0.00% oracle2=PASS ns_per_op=28.7
.RESULT k=64
RESULT rotating_rounds=8192
RESULT table_count_at_floor=65
RESULT oracle1_pass=1
RESULT config_conflicts_delta=0
RESULT tier1_hits=0
RESULT tier1_misses=524288
RESULT tier1_total=524288
RESULT expected_total=524288
RESULT oracle2_pass=1
RESULT tier1_hit_rate_pct=0
RESULT churn_elapsed_ns=15289800
RESULT ns_per_op=29.162979125976563
OK k=64 rounds=8192 table_count=65 oracle1=PASS cfg_conflicts_delta=0 tier1_hits=0 tier1_misses=524288 hit_rate=0.00% oracle2=PASS ns_per_op=29.2
.RESULT k=64
RESULT rotating_rounds=8192
RESULT table_count_at_floor=65
RESULT oracle1_pass=1
RESULT config_conflicts_delta=0
RESULT tier1_hits=0
RESULT tier1_misses=524288
RESULT tier1_total=524288
RESULT expected_total=524288
RESULT oracle2_pass=1
RESULT tier1_hit_rate_pct=0
RESULT churn_elapsed_ns=15118300
RESULT ns_per_op=28.83586883544922
OK k=64 rounds=8192 table_count=65 oracle1=PASS cfg_conflicts_delta=0 tier1_hits=0 tier1_misses=524288 hit_rate=0.00% oracle2=PASS ns_per_op=28.8
.RESULT k=64
RESULT rotating_rounds=8192
RESULT table_count_at_floor=65
RESULT oracle1_pass=1
RESULT config_conflicts_delta=0
RESULT tier1_hits=0
RESULT tier1_misses=524288
RESULT tier1_total=524288
RESULT expected_total=524288
RESULT oracle2_pass=1
RESULT tier1_hit_rate_pct=0
RESULT churn_elapsed_ns=14876600
RESULT ns_per_op=28.374862670898438
OK k=64 rounds=8192 table_count=65 oracle1=PASS cfg_conflicts_delta=0 tier1_hits=0 tier1_misses=524288 hit_rate=0.00% oracle2=PASS ns_per_op=28.4
.RESULT k=64
RESULT rotating_rounds=8192
RESULT table_count_at_floor=65
RESULT oracle1_pass=1
RESULT config_conflicts_delta=0
RESULT tier1_hits=0
RESULT tier1_misses=524288
RESULT tier1_total=524288
RESULT expected_total=524288
RESULT oracle2_pass=1
RESULT tier1_hit_rate_pct=0
RESULT churn_elapsed_ns=14342500
RESULT ns_per_op=27.35614776611328
OK k=64 rounds=8192 table_count=65 oracle1=PASS cfg_conflicts_delta=0 tier1_hits=0 tier1_misses=524288 hit_rate=0.00% oracle2=PASS ns_per_op=27.4
.RESULT k=64
RESULT rotating_rounds=8192
RESULT table_count_at_floor=65
RESULT oracle1_pass=1
RESULT config_conflicts_delta=0
RESULT tier1_hits=0
RESULT tier1_misses=524288
RESULT tier1_total=524288
RESULT expected_total=524288
RESULT oracle2_pass=1
RESULT tier1_hit_rate_pct=0
RESULT churn_elapsed_ns=14551100
RESULT ns_per_op=27.75402069091797
OK k=64 rounds=8192 table_count=65 oracle1=PASS cfg_conflicts_delta=0 tier1_hits=0 tier1_misses=524288 hit_rate=0.00% oracle2=PASS ns_per_op=27.8
.RESULT k=64
RESULT rotating_rounds=8192
RESULT table_count_at_floor=65
RESULT oracle1_pass=1
RESULT config_conflicts_delta=0
RESULT tier1_hits=0
RESULT tier1_misses=524288
RESULT tier1_total=524288
RESULT expected_total=524288
RESULT oracle2_pass=1
RESULT tier1_hit_rate_pct=0
RESULT churn_elapsed_ns=14945400
RESULT ns_per_op=28.506088256835938
OK k=64 rounds=8192 table_count=65 oracle1=PASS cfg_conflicts_delta=0 tier1_hits=0 tier1_misses=524288 hit_rate=0.00% oracle2=PASS ns_per_op=28.5
.RESULT k=64
RESULT rotating_rounds=8192
RESULT table_count_at_floor=65
RESULT oracle1_pass=1
RESULT config_conflicts_delta=0
RESULT tier1_hits=0
RESULT tier1_misses=524288
RESULT tier1_total=524288
RESULT expected_total=524288
RESULT oracle2_pass=1
RESULT tier1_hit_rate_pct=0
RESULT churn_elapsed_ns=15167100
RESULT ns_per_op=28.92894744873047
OK k=64 rounds=8192 table_count=65 oracle1=PASS cfg_conflicts_delta=0 tier1_hits=0 tier1_misses=524288 hit_rate=0.00% oracle2=PASS ns_per_op=28.9
.RESULT k=64
RESULT rotating_rounds=8192
RESULT table_count_at_floor=65
RESULT oracle1_pass=1
RESULT config_conflicts_delta=0
RESULT tier1_hits=0
RESULT tier1_misses=524288
RESULT tier1_total=524288
RESULT expected_total=524288
RESULT oracle2_pass=1
RESULT tier1_hit_rate_pct=0
RESULT churn_elapsed_ns=15430100
RESULT ns_per_op=29.430580139160156
OK k=64 rounds=8192 table_count=65 oracle1=PASS cfg_conflicts_delta=0 tier1_hits=0 tier1_misses=524288 hit_rate=0.00% oracle2=PASS ns_per_op=29.4
.RESULT k=64
RESULT rotating_rounds=8192
RESULT table_count_at_floor=65
RESULT oracle1_pass=1
RESULT config_conflicts_delta=0
RESULT tier1_hits=0
RESULT tier1_misses=524288
RESULT tier1_total=524288
RESULT expected_total=524288
RESULT oracle2_pass=1
RESULT tier1_hit_rate_pct=0
RESULT churn_elapsed_ns=15048200
RESULT ns_per_op=28.702163696289063
OK k=64 rounds=8192 table_count=65 oracle1=PASS cfg_conflicts_delta=0 tier1_hits=0 tier1_misses=524288 hit_rate=0.00% oracle2=PASS ns_per_op=28.7
.RESULT k=64
RESULT rotating_rounds=8192
RESULT table_count_at_floor=65
RESULT oracle1_pass=1
RESULT config_conflicts_delta=0
RESULT tier1_hits=0
RESULT tier1_misses=524288
RESULT tier1_total=524288
RESULT expected_total=524288
RESULT oracle2_pass=1
RESULT tier1_hit_rate_pct=0
RESULT churn_elapsed_ns=14726100
RESULT ns_per_op=28.087806701660156
OK k=64 rounds=8192 table_count=65 oracle1=PASS cfg_conflicts_delta=0 tier1_hits=0 tier1_misses=524288 hit_rate=0.00% oracle2=PASS ns_per_op=28.1
.RESULT k=64
RESULT rotating_rounds=8192
RESULT table_count_at_floor=65
RESULT oracle1_pass=1
RESULT config_conflicts_delta=0
RESULT tier1_hits=0
RESULT tier1_misses=524288
RESULT tier1_total=524288
RESULT expected_total=524288
RESULT oracle2_pass=1
RESULT tier1_hit_rate_pct=0
RESULT churn_elapsed_ns=16693900
RESULT ns_per_op=31.841087341308594
OK k=64 rounds=8192 table_count=65 oracle1=PASS cfg_conflicts_delta=0 tier1_hits=0 tier1_misses=524288 hit_rate=0.00% oracle2=PASS ns_per_op=31.8
.RESULT k=64
RESULT rotating_rounds=8192
RESULT table_count_at_floor=65
RESULT oracle1_pass=1
RESULT config_conflicts_delta=0
RESULT tier1_hits=49146
RESULT tier1_misses=475142
RESULT tier1_total=524288
RESULT expected_total=524288
RESULT oracle2_pass=1
RESULT tier1_hit_rate_pct=9.373855590820313
RESULT churn_elapsed_ns=14954000
RESULT ns_per_op=28.522491455078125
OK k=64 rounds=8192 table_count=65 oracle1=PASS cfg_conflicts_delta=0 tier1_hits=49146 tier1_misses=475142 hit_rate=9.37% oracle2=PASS ns_per_op=28.5
.RESULT k=64
RESULT rotating_rounds=8192
RESULT table_count_at_floor=65
RESULT oracle1_pass=1
RESULT config_conflicts_delta=0
RESULT tier1_hits=0
RESULT tier1_misses=524288
RESULT tier1_total=524288
RESULT expected_total=524288
RESULT oracle2_pass=1
RESULT tier1_hit_rate_pct=0
RESULT churn_elapsed_ns=15346400
RESULT ns_per_op=29.27093505859375
OK k=64 rounds=8192 table_count=65 oracle1=PASS cfg_conflicts_delta=0 tier1_hits=0 tier1_misses=524288 hit_rate=0.00% oracle2=PASS ns_per_op=29.3
.RESULT k=64
RESULT rotating_rounds=8192
RESULT table_count_at_floor=65
RESULT oracle1_pass=1
RESULT config_conflicts_delta=0
RESULT tier1_hits=0
RESULT tier1_misses=524288
RESULT tier1_total=524288
RESULT expected_total=524288
RESULT oracle2_pass=1
RESULT tier1_hit_rate_pct=0
RESULT churn_elapsed_ns=15408500
RESULT ns_per_op=29.389381408691406
OK k=64 rounds=8192 table_count=65 oracle1=PASS cfg_conflicts_delta=0 tier1_hits=0 tier1_misses=524288 hit_rate=0.00% oracle2=PASS ns_per_op=29.4
.RESULT k=64
RESULT rotating_rounds=8192
RESULT table_count_at_floor=65
RESULT oracle1_pass=1
RESULT config_conflicts_delta=0
RESULT tier1_hits=0
RESULT tier1_misses=524288
RESULT tier1_total=524288
RESULT expected_total=524288
RESULT oracle2_pass=1
RESULT tier1_hit_rate_pct=0
RESULT churn_elapsed_ns=14821900
RESULT ns_per_op=28.270530700683594
OK k=64 rounds=8192 table_count=65 oracle1=PASS cfg_conflicts_delta=0 tier1_hits=0 tier1_misses=524288 hit_rate=0.00% oracle2=PASS ns_per_op=28.3
.RESULT k=64
RESULT rotating_rounds=8192
RESULT table_count_at_floor=65
RESULT oracle1_pass=1
RESULT config_conflicts_delta=0
RESULT tier1_hits=0
RESULT tier1_misses=524288
RESULT tier1_total=524288
RESULT expected_total=524288
RESULT oracle2_pass=1
RESULT tier1_hit_rate_pct=0
RESULT churn_elapsed_ns=15234500
RESULT ns_per_op=29.05750274658203
OK k=64 rounds=8192 table_count=65 oracle1=PASS cfg_conflicts_delta=0 tier1_hits=0 tier1_misses=524288 hit_rate=0.00% oracle2=PASS ns_per_op=29.1
.RESULT k=64
RESULT rotating_rounds=8192
RESULT table_count_at_floor=65
RESULT oracle1_pass=1
RESULT config_conflicts_delta=0
RESULT tier1_hits=0
RESULT tier1_misses=524288
RESULT tier1_total=524288
RESULT expected_total=524288
RESULT oracle2_pass=1
RESULT tier1_hit_rate_pct=0
RESULT churn_elapsed_ns=15035900
RESULT ns_per_op=28.67870330810547
OK k=64 rounds=8192 table_count=65 oracle1=PASS cfg_conflicts_delta=0 tier1_hits=0 tier1_misses=524288 hit_rate=0.00% oracle2=PASS ns_per_op=28.7
.RESULT k=64
RESULT rotating_rounds=8192
RESULT table_count_at_floor=65
RESULT oracle1_pass=1
RESULT config_conflicts_delta=0
RESULT tier1_hits=0
RESULT tier1_misses=524288
RESULT tier1_total=524288
RESULT expected_total=524288
RESULT oracle2_pass=1
RESULT tier1_hit_rate_pct=0
RESULT churn_elapsed_ns=15391800
RESULT ns_per_op=29.357528686523438
OK k=64 rounds=8192 table_count=65 oracle1=PASS cfg_conflicts_delta=0 tier1_hits=0 tier1_misses=524288 hit_rate=0.00% oracle2=PASS ns_per_op=29.4
.RESULT k=64
RESULT rotating_rounds=8192
RESULT table_count_at_floor=65
RESULT oracle1_pass=1
RESULT config_conflicts_delta=0
RESULT tier1_hits=0
RESULT tier1_misses=524288
RESULT tier1_total=524288
RESULT expected_total=524288
RESULT oracle2_pass=1
RESULT tier1_hit_rate_pct=0
RESULT churn_elapsed_ns=14773000
RESULT ns_per_op=28.177261352539063
OK k=64 rounds=8192 table_count=65 oracle1=PASS cfg_conflicts_delta=0 tier1_hits=0 tier1_misses=524288 hit_rate=0.00% oracle2=PASS ns_per_op=28.2
.RESULT k=64
RESULT rotating_rounds=8192
RESULT table_count_at_floor=65
RESULT oracle1_pass=1
RESULT config_conflicts_delta=0
RESULT tier1_hits=0
RESULT tier1_misses=524288
RESULT tier1_total=524288
RESULT expected_total=524288
RESULT oracle2_pass=1
RESULT tier1_hit_rate_pct=0
RESULT churn_elapsed_ns=14655500
RESULT ns_per_op=27.953147888183594
OK k=64 rounds=8192 table_count=65 oracle1=PASS cfg_conflicts_delta=0 tier1_hits=0 tier1_misses=524288 hit_rate=0.00% oracle2=PASS ns_per_op=28.0
.RESULT k=64
RESULT rotating_rounds=8192
RESULT table_count_at_floor=65
RESULT oracle1_pass=1
RESULT config_conflicts_delta=0
RESULT tier1_hits=0
RESULT tier1_misses=524288
RESULT tier1_total=524288
RESULT expected_total=524288
RESULT oracle2_pass=1
RESULT tier1_hit_rate_pct=0
RESULT churn_elapsed_ns=14984500
RESULT ns_per_op=28.580665588378906
OK k=64 rounds=8192 table_count=65 oracle1=PASS cfg_conflicts_delta=0 tier1_hits=0 tier1_misses=524288 hit_rate=0.00% oracle2=PASS ns_per_op=28.6
.RESULT k=64
RESULT rotating_rounds=8192
RESULT table_count_at_floor=65
RESULT oracle1_pass=1
RESULT config_conflicts_delta=0
RESULT tier1_hits=0
RESULT tier1_misses=524288
RESULT tier1_total=524288
RESULT expected_total=524288
RESULT oracle2_pass=1
RESULT tier1_hit_rate_pct=0
RESULT churn_elapsed_ns=15194700
RESULT ns_per_op=28.981590270996094
OK k=64 rounds=8192 table_count=65 oracle1=PASS cfg_conflicts_delta=0 tier1_hits=0 tier1_misses=524288 hit_rate=0.00% oracle2=PASS ns_per_op=29.0
.RESULT k=64
RESULT rotating_rounds=8192
RESULT table_count_at_floor=65
RESULT oracle1_pass=1
RESULT config_conflicts_delta=0
RESULT tier1_hits=0
RESULT tier1_misses=524288
RESULT tier1_total=524288
RESULT expected_total=524288
RESULT oracle2_pass=1
RESULT tier1_hit_rate_pct=0
RESULT churn_elapsed_ns=14946500
RESULT ns_per_op=28.50818634033203
OK k=64 rounds=8192 table_count=65 oracle1=PASS cfg_conflicts_delta=0 tier1_hits=0 tier1_misses=524288 hit_rate=0.00% oracle2=PASS ns_per_op=28.5
.RESULT k=64
RESULT rotating_rounds=8192
RESULT table_count_at_floor=65
RESULT oracle1_pass=1
RESULT config_conflicts_delta=0
RESULT tier1_hits=0
RESULT tier1_misses=524288
RESULT tier1_total=524288
RESULT expected_total=524288
RESULT oracle2_pass=1
RESULT tier1_hit_rate_pct=0
RESULT churn_elapsed_ns=15087500
RESULT ns_per_op=28.777122497558594
OK k=64 rounds=8192 table_count=65 oracle1=PASS cfg_conflicts_delta=0 tier1_hits=0 tier1_misses=524288 hit_rate=0.00% oracle2=PASS ns_per_op=28.8
.RESULT k=64
RESULT rotating_rounds=8192
RESULT table_count_at_floor=65
RESULT oracle1_pass=1
RESULT config_conflicts_delta=0
RESULT tier1_hits=0
RESULT tier1_misses=524288
RESULT tier1_total=524288
RESULT expected_total=524288
RESULT oracle2_pass=1
RESULT tier1_hit_rate_pct=0
RESULT churn_elapsed_ns=14778200
RESULT ns_per_op=28.187179565429688
OK k=64 rounds=8192 table_count=65 oracle1=PASS cfg_conflicts_delta=0 tier1_hits=0 tier1_misses=524288 hit_rate=0.00% oracle2=PASS ns_per_op=28.2
.RESULT k=64
RESULT rotating_rounds=8192
RESULT table_count_at_floor=65
RESULT oracle1_pass=1
RESULT config_conflicts_delta=0
RESULT tier1_hits=0
RESULT tier1_misses=524288
RESULT tier1_total=524288
RESULT expected_total=524288
RESULT oracle2_pass=1
RESULT tier1_hit_rate_pct=0
RESULT churn_elapsed_ns=15153900
RESULT ns_per_op=28.903770446777344
OK k=64 rounds=8192 table_count=65 oracle1=PASS cfg_conflicts_delta=0 tier1_hits=0 tier1_misses=524288 hit_rate=0.00% oracle2=PASS ns_per_op=28.9
.RESULT k=64
RESULT rotating_rounds=8192
RESULT table_count_at_floor=65
RESULT oracle1_pass=1
RESULT config_conflicts_delta=0
RESULT tier1_hits=0
RESULT tier1_misses=524288
RESULT tier1_total=524288
RESULT expected_total=524288
RESULT oracle2_pass=1
RESULT tier1_hit_rate_pct=0
RESULT churn_elapsed_ns=14614900
RESULT ns_per_op=27.875709533691406
OK k=64 rounds=8192 table_count=65 oracle1=PASS cfg_conflicts_delta=0 tier1_hits=0 tier1_misses=524288 hit_rate=0.00% oracle2=PASS ns_per_op=27.9
.RESULT k=64
RESULT rotating_rounds=8192
RESULT table_count_at_floor=65
RESULT oracle1_pass=1
RESULT config_conflicts_delta=0
RESULT tier1_hits=0
RESULT tier1_misses=524288
RESULT tier1_total=524288
RESULT expected_total=524288
RESULT oracle2_pass=1
RESULT tier1_hit_rate_pct=0
RESULT churn_elapsed_ns=15083400
RESULT ns_per_op=28.769302368164063
OK k=64 rounds=8192 table_count=65 oracle1=PASS cfg_conflicts_delta=0 tier1_hits=0 tier1_misses=524288 hit_rate=0.00% oracle2=PASS ns_per_op=28.8
.RESULT k=64
RESULT rotating_rounds=8192
RESULT table_count_at_floor=65
RESULT oracle1_pass=1
RESULT config_conflicts_delta=0
RESULT tier1_hits=0
RESULT tier1_misses=524288
RESULT tier1_total=524288
RESULT expected_total=524288
RESULT oracle2_pass=1
RESULT tier1_hit_rate_pct=0
RESULT churn_elapsed_ns=13961100
RESULT ns_per_op=26.628684997558594
OK k=64 rounds=8192 table_count=65 oracle1=PASS cfg_conflicts_delta=0 tier1_hits=0 tier1_misses=524288 hit_rate=0.00% oracle2=PASS ns_per_op=26.6
.RESULT k=64
RESULT rotating_rounds=8192
RESULT table_count_at_floor=65
RESULT oracle1_pass=1
RESULT config_conflicts_delta=0
RESULT tier1_hits=0
RESULT tier1_misses=524288
RESULT tier1_total=524288
RESULT expected_total=524288
RESULT oracle2_pass=1
RESULT tier1_hit_rate_pct=0
RESULT churn_elapsed_ns=15187500
RESULT ns_per_op=28.967857360839844
OK k=64 rounds=8192 table_count=65 oracle1=PASS cfg_conflicts_delta=0 tier1_hits=0 tier1_misses=524288 hit_rate=0.00% oracle2=PASS ns_per_op=29.0
.RESULT k=64
RESULT rotating_rounds=8192
RESULT table_count_at_floor=65
RESULT oracle1_pass=1
RESULT config_conflicts_delta=0
RESULT tier1_hits=0
RESULT tier1_misses=524288
RESULT tier1_total=524288
RESULT expected_total=524288
RESULT oracle2_pass=1
RESULT tier1_hit_rate_pct=0
RESULT churn_elapsed_ns=15483400
RESULT ns_per_op=29.532241821289063
OK k=64 rounds=8192 table_count=65 oracle1=PASS cfg_conflicts_delta=0 tier1_hits=0 tier1_misses=524288 hit_rate=0.00% oracle2=PASS ns_per_op=29.5
.RESULT k=64
RESULT rotating_rounds=8192
RESULT table_count_at_floor=65
RESULT oracle1_pass=1
RESULT config_conflicts_delta=0
RESULT tier1_hits=0
RESULT tier1_misses=524288
RESULT tier1_total=524288
RESULT expected_total=524288
RESULT oracle2_pass=1
RESULT tier1_hit_rate_pct=0
RESULT churn_elapsed_ns=15042200
RESULT ns_per_op=28.690719604492188
OK k=64 rounds=8192 table_count=65 oracle1=PASS cfg_conflicts_delta=0 tier1_hits=0 tier1_misses=524288 hit_rate=0.00% oracle2=PASS ns_per_op=28.7
.RESULT k=64
RESULT rotating_rounds=8192
RESULT table_count_at_floor=65
RESULT oracle1_pass=1
RESULT config_conflicts_delta=0
RESULT tier1_hits=0
RESULT tier1_misses=524288
RESULT tier1_total=524288
RESULT expected_total=524288
RESULT oracle2_pass=1
RESULT tier1_hit_rate_pct=0
RESULT churn_elapsed_ns=15034900
RESULT ns_per_op=28.676795959472656
OK k=64 rounds=8192 table_count=65 oracle1=PASS cfg_conflicts_delta=0 tier1_hits=0 tier1_misses=524288 hit_rate=0.00% oracle2=PASS ns_per_op=28.7
.RESULT k=64
RESULT rotating_rounds=8192
RESULT table_count_at_floor=65
RESULT oracle1_pass=1
RESULT config_conflicts_delta=0
RESULT tier1_hits=0
RESULT tier1_misses=524288
RESULT tier1_total=524288
RESULT expected_total=524288
RESULT oracle2_pass=1
RESULT tier1_hit_rate_pct=0
RESULT churn_elapsed_ns=15341100
RESULT ns_per_op=29.260826110839844
OK k=64 rounds=8192 table_count=65 oracle1=PASS cfg_conflicts_delta=0 tier1_hits=0 tier1_misses=524288 hit_rate=0.00% oracle2=PASS ns_per_op=29.3
.RESULT k=64
RESULT rotating_rounds=8192
RESULT table_count_at_floor=65
RESULT oracle1_pass=1
RESULT config_conflicts_delta=0
RESULT tier1_hits=0
RESULT tier1_misses=524288
RESULT tier1_total=524288
RESULT expected_total=524288
RESULT oracle2_pass=1
RESULT tier1_hit_rate_pct=0
RESULT churn_elapsed_ns=14147900
RESULT ns_per_op=26.98497772216797
OK k=64 rounds=8192 table_count=65 oracle1=PASS cfg_conflicts_delta=0 tier1_hits=0 tier1_misses=524288 hit_rate=0.00% oracle2=PASS ns_per_op=27.0
.RESULT k=64
RESULT rotating_rounds=8192
RESULT table_count_at_floor=65
RESULT oracle1_pass=1
RESULT config_conflicts_delta=0
RESULT tier1_hits=0
RESULT tier1_misses=524288
RESULT tier1_total=524288
RESULT expected_total=524288
RESULT oracle2_pass=1
RESULT tier1_hit_rate_pct=0
RESULT churn_elapsed_ns=13960700
RESULT ns_per_op=26.62792205810547
OK k=64 rounds=8192 table_count=65 oracle1=PASS cfg_conflicts_delta=0 tier1_hits=0 tier1_misses=524288 hit_rate=0.00% oracle2=PASS ns_per_op=26.6
.RESULT k=64
RESULT rotating_rounds=8192
RESULT table_count_at_floor=65
RESULT oracle1_pass=1
RESULT config_conflicts_delta=0
RESULT tier1_hits=0
RESULT tier1_misses=524288
RESULT tier1_total=524288
RESULT expected_total=524288
RESULT oracle2_pass=1
RESULT tier1_hit_rate_pct=0
RESULT churn_elapsed_ns=15073100
RESULT ns_per_op=28.749656677246094
OK k=64 rounds=8192 table_count=65 oracle1=PASS cfg_conflicts_delta=0 tier1_hits=0 tier1_misses=524288 hit_rate=0.00% oracle2=PASS ns_per_op=28.7
.RESULT k=64
RESULT rotating_rounds=8192
RESULT table_count_at_floor=65
RESULT oracle1_pass=1
RESULT config_conflicts_delta=0
RESULT tier1_hits=0
RESULT tier1_misses=524288
RESULT tier1_total=524288
RESULT expected_total=524288
RESULT oracle2_pass=1
RESULT tier1_hit_rate_pct=0
RESULT churn_elapsed_ns=14792600
RESULT ns_per_op=28.214645385742188
OK k=64 rounds=8192 table_count=65 oracle1=PASS cfg_conflicts_delta=0 tier1_hits=0 tier1_misses=524288 hit_rate=0.00% oracle2=PASS ns_per_op=28.2
.RESULT k=64
RESULT rotating_rounds=8192
RESULT table_count_at_floor=65
RESULT oracle1_pass=1
RESULT config_conflicts_delta=0
RESULT tier1_hits=0
RESULT tier1_misses=524288
RESULT tier1_total=524288
RESULT expected_total=524288
RESULT oracle2_pass=1
RESULT tier1_hit_rate_pct=0
RESULT churn_elapsed_ns=14540200
RESULT ns_per_op=27.733230590820313
OK k=64 rounds=8192 table_count=65 oracle1=PASS cfg_conflicts_delta=0 tier1_hits=0 tier1_misses=524288 hit_rate=0.00% oracle2=PASS ns_per_op=27.7
.RESULT k=64
RESULT rotating_rounds=8192
RESULT table_count_at_floor=65
RESULT oracle1_pass=1
RESULT config_conflicts_delta=0
RESULT tier1_hits=0
RESULT tier1_misses=524288
RESULT tier1_total=524288
RESULT expected_total=524288
RESULT oracle2_pass=1
RESULT tier1_hit_rate_pct=0
RESULT churn_elapsed_ns=14756400
RESULT ns_per_op=28.145599365234375
OK k=64 rounds=8192 table_count=65 oracle1=PASS cfg_conflicts_delta=0 tier1_hits=0 tier1_misses=524288 hit_rate=0.00% oracle2=PASS ns_per_op=28.1
.RESULT k=64
RESULT rotating_rounds=8192
RESULT table_count_at_floor=65
RESULT oracle1_pass=1
RESULT config_conflicts_delta=0
RESULT tier1_hits=0
RESULT tier1_misses=524288
RESULT tier1_total=524288
RESULT expected_total=524288
RESULT oracle2_pass=1
RESULT tier1_hit_rate_pct=0
RESULT churn_elapsed_ns=14941600
RESULT ns_per_op=28.49884033203125
OK k=64 rounds=8192 table_count=65 oracle1=PASS cfg_conflicts_delta=0 tier1_hits=0 tier1_misses=524288 hit_rate=0.00% oracle2=PASS ns_per_op=28.5
.RESULT k=64
RESULT rotating_rounds=8192
RESULT table_count_at_floor=65
RESULT oracle1_pass=1
RESULT config_conflicts_delta=0
RESULT tier1_hits=0
RESULT tier1_misses=524288
RESULT tier1_total=524288
RESULT expected_total=524288
RESULT oracle2_pass=1
RESULT tier1_hit_rate_pct=0
RESULT churn_elapsed_ns=14841300
RESULT ns_per_op=28.307533264160156
OK k=64 rounds=8192 table_count=65 oracle1=PASS cfg_conflicts_delta=0 tier1_hits=0 tier1_misses=524288 hit_rate=0.00% oracle2=PASS ns_per_op=28.3
.RESULT k=64
RESULT rotating_rounds=8192
RESULT table_count_at_floor=65
RESULT oracle1_pass=1
RESULT config_conflicts_delta=0
RESULT tier1_hits=0
RESULT tier1_misses=524288
RESULT tier1_total=524288
RESULT expected_total=524288
RESULT oracle2_pass=1
RESULT tier1_hit_rate_pct=0
RESULT churn_elapsed_ns=18336600
RESULT ns_per_op=34.97428894042969
OK k=64 rounds=8192 table_count=65 oracle1=PASS cfg_conflicts_delta=0 tier1_hits=0 tier1_misses=524288 hit_rate=0.00% oracle2=PASS ns_per_op=35.0
.RESULT k=64
RESULT rotating_rounds=8192
RESULT table_count_at_floor=65
RESULT oracle1_pass=1
RESULT config_conflicts_delta=0
RESULT tier1_hits=0
RESULT tier1_misses=524288
RESULT tier1_total=524288
RESULT expected_total=524288
RESULT oracle2_pass=1
RESULT tier1_hit_rate_pct=0
RESULT churn_elapsed_ns=14998700
RESULT ns_per_op=28.607749938964844
OK k=64 rounds=8192 table_count=65 oracle1=PASS cfg_conflicts_delta=0 tier1_hits=0 tier1_misses=524288 hit_rate=0.00% oracle2=PASS ns_per_op=28.6
.RESULT k=64
RESULT rotating_rounds=8192
RESULT table_count_at_floor=65
RESULT oracle1_pass=1
RESULT config_conflicts_delta=0
RESULT tier1_hits=0
RESULT tier1_misses=524288
RESULT tier1_total=524288
RESULT expected_total=524288
RESULT oracle2_pass=1
RESULT tier1_hit_rate_pct=0
RESULT churn_elapsed_ns=14760200
RESULT ns_per_op=28.152847290039063
OK k=64 rounds=8192 table_count=65 oracle1=PASS cfg_conflicts_delta=0 tier1_hits=0 tier1_misses=524288 hit_rate=0.00% oracle2=PASS ns_per_op=28.2
.RESULT k=64
RESULT rotating_rounds=8192
RESULT table_count_at_floor=65
RESULT oracle1_pass=1
RESULT config_conflicts_delta=0
RESULT tier1_hits=0
RESULT tier1_misses=524288
RESULT tier1_total=524288
RESULT expected_total=524288
RESULT oracle2_pass=1
RESULT tier1_hit_rate_pct=0
RESULT churn_elapsed_ns=15000400
RESULT ns_per_op=28.610992431640625
OK k=64 rounds=8192 table_count=65 oracle1=PASS cfg_conflicts_delta=0 tier1_hits=0 tier1_misses=524288 hit_rate=0.00% oracle2=PASS ns_per_op=28.6
.RESULT k=64
RESULT rotating_rounds=8192
RESULT table_count_at_floor=65
RESULT oracle1_pass=1
RESULT config_conflicts_delta=0
RESULT tier1_hits=0
RESULT tier1_misses=524288
RESULT tier1_total=524288
RESULT expected_total=524288
RESULT oracle2_pass=1
RESULT tier1_hit_rate_pct=0
RESULT churn_elapsed_ns=14952500
RESULT ns_per_op=28.519630432128906
OK k=64 rounds=8192 table_count=65 oracle1=PASS cfg_conflicts_delta=0 tier1_hits=0 tier1_misses=524288 hit_rate=0.00% oracle2=PASS ns_per_op=28.5
.RESULT k=64
RESULT rotating_rounds=8192
RESULT table_count_at_floor=65
RESULT oracle1_pass=1
RESULT config_conflicts_delta=0
RESULT tier1_hits=0
RESULT tier1_misses=524288
RESULT tier1_total=524288
RESULT expected_total=524288
RESULT oracle2_pass=1
RESULT tier1_hit_rate_pct=0
RESULT churn_elapsed_ns=15033700
RESULT ns_per_op=28.67450714111328
OK k=64 rounds=8192 table_count=65 oracle1=PASS cfg_conflicts_delta=0 tier1_hits=0 tier1_misses=524288 hit_rate=0.00% oracle2=PASS ns_per_op=28.7
.RESULT k=64
RESULT rotating_rounds=8192
RESULT table_count_at_floor=65
RESULT oracle1_pass=1
RESULT config_conflicts_delta=0
RESULT tier1_hits=0
RESULT tier1_misses=524288
RESULT tier1_total=524288
RESULT expected_total=524288
RESULT oracle2_pass=1
RESULT tier1_hit_rate_pct=0
RESULT churn_elapsed_ns=14913300
RESULT ns_per_op=28.444862365722656
OK k=64 rounds=8192 table_count=65 oracle1=PASS cfg_conflicts_delta=0 tier1_hits=0 tier1_misses=524288 hit_rate=0.00% oracle2=PASS ns_per_op=28.4
.

  === before vs after (A - B, ns) ===
  n=20  mean Δ=-289.250 us  sd=748.308 us  se=167.327 us  t=-1.729  df=19  crit(p<0.05)=2.101  => NOT statistically distinguishable from noise (fails to reject null)
  sign test: before-faster=13/20  after-faster=7/20  ties=0

[paired-ab] provenance written to D:\dev\rust\sefer-alloc/docs/perf/paired_ab_runs/2026-08-03T15-31-19-369Z.json

[paired-ab] Reading this output: `t` past `crit` (or sign test heavily lopsided, e.g. 17+/20) means a REAL,
  non-noise wall-clock difference on THIS host for THIS workload — mirroring
  docs/perf/R5_R2_CHURN_REGRESSION_PAIRED_AB.md's verdict criteria. A same-vs-same control run
  (--arms sefer,sefer) should show t well under `crit` and a roughly even sign-test split --
  if it does not, that indicates a harness bug (non-reproducible workload, background load
  bleeding into the timed region), not a real self-difference.
