[paired-ab] --config has no "build" step; assuming arm commands are already built.

[paired-ab] before vs before — 20 pairs, A/B/B/A protocol
RESULT k=32
RESULT rotating_rounds=8192
RESULT table_count_at_floor=33
RESULT oracle1_pass=1
RESULT config_conflicts_delta=0
RESULT tier1_hits=0
RESULT tier1_misses=262144
RESULT tier1_total=262144
RESULT expected_total=262144
RESULT oracle2_pass=1
RESULT tier1_hit_rate_pct=0
RESULT churn_elapsed_ns=7671800
RESULT ns_per_op=29.265594482421875
OK k=32 rounds=8192 table_count=33 oracle1=PASS cfg_conflicts_delta=0 tier1_hits=0 tier1_misses=262144 hit_rate=0.00% oracle2=PASS ns_per_op=29.3
.RESULT k=32
RESULT rotating_rounds=8192
RESULT table_count_at_floor=33
RESULT oracle1_pass=1
RESULT config_conflicts_delta=0
RESULT tier1_hits=0
RESULT tier1_misses=262144
RESULT tier1_total=262144
RESULT expected_total=262144
RESULT oracle2_pass=1
RESULT tier1_hit_rate_pct=0
RESULT churn_elapsed_ns=7962300
RESULT ns_per_op=30.373764038085938
OK k=32 rounds=8192 table_count=33 oracle1=PASS cfg_conflicts_delta=0 tier1_hits=0 tier1_misses=262144 hit_rate=0.00% oracle2=PASS ns_per_op=30.4
.RESULT k=32
RESULT rotating_rounds=8192
RESULT table_count_at_floor=33
RESULT oracle1_pass=1
RESULT config_conflicts_delta=0
RESULT tier1_hits=0
RESULT tier1_misses=262144
RESULT tier1_total=262144
RESULT expected_total=262144
RESULT oracle2_pass=1
RESULT tier1_hit_rate_pct=0
RESULT churn_elapsed_ns=7519400
RESULT ns_per_op=28.684234619140625
OK k=32 rounds=8192 table_count=33 oracle1=PASS cfg_conflicts_delta=0 tier1_hits=0 tier1_misses=262144 hit_rate=0.00% oracle2=PASS ns_per_op=28.7
.RESULT k=32
RESULT rotating_rounds=8192
RESULT table_count_at_floor=33
RESULT oracle1_pass=1
RESULT config_conflicts_delta=0
RESULT tier1_hits=0
RESULT tier1_misses=262144
RESULT tier1_total=262144
RESULT expected_total=262144
RESULT oracle2_pass=1
RESULT tier1_hit_rate_pct=0
RESULT churn_elapsed_ns=8714800
RESULT ns_per_op=33.24432373046875
OK k=32 rounds=8192 table_count=33 oracle1=PASS cfg_conflicts_delta=0 tier1_hits=0 tier1_misses=262144 hit_rate=0.00% oracle2=PASS ns_per_op=33.2
.RESULT k=32
RESULT rotating_rounds=8192
RESULT table_count_at_floor=33
RESULT oracle1_pass=1
RESULT config_conflicts_delta=0
RESULT tier1_hits=0
RESULT tier1_misses=262144
RESULT tier1_total=262144
RESULT expected_total=262144
RESULT oracle2_pass=1
RESULT tier1_hit_rate_pct=0
RESULT churn_elapsed_ns=7533200
RESULT ns_per_op=28.73687744140625
OK k=32 rounds=8192 table_count=33 oracle1=PASS cfg_conflicts_delta=0 tier1_hits=0 tier1_misses=262144 hit_rate=0.00% oracle2=PASS ns_per_op=28.7
.RESULT k=32
RESULT rotating_rounds=8192
RESULT table_count_at_floor=33
RESULT oracle1_pass=1
RESULT config_conflicts_delta=0
RESULT tier1_hits=0
RESULT tier1_misses=262144
RESULT tier1_total=262144
RESULT expected_total=262144
RESULT oracle2_pass=1
RESULT tier1_hit_rate_pct=0
RESULT churn_elapsed_ns=7360100
RESULT ns_per_op=28.076553344726563
OK k=32 rounds=8192 table_count=33 oracle1=PASS cfg_conflicts_delta=0 tier1_hits=0 tier1_misses=262144 hit_rate=0.00% oracle2=PASS ns_per_op=28.1
.RESULT k=32
RESULT rotating_rounds=8192
RESULT table_count_at_floor=33
RESULT oracle1_pass=1
RESULT config_conflicts_delta=0
RESULT tier1_hits=0
RESULT tier1_misses=262144
RESULT tier1_total=262144
RESULT expected_total=262144
RESULT oracle2_pass=1
RESULT tier1_hit_rate_pct=0
RESULT churn_elapsed_ns=7805400
RESULT ns_per_op=29.775238037109375
OK k=32 rounds=8192 table_count=33 oracle1=PASS cfg_conflicts_delta=0 tier1_hits=0 tier1_misses=262144 hit_rate=0.00% oracle2=PASS ns_per_op=29.8
.RESULT k=32
RESULT rotating_rounds=8192
RESULT table_count_at_floor=33
RESULT oracle1_pass=1
RESULT config_conflicts_delta=0
RESULT tier1_hits=0
RESULT tier1_misses=262144
RESULT tier1_total=262144
RESULT expected_total=262144
RESULT oracle2_pass=1
RESULT tier1_hit_rate_pct=0
RESULT churn_elapsed_ns=7749000
RESULT ns_per_op=29.560089111328125
OK k=32 rounds=8192 table_count=33 oracle1=PASS cfg_conflicts_delta=0 tier1_hits=0 tier1_misses=262144 hit_rate=0.00% oracle2=PASS ns_per_op=29.6
.RESULT k=32
RESULT rotating_rounds=8192
RESULT table_count_at_floor=33
RESULT oracle1_pass=1
RESULT config_conflicts_delta=0
RESULT tier1_hits=0
RESULT tier1_misses=262144
RESULT tier1_total=262144
RESULT expected_total=262144
RESULT oracle2_pass=1
RESULT tier1_hit_rate_pct=0
RESULT churn_elapsed_ns=7370100
RESULT ns_per_op=28.114700317382813
OK k=32 rounds=8192 table_count=33 oracle1=PASS cfg_conflicts_delta=0 tier1_hits=0 tier1_misses=262144 hit_rate=0.00% oracle2=PASS ns_per_op=28.1
.RESULT k=32
RESULT rotating_rounds=8192
RESULT table_count_at_floor=33
RESULT oracle1_pass=1
RESULT config_conflicts_delta=0
RESULT tier1_hits=0
RESULT tier1_misses=262144
RESULT tier1_total=262144
RESULT expected_total=262144
RESULT oracle2_pass=1
RESULT tier1_hit_rate_pct=0
RESULT churn_elapsed_ns=7921500
RESULT ns_per_op=30.218124389648438
OK k=32 rounds=8192 table_count=33 oracle1=PASS cfg_conflicts_delta=0 tier1_hits=0 tier1_misses=262144 hit_rate=0.00% oracle2=PASS ns_per_op=30.2
.RESULT k=32
RESULT rotating_rounds=8192
RESULT table_count_at_floor=33
RESULT oracle1_pass=1
RESULT config_conflicts_delta=0
RESULT tier1_hits=0
RESULT tier1_misses=262144
RESULT tier1_total=262144
RESULT expected_total=262144
RESULT oracle2_pass=1
RESULT tier1_hit_rate_pct=0
RESULT churn_elapsed_ns=6835000
RESULT ns_per_op=26.073455810546875
OK k=32 rounds=8192 table_count=33 oracle1=PASS cfg_conflicts_delta=0 tier1_hits=0 tier1_misses=262144 hit_rate=0.00% oracle2=PASS ns_per_op=26.1
.RESULT k=32
RESULT rotating_rounds=8192
RESULT table_count_at_floor=33
RESULT oracle1_pass=1
RESULT config_conflicts_delta=0
RESULT tier1_hits=0
RESULT tier1_misses=262144
RESULT tier1_total=262144
RESULT expected_total=262144
RESULT oracle2_pass=1
RESULT tier1_hit_rate_pct=0
RESULT churn_elapsed_ns=7456300
RESULT ns_per_op=28.443527221679688
OK k=32 rounds=8192 table_count=33 oracle1=PASS cfg_conflicts_delta=0 tier1_hits=0 tier1_misses=262144 hit_rate=0.00% oracle2=PASS ns_per_op=28.4
.RESULT k=32
RESULT rotating_rounds=8192
RESULT table_count_at_floor=33
RESULT oracle1_pass=1
RESULT config_conflicts_delta=0
RESULT tier1_hits=0
RESULT tier1_misses=262144
RESULT tier1_total=262144
RESULT expected_total=262144
RESULT oracle2_pass=1
RESULT tier1_hit_rate_pct=0
RESULT churn_elapsed_ns=7671200
RESULT ns_per_op=29.2633056640625
OK k=32 rounds=8192 table_count=33 oracle1=PASS cfg_conflicts_delta=0 tier1_hits=0 tier1_misses=262144 hit_rate=0.00% oracle2=PASS ns_per_op=29.3
.RESULT k=32
RESULT rotating_rounds=8192
RESULT table_count_at_floor=33
RESULT oracle1_pass=1
RESULT config_conflicts_delta=0
RESULT tier1_hits=0
RESULT tier1_misses=262144
RESULT tier1_total=262144
RESULT expected_total=262144
RESULT oracle2_pass=1
RESULT tier1_hit_rate_pct=0
RESULT churn_elapsed_ns=7529100
RESULT ns_per_op=28.721237182617188
OK k=32 rounds=8192 table_count=33 oracle1=PASS cfg_conflicts_delta=0 tier1_hits=0 tier1_misses=262144 hit_rate=0.00% oracle2=PASS ns_per_op=28.7
.RESULT k=32
RESULT rotating_rounds=8192
RESULT table_count_at_floor=33
RESULT oracle1_pass=1
RESULT config_conflicts_delta=0
RESULT tier1_hits=0
RESULT tier1_misses=262144
RESULT tier1_total=262144
RESULT expected_total=262144
RESULT oracle2_pass=1
RESULT tier1_hit_rate_pct=0
RESULT churn_elapsed_ns=7644700
RESULT ns_per_op=29.162216186523438
OK k=32 rounds=8192 table_count=33 oracle1=PASS cfg_conflicts_delta=0 tier1_hits=0 tier1_misses=262144 hit_rate=0.00% oracle2=PASS ns_per_op=29.2
.RESULT k=32
RESULT rotating_rounds=8192
RESULT table_count_at_floor=33
RESULT oracle1_pass=1
RESULT config_conflicts_delta=0
RESULT tier1_hits=0
RESULT tier1_misses=262144
RESULT tier1_total=262144
RESULT expected_total=262144
RESULT oracle2_pass=1
RESULT tier1_hit_rate_pct=0
RESULT churn_elapsed_ns=7519100
RESULT ns_per_op=28.683090209960938
OK k=32 rounds=8192 table_count=33 oracle1=PASS cfg_conflicts_delta=0 tier1_hits=0 tier1_misses=262144 hit_rate=0.00% oracle2=PASS ns_per_op=28.7
.RESULT k=32
RESULT rotating_rounds=8192
RESULT table_count_at_floor=33
RESULT oracle1_pass=1
RESULT config_conflicts_delta=0
RESULT tier1_hits=0
RESULT tier1_misses=262144
RESULT tier1_total=262144
RESULT expected_total=262144
RESULT oracle2_pass=1
RESULT tier1_hit_rate_pct=0
RESULT churn_elapsed_ns=7793400
RESULT ns_per_op=29.729461669921875
OK k=32 rounds=8192 table_count=33 oracle1=PASS cfg_conflicts_delta=0 tier1_hits=0 tier1_misses=262144 hit_rate=0.00% oracle2=PASS ns_per_op=29.7
.RESULT k=32
RESULT rotating_rounds=8192
RESULT table_count_at_floor=33
RESULT oracle1_pass=1
RESULT config_conflicts_delta=0
RESULT tier1_hits=0
RESULT tier1_misses=262144
RESULT tier1_total=262144
RESULT expected_total=262144
RESULT oracle2_pass=1
RESULT tier1_hit_rate_pct=0
RESULT churn_elapsed_ns=14216300
RESULT ns_per_op=54.23088073730469
OK k=32 rounds=8192 table_count=33 oracle1=PASS cfg_conflicts_delta=0 tier1_hits=0 tier1_misses=262144 hit_rate=0.00% oracle2=PASS ns_per_op=54.2
.RESULT k=32
RESULT rotating_rounds=8192
RESULT table_count_at_floor=33
RESULT oracle1_pass=1
RESULT config_conflicts_delta=0
RESULT tier1_hits=0
RESULT tier1_misses=262144
RESULT tier1_total=262144
RESULT expected_total=262144
RESULT oracle2_pass=1
RESULT tier1_hit_rate_pct=0
RESULT churn_elapsed_ns=7554800
RESULT ns_per_op=28.81927490234375
OK k=32 rounds=8192 table_count=33 oracle1=PASS cfg_conflicts_delta=0 tier1_hits=0 tier1_misses=262144 hit_rate=0.00% oracle2=PASS ns_per_op=28.8
.RESULT k=32
RESULT rotating_rounds=8192
RESULT table_count_at_floor=33
RESULT oracle1_pass=1
RESULT config_conflicts_delta=0
RESULT tier1_hits=0
RESULT tier1_misses=262144
RESULT tier1_total=262144
RESULT expected_total=262144
RESULT oracle2_pass=1
RESULT tier1_hit_rate_pct=0
RESULT churn_elapsed_ns=7416300
RESULT ns_per_op=28.290939331054688
OK k=32 rounds=8192 table_count=33 oracle1=PASS cfg_conflicts_delta=0 tier1_hits=0 tier1_misses=262144 hit_rate=0.00% oracle2=PASS ns_per_op=28.3
.RESULT k=32
RESULT rotating_rounds=8192
RESULT table_count_at_floor=33
RESULT oracle1_pass=1
RESULT config_conflicts_delta=0
RESULT tier1_hits=0
RESULT tier1_misses=262144
RESULT tier1_total=262144
RESULT expected_total=262144
RESULT oracle2_pass=1
RESULT tier1_hit_rate_pct=0
RESULT churn_elapsed_ns=7706300
RESULT ns_per_op=29.397201538085938
OK k=32 rounds=8192 table_count=33 oracle1=PASS cfg_conflicts_delta=0 tier1_hits=0 tier1_misses=262144 hit_rate=0.00% oracle2=PASS ns_per_op=29.4
.RESULT k=32
RESULT rotating_rounds=8192
RESULT table_count_at_floor=33
RESULT oracle1_pass=1
RESULT config_conflicts_delta=0
RESULT tier1_hits=0
RESULT tier1_misses=262144
RESULT tier1_total=262144
RESULT expected_total=262144
RESULT oracle2_pass=1
RESULT tier1_hit_rate_pct=0
RESULT churn_elapsed_ns=8037700
RESULT ns_per_op=30.661392211914063
OK k=32 rounds=8192 table_count=33 oracle1=PASS cfg_conflicts_delta=0 tier1_hits=0 tier1_misses=262144 hit_rate=0.00% oracle2=PASS ns_per_op=30.7
.RESULT k=32
RESULT rotating_rounds=8192
RESULT table_count_at_floor=33
RESULT oracle1_pass=1
RESULT config_conflicts_delta=0
RESULT tier1_hits=0
RESULT tier1_misses=262144
RESULT tier1_total=262144
RESULT expected_total=262144
RESULT oracle2_pass=1
RESULT tier1_hit_rate_pct=0
RESULT churn_elapsed_ns=7652600
RESULT ns_per_op=29.192352294921875
OK k=32 rounds=8192 table_count=33 oracle1=PASS cfg_conflicts_delta=0 tier1_hits=0 tier1_misses=262144 hit_rate=0.00% oracle2=PASS ns_per_op=29.2
.RESULT k=32
RESULT rotating_rounds=8192
RESULT table_count_at_floor=33
RESULT oracle1_pass=1
RESULT config_conflicts_delta=0
RESULT tier1_hits=0
RESULT tier1_misses=262144
RESULT tier1_total=262144
RESULT expected_total=262144
RESULT oracle2_pass=1
RESULT tier1_hit_rate_pct=0
RESULT churn_elapsed_ns=7829400
RESULT ns_per_op=29.866790771484375
OK k=32 rounds=8192 table_count=33 oracle1=PASS cfg_conflicts_delta=0 tier1_hits=0 tier1_misses=262144 hit_rate=0.00% oracle2=PASS ns_per_op=29.9
.RESULT k=32
RESULT rotating_rounds=8192
RESULT table_count_at_floor=33
RESULT oracle1_pass=1
RESULT config_conflicts_delta=0
RESULT tier1_hits=0
RESULT tier1_misses=262144
RESULT tier1_total=262144
RESULT expected_total=262144
RESULT oracle2_pass=1
RESULT tier1_hit_rate_pct=0
RESULT churn_elapsed_ns=7484500
RESULT ns_per_op=28.551101684570313
OK k=32 rounds=8192 table_count=33 oracle1=PASS cfg_conflicts_delta=0 tier1_hits=0 tier1_misses=262144 hit_rate=0.00% oracle2=PASS ns_per_op=28.6
.RESULT k=32
RESULT rotating_rounds=8192
RESULT table_count_at_floor=33
RESULT oracle1_pass=1
RESULT config_conflicts_delta=0
RESULT tier1_hits=0
RESULT tier1_misses=262144
RESULT tier1_total=262144
RESULT expected_total=262144
RESULT oracle2_pass=1
RESULT tier1_hit_rate_pct=0
RESULT churn_elapsed_ns=7885500
RESULT ns_per_op=30.080795288085938
OK k=32 rounds=8192 table_count=33 oracle1=PASS cfg_conflicts_delta=0 tier1_hits=0 tier1_misses=262144 hit_rate=0.00% oracle2=PASS ns_per_op=30.1
.RESULT k=32
RESULT rotating_rounds=8192
RESULT table_count_at_floor=33
RESULT oracle1_pass=1
RESULT config_conflicts_delta=0
RESULT tier1_hits=0
RESULT tier1_misses=262144
RESULT tier1_total=262144
RESULT expected_total=262144
RESULT oracle2_pass=1
RESULT tier1_hit_rate_pct=0
RESULT churn_elapsed_ns=8042600
RESULT ns_per_op=30.680084228515625
OK k=32 rounds=8192 table_count=33 oracle1=PASS cfg_conflicts_delta=0 tier1_hits=0 tier1_misses=262144 hit_rate=0.00% oracle2=PASS ns_per_op=30.7
.RESULT k=32
RESULT rotating_rounds=8192
RESULT table_count_at_floor=33
RESULT oracle1_pass=1
RESULT config_conflicts_delta=0
RESULT tier1_hits=0
RESULT tier1_misses=262144
RESULT tier1_total=262144
RESULT expected_total=262144
RESULT oracle2_pass=1
RESULT tier1_hit_rate_pct=0
RESULT churn_elapsed_ns=7598700
RESULT ns_per_op=28.986740112304688
OK k=32 rounds=8192 table_count=33 oracle1=PASS cfg_conflicts_delta=0 tier1_hits=0 tier1_misses=262144 hit_rate=0.00% oracle2=PASS ns_per_op=29.0
.RESULT k=32
RESULT rotating_rounds=8192
RESULT table_count_at_floor=33
RESULT oracle1_pass=1
RESULT config_conflicts_delta=0
RESULT tier1_hits=0
RESULT tier1_misses=262144
RESULT tier1_total=262144
RESULT expected_total=262144
RESULT oracle2_pass=1
RESULT tier1_hit_rate_pct=0
RESULT churn_elapsed_ns=7235600
RESULT ns_per_op=27.60162353515625
OK k=32 rounds=8192 table_count=33 oracle1=PASS cfg_conflicts_delta=0 tier1_hits=0 tier1_misses=262144 hit_rate=0.00% oracle2=PASS ns_per_op=27.6
.RESULT k=32
RESULT rotating_rounds=8192
RESULT table_count_at_floor=33
RESULT oracle1_pass=1
RESULT config_conflicts_delta=0
RESULT tier1_hits=0
RESULT tier1_misses=262144
RESULT tier1_total=262144
RESULT expected_total=262144
RESULT oracle2_pass=1
RESULT tier1_hit_rate_pct=0
RESULT churn_elapsed_ns=6096400
RESULT ns_per_op=23.25592041015625
OK k=32 rounds=8192 table_count=33 oracle1=PASS cfg_conflicts_delta=0 tier1_hits=0 tier1_misses=262144 hit_rate=0.00% oracle2=PASS ns_per_op=23.3
.RESULT k=32
RESULT rotating_rounds=8192
RESULT table_count_at_floor=33
RESULT oracle1_pass=1
RESULT config_conflicts_delta=0
RESULT tier1_hits=0
RESULT tier1_misses=262144
RESULT tier1_total=262144
RESULT expected_total=262144
RESULT oracle2_pass=1
RESULT tier1_hit_rate_pct=0
RESULT churn_elapsed_ns=7709500
RESULT ns_per_op=29.409408569335938
OK k=32 rounds=8192 table_count=33 oracle1=PASS cfg_conflicts_delta=0 tier1_hits=0 tier1_misses=262144 hit_rate=0.00% oracle2=PASS ns_per_op=29.4
.RESULT k=32
RESULT rotating_rounds=8192
RESULT table_count_at_floor=33
RESULT oracle1_pass=1
RESULT config_conflicts_delta=0
RESULT tier1_hits=0
RESULT tier1_misses=262144
RESULT tier1_total=262144
RESULT expected_total=262144
RESULT oracle2_pass=1
RESULT tier1_hit_rate_pct=0
RESULT churn_elapsed_ns=7654800
RESULT ns_per_op=29.20074462890625
OK k=32 rounds=8192 table_count=33 oracle1=PASS cfg_conflicts_delta=0 tier1_hits=0 tier1_misses=262144 hit_rate=0.00% oracle2=PASS ns_per_op=29.2
.RESULT k=32
RESULT rotating_rounds=8192
RESULT table_count_at_floor=33
RESULT oracle1_pass=1
RESULT config_conflicts_delta=0
RESULT tier1_hits=0
RESULT tier1_misses=262144
RESULT tier1_total=262144
RESULT expected_total=262144
RESULT oracle2_pass=1
RESULT tier1_hit_rate_pct=0
RESULT churn_elapsed_ns=7648200
RESULT ns_per_op=29.175567626953125
OK k=32 rounds=8192 table_count=33 oracle1=PASS cfg_conflicts_delta=0 tier1_hits=0 tier1_misses=262144 hit_rate=0.00% oracle2=PASS ns_per_op=29.2
.RESULT k=32
RESULT rotating_rounds=8192
RESULT table_count_at_floor=33
RESULT oracle1_pass=1
RESULT config_conflicts_delta=0
RESULT tier1_hits=0
RESULT tier1_misses=262144
RESULT tier1_total=262144
RESULT expected_total=262144
RESULT oracle2_pass=1
RESULT tier1_hit_rate_pct=0
RESULT churn_elapsed_ns=7438700
RESULT ns_per_op=28.376388549804688
OK k=32 rounds=8192 table_count=33 oracle1=PASS cfg_conflicts_delta=0 tier1_hits=0 tier1_misses=262144 hit_rate=0.00% oracle2=PASS ns_per_op=28.4
.RESULT k=32
RESULT rotating_rounds=8192
RESULT table_count_at_floor=33
RESULT oracle1_pass=1
RESULT config_conflicts_delta=0
RESULT tier1_hits=0
RESULT tier1_misses=262144
RESULT tier1_total=262144
RESULT expected_total=262144
RESULT oracle2_pass=1
RESULT tier1_hit_rate_pct=0
RESULT churn_elapsed_ns=7745100
RESULT ns_per_op=29.545211791992188
OK k=32 rounds=8192 table_count=33 oracle1=PASS cfg_conflicts_delta=0 tier1_hits=0 tier1_misses=262144 hit_rate=0.00% oracle2=PASS ns_per_op=29.5
.RESULT k=32
RESULT rotating_rounds=8192
RESULT table_count_at_floor=33
RESULT oracle1_pass=1
RESULT config_conflicts_delta=0
RESULT tier1_hits=0
RESULT tier1_misses=262144
RESULT tier1_total=262144
RESULT expected_total=262144
RESULT oracle2_pass=1
RESULT tier1_hit_rate_pct=0
RESULT churn_elapsed_ns=7611100
RESULT ns_per_op=29.034042358398438
OK k=32 rounds=8192 table_count=33 oracle1=PASS cfg_conflicts_delta=0 tier1_hits=0 tier1_misses=262144 hit_rate=0.00% oracle2=PASS ns_per_op=29.0
.RESULT k=32
RESULT rotating_rounds=8192
RESULT table_count_at_floor=33
RESULT oracle1_pass=1
RESULT config_conflicts_delta=0
RESULT tier1_hits=0
RESULT tier1_misses=262144
RESULT tier1_total=262144
RESULT expected_total=262144
RESULT oracle2_pass=1
RESULT tier1_hit_rate_pct=0
RESULT churn_elapsed_ns=7218900
RESULT ns_per_op=27.537918090820313
OK k=32 rounds=8192 table_count=33 oracle1=PASS cfg_conflicts_delta=0 tier1_hits=0 tier1_misses=262144 hit_rate=0.00% oracle2=PASS ns_per_op=27.5
.RESULT k=32
RESULT rotating_rounds=8192
RESULT table_count_at_floor=33
RESULT oracle1_pass=1
RESULT config_conflicts_delta=0
RESULT tier1_hits=0
RESULT tier1_misses=262144
RESULT tier1_total=262144
RESULT expected_total=262144
RESULT oracle2_pass=1
RESULT tier1_hit_rate_pct=0
RESULT churn_elapsed_ns=8156300
RESULT ns_per_op=31.113815307617188
OK k=32 rounds=8192 table_count=33 oracle1=PASS cfg_conflicts_delta=0 tier1_hits=0 tier1_misses=262144 hit_rate=0.00% oracle2=PASS ns_per_op=31.1
.RESULT k=32
RESULT rotating_rounds=8192
RESULT table_count_at_floor=33
RESULT oracle1_pass=1
RESULT config_conflicts_delta=0
RESULT tier1_hits=0
RESULT tier1_misses=262144
RESULT tier1_total=262144
RESULT expected_total=262144
RESULT oracle2_pass=1
RESULT tier1_hit_rate_pct=0
RESULT churn_elapsed_ns=7391000
RESULT ns_per_op=28.194427490234375
OK k=32 rounds=8192 table_count=33 oracle1=PASS cfg_conflicts_delta=0 tier1_hits=0 tier1_misses=262144 hit_rate=0.00% oracle2=PASS ns_per_op=28.2
.RESULT k=32
RESULT rotating_rounds=8192
RESULT table_count_at_floor=33
RESULT oracle1_pass=1
RESULT config_conflicts_delta=0
RESULT tier1_hits=0
RESULT tier1_misses=262144
RESULT tier1_total=262144
RESULT expected_total=262144
RESULT oracle2_pass=1
RESULT tier1_hit_rate_pct=0
RESULT churn_elapsed_ns=8180700
RESULT ns_per_op=31.206893920898438
OK k=32 rounds=8192 table_count=33 oracle1=PASS cfg_conflicts_delta=0 tier1_hits=0 tier1_misses=262144 hit_rate=0.00% oracle2=PASS ns_per_op=31.2
.RESULT k=32
RESULT rotating_rounds=8192
RESULT table_count_at_floor=33
RESULT oracle1_pass=1
RESULT config_conflicts_delta=0
RESULT tier1_hits=0
RESULT tier1_misses=262144
RESULT tier1_total=262144
RESULT expected_total=262144
RESULT oracle2_pass=1
RESULT tier1_hit_rate_pct=0
RESULT churn_elapsed_ns=8016400
RESULT ns_per_op=30.58013916015625
OK k=32 rounds=8192 table_count=33 oracle1=PASS cfg_conflicts_delta=0 tier1_hits=0 tier1_misses=262144 hit_rate=0.00% oracle2=PASS ns_per_op=30.6
.RESULT k=32
RESULT rotating_rounds=8192
RESULT table_count_at_floor=33
RESULT oracle1_pass=1
RESULT config_conflicts_delta=0
RESULT tier1_hits=0
RESULT tier1_misses=262144
RESULT tier1_total=262144
RESULT expected_total=262144
RESULT oracle2_pass=1
RESULT tier1_hit_rate_pct=0
RESULT churn_elapsed_ns=7553500
RESULT ns_per_op=28.814315795898438
OK k=32 rounds=8192 table_count=33 oracle1=PASS cfg_conflicts_delta=0 tier1_hits=0 tier1_misses=262144 hit_rate=0.00% oracle2=PASS ns_per_op=28.8
.RESULT k=32
RESULT rotating_rounds=8192
RESULT table_count_at_floor=33
RESULT oracle1_pass=1
RESULT config_conflicts_delta=0
RESULT tier1_hits=0
RESULT tier1_misses=262144
RESULT tier1_total=262144
RESULT expected_total=262144
RESULT oracle2_pass=1
RESULT tier1_hit_rate_pct=0
RESULT churn_elapsed_ns=7720100
RESULT ns_per_op=29.449844360351563
OK k=32 rounds=8192 table_count=33 oracle1=PASS cfg_conflicts_delta=0 tier1_hits=0 tier1_misses=262144 hit_rate=0.00% oracle2=PASS ns_per_op=29.4
.RESULT k=32
RESULT rotating_rounds=8192
RESULT table_count_at_floor=33
RESULT oracle1_pass=1
RESULT config_conflicts_delta=0
RESULT tier1_hits=0
RESULT tier1_misses=262144
RESULT tier1_total=262144
RESULT expected_total=262144
RESULT oracle2_pass=1
RESULT tier1_hit_rate_pct=0
RESULT churn_elapsed_ns=8021500
RESULT ns_per_op=30.599594116210938
OK k=32 rounds=8192 table_count=33 oracle1=PASS cfg_conflicts_delta=0 tier1_hits=0 tier1_misses=262144 hit_rate=0.00% oracle2=PASS ns_per_op=30.6
.RESULT k=32
RESULT rotating_rounds=8192
RESULT table_count_at_floor=33
RESULT oracle1_pass=1
RESULT config_conflicts_delta=0
RESULT tier1_hits=0
RESULT tier1_misses=262144
RESULT tier1_total=262144
RESULT expected_total=262144
RESULT oracle2_pass=1
RESULT tier1_hit_rate_pct=0
RESULT churn_elapsed_ns=7745000
RESULT ns_per_op=29.544830322265625
OK k=32 rounds=8192 table_count=33 oracle1=PASS cfg_conflicts_delta=0 tier1_hits=0 tier1_misses=262144 hit_rate=0.00% oracle2=PASS ns_per_op=29.5
.RESULT k=32
RESULT rotating_rounds=8192
RESULT table_count_at_floor=33
RESULT oracle1_pass=1
RESULT config_conflicts_delta=0
RESULT tier1_hits=0
RESULT tier1_misses=262144
RESULT tier1_total=262144
RESULT expected_total=262144
RESULT oracle2_pass=1
RESULT tier1_hit_rate_pct=0
RESULT churn_elapsed_ns=7281700
RESULT ns_per_op=27.777481079101563
OK k=32 rounds=8192 table_count=33 oracle1=PASS cfg_conflicts_delta=0 tier1_hits=0 tier1_misses=262144 hit_rate=0.00% oracle2=PASS ns_per_op=27.8
.RESULT k=32
RESULT rotating_rounds=8192
RESULT table_count_at_floor=33
RESULT oracle1_pass=1
RESULT config_conflicts_delta=0
RESULT tier1_hits=0
RESULT tier1_misses=262144
RESULT tier1_total=262144
RESULT expected_total=262144
RESULT oracle2_pass=1
RESULT tier1_hit_rate_pct=0
RESULT churn_elapsed_ns=7189400
RESULT ns_per_op=27.425384521484375
OK k=32 rounds=8192 table_count=33 oracle1=PASS cfg_conflicts_delta=0 tier1_hits=0 tier1_misses=262144 hit_rate=0.00% oracle2=PASS ns_per_op=27.4
.RESULT k=32
RESULT rotating_rounds=8192
RESULT table_count_at_floor=33
RESULT oracle1_pass=1
RESULT config_conflicts_delta=0
RESULT tier1_hits=0
RESULT tier1_misses=262144
RESULT tier1_total=262144
RESULT expected_total=262144
RESULT oracle2_pass=1
RESULT tier1_hit_rate_pct=0
RESULT churn_elapsed_ns=10107100
RESULT ns_per_op=38.55552673339844
OK k=32 rounds=8192 table_count=33 oracle1=PASS cfg_conflicts_delta=0 tier1_hits=0 tier1_misses=262144 hit_rate=0.00% oracle2=PASS ns_per_op=38.6
.RESULT k=32
RESULT rotating_rounds=8192
RESULT table_count_at_floor=33
RESULT oracle1_pass=1
RESULT config_conflicts_delta=0
RESULT tier1_hits=0
RESULT tier1_misses=262144
RESULT tier1_total=262144
RESULT expected_total=262144
RESULT oracle2_pass=1
RESULT tier1_hit_rate_pct=0
RESULT churn_elapsed_ns=7832400
RESULT ns_per_op=29.87823486328125
OK k=32 rounds=8192 table_count=33 oracle1=PASS cfg_conflicts_delta=0 tier1_hits=0 tier1_misses=262144 hit_rate=0.00% oracle2=PASS ns_per_op=29.9
.RESULT k=32
RESULT rotating_rounds=8192
RESULT table_count_at_floor=33
RESULT oracle1_pass=1
RESULT config_conflicts_delta=0
RESULT tier1_hits=0
RESULT tier1_misses=262144
RESULT tier1_total=262144
RESULT expected_total=262144
RESULT oracle2_pass=1
RESULT tier1_hit_rate_pct=0
RESULT churn_elapsed_ns=7330600
RESULT ns_per_op=27.964019775390625
OK k=32 rounds=8192 table_count=33 oracle1=PASS cfg_conflicts_delta=0 tier1_hits=0 tier1_misses=262144 hit_rate=0.00% oracle2=PASS ns_per_op=28.0
.RESULT k=32
RESULT rotating_rounds=8192
RESULT table_count_at_floor=33
RESULT oracle1_pass=1
RESULT config_conflicts_delta=0
RESULT tier1_hits=0
RESULT tier1_misses=262144
RESULT tier1_total=262144
RESULT expected_total=262144
RESULT oracle2_pass=1
RESULT tier1_hit_rate_pct=0
RESULT churn_elapsed_ns=7391900
RESULT ns_per_op=28.197860717773438
OK k=32 rounds=8192 table_count=33 oracle1=PASS cfg_conflicts_delta=0 tier1_hits=0 tier1_misses=262144 hit_rate=0.00% oracle2=PASS ns_per_op=28.2
.RESULT k=32
RESULT rotating_rounds=8192
RESULT table_count_at_floor=33
RESULT oracle1_pass=1
RESULT config_conflicts_delta=0
RESULT tier1_hits=0
RESULT tier1_misses=262144
RESULT tier1_total=262144
RESULT expected_total=262144
RESULT oracle2_pass=1
RESULT tier1_hit_rate_pct=0
RESULT churn_elapsed_ns=7355300
RESULT ns_per_op=28.058242797851563
OK k=32 rounds=8192 table_count=33 oracle1=PASS cfg_conflicts_delta=0 tier1_hits=0 tier1_misses=262144 hit_rate=0.00% oracle2=PASS ns_per_op=28.1
.RESULT k=32
RESULT rotating_rounds=8192
RESULT table_count_at_floor=33
RESULT oracle1_pass=1
RESULT config_conflicts_delta=0
RESULT tier1_hits=0
RESULT tier1_misses=262144
RESULT tier1_total=262144
RESULT expected_total=262144
RESULT oracle2_pass=1
RESULT tier1_hit_rate_pct=0
RESULT churn_elapsed_ns=7710900
RESULT ns_per_op=29.414749145507813
OK k=32 rounds=8192 table_count=33 oracle1=PASS cfg_conflicts_delta=0 tier1_hits=0 tier1_misses=262144 hit_rate=0.00% oracle2=PASS ns_per_op=29.4
.RESULT k=32
RESULT rotating_rounds=8192
RESULT table_count_at_floor=33
RESULT oracle1_pass=1
RESULT config_conflicts_delta=0
RESULT tier1_hits=0
RESULT tier1_misses=262144
RESULT tier1_total=262144
RESULT expected_total=262144
RESULT oracle2_pass=1
RESULT tier1_hit_rate_pct=0
RESULT churn_elapsed_ns=7709200
RESULT ns_per_op=29.40826416015625
OK k=32 rounds=8192 table_count=33 oracle1=PASS cfg_conflicts_delta=0 tier1_hits=0 tier1_misses=262144 hit_rate=0.00% oracle2=PASS ns_per_op=29.4
.RESULT k=32
RESULT rotating_rounds=8192
RESULT table_count_at_floor=33
RESULT oracle1_pass=1
RESULT config_conflicts_delta=0
RESULT tier1_hits=0
RESULT tier1_misses=262144
RESULT tier1_total=262144
RESULT expected_total=262144
RESULT oracle2_pass=1
RESULT tier1_hit_rate_pct=0
RESULT churn_elapsed_ns=7813400
RESULT ns_per_op=29.805755615234375
OK k=32 rounds=8192 table_count=33 oracle1=PASS cfg_conflicts_delta=0 tier1_hits=0 tier1_misses=262144 hit_rate=0.00% oracle2=PASS ns_per_op=29.8
.RESULT k=32
RESULT rotating_rounds=8192
RESULT table_count_at_floor=33
RESULT oracle1_pass=1
RESULT config_conflicts_delta=0
RESULT tier1_hits=0
RESULT tier1_misses=262144
RESULT tier1_total=262144
RESULT expected_total=262144
RESULT oracle2_pass=1
RESULT tier1_hit_rate_pct=0
RESULT churn_elapsed_ns=7266000
RESULT ns_per_op=27.71759033203125
OK k=32 rounds=8192 table_count=33 oracle1=PASS cfg_conflicts_delta=0 tier1_hits=0 tier1_misses=262144 hit_rate=0.00% oracle2=PASS ns_per_op=27.7
.RESULT k=32
RESULT rotating_rounds=8192
RESULT table_count_at_floor=33
RESULT oracle1_pass=1
RESULT config_conflicts_delta=0
RESULT tier1_hits=0
RESULT tier1_misses=262144
RESULT tier1_total=262144
RESULT expected_total=262144
RESULT oracle2_pass=1
RESULT tier1_hit_rate_pct=0
RESULT churn_elapsed_ns=7339200
RESULT ns_per_op=27.996826171875
OK k=32 rounds=8192 table_count=33 oracle1=PASS cfg_conflicts_delta=0 tier1_hits=0 tier1_misses=262144 hit_rate=0.00% oracle2=PASS ns_per_op=28.0
.RESULT k=32
RESULT rotating_rounds=8192
RESULT table_count_at_floor=33
RESULT oracle1_pass=1
RESULT config_conflicts_delta=0
RESULT tier1_hits=0
RESULT tier1_misses=262144
RESULT tier1_total=262144
RESULT expected_total=262144
RESULT oracle2_pass=1
RESULT tier1_hit_rate_pct=0
RESULT churn_elapsed_ns=7813700
RESULT ns_per_op=29.806900024414063
OK k=32 rounds=8192 table_count=33 oracle1=PASS cfg_conflicts_delta=0 tier1_hits=0 tier1_misses=262144 hit_rate=0.00% oracle2=PASS ns_per_op=29.8
.RESULT k=32
RESULT rotating_rounds=8192
RESULT table_count_at_floor=33
RESULT oracle1_pass=1
RESULT config_conflicts_delta=0
RESULT tier1_hits=0
RESULT tier1_misses=262144
RESULT tier1_total=262144
RESULT expected_total=262144
RESULT oracle2_pass=1
RESULT tier1_hit_rate_pct=0
RESULT churn_elapsed_ns=7774900
RESULT ns_per_op=29.658889770507813
OK k=32 rounds=8192 table_count=33 oracle1=PASS cfg_conflicts_delta=0 tier1_hits=0 tier1_misses=262144 hit_rate=0.00% oracle2=PASS ns_per_op=29.7
.RESULT k=32
RESULT rotating_rounds=8192
RESULT table_count_at_floor=33
RESULT oracle1_pass=1
RESULT config_conflicts_delta=0
RESULT tier1_hits=0
RESULT tier1_misses=262144
RESULT tier1_total=262144
RESULT expected_total=262144
RESULT oracle2_pass=1
RESULT tier1_hit_rate_pct=0
RESULT churn_elapsed_ns=7616600
RESULT ns_per_op=29.055023193359375
OK k=32 rounds=8192 table_count=33 oracle1=PASS cfg_conflicts_delta=0 tier1_hits=0 tier1_misses=262144 hit_rate=0.00% oracle2=PASS ns_per_op=29.1
.RESULT k=32
RESULT rotating_rounds=8192
RESULT table_count_at_floor=33
RESULT oracle1_pass=1
RESULT config_conflicts_delta=0
RESULT tier1_hits=0
RESULT tier1_misses=262144
RESULT tier1_total=262144
RESULT expected_total=262144
RESULT oracle2_pass=1
RESULT tier1_hit_rate_pct=0
RESULT churn_elapsed_ns=7889100
RESULT ns_per_op=30.094528198242188
OK k=32 rounds=8192 table_count=33 oracle1=PASS cfg_conflicts_delta=0 tier1_hits=0 tier1_misses=262144 hit_rate=0.00% oracle2=PASS ns_per_op=30.1
.RESULT k=32
RESULT rotating_rounds=8192
RESULT table_count_at_floor=33
RESULT oracle1_pass=1
RESULT config_conflicts_delta=0
RESULT tier1_hits=0
RESULT tier1_misses=262144
RESULT tier1_total=262144
RESULT expected_total=262144
RESULT oracle2_pass=1
RESULT tier1_hit_rate_pct=0
RESULT churn_elapsed_ns=6971700
RESULT ns_per_op=26.594924926757813
OK k=32 rounds=8192 table_count=33 oracle1=PASS cfg_conflicts_delta=0 tier1_hits=0 tier1_misses=262144 hit_rate=0.00% oracle2=PASS ns_per_op=26.6
.RESULT k=32
RESULT rotating_rounds=8192
RESULT table_count_at_floor=33
RESULT oracle1_pass=1
RESULT config_conflicts_delta=0
RESULT tier1_hits=0
RESULT tier1_misses=262144
RESULT tier1_total=262144
RESULT expected_total=262144
RESULT oracle2_pass=1
RESULT tier1_hit_rate_pct=0
RESULT churn_elapsed_ns=7855100
RESULT ns_per_op=29.964828491210938
OK k=32 rounds=8192 table_count=33 oracle1=PASS cfg_conflicts_delta=0 tier1_hits=0 tier1_misses=262144 hit_rate=0.00% oracle2=PASS ns_per_op=30.0
.RESULT k=32
RESULT rotating_rounds=8192
RESULT table_count_at_floor=33
RESULT oracle1_pass=1
RESULT config_conflicts_delta=0
RESULT tier1_hits=0
RESULT tier1_misses=262144
RESULT tier1_total=262144
RESULT expected_total=262144
RESULT oracle2_pass=1
RESULT tier1_hit_rate_pct=0
RESULT churn_elapsed_ns=7281300
RESULT ns_per_op=27.775955200195313
OK k=32 rounds=8192 table_count=33 oracle1=PASS cfg_conflicts_delta=0 tier1_hits=0 tier1_misses=262144 hit_rate=0.00% oracle2=PASS ns_per_op=27.8
.RESULT k=32
RESULT rotating_rounds=8192
RESULT table_count_at_floor=33
RESULT oracle1_pass=1
RESULT config_conflicts_delta=0
RESULT tier1_hits=0
RESULT tier1_misses=262144
RESULT tier1_total=262144
RESULT expected_total=262144
RESULT oracle2_pass=1
RESULT tier1_hit_rate_pct=0
RESULT churn_elapsed_ns=7954200
RESULT ns_per_op=30.342864990234375
OK k=32 rounds=8192 table_count=33 oracle1=PASS cfg_conflicts_delta=0 tier1_hits=0 tier1_misses=262144 hit_rate=0.00% oracle2=PASS ns_per_op=30.3
.RESULT k=32
RESULT rotating_rounds=8192
RESULT table_count_at_floor=33
RESULT oracle1_pass=1
RESULT config_conflicts_delta=0
RESULT tier1_hits=0
RESULT tier1_misses=262144
RESULT tier1_total=262144
RESULT expected_total=262144
RESULT oracle2_pass=1
RESULT tier1_hit_rate_pct=0
RESULT churn_elapsed_ns=7724900
RESULT ns_per_op=29.468154907226563
OK k=32 rounds=8192 table_count=33 oracle1=PASS cfg_conflicts_delta=0 tier1_hits=0 tier1_misses=262144 hit_rate=0.00% oracle2=PASS ns_per_op=29.5
.RESULT k=32
RESULT rotating_rounds=8192
RESULT table_count_at_floor=33
RESULT oracle1_pass=1
RESULT config_conflicts_delta=0
RESULT tier1_hits=0
RESULT tier1_misses=262144
RESULT tier1_total=262144
RESULT expected_total=262144
RESULT oracle2_pass=1
RESULT tier1_hit_rate_pct=0
RESULT churn_elapsed_ns=7561900
RESULT ns_per_op=28.846359252929688
OK k=32 rounds=8192 table_count=33 oracle1=PASS cfg_conflicts_delta=0 tier1_hits=0 tier1_misses=262144 hit_rate=0.00% oracle2=PASS ns_per_op=28.8
.RESULT k=32
RESULT rotating_rounds=8192
RESULT table_count_at_floor=33
RESULT oracle1_pass=1
RESULT config_conflicts_delta=0
RESULT tier1_hits=0
RESULT tier1_misses=262144
RESULT tier1_total=262144
RESULT expected_total=262144
RESULT oracle2_pass=1
RESULT tier1_hit_rate_pct=0
RESULT churn_elapsed_ns=7441800
RESULT ns_per_op=28.388214111328125
OK k=32 rounds=8192 table_count=33 oracle1=PASS cfg_conflicts_delta=0 tier1_hits=0 tier1_misses=262144 hit_rate=0.00% oracle2=PASS ns_per_op=28.4
.RESULT k=32
RESULT rotating_rounds=8192
RESULT table_count_at_floor=33
RESULT oracle1_pass=1
RESULT config_conflicts_delta=0
RESULT tier1_hits=0
RESULT tier1_misses=262144
RESULT tier1_total=262144
RESULT expected_total=262144
RESULT oracle2_pass=1
RESULT tier1_hit_rate_pct=0
RESULT churn_elapsed_ns=7521600
RESULT ns_per_op=28.692626953125
OK k=32 rounds=8192 table_count=33 oracle1=PASS cfg_conflicts_delta=0 tier1_hits=0 tier1_misses=262144 hit_rate=0.00% oracle2=PASS ns_per_op=28.7
.RESULT k=32
RESULT rotating_rounds=8192
RESULT table_count_at_floor=33
RESULT oracle1_pass=1
RESULT config_conflicts_delta=0
RESULT tier1_hits=0
RESULT tier1_misses=262144
RESULT tier1_total=262144
RESULT expected_total=262144
RESULT oracle2_pass=1
RESULT tier1_hit_rate_pct=0
RESULT churn_elapsed_ns=7866700
RESULT ns_per_op=30.009078979492188
OK k=32 rounds=8192 table_count=33 oracle1=PASS cfg_conflicts_delta=0 tier1_hits=0 tier1_misses=262144 hit_rate=0.00% oracle2=PASS ns_per_op=30.0
.RESULT k=32
RESULT rotating_rounds=8192
RESULT table_count_at_floor=33
RESULT oracle1_pass=1
RESULT config_conflicts_delta=0
RESULT tier1_hits=0
RESULT tier1_misses=262144
RESULT tier1_total=262144
RESULT expected_total=262144
RESULT oracle2_pass=1
RESULT tier1_hit_rate_pct=0
RESULT churn_elapsed_ns=7696100
RESULT ns_per_op=29.358291625976563
OK k=32 rounds=8192 table_count=33 oracle1=PASS cfg_conflicts_delta=0 tier1_hits=0 tier1_misses=262144 hit_rate=0.00% oracle2=PASS ns_per_op=29.4
.RESULT k=32
RESULT rotating_rounds=8192
RESULT table_count_at_floor=33
RESULT oracle1_pass=1
RESULT config_conflicts_delta=0
RESULT tier1_hits=0
RESULT tier1_misses=262144
RESULT tier1_total=262144
RESULT expected_total=262144
RESULT oracle2_pass=1
RESULT tier1_hit_rate_pct=0
RESULT churn_elapsed_ns=7500600
RESULT ns_per_op=28.612518310546875
OK k=32 rounds=8192 table_count=33 oracle1=PASS cfg_conflicts_delta=0 tier1_hits=0 tier1_misses=262144 hit_rate=0.00% oracle2=PASS ns_per_op=28.6
.RESULT k=32
RESULT rotating_rounds=8192
RESULT table_count_at_floor=33
RESULT oracle1_pass=1
RESULT config_conflicts_delta=0
RESULT tier1_hits=0
RESULT tier1_misses=262144
RESULT tier1_total=262144
RESULT expected_total=262144
RESULT oracle2_pass=1
RESULT tier1_hit_rate_pct=0
RESULT churn_elapsed_ns=9465900
RESULT ns_per_op=36.10954284667969
OK k=32 rounds=8192 table_count=33 oracle1=PASS cfg_conflicts_delta=0 tier1_hits=0 tier1_misses=262144 hit_rate=0.00% oracle2=PASS ns_per_op=36.1
.RESULT k=32
RESULT rotating_rounds=8192
RESULT table_count_at_floor=33
RESULT oracle1_pass=1
RESULT config_conflicts_delta=0
RESULT tier1_hits=0
RESULT tier1_misses=262144
RESULT tier1_total=262144
RESULT expected_total=262144
RESULT oracle2_pass=1
RESULT tier1_hit_rate_pct=0
RESULT churn_elapsed_ns=8778500
RESULT ns_per_op=33.48731994628906
OK k=32 rounds=8192 table_count=33 oracle1=PASS cfg_conflicts_delta=0 tier1_hits=0 tier1_misses=262144 hit_rate=0.00% oracle2=PASS ns_per_op=33.5
.RESULT k=32
RESULT rotating_rounds=8192
RESULT table_count_at_floor=33
RESULT oracle1_pass=1
RESULT config_conflicts_delta=0
RESULT tier1_hits=0
RESULT tier1_misses=262144
RESULT tier1_total=262144
RESULT expected_total=262144
RESULT oracle2_pass=1
RESULT tier1_hit_rate_pct=0
RESULT churn_elapsed_ns=7431900
RESULT ns_per_op=28.350448608398438
OK k=32 rounds=8192 table_count=33 oracle1=PASS cfg_conflicts_delta=0 tier1_hits=0 tier1_misses=262144 hit_rate=0.00% oracle2=PASS ns_per_op=28.4
.RESULT k=32
RESULT rotating_rounds=8192
RESULT table_count_at_floor=33
RESULT oracle1_pass=1
RESULT config_conflicts_delta=0
RESULT tier1_hits=0
RESULT tier1_misses=262144
RESULT tier1_total=262144
RESULT expected_total=262144
RESULT oracle2_pass=1
RESULT tier1_hit_rate_pct=0
RESULT churn_elapsed_ns=7378100
RESULT ns_per_op=28.145217895507813
OK k=32 rounds=8192 table_count=33 oracle1=PASS cfg_conflicts_delta=0 tier1_hits=0 tier1_misses=262144 hit_rate=0.00% oracle2=PASS ns_per_op=28.1
.RESULT k=32
RESULT rotating_rounds=8192
RESULT table_count_at_floor=33
RESULT oracle1_pass=1
RESULT config_conflicts_delta=0
RESULT tier1_hits=0
RESULT tier1_misses=262144
RESULT tier1_total=262144
RESULT expected_total=262144
RESULT oracle2_pass=1
RESULT tier1_hit_rate_pct=0
RESULT churn_elapsed_ns=7753000
RESULT ns_per_op=29.575347900390625
OK k=32 rounds=8192 table_count=33 oracle1=PASS cfg_conflicts_delta=0 tier1_hits=0 tier1_misses=262144 hit_rate=0.00% oracle2=PASS ns_per_op=29.6
.RESULT k=32
RESULT rotating_rounds=8192
RESULT table_count_at_floor=33
RESULT oracle1_pass=1
RESULT config_conflicts_delta=0
RESULT tier1_hits=0
RESULT tier1_misses=262144
RESULT tier1_total=262144
RESULT expected_total=262144
RESULT oracle2_pass=1
RESULT tier1_hit_rate_pct=0
RESULT churn_elapsed_ns=7599900
RESULT ns_per_op=28.991317749023438
OK k=32 rounds=8192 table_count=33 oracle1=PASS cfg_conflicts_delta=0 tier1_hits=0 tier1_misses=262144 hit_rate=0.00% oracle2=PASS ns_per_op=29.0
.RESULT k=32
RESULT rotating_rounds=8192
RESULT table_count_at_floor=33
RESULT oracle1_pass=1
RESULT config_conflicts_delta=0
RESULT tier1_hits=0
RESULT tier1_misses=262144
RESULT tier1_total=262144
RESULT expected_total=262144
RESULT oracle2_pass=1
RESULT tier1_hit_rate_pct=0
RESULT churn_elapsed_ns=7712700
RESULT ns_per_op=29.421615600585938
OK k=32 rounds=8192 table_count=33 oracle1=PASS cfg_conflicts_delta=0 tier1_hits=0 tier1_misses=262144 hit_rate=0.00% oracle2=PASS ns_per_op=29.4
.RESULT k=32
RESULT rotating_rounds=8192
RESULT table_count_at_floor=33
RESULT oracle1_pass=1
RESULT config_conflicts_delta=0
RESULT tier1_hits=0
RESULT tier1_misses=262144
RESULT tier1_total=262144
RESULT expected_total=262144
RESULT oracle2_pass=1
RESULT tier1_hit_rate_pct=0
RESULT churn_elapsed_ns=8091900
RESULT ns_per_op=30.868148803710938
OK k=32 rounds=8192 table_count=33 oracle1=PASS cfg_conflicts_delta=0 tier1_hits=0 tier1_misses=262144 hit_rate=0.00% oracle2=PASS ns_per_op=30.9
.

  === before(A-slot) vs before(B-slot) (A - B, ns)  [SAME-VS-SAME CONTROL] ===
  n=20  mean Δ=-23.262 us  sd=887.224 us  se=198.389 us  t=-0.117  df=19  crit(p<0.05)=2.101  => NOT statistically distinguishable from noise (fails to reject null)
  sign test: before(A-slot)-faster=7/20  before(B-slot)-faster=13/20  ties=0

[paired-ab] provenance written to D:\dev\rust\sefer-alloc/docs/perf/paired_ab_runs/2026-08-03T15-31-07-973Z.json

[paired-ab] Reading this output: `t` past `crit` (or sign test heavily lopsided, e.g. 17+/20) means a REAL,
  non-noise wall-clock difference on THIS host for THIS workload — mirroring
  docs/perf/R5_R2_CHURN_REGRESSION_PAIRED_AB.md's verdict criteria. A same-vs-same control run
  (--arms sefer,sefer) should show t well under `crit` and a roughly even sign-test split --
  if it does not, that indicates a harness bug (non-reproducible workload, background load
  bleeding into the timed region), not a real self-difference.
