[paired-ab] --config has no "build" step; assuming arm commands are already built.

[paired-ab] before vs after — 20 pairs, A/B/B/A protocol
RESULT k=24
RESULT rotating_rounds=8192
RESULT table_count_at_floor=25
RESULT oracle1_pass=1
RESULT config_conflicts_delta=0
RESULT tier1_hits=0
RESULT tier1_misses=196608
RESULT tier1_total=196608
RESULT expected_total=196608
RESULT oracle2_pass=1
RESULT tier1_hit_rate_pct=0
RESULT churn_elapsed_ns=7609300
RESULT ns_per_op=38.702901204427086
OK k=24 rounds=8192 table_count=25 oracle1=PASS cfg_conflicts_delta=0 tier1_hits=0 tier1_misses=196608 hit_rate=0.00% oracle2=PASS ns_per_op=38.7
.RESULT k=24
RESULT rotating_rounds=8192
RESULT table_count_at_floor=25
RESULT oracle1_pass=1
RESULT config_conflicts_delta=0
RESULT tier1_hits=0
RESULT tier1_misses=196608
RESULT tier1_total=196608
RESULT expected_total=196608
RESULT oracle2_pass=1
RESULT tier1_hit_rate_pct=0
RESULT churn_elapsed_ns=9487900
RESULT ns_per_op=48.257954915364586
OK k=24 rounds=8192 table_count=25 oracle1=PASS cfg_conflicts_delta=0 tier1_hits=0 tier1_misses=196608 hit_rate=0.00% oracle2=PASS ns_per_op=48.3
.RESULT k=24
RESULT rotating_rounds=8192
RESULT table_count_at_floor=25
RESULT oracle1_pass=1
RESULT config_conflicts_delta=0
RESULT tier1_hits=0
RESULT tier1_misses=196608
RESULT tier1_total=196608
RESULT expected_total=196608
RESULT oracle2_pass=1
RESULT tier1_hit_rate_pct=0
RESULT churn_elapsed_ns=6628900
RESULT ns_per_op=33.716328938802086
OK k=24 rounds=8192 table_count=25 oracle1=PASS cfg_conflicts_delta=0 tier1_hits=0 tier1_misses=196608 hit_rate=0.00% oracle2=PASS ns_per_op=33.7
.RESULT k=24
RESULT rotating_rounds=8192
RESULT table_count_at_floor=25
RESULT oracle1_pass=1
RESULT config_conflicts_delta=0
RESULT tier1_hits=0
RESULT tier1_misses=196608
RESULT tier1_total=196608
RESULT expected_total=196608
RESULT oracle2_pass=1
RESULT tier1_hit_rate_pct=0
RESULT churn_elapsed_ns=5688400
RESULT ns_per_op=28.932698567708332
OK k=24 rounds=8192 table_count=25 oracle1=PASS cfg_conflicts_delta=0 tier1_hits=0 tier1_misses=196608 hit_rate=0.00% oracle2=PASS ns_per_op=28.9
.RESULT k=24
RESULT rotating_rounds=8192
RESULT table_count_at_floor=25
RESULT oracle1_pass=1
RESULT config_conflicts_delta=0
RESULT tier1_hits=0
RESULT tier1_misses=196608
RESULT tier1_total=196608
RESULT expected_total=196608
RESULT oracle2_pass=1
RESULT tier1_hit_rate_pct=0
RESULT churn_elapsed_ns=6712400
RESULT ns_per_op=34.141031901041664
OK k=24 rounds=8192 table_count=25 oracle1=PASS cfg_conflicts_delta=0 tier1_hits=0 tier1_misses=196608 hit_rate=0.00% oracle2=PASS ns_per_op=34.1
.RESULT k=24
RESULT rotating_rounds=8192
RESULT table_count_at_floor=25
RESULT oracle1_pass=1
RESULT config_conflicts_delta=0
RESULT tier1_hits=65528
RESULT tier1_misses=131080
RESULT tier1_total=196608
RESULT expected_total=196608
RESULT oracle2_pass=1
RESULT tier1_hit_rate_pct=33.329264322916664
RESULT churn_elapsed_ns=6622700
RESULT ns_per_op=33.684794108072914
OK k=24 rounds=8192 table_count=25 oracle1=PASS cfg_conflicts_delta=0 tier1_hits=65528 tier1_misses=131080 hit_rate=33.33% oracle2=PASS ns_per_op=33.7
.RESULT k=24
RESULT rotating_rounds=8192
RESULT table_count_at_floor=25
RESULT oracle1_pass=1
RESULT config_conflicts_delta=0
RESULT tier1_hits=0
RESULT tier1_misses=196608
RESULT tier1_total=196608
RESULT expected_total=196608
RESULT oracle2_pass=1
RESULT tier1_hit_rate_pct=0
RESULT churn_elapsed_ns=5621400
RESULT ns_per_op=28.5919189453125
OK k=24 rounds=8192 table_count=25 oracle1=PASS cfg_conflicts_delta=0 tier1_hits=0 tier1_misses=196608 hit_rate=0.00% oracle2=PASS ns_per_op=28.6
.RESULT k=24
RESULT rotating_rounds=8192
RESULT table_count_at_floor=25
RESULT oracle1_pass=1
RESULT config_conflicts_delta=0
RESULT tier1_hits=0
RESULT tier1_misses=196608
RESULT tier1_total=196608
RESULT expected_total=196608
RESULT oracle2_pass=1
RESULT tier1_hit_rate_pct=0
RESULT churn_elapsed_ns=5738600
RESULT ns_per_op=29.188028971354168
OK k=24 rounds=8192 table_count=25 oracle1=PASS cfg_conflicts_delta=0 tier1_hits=0 tier1_misses=196608 hit_rate=0.00% oracle2=PASS ns_per_op=29.2
.RESULT k=24
RESULT rotating_rounds=8192
RESULT table_count_at_floor=25
RESULT oracle1_pass=1
RESULT config_conflicts_delta=0
RESULT tier1_hits=0
RESULT tier1_misses=196608
RESULT tier1_total=196608
RESULT expected_total=196608
RESULT oracle2_pass=1
RESULT tier1_hit_rate_pct=0
RESULT churn_elapsed_ns=5364400
RESULT ns_per_op=27.284749348958332
OK k=24 rounds=8192 table_count=25 oracle1=PASS cfg_conflicts_delta=0 tier1_hits=0 tier1_misses=196608 hit_rate=0.00% oracle2=PASS ns_per_op=27.3
.RESULT k=24
RESULT rotating_rounds=8192
RESULT table_count_at_floor=25
RESULT oracle1_pass=1
RESULT config_conflicts_delta=0
RESULT tier1_hits=0
RESULT tier1_misses=196608
RESULT tier1_total=196608
RESULT expected_total=196608
RESULT oracle2_pass=1
RESULT tier1_hit_rate_pct=0
RESULT churn_elapsed_ns=8208600
RESULT ns_per_op=41.7510986328125
OK k=24 rounds=8192 table_count=25 oracle1=PASS cfg_conflicts_delta=0 tier1_hits=0 tier1_misses=196608 hit_rate=0.00% oracle2=PASS ns_per_op=41.8
.RESULT k=24
RESULT rotating_rounds=8192
RESULT table_count_at_floor=25
RESULT oracle1_pass=1
RESULT config_conflicts_delta=0
RESULT tier1_hits=0
RESULT tier1_misses=196608
RESULT tier1_total=196608
RESULT expected_total=196608
RESULT oracle2_pass=1
RESULT tier1_hit_rate_pct=0
RESULT churn_elapsed_ns=6253400
RESULT ns_per_op=31.806437174479168
OK k=24 rounds=8192 table_count=25 oracle1=PASS cfg_conflicts_delta=0 tier1_hits=0 tier1_misses=196608 hit_rate=0.00% oracle2=PASS ns_per_op=31.8
.RESULT k=24
RESULT rotating_rounds=8192
RESULT table_count_at_floor=25
RESULT oracle1_pass=1
RESULT config_conflicts_delta=0
RESULT tier1_hits=0
RESULT tier1_misses=196608
RESULT tier1_total=196608
RESULT expected_total=196608
RESULT oracle2_pass=1
RESULT tier1_hit_rate_pct=0
RESULT churn_elapsed_ns=5966700
RESULT ns_per_op=30.34820556640625
OK k=24 rounds=8192 table_count=25 oracle1=PASS cfg_conflicts_delta=0 tier1_hits=0 tier1_misses=196608 hit_rate=0.00% oracle2=PASS ns_per_op=30.3
.RESULT k=24
RESULT rotating_rounds=8192
RESULT table_count_at_floor=25
RESULT oracle1_pass=1
RESULT config_conflicts_delta=0
RESULT tier1_hits=0
RESULT tier1_misses=196608
RESULT tier1_total=196608
RESULT expected_total=196608
RESULT oracle2_pass=1
RESULT tier1_hit_rate_pct=0
RESULT churn_elapsed_ns=5448400
RESULT ns_per_op=27.711995442708332
OK k=24 rounds=8192 table_count=25 oracle1=PASS cfg_conflicts_delta=0 tier1_hits=0 tier1_misses=196608 hit_rate=0.00% oracle2=PASS ns_per_op=27.7
.RESULT k=24
RESULT rotating_rounds=8192
RESULT table_count_at_floor=25
RESULT oracle1_pass=1
RESULT config_conflicts_delta=0
RESULT tier1_hits=0
RESULT tier1_misses=196608
RESULT tier1_total=196608
RESULT expected_total=196608
RESULT oracle2_pass=1
RESULT tier1_hit_rate_pct=0
RESULT churn_elapsed_ns=6762600
RESULT ns_per_op=34.3963623046875
OK k=24 rounds=8192 table_count=25 oracle1=PASS cfg_conflicts_delta=0 tier1_hits=0 tier1_misses=196608 hit_rate=0.00% oracle2=PASS ns_per_op=34.4
.RESULT k=24
RESULT rotating_rounds=8192
RESULT table_count_at_floor=25
RESULT oracle1_pass=1
RESULT config_conflicts_delta=0
RESULT tier1_hits=0
RESULT tier1_misses=196608
RESULT tier1_total=196608
RESULT expected_total=196608
RESULT oracle2_pass=1
RESULT tier1_hit_rate_pct=0
RESULT churn_elapsed_ns=5876000
RESULT ns_per_op=29.886881510416668
OK k=24 rounds=8192 table_count=25 oracle1=PASS cfg_conflicts_delta=0 tier1_hits=0 tier1_misses=196608 hit_rate=0.00% oracle2=PASS ns_per_op=29.9
.RESULT k=24
RESULT rotating_rounds=8192
RESULT table_count_at_floor=25
RESULT oracle1_pass=1
RESULT config_conflicts_delta=0
RESULT tier1_hits=0
RESULT tier1_misses=196608
RESULT tier1_total=196608
RESULT expected_total=196608
RESULT oracle2_pass=1
RESULT tier1_hit_rate_pct=0
RESULT churn_elapsed_ns=7785900
RESULT ns_per_op=39.60113525390625
OK k=24 rounds=8192 table_count=25 oracle1=PASS cfg_conflicts_delta=0 tier1_hits=0 tier1_misses=196608 hit_rate=0.00% oracle2=PASS ns_per_op=39.6
.RESULT k=24
RESULT rotating_rounds=8192
RESULT table_count_at_floor=25
RESULT oracle1_pass=1
RESULT config_conflicts_delta=0
RESULT tier1_hits=0
RESULT tier1_misses=196608
RESULT tier1_total=196608
RESULT expected_total=196608
RESULT oracle2_pass=1
RESULT tier1_hit_rate_pct=0
RESULT churn_elapsed_ns=9447600
RESULT ns_per_op=48.052978515625
OK k=24 rounds=8192 table_count=25 oracle1=PASS cfg_conflicts_delta=0 tier1_hits=0 tier1_misses=196608 hit_rate=0.00% oracle2=PASS ns_per_op=48.1
.RESULT k=24
RESULT rotating_rounds=8192
RESULT table_count_at_floor=25
RESULT oracle1_pass=1
RESULT config_conflicts_delta=0
RESULT tier1_hits=0
RESULT tier1_misses=196608
RESULT tier1_total=196608
RESULT expected_total=196608
RESULT oracle2_pass=1
RESULT tier1_hit_rate_pct=0
RESULT churn_elapsed_ns=28793500
RESULT ns_per_op=146.4513142903646
OK k=24 rounds=8192 table_count=25 oracle1=PASS cfg_conflicts_delta=0 tier1_hits=0 tier1_misses=196608 hit_rate=0.00% oracle2=PASS ns_per_op=146.5
.RESULT k=24
RESULT rotating_rounds=8192
RESULT table_count_at_floor=25
RESULT oracle1_pass=1
RESULT config_conflicts_delta=0
RESULT tier1_hits=65528
RESULT tier1_misses=131080
RESULT tier1_total=196608
RESULT expected_total=196608
RESULT oracle2_pass=1
RESULT tier1_hit_rate_pct=33.329264322916664
RESULT churn_elapsed_ns=5341200
RESULT ns_per_op=27.166748046875
OK k=24 rounds=8192 table_count=25 oracle1=PASS cfg_conflicts_delta=0 tier1_hits=65528 tier1_misses=131080 hit_rate=33.33% oracle2=PASS ns_per_op=27.2
.RESULT k=24
RESULT rotating_rounds=8192
RESULT table_count_at_floor=25
RESULT oracle1_pass=1
RESULT config_conflicts_delta=0
RESULT tier1_hits=0
RESULT tier1_misses=196608
RESULT tier1_total=196608
RESULT expected_total=196608
RESULT oracle2_pass=1
RESULT tier1_hit_rate_pct=0
RESULT churn_elapsed_ns=5552600
RESULT ns_per_op=28.241984049479168
OK k=24 rounds=8192 table_count=25 oracle1=PASS cfg_conflicts_delta=0 tier1_hits=0 tier1_misses=196608 hit_rate=0.00% oracle2=PASS ns_per_op=28.2
.RESULT k=24
RESULT rotating_rounds=8192
RESULT table_count_at_floor=25
RESULT oracle1_pass=1
RESULT config_conflicts_delta=0
RESULT tier1_hits=0
RESULT tier1_misses=196608
RESULT tier1_total=196608
RESULT expected_total=196608
RESULT oracle2_pass=1
RESULT tier1_hit_rate_pct=0
RESULT churn_elapsed_ns=5653600
RESULT ns_per_op=28.755696614583332
OK k=24 rounds=8192 table_count=25 oracle1=PASS cfg_conflicts_delta=0 tier1_hits=0 tier1_misses=196608 hit_rate=0.00% oracle2=PASS ns_per_op=28.8
.RESULT k=24
RESULT rotating_rounds=8192
RESULT table_count_at_floor=25
RESULT oracle1_pass=1
RESULT config_conflicts_delta=0
RESULT tier1_hits=0
RESULT tier1_misses=196608
RESULT tier1_total=196608
RESULT expected_total=196608
RESULT oracle2_pass=1
RESULT tier1_hit_rate_pct=0
RESULT churn_elapsed_ns=6387200
RESULT ns_per_op=32.486979166666664
OK k=24 rounds=8192 table_count=25 oracle1=PASS cfg_conflicts_delta=0 tier1_hits=0 tier1_misses=196608 hit_rate=0.00% oracle2=PASS ns_per_op=32.5
.RESULT k=24
RESULT rotating_rounds=8192
RESULT table_count_at_floor=25
RESULT oracle1_pass=1
RESULT config_conflicts_delta=0
RESULT tier1_hits=0
RESULT tier1_misses=196608
RESULT tier1_total=196608
RESULT expected_total=196608
RESULT oracle2_pass=1
RESULT tier1_hit_rate_pct=0
RESULT churn_elapsed_ns=5662100
RESULT ns_per_op=28.798929850260418
OK k=24 rounds=8192 table_count=25 oracle1=PASS cfg_conflicts_delta=0 tier1_hits=0 tier1_misses=196608 hit_rate=0.00% oracle2=PASS ns_per_op=28.8
.RESULT k=24
RESULT rotating_rounds=8192
RESULT table_count_at_floor=25
RESULT oracle1_pass=1
RESULT config_conflicts_delta=0
RESULT tier1_hits=0
RESULT tier1_misses=196608
RESULT tier1_total=196608
RESULT expected_total=196608
RESULT oracle2_pass=1
RESULT tier1_hit_rate_pct=0
RESULT churn_elapsed_ns=5917000
RESULT ns_per_op=30.095418294270832
OK k=24 rounds=8192 table_count=25 oracle1=PASS cfg_conflicts_delta=0 tier1_hits=0 tier1_misses=196608 hit_rate=0.00% oracle2=PASS ns_per_op=30.1
.RESULT k=24
RESULT rotating_rounds=8192
RESULT table_count_at_floor=25
RESULT oracle1_pass=1
RESULT config_conflicts_delta=0
RESULT tier1_hits=0
RESULT tier1_misses=196608
RESULT tier1_total=196608
RESULT expected_total=196608
RESULT oracle2_pass=1
RESULT tier1_hit_rate_pct=0
RESULT churn_elapsed_ns=5427900
RESULT ns_per_op=27.60772705078125
OK k=24 rounds=8192 table_count=25 oracle1=PASS cfg_conflicts_delta=0 tier1_hits=0 tier1_misses=196608 hit_rate=0.00% oracle2=PASS ns_per_op=27.6
.RESULT k=24
RESULT rotating_rounds=8192
RESULT table_count_at_floor=25
RESULT oracle1_pass=1
RESULT config_conflicts_delta=0
RESULT tier1_hits=0
RESULT tier1_misses=196608
RESULT tier1_total=196608
RESULT expected_total=196608
RESULT oracle2_pass=1
RESULT tier1_hit_rate_pct=0
RESULT churn_elapsed_ns=5768400
RESULT ns_per_op=29.339599609375
OK k=24 rounds=8192 table_count=25 oracle1=PASS cfg_conflicts_delta=0 tier1_hits=0 tier1_misses=196608 hit_rate=0.00% oracle2=PASS ns_per_op=29.3
.RESULT k=24
RESULT rotating_rounds=8192
RESULT table_count_at_floor=25
RESULT oracle1_pass=1
RESULT config_conflicts_delta=0
RESULT tier1_hits=65528
RESULT tier1_misses=131080
RESULT tier1_total=196608
RESULT expected_total=196608
RESULT oracle2_pass=1
RESULT tier1_hit_rate_pct=33.329264322916664
RESULT churn_elapsed_ns=5690400
RESULT ns_per_op=28.94287109375
OK k=24 rounds=8192 table_count=25 oracle1=PASS cfg_conflicts_delta=0 tier1_hits=65528 tier1_misses=131080 hit_rate=33.33% oracle2=PASS ns_per_op=28.9
.RESULT k=24
RESULT rotating_rounds=8192
RESULT table_count_at_floor=25
RESULT oracle1_pass=1
RESULT config_conflicts_delta=0
RESULT tier1_hits=0
RESULT tier1_misses=196608
RESULT tier1_total=196608
RESULT expected_total=196608
RESULT oracle2_pass=1
RESULT tier1_hit_rate_pct=0
RESULT churn_elapsed_ns=5656200
RESULT ns_per_op=28.7689208984375
OK k=24 rounds=8192 table_count=25 oracle1=PASS cfg_conflicts_delta=0 tier1_hits=0 tier1_misses=196608 hit_rate=0.00% oracle2=PASS ns_per_op=28.8
.RESULT k=24
RESULT rotating_rounds=8192
RESULT table_count_at_floor=25
RESULT oracle1_pass=1
RESULT config_conflicts_delta=0
RESULT tier1_hits=0
RESULT tier1_misses=196608
RESULT tier1_total=196608
RESULT expected_total=196608
RESULT oracle2_pass=1
RESULT tier1_hit_rate_pct=0
RESULT churn_elapsed_ns=5458600
RESULT ns_per_op=27.763875325520832
OK k=24 rounds=8192 table_count=25 oracle1=PASS cfg_conflicts_delta=0 tier1_hits=0 tier1_misses=196608 hit_rate=0.00% oracle2=PASS ns_per_op=27.8
.RESULT k=24
RESULT rotating_rounds=8192
RESULT table_count_at_floor=25
RESULT oracle1_pass=1
RESULT config_conflicts_delta=0
RESULT tier1_hits=0
RESULT tier1_misses=196608
RESULT tier1_total=196608
RESULT expected_total=196608
RESULT oracle2_pass=1
RESULT tier1_hit_rate_pct=0
RESULT churn_elapsed_ns=5675700
RESULT ns_per_op=28.86810302734375
OK k=24 rounds=8192 table_count=25 oracle1=PASS cfg_conflicts_delta=0 tier1_hits=0 tier1_misses=196608 hit_rate=0.00% oracle2=PASS ns_per_op=28.9
.RESULT k=24
RESULT rotating_rounds=8192
RESULT table_count_at_floor=25
RESULT oracle1_pass=1
RESULT config_conflicts_delta=0
RESULT tier1_hits=0
RESULT tier1_misses=196608
RESULT tier1_total=196608
RESULT expected_total=196608
RESULT oracle2_pass=1
RESULT tier1_hit_rate_pct=0
RESULT churn_elapsed_ns=5947000
RESULT ns_per_op=30.248006184895832
OK k=24 rounds=8192 table_count=25 oracle1=PASS cfg_conflicts_delta=0 tier1_hits=0 tier1_misses=196608 hit_rate=0.00% oracle2=PASS ns_per_op=30.2
.RESULT k=24
RESULT rotating_rounds=8192
RESULT table_count_at_floor=25
RESULT oracle1_pass=1
RESULT config_conflicts_delta=0
RESULT tier1_hits=0
RESULT tier1_misses=196608
RESULT tier1_total=196608
RESULT expected_total=196608
RESULT oracle2_pass=1
RESULT tier1_hit_rate_pct=0
RESULT churn_elapsed_ns=16742700
RESULT ns_per_op=85.15777587890625
OK k=24 rounds=8192 table_count=25 oracle1=PASS cfg_conflicts_delta=0 tier1_hits=0 tier1_misses=196608 hit_rate=0.00% oracle2=PASS ns_per_op=85.2
.RESULT k=24
RESULT rotating_rounds=8192
RESULT table_count_at_floor=25
RESULT oracle1_pass=1
RESULT config_conflicts_delta=0
RESULT tier1_hits=0
RESULT tier1_misses=196608
RESULT tier1_total=196608
RESULT expected_total=196608
RESULT oracle2_pass=1
RESULT tier1_hit_rate_pct=0
RESULT churn_elapsed_ns=13640700
RESULT ns_per_op=69.38018798828125
OK k=24 rounds=8192 table_count=25 oracle1=PASS cfg_conflicts_delta=0 tier1_hits=0 tier1_misses=196608 hit_rate=0.00% oracle2=PASS ns_per_op=69.4
.RESULT k=24
RESULT rotating_rounds=8192
RESULT table_count_at_floor=25
RESULT oracle1_pass=1
RESULT config_conflicts_delta=0
RESULT tier1_hits=65528
RESULT tier1_misses=131080
RESULT tier1_total=196608
RESULT expected_total=196608
RESULT oracle2_pass=1
RESULT tier1_hit_rate_pct=33.329264322916664
RESULT churn_elapsed_ns=5382700
RESULT ns_per_op=27.377827962239582
OK k=24 rounds=8192 table_count=25 oracle1=PASS cfg_conflicts_delta=0 tier1_hits=65528 tier1_misses=131080 hit_rate=33.33% oracle2=PASS ns_per_op=27.4
.RESULT k=24
RESULT rotating_rounds=8192
RESULT table_count_at_floor=25
RESULT oracle1_pass=1
RESULT config_conflicts_delta=0
RESULT tier1_hits=16382
RESULT tier1_misses=180226
RESULT tier1_total=196608
RESULT expected_total=196608
RESULT oracle2_pass=1
RESULT tier1_hit_rate_pct=8.332316080729166
RESULT churn_elapsed_ns=5660200
RESULT ns_per_op=28.789265950520832
OK k=24 rounds=8192 table_count=25 oracle1=PASS cfg_conflicts_delta=0 tier1_hits=16382 tier1_misses=180226 hit_rate=8.33% oracle2=PASS ns_per_op=28.8
.RESULT k=24
RESULT rotating_rounds=8192
RESULT table_count_at_floor=25
RESULT oracle1_pass=1
RESULT config_conflicts_delta=0
RESULT tier1_hits=0
RESULT tier1_misses=196608
RESULT tier1_total=196608
RESULT expected_total=196608
RESULT oracle2_pass=1
RESULT tier1_hit_rate_pct=0
RESULT churn_elapsed_ns=5608400
RESULT ns_per_op=28.525797526041668
OK k=24 rounds=8192 table_count=25 oracle1=PASS cfg_conflicts_delta=0 tier1_hits=0 tier1_misses=196608 hit_rate=0.00% oracle2=PASS ns_per_op=28.5
.RESULT k=24
RESULT rotating_rounds=8192
RESULT table_count_at_floor=25
RESULT oracle1_pass=1
RESULT config_conflicts_delta=0
RESULT tier1_hits=0
RESULT tier1_misses=196608
RESULT tier1_total=196608
RESULT expected_total=196608
RESULT oracle2_pass=1
RESULT tier1_hit_rate_pct=0
RESULT churn_elapsed_ns=5762100
RESULT ns_per_op=29.30755615234375
OK k=24 rounds=8192 table_count=25 oracle1=PASS cfg_conflicts_delta=0 tier1_hits=0 tier1_misses=196608 hit_rate=0.00% oracle2=PASS ns_per_op=29.3
.RESULT k=24
RESULT rotating_rounds=8192
RESULT table_count_at_floor=25
RESULT oracle1_pass=1
RESULT config_conflicts_delta=0
RESULT tier1_hits=0
RESULT tier1_misses=196608
RESULT tier1_total=196608
RESULT expected_total=196608
RESULT oracle2_pass=1
RESULT tier1_hit_rate_pct=0
RESULT churn_elapsed_ns=5551500
RESULT ns_per_op=28.23638916015625
OK k=24 rounds=8192 table_count=25 oracle1=PASS cfg_conflicts_delta=0 tier1_hits=0 tier1_misses=196608 hit_rate=0.00% oracle2=PASS ns_per_op=28.2
.RESULT k=24
RESULT rotating_rounds=8192
RESULT table_count_at_floor=25
RESULT oracle1_pass=1
RESULT config_conflicts_delta=0
RESULT tier1_hits=0
RESULT tier1_misses=196608
RESULT tier1_total=196608
RESULT expected_total=196608
RESULT oracle2_pass=1
RESULT tier1_hit_rate_pct=0
RESULT churn_elapsed_ns=5837200
RESULT ns_per_op=29.689534505208332
OK k=24 rounds=8192 table_count=25 oracle1=PASS cfg_conflicts_delta=0 tier1_hits=0 tier1_misses=196608 hit_rate=0.00% oracle2=PASS ns_per_op=29.7
.RESULT k=24
RESULT rotating_rounds=8192
RESULT table_count_at_floor=25
RESULT oracle1_pass=1
RESULT config_conflicts_delta=0
RESULT tier1_hits=0
RESULT tier1_misses=196608
RESULT tier1_total=196608
RESULT expected_total=196608
RESULT oracle2_pass=1
RESULT tier1_hit_rate_pct=0
RESULT churn_elapsed_ns=5658200
RESULT ns_per_op=28.779093424479168
OK k=24 rounds=8192 table_count=25 oracle1=PASS cfg_conflicts_delta=0 tier1_hits=0 tier1_misses=196608 hit_rate=0.00% oracle2=PASS ns_per_op=28.8
.RESULT k=24
RESULT rotating_rounds=8192
RESULT table_count_at_floor=25
RESULT oracle1_pass=1
RESULT config_conflicts_delta=0
RESULT tier1_hits=0
RESULT tier1_misses=196608
RESULT tier1_total=196608
RESULT expected_total=196608
RESULT oracle2_pass=1
RESULT tier1_hit_rate_pct=0
RESULT churn_elapsed_ns=5633800
RESULT ns_per_op=28.654988606770832
OK k=24 rounds=8192 table_count=25 oracle1=PASS cfg_conflicts_delta=0 tier1_hits=0 tier1_misses=196608 hit_rate=0.00% oracle2=PASS ns_per_op=28.7
.RESULT k=24
RESULT rotating_rounds=8192
RESULT table_count_at_floor=25
RESULT oracle1_pass=1
RESULT config_conflicts_delta=0
RESULT tier1_hits=0
RESULT tier1_misses=196608
RESULT tier1_total=196608
RESULT expected_total=196608
RESULT oracle2_pass=1
RESULT tier1_hit_rate_pct=0
RESULT churn_elapsed_ns=5621100
RESULT ns_per_op=28.59039306640625
OK k=24 rounds=8192 table_count=25 oracle1=PASS cfg_conflicts_delta=0 tier1_hits=0 tier1_misses=196608 hit_rate=0.00% oracle2=PASS ns_per_op=28.6
.RESULT k=24
RESULT rotating_rounds=8192
RESULT table_count_at_floor=25
RESULT oracle1_pass=1
RESULT config_conflicts_delta=0
RESULT tier1_hits=0
RESULT tier1_misses=196608
RESULT tier1_total=196608
RESULT expected_total=196608
RESULT oracle2_pass=1
RESULT tier1_hit_rate_pct=0
RESULT churn_elapsed_ns=5643800
RESULT ns_per_op=28.705851236979168
OK k=24 rounds=8192 table_count=25 oracle1=PASS cfg_conflicts_delta=0 tier1_hits=0 tier1_misses=196608 hit_rate=0.00% oracle2=PASS ns_per_op=28.7
.RESULT k=24
RESULT rotating_rounds=8192
RESULT table_count_at_floor=25
RESULT oracle1_pass=1
RESULT config_conflicts_delta=0
RESULT tier1_hits=0
RESULT tier1_misses=196608
RESULT tier1_total=196608
RESULT expected_total=196608
RESULT oracle2_pass=1
RESULT tier1_hit_rate_pct=0
RESULT churn_elapsed_ns=5613200
RESULT ns_per_op=28.550211588541668
OK k=24 rounds=8192 table_count=25 oracle1=PASS cfg_conflicts_delta=0 tier1_hits=0 tier1_misses=196608 hit_rate=0.00% oracle2=PASS ns_per_op=28.6
.RESULT k=24
RESULT rotating_rounds=8192
RESULT table_count_at_floor=25
RESULT oracle1_pass=1
RESULT config_conflicts_delta=0
RESULT tier1_hits=0
RESULT tier1_misses=196608
RESULT tier1_total=196608
RESULT expected_total=196608
RESULT oracle2_pass=1
RESULT tier1_hit_rate_pct=0
RESULT churn_elapsed_ns=5869300
RESULT ns_per_op=29.852803548177082
OK k=24 rounds=8192 table_count=25 oracle1=PASS cfg_conflicts_delta=0 tier1_hits=0 tier1_misses=196608 hit_rate=0.00% oracle2=PASS ns_per_op=29.9
.RESULT k=24
RESULT rotating_rounds=8192
RESULT table_count_at_floor=25
RESULT oracle1_pass=1
RESULT config_conflicts_delta=0
RESULT tier1_hits=0
RESULT tier1_misses=196608
RESULT tier1_total=196608
RESULT expected_total=196608
RESULT oracle2_pass=1
RESULT tier1_hit_rate_pct=0
RESULT churn_elapsed_ns=5650700
RESULT ns_per_op=28.740946451822918
OK k=24 rounds=8192 table_count=25 oracle1=PASS cfg_conflicts_delta=0 tier1_hits=0 tier1_misses=196608 hit_rate=0.00% oracle2=PASS ns_per_op=28.7
.RESULT k=24
RESULT rotating_rounds=8192
RESULT table_count_at_floor=25
RESULT oracle1_pass=1
RESULT config_conflicts_delta=0
RESULT tier1_hits=0
RESULT tier1_misses=196608
RESULT tier1_total=196608
RESULT expected_total=196608
RESULT oracle2_pass=1
RESULT tier1_hit_rate_pct=0
RESULT churn_elapsed_ns=5798400
RESULT ns_per_op=29.4921875
OK k=24 rounds=8192 table_count=25 oracle1=PASS cfg_conflicts_delta=0 tier1_hits=0 tier1_misses=196608 hit_rate=0.00% oracle2=PASS ns_per_op=29.5
.RESULT k=24
RESULT rotating_rounds=8192
RESULT table_count_at_floor=25
RESULT oracle1_pass=1
RESULT config_conflicts_delta=0
RESULT tier1_hits=0
RESULT tier1_misses=196608
RESULT tier1_total=196608
RESULT expected_total=196608
RESULT oracle2_pass=1
RESULT tier1_hit_rate_pct=0
RESULT churn_elapsed_ns=5730000
RESULT ns_per_op=29.144287109375
OK k=24 rounds=8192 table_count=25 oracle1=PASS cfg_conflicts_delta=0 tier1_hits=0 tier1_misses=196608 hit_rate=0.00% oracle2=PASS ns_per_op=29.1
.RESULT k=24
RESULT rotating_rounds=8192
RESULT table_count_at_floor=25
RESULT oracle1_pass=1
RESULT config_conflicts_delta=0
RESULT tier1_hits=0
RESULT tier1_misses=196608
RESULT tier1_total=196608
RESULT expected_total=196608
RESULT oracle2_pass=1
RESULT tier1_hit_rate_pct=0
RESULT churn_elapsed_ns=5567300
RESULT ns_per_op=28.316752115885418
OK k=24 rounds=8192 table_count=25 oracle1=PASS cfg_conflicts_delta=0 tier1_hits=0 tier1_misses=196608 hit_rate=0.00% oracle2=PASS ns_per_op=28.3
.RESULT k=24
RESULT rotating_rounds=8192
RESULT table_count_at_floor=25
RESULT oracle1_pass=1
RESULT config_conflicts_delta=0
RESULT tier1_hits=0
RESULT tier1_misses=196608
RESULT tier1_total=196608
RESULT expected_total=196608
RESULT oracle2_pass=1
RESULT tier1_hit_rate_pct=0
RESULT churn_elapsed_ns=5760700
RESULT ns_per_op=29.300435384114582
OK k=24 rounds=8192 table_count=25 oracle1=PASS cfg_conflicts_delta=0 tier1_hits=0 tier1_misses=196608 hit_rate=0.00% oracle2=PASS ns_per_op=29.3
.RESULT k=24
RESULT rotating_rounds=8192
RESULT table_count_at_floor=25
RESULT oracle1_pass=1
RESULT config_conflicts_delta=0
RESULT tier1_hits=0
RESULT tier1_misses=196608
RESULT tier1_total=196608
RESULT expected_total=196608
RESULT oracle2_pass=1
RESULT tier1_hit_rate_pct=0
RESULT churn_elapsed_ns=5799300
RESULT ns_per_op=29.49676513671875
OK k=24 rounds=8192 table_count=25 oracle1=PASS cfg_conflicts_delta=0 tier1_hits=0 tier1_misses=196608 hit_rate=0.00% oracle2=PASS ns_per_op=29.5
.RESULT k=24
RESULT rotating_rounds=8192
RESULT table_count_at_floor=25
RESULT oracle1_pass=1
RESULT config_conflicts_delta=0
RESULT tier1_hits=0
RESULT tier1_misses=196608
RESULT tier1_total=196608
RESULT expected_total=196608
RESULT oracle2_pass=1
RESULT tier1_hit_rate_pct=0
RESULT churn_elapsed_ns=5916000
RESULT ns_per_op=30.09033203125
OK k=24 rounds=8192 table_count=25 oracle1=PASS cfg_conflicts_delta=0 tier1_hits=0 tier1_misses=196608 hit_rate=0.00% oracle2=PASS ns_per_op=30.1
.RESULT k=24
RESULT rotating_rounds=8192
RESULT table_count_at_floor=25
RESULT oracle1_pass=1
RESULT config_conflicts_delta=0
RESULT tier1_hits=0
RESULT tier1_misses=196608
RESULT tier1_total=196608
RESULT expected_total=196608
RESULT oracle2_pass=1
RESULT tier1_hit_rate_pct=0
RESULT churn_elapsed_ns=5970900
RESULT ns_per_op=30.36956787109375
OK k=24 rounds=8192 table_count=25 oracle1=PASS cfg_conflicts_delta=0 tier1_hits=0 tier1_misses=196608 hit_rate=0.00% oracle2=PASS ns_per_op=30.4
.RESULT k=24
RESULT rotating_rounds=8192
RESULT table_count_at_floor=25
RESULT oracle1_pass=1
RESULT config_conflicts_delta=0
RESULT tier1_hits=0
RESULT tier1_misses=196608
RESULT tier1_total=196608
RESULT expected_total=196608
RESULT oracle2_pass=1
RESULT tier1_hit_rate_pct=0
RESULT churn_elapsed_ns=5770600
RESULT ns_per_op=29.350789388020832
OK k=24 rounds=8192 table_count=25 oracle1=PASS cfg_conflicts_delta=0 tier1_hits=0 tier1_misses=196608 hit_rate=0.00% oracle2=PASS ns_per_op=29.4
.RESULT k=24
RESULT rotating_rounds=8192
RESULT table_count_at_floor=25
RESULT oracle1_pass=1
RESULT config_conflicts_delta=0
RESULT tier1_hits=0
RESULT tier1_misses=196608
RESULT tier1_total=196608
RESULT expected_total=196608
RESULT oracle2_pass=1
RESULT tier1_hit_rate_pct=0
RESULT churn_elapsed_ns=5982300
RESULT ns_per_op=30.42755126953125
OK k=24 rounds=8192 table_count=25 oracle1=PASS cfg_conflicts_delta=0 tier1_hits=0 tier1_misses=196608 hit_rate=0.00% oracle2=PASS ns_per_op=30.4
.RESULT k=24
RESULT rotating_rounds=8192
RESULT table_count_at_floor=25
RESULT oracle1_pass=1
RESULT config_conflicts_delta=0
RESULT tier1_hits=0
RESULT tier1_misses=196608
RESULT tier1_total=196608
RESULT expected_total=196608
RESULT oracle2_pass=1
RESULT tier1_hit_rate_pct=0
RESULT churn_elapsed_ns=5742900
RESULT ns_per_op=29.20989990234375
OK k=24 rounds=8192 table_count=25 oracle1=PASS cfg_conflicts_delta=0 tier1_hits=0 tier1_misses=196608 hit_rate=0.00% oracle2=PASS ns_per_op=29.2
.RESULT k=24
RESULT rotating_rounds=8192
RESULT table_count_at_floor=25
RESULT oracle1_pass=1
RESULT config_conflicts_delta=0
RESULT tier1_hits=0
RESULT tier1_misses=196608
RESULT tier1_total=196608
RESULT expected_total=196608
RESULT oracle2_pass=1
RESULT tier1_hit_rate_pct=0
RESULT churn_elapsed_ns=5534600
RESULT ns_per_op=28.150431315104168
OK k=24 rounds=8192 table_count=25 oracle1=PASS cfg_conflicts_delta=0 tier1_hits=0 tier1_misses=196608 hit_rate=0.00% oracle2=PASS ns_per_op=28.2
.RESULT k=24
RESULT rotating_rounds=8192
RESULT table_count_at_floor=25
RESULT oracle1_pass=1
RESULT config_conflicts_delta=0
RESULT tier1_hits=0
RESULT tier1_misses=196608
RESULT tier1_total=196608
RESULT expected_total=196608
RESULT oracle2_pass=1
RESULT tier1_hit_rate_pct=0
RESULT churn_elapsed_ns=5634900
RESULT ns_per_op=28.66058349609375
OK k=24 rounds=8192 table_count=25 oracle1=PASS cfg_conflicts_delta=0 tier1_hits=0 tier1_misses=196608 hit_rate=0.00% oracle2=PASS ns_per_op=28.7
.RESULT k=24
RESULT rotating_rounds=8192
RESULT table_count_at_floor=25
RESULT oracle1_pass=1
RESULT config_conflicts_delta=0
RESULT tier1_hits=0
RESULT tier1_misses=196608
RESULT tier1_total=196608
RESULT expected_total=196608
RESULT oracle2_pass=1
RESULT tier1_hit_rate_pct=0
RESULT churn_elapsed_ns=6267400
RESULT ns_per_op=31.877644856770832
OK k=24 rounds=8192 table_count=25 oracle1=PASS cfg_conflicts_delta=0 tier1_hits=0 tier1_misses=196608 hit_rate=0.00% oracle2=PASS ns_per_op=31.9
.RESULT k=24
RESULT rotating_rounds=8192
RESULT table_count_at_floor=25
RESULT oracle1_pass=1
RESULT config_conflicts_delta=0
RESULT tier1_hits=0
RESULT tier1_misses=196608
RESULT tier1_total=196608
RESULT expected_total=196608
RESULT oracle2_pass=1
RESULT tier1_hit_rate_pct=0
RESULT churn_elapsed_ns=5455400
RESULT ns_per_op=27.747599283854168
OK k=24 rounds=8192 table_count=25 oracle1=PASS cfg_conflicts_delta=0 tier1_hits=0 tier1_misses=196608 hit_rate=0.00% oracle2=PASS ns_per_op=27.7
.RESULT k=24
RESULT rotating_rounds=8192
RESULT table_count_at_floor=25
RESULT oracle1_pass=1
RESULT config_conflicts_delta=0
RESULT tier1_hits=0
RESULT tier1_misses=196608
RESULT tier1_total=196608
RESULT expected_total=196608
RESULT oracle2_pass=1
RESULT tier1_hit_rate_pct=0
RESULT churn_elapsed_ns=5671000
RESULT ns_per_op=28.844197591145832
OK k=24 rounds=8192 table_count=25 oracle1=PASS cfg_conflicts_delta=0 tier1_hits=0 tier1_misses=196608 hit_rate=0.00% oracle2=PASS ns_per_op=28.8
.RESULT k=24
RESULT rotating_rounds=8192
RESULT table_count_at_floor=25
RESULT oracle1_pass=1
RESULT config_conflicts_delta=0
RESULT tier1_hits=0
RESULT tier1_misses=196608
RESULT tier1_total=196608
RESULT expected_total=196608
RESULT oracle2_pass=1
RESULT tier1_hit_rate_pct=0
RESULT churn_elapsed_ns=5667100
RESULT ns_per_op=28.824361165364582
OK k=24 rounds=8192 table_count=25 oracle1=PASS cfg_conflicts_delta=0 tier1_hits=0 tier1_misses=196608 hit_rate=0.00% oracle2=PASS ns_per_op=28.8
.RESULT k=24
RESULT rotating_rounds=8192
RESULT table_count_at_floor=25
RESULT oracle1_pass=1
RESULT config_conflicts_delta=0
RESULT tier1_hits=0
RESULT tier1_misses=196608
RESULT tier1_total=196608
RESULT expected_total=196608
RESULT oracle2_pass=1
RESULT tier1_hit_rate_pct=0
RESULT churn_elapsed_ns=5624700
RESULT ns_per_op=28.60870361328125
OK k=24 rounds=8192 table_count=25 oracle1=PASS cfg_conflicts_delta=0 tier1_hits=0 tier1_misses=196608 hit_rate=0.00% oracle2=PASS ns_per_op=28.6
.RESULT k=24
RESULT rotating_rounds=8192
RESULT table_count_at_floor=25
RESULT oracle1_pass=1
RESULT config_conflicts_delta=0
RESULT tier1_hits=0
RESULT tier1_misses=196608
RESULT tier1_total=196608
RESULT expected_total=196608
RESULT oracle2_pass=1
RESULT tier1_hit_rate_pct=0
RESULT churn_elapsed_ns=5584500
RESULT ns_per_op=28.40423583984375
OK k=24 rounds=8192 table_count=25 oracle1=PASS cfg_conflicts_delta=0 tier1_hits=0 tier1_misses=196608 hit_rate=0.00% oracle2=PASS ns_per_op=28.4
.RESULT k=24
RESULT rotating_rounds=8192
RESULT table_count_at_floor=25
RESULT oracle1_pass=1
RESULT config_conflicts_delta=0
RESULT tier1_hits=0
RESULT tier1_misses=196608
RESULT tier1_total=196608
RESULT expected_total=196608
RESULT oracle2_pass=1
RESULT tier1_hit_rate_pct=0
RESULT churn_elapsed_ns=6197400
RESULT ns_per_op=31.5216064453125
OK k=24 rounds=8192 table_count=25 oracle1=PASS cfg_conflicts_delta=0 tier1_hits=0 tier1_misses=196608 hit_rate=0.00% oracle2=PASS ns_per_op=31.5
.RESULT k=24
RESULT rotating_rounds=8192
RESULT table_count_at_floor=25
RESULT oracle1_pass=1
RESULT config_conflicts_delta=0
RESULT tier1_hits=0
RESULT tier1_misses=196608
RESULT tier1_total=196608
RESULT expected_total=196608
RESULT oracle2_pass=1
RESULT tier1_hit_rate_pct=0
RESULT churn_elapsed_ns=5918600
RESULT ns_per_op=30.103556315104168
OK k=24 rounds=8192 table_count=25 oracle1=PASS cfg_conflicts_delta=0 tier1_hits=0 tier1_misses=196608 hit_rate=0.00% oracle2=PASS ns_per_op=30.1
.RESULT k=24
RESULT rotating_rounds=8192
RESULT table_count_at_floor=25
RESULT oracle1_pass=1
RESULT config_conflicts_delta=0
RESULT tier1_hits=0
RESULT tier1_misses=196608
RESULT tier1_total=196608
RESULT expected_total=196608
RESULT oracle2_pass=1
RESULT tier1_hit_rate_pct=0
RESULT churn_elapsed_ns=5851800
RESULT ns_per_op=29.7637939453125
OK k=24 rounds=8192 table_count=25 oracle1=PASS cfg_conflicts_delta=0 tier1_hits=0 tier1_misses=196608 hit_rate=0.00% oracle2=PASS ns_per_op=29.8
.RESULT k=24
RESULT rotating_rounds=8192
RESULT table_count_at_floor=25
RESULT oracle1_pass=1
RESULT config_conflicts_delta=0
RESULT tier1_hits=0
RESULT tier1_misses=196608
RESULT tier1_total=196608
RESULT expected_total=196608
RESULT oracle2_pass=1
RESULT tier1_hit_rate_pct=0
RESULT churn_elapsed_ns=5442500
RESULT ns_per_op=27.681986490885418
OK k=24 rounds=8192 table_count=25 oracle1=PASS cfg_conflicts_delta=0 tier1_hits=0 tier1_misses=196608 hit_rate=0.00% oracle2=PASS ns_per_op=27.7
.RESULT k=24
RESULT rotating_rounds=8192
RESULT table_count_at_floor=25
RESULT oracle1_pass=1
RESULT config_conflicts_delta=0
RESULT tier1_hits=0
RESULT tier1_misses=196608
RESULT tier1_total=196608
RESULT expected_total=196608
RESULT oracle2_pass=1
RESULT tier1_hit_rate_pct=0
RESULT churn_elapsed_ns=5566400
RESULT ns_per_op=28.312174479166668
OK k=24 rounds=8192 table_count=25 oracle1=PASS cfg_conflicts_delta=0 tier1_hits=0 tier1_misses=196608 hit_rate=0.00% oracle2=PASS ns_per_op=28.3
.RESULT k=24
RESULT rotating_rounds=8192
RESULT table_count_at_floor=25
RESULT oracle1_pass=1
RESULT config_conflicts_delta=0
RESULT tier1_hits=0
RESULT tier1_misses=196608
RESULT tier1_total=196608
RESULT expected_total=196608
RESULT oracle2_pass=1
RESULT tier1_hit_rate_pct=0
RESULT churn_elapsed_ns=6223900
RESULT ns_per_op=31.656392415364582
OK k=24 rounds=8192 table_count=25 oracle1=PASS cfg_conflicts_delta=0 tier1_hits=0 tier1_misses=196608 hit_rate=0.00% oracle2=PASS ns_per_op=31.7
.RESULT k=24
RESULT rotating_rounds=8192
RESULT table_count_at_floor=25
RESULT oracle1_pass=1
RESULT config_conflicts_delta=0
RESULT tier1_hits=0
RESULT tier1_misses=196608
RESULT tier1_total=196608
RESULT expected_total=196608
RESULT oracle2_pass=1
RESULT tier1_hit_rate_pct=0
RESULT churn_elapsed_ns=5985900
RESULT ns_per_op=30.44586181640625
OK k=24 rounds=8192 table_count=25 oracle1=PASS cfg_conflicts_delta=0 tier1_hits=0 tier1_misses=196608 hit_rate=0.00% oracle2=PASS ns_per_op=30.4
.RESULT k=24
RESULT rotating_rounds=8192
RESULT table_count_at_floor=25
RESULT oracle1_pass=1
RESULT config_conflicts_delta=0
RESULT tier1_hits=0
RESULT tier1_misses=196608
RESULT tier1_total=196608
RESULT expected_total=196608
RESULT oracle2_pass=1
RESULT tier1_hit_rate_pct=0
RESULT churn_elapsed_ns=5559800
RESULT ns_per_op=28.278605143229168
OK k=24 rounds=8192 table_count=25 oracle1=PASS cfg_conflicts_delta=0 tier1_hits=0 tier1_misses=196608 hit_rate=0.00% oracle2=PASS ns_per_op=28.3
.RESULT k=24
RESULT rotating_rounds=8192
RESULT table_count_at_floor=25
RESULT oracle1_pass=1
RESULT config_conflicts_delta=0
RESULT tier1_hits=0
RESULT tier1_misses=196608
RESULT tier1_total=196608
RESULT expected_total=196608
RESULT oracle2_pass=1
RESULT tier1_hit_rate_pct=0
RESULT churn_elapsed_ns=5484300
RESULT ns_per_op=27.89459228515625
OK k=24 rounds=8192 table_count=25 oracle1=PASS cfg_conflicts_delta=0 tier1_hits=0 tier1_misses=196608 hit_rate=0.00% oracle2=PASS ns_per_op=27.9
.RESULT k=24
RESULT rotating_rounds=8192
RESULT table_count_at_floor=25
RESULT oracle1_pass=1
RESULT config_conflicts_delta=0
RESULT tier1_hits=0
RESULT tier1_misses=196608
RESULT tier1_total=196608
RESULT expected_total=196608
RESULT oracle2_pass=1
RESULT tier1_hit_rate_pct=0
RESULT churn_elapsed_ns=5998700
RESULT ns_per_op=30.510965983072918
OK k=24 rounds=8192 table_count=25 oracle1=PASS cfg_conflicts_delta=0 tier1_hits=0 tier1_misses=196608 hit_rate=0.00% oracle2=PASS ns_per_op=30.5
.RESULT k=24
RESULT rotating_rounds=8192
RESULT table_count_at_floor=25
RESULT oracle1_pass=1
RESULT config_conflicts_delta=0
RESULT tier1_hits=0
RESULT tier1_misses=196608
RESULT tier1_total=196608
RESULT expected_total=196608
RESULT oracle2_pass=1
RESULT tier1_hit_rate_pct=0
RESULT churn_elapsed_ns=5610700
RESULT ns_per_op=28.537495930989582
OK k=24 rounds=8192 table_count=25 oracle1=PASS cfg_conflicts_delta=0 tier1_hits=0 tier1_misses=196608 hit_rate=0.00% oracle2=PASS ns_per_op=28.5
.RESULT k=24
RESULT rotating_rounds=8192
RESULT table_count_at_floor=25
RESULT oracle1_pass=1
RESULT config_conflicts_delta=0
RESULT tier1_hits=0
RESULT tier1_misses=196608
RESULT tier1_total=196608
RESULT expected_total=196608
RESULT oracle2_pass=1
RESULT tier1_hit_rate_pct=0
RESULT churn_elapsed_ns=6277100
RESULT ns_per_op=31.926981608072918
OK k=24 rounds=8192 table_count=25 oracle1=PASS cfg_conflicts_delta=0 tier1_hits=0 tier1_misses=196608 hit_rate=0.00% oracle2=PASS ns_per_op=31.9
.RESULT k=24
RESULT rotating_rounds=8192
RESULT table_count_at_floor=25
RESULT oracle1_pass=1
RESULT config_conflicts_delta=0
RESULT tier1_hits=0
RESULT tier1_misses=196608
RESULT tier1_total=196608
RESULT expected_total=196608
RESULT oracle2_pass=1
RESULT tier1_hit_rate_pct=0
RESULT churn_elapsed_ns=5905800
RESULT ns_per_op=30.0384521484375
OK k=24 rounds=8192 table_count=25 oracle1=PASS cfg_conflicts_delta=0 tier1_hits=0 tier1_misses=196608 hit_rate=0.00% oracle2=PASS ns_per_op=30.0
.RESULT k=24
RESULT rotating_rounds=8192
RESULT table_count_at_floor=25
RESULT oracle1_pass=1
RESULT config_conflicts_delta=0
RESULT tier1_hits=0
RESULT tier1_misses=196608
RESULT tier1_total=196608
RESULT expected_total=196608
RESULT oracle2_pass=1
RESULT tier1_hit_rate_pct=0
RESULT churn_elapsed_ns=5671700
RESULT ns_per_op=28.847757975260418
OK k=24 rounds=8192 table_count=25 oracle1=PASS cfg_conflicts_delta=0 tier1_hits=0 tier1_misses=196608 hit_rate=0.00% oracle2=PASS ns_per_op=28.8
.RESULT k=24
RESULT rotating_rounds=8192
RESULT table_count_at_floor=25
RESULT oracle1_pass=1
RESULT config_conflicts_delta=0
RESULT tier1_hits=0
RESULT tier1_misses=196608
RESULT tier1_total=196608
RESULT expected_total=196608
RESULT oracle2_pass=1
RESULT tier1_hit_rate_pct=0
RESULT churn_elapsed_ns=5727400
RESULT ns_per_op=29.131062825520832
OK k=24 rounds=8192 table_count=25 oracle1=PASS cfg_conflicts_delta=0 tier1_hits=0 tier1_misses=196608 hit_rate=0.00% oracle2=PASS ns_per_op=29.1
.RESULT k=24
RESULT rotating_rounds=8192
RESULT table_count_at_floor=25
RESULT oracle1_pass=1
RESULT config_conflicts_delta=0
RESULT tier1_hits=0
RESULT tier1_misses=196608
RESULT tier1_total=196608
RESULT expected_total=196608
RESULT oracle2_pass=1
RESULT tier1_hit_rate_pct=0
RESULT churn_elapsed_ns=5951000
RESULT ns_per_op=30.268351236979168
OK k=24 rounds=8192 table_count=25 oracle1=PASS cfg_conflicts_delta=0 tier1_hits=0 tier1_misses=196608 hit_rate=0.00% oracle2=PASS ns_per_op=30.3
.

  === before vs after (A - B, ns) ===
  n=20  mean Δ=-196.385 us  sd=2.722 ms  se=608.654 us  t=-0.323  df=19  crit(p<0.05)=2.101  => NOT statistically distinguishable from noise (fails to reject null)
  sign test: before-faster=12/20  after-faster=8/20  ties=0

[paired-ab] provenance written to D:\dev\rust\sefer-alloc/docs/perf/paired_ab_runs/2026-08-03T15-30-43-706Z.json

[paired-ab] Reading this output: `t` past `crit` (or sign test heavily lopsided, e.g. 17+/20) means a REAL,
  non-noise wall-clock difference on THIS host for THIS workload — mirroring
  docs/perf/R5_R2_CHURN_REGRESSION_PAIRED_AB.md's verdict criteria. A same-vs-same control run
  (--arms sefer,sefer) should show t well under `crit` and a roughly even sign-test split --
  if it does not, that indicates a harness bug (non-reproducible workload, background load
  bleeding into the timed region), not a real self-difference.
