[paired-ab] --config has no "build" step; assuming arm commands are already built.

[paired-ab] before vs before — 20 pairs, A/B/B/A protocol
RESULT k=8
RESULT rotating_rounds=8192
RESULT table_count_at_floor=9
RESULT oracle1_pass=1
RESULT config_conflicts_delta=0
RESULT tier1_hits=0
RESULT tier1_misses=65536
RESULT tier1_total=65536
RESULT expected_total=65536
RESULT oracle2_pass=1
RESULT tier1_hit_rate_pct=0
RESULT churn_elapsed_ns=1778100
RESULT ns_per_op=27.13165283203125
OK k=8 rounds=8192 table_count=9 oracle1=PASS cfg_conflicts_delta=0 tier1_hits=0 tier1_misses=65536 hit_rate=0.00% oracle2=PASS ns_per_op=27.1
.RESULT k=8
RESULT rotating_rounds=8192
RESULT table_count_at_floor=9
RESULT oracle1_pass=1
RESULT config_conflicts_delta=0
RESULT tier1_hits=0
RESULT tier1_misses=65536
RESULT tier1_total=65536
RESULT expected_total=65536
RESULT oracle2_pass=1
RESULT tier1_hit_rate_pct=0
RESULT churn_elapsed_ns=1870000
RESULT ns_per_op=28.533935546875
OK k=8 rounds=8192 table_count=9 oracle1=PASS cfg_conflicts_delta=0 tier1_hits=0 tier1_misses=65536 hit_rate=0.00% oracle2=PASS ns_per_op=28.5
.RESULT k=8
RESULT rotating_rounds=8192
RESULT table_count_at_floor=9
RESULT oracle1_pass=1
RESULT config_conflicts_delta=0
RESULT tier1_hits=0
RESULT tier1_misses=65536
RESULT tier1_total=65536
RESULT expected_total=65536
RESULT oracle2_pass=1
RESULT tier1_hit_rate_pct=0
RESULT churn_elapsed_ns=1685600
RESULT ns_per_op=25.72021484375
OK k=8 rounds=8192 table_count=9 oracle1=PASS cfg_conflicts_delta=0 tier1_hits=0 tier1_misses=65536 hit_rate=0.00% oracle2=PASS ns_per_op=25.7
.RESULT k=8
RESULT rotating_rounds=8192
RESULT table_count_at_floor=9
RESULT oracle1_pass=1
RESULT config_conflicts_delta=0
RESULT tier1_hits=0
RESULT tier1_misses=65536
RESULT tier1_total=65536
RESULT expected_total=65536
RESULT oracle2_pass=1
RESULT tier1_hit_rate_pct=0
RESULT churn_elapsed_ns=1695700
RESULT ns_per_op=25.87432861328125
OK k=8 rounds=8192 table_count=9 oracle1=PASS cfg_conflicts_delta=0 tier1_hits=0 tier1_misses=65536 hit_rate=0.00% oracle2=PASS ns_per_op=25.9
.RESULT k=8
RESULT rotating_rounds=8192
RESULT table_count_at_floor=9
RESULT oracle1_pass=1
RESULT config_conflicts_delta=0
RESULT tier1_hits=0
RESULT tier1_misses=65536
RESULT tier1_total=65536
RESULT expected_total=65536
RESULT oracle2_pass=1
RESULT tier1_hit_rate_pct=0
RESULT churn_elapsed_ns=2199600
RESULT ns_per_op=33.563232421875
OK k=8 rounds=8192 table_count=9 oracle1=PASS cfg_conflicts_delta=0 tier1_hits=0 tier1_misses=65536 hit_rate=0.00% oracle2=PASS ns_per_op=33.6
.RESULT k=8
RESULT rotating_rounds=8192
RESULT table_count_at_floor=9
RESULT oracle1_pass=1
RESULT config_conflicts_delta=0
RESULT tier1_hits=0
RESULT tier1_misses=65536
RESULT tier1_total=65536
RESULT expected_total=65536
RESULT oracle2_pass=1
RESULT tier1_hit_rate_pct=0
RESULT churn_elapsed_ns=1912000
RESULT ns_per_op=29.1748046875
OK k=8 rounds=8192 table_count=9 oracle1=PASS cfg_conflicts_delta=0 tier1_hits=0 tier1_misses=65536 hit_rate=0.00% oracle2=PASS ns_per_op=29.2
.RESULT k=8
RESULT rotating_rounds=8192
RESULT table_count_at_floor=9
RESULT oracle1_pass=1
RESULT config_conflicts_delta=0
RESULT tier1_hits=0
RESULT tier1_misses=65536
RESULT tier1_total=65536
RESULT expected_total=65536
RESULT oracle2_pass=1
RESULT tier1_hit_rate_pct=0
RESULT churn_elapsed_ns=2764500
RESULT ns_per_op=42.18292236328125
OK k=8 rounds=8192 table_count=9 oracle1=PASS cfg_conflicts_delta=0 tier1_hits=0 tier1_misses=65536 hit_rate=0.00% oracle2=PASS ns_per_op=42.2
.RESULT k=8
RESULT rotating_rounds=8192
RESULT table_count_at_floor=9
RESULT oracle1_pass=1
RESULT config_conflicts_delta=0
RESULT tier1_hits=0
RESULT tier1_misses=65536
RESULT tier1_total=65536
RESULT expected_total=65536
RESULT oracle2_pass=1
RESULT tier1_hit_rate_pct=0
RESULT churn_elapsed_ns=2423000
RESULT ns_per_op=36.9720458984375
OK k=8 rounds=8192 table_count=9 oracle1=PASS cfg_conflicts_delta=0 tier1_hits=0 tier1_misses=65536 hit_rate=0.00% oracle2=PASS ns_per_op=37.0
.RESULT k=8
RESULT rotating_rounds=8192
RESULT table_count_at_floor=9
RESULT oracle1_pass=1
RESULT config_conflicts_delta=0
RESULT tier1_hits=0
RESULT tier1_misses=65536
RESULT tier1_total=65536
RESULT expected_total=65536
RESULT oracle2_pass=1
RESULT tier1_hit_rate_pct=0
RESULT churn_elapsed_ns=1849700
RESULT ns_per_op=28.22418212890625
OK k=8 rounds=8192 table_count=9 oracle1=PASS cfg_conflicts_delta=0 tier1_hits=0 tier1_misses=65536 hit_rate=0.00% oracle2=PASS ns_per_op=28.2
.RESULT k=8
RESULT rotating_rounds=8192
RESULT table_count_at_floor=9
RESULT oracle1_pass=1
RESULT config_conflicts_delta=0
RESULT tier1_hits=0
RESULT tier1_misses=65536
RESULT tier1_total=65536
RESULT expected_total=65536
RESULT oracle2_pass=1
RESULT tier1_hit_rate_pct=0
RESULT churn_elapsed_ns=1757700
RESULT ns_per_op=26.82037353515625
OK k=8 rounds=8192 table_count=9 oracle1=PASS cfg_conflicts_delta=0 tier1_hits=0 tier1_misses=65536 hit_rate=0.00% oracle2=PASS ns_per_op=26.8
.RESULT k=8
RESULT rotating_rounds=8192
RESULT table_count_at_floor=9
RESULT oracle1_pass=1
RESULT config_conflicts_delta=0
RESULT tier1_hits=0
RESULT tier1_misses=65536
RESULT tier1_total=65536
RESULT expected_total=65536
RESULT oracle2_pass=1
RESULT tier1_hit_rate_pct=0
RESULT churn_elapsed_ns=1974800
RESULT ns_per_op=30.133056640625
OK k=8 rounds=8192 table_count=9 oracle1=PASS cfg_conflicts_delta=0 tier1_hits=0 tier1_misses=65536 hit_rate=0.00% oracle2=PASS ns_per_op=30.1
.RESULT k=8
RESULT rotating_rounds=8192
RESULT table_count_at_floor=9
RESULT oracle1_pass=1
RESULT config_conflicts_delta=0
RESULT tier1_hits=0
RESULT tier1_misses=65536
RESULT tier1_total=65536
RESULT expected_total=65536
RESULT oracle2_pass=1
RESULT tier1_hit_rate_pct=0
RESULT churn_elapsed_ns=1759900
RESULT ns_per_op=26.85394287109375
OK k=8 rounds=8192 table_count=9 oracle1=PASS cfg_conflicts_delta=0 tier1_hits=0 tier1_misses=65536 hit_rate=0.00% oracle2=PASS ns_per_op=26.9
.RESULT k=8
RESULT rotating_rounds=8192
RESULT table_count_at_floor=9
RESULT oracle1_pass=1
RESULT config_conflicts_delta=0
RESULT tier1_hits=0
RESULT tier1_misses=65536
RESULT tier1_total=65536
RESULT expected_total=65536
RESULT oracle2_pass=1
RESULT tier1_hit_rate_pct=0
RESULT churn_elapsed_ns=1804800
RESULT ns_per_op=27.5390625
OK k=8 rounds=8192 table_count=9 oracle1=PASS cfg_conflicts_delta=0 tier1_hits=0 tier1_misses=65536 hit_rate=0.00% oracle2=PASS ns_per_op=27.5
.RESULT k=8
RESULT rotating_rounds=8192
RESULT table_count_at_floor=9
RESULT oracle1_pass=1
RESULT config_conflicts_delta=0
RESULT tier1_hits=0
RESULT tier1_misses=65536
RESULT tier1_total=65536
RESULT expected_total=65536
RESULT oracle2_pass=1
RESULT tier1_hit_rate_pct=0
RESULT churn_elapsed_ns=1675000
RESULT ns_per_op=25.5584716796875
OK k=8 rounds=8192 table_count=9 oracle1=PASS cfg_conflicts_delta=0 tier1_hits=0 tier1_misses=65536 hit_rate=0.00% oracle2=PASS ns_per_op=25.6
.RESULT k=8
RESULT rotating_rounds=8192
RESULT table_count_at_floor=9
RESULT oracle1_pass=1
RESULT config_conflicts_delta=0
RESULT tier1_hits=0
RESULT tier1_misses=65536
RESULT tier1_total=65536
RESULT expected_total=65536
RESULT oracle2_pass=1
RESULT tier1_hit_rate_pct=0
RESULT churn_elapsed_ns=1735100
RESULT ns_per_op=26.47552490234375
OK k=8 rounds=8192 table_count=9 oracle1=PASS cfg_conflicts_delta=0 tier1_hits=0 tier1_misses=65536 hit_rate=0.00% oracle2=PASS ns_per_op=26.5
.RESULT k=8
RESULT rotating_rounds=8192
RESULT table_count_at_floor=9
RESULT oracle1_pass=1
RESULT config_conflicts_delta=0
RESULT tier1_hits=0
RESULT tier1_misses=65536
RESULT tier1_total=65536
RESULT expected_total=65536
RESULT oracle2_pass=1
RESULT tier1_hit_rate_pct=0
RESULT churn_elapsed_ns=2168400
RESULT ns_per_op=33.087158203125
OK k=8 rounds=8192 table_count=9 oracle1=PASS cfg_conflicts_delta=0 tier1_hits=0 tier1_misses=65536 hit_rate=0.00% oracle2=PASS ns_per_op=33.1
.RESULT k=8
RESULT rotating_rounds=8192
RESULT table_count_at_floor=9
RESULT oracle1_pass=1
RESULT config_conflicts_delta=0
RESULT tier1_hits=0
RESULT tier1_misses=65536
RESULT tier1_total=65536
RESULT expected_total=65536
RESULT oracle2_pass=1
RESULT tier1_hit_rate_pct=0
RESULT churn_elapsed_ns=1904900
RESULT ns_per_op=29.06646728515625
OK k=8 rounds=8192 table_count=9 oracle1=PASS cfg_conflicts_delta=0 tier1_hits=0 tier1_misses=65536 hit_rate=0.00% oracle2=PASS ns_per_op=29.1
.RESULT k=8
RESULT rotating_rounds=8192
RESULT table_count_at_floor=9
RESULT oracle1_pass=1
RESULT config_conflicts_delta=0
RESULT tier1_hits=0
RESULT tier1_misses=65536
RESULT tier1_total=65536
RESULT expected_total=65536
RESULT oracle2_pass=1
RESULT tier1_hit_rate_pct=0
RESULT churn_elapsed_ns=1790800
RESULT ns_per_op=27.325439453125
OK k=8 rounds=8192 table_count=9 oracle1=PASS cfg_conflicts_delta=0 tier1_hits=0 tier1_misses=65536 hit_rate=0.00% oracle2=PASS ns_per_op=27.3
.RESULT k=8
RESULT rotating_rounds=8192
RESULT table_count_at_floor=9
RESULT oracle1_pass=1
RESULT config_conflicts_delta=0
RESULT tier1_hits=0
RESULT tier1_misses=65536
RESULT tier1_total=65536
RESULT expected_total=65536
RESULT oracle2_pass=1
RESULT tier1_hit_rate_pct=0
RESULT churn_elapsed_ns=2569100
RESULT ns_per_op=39.20135498046875
OK k=8 rounds=8192 table_count=9 oracle1=PASS cfg_conflicts_delta=0 tier1_hits=0 tier1_misses=65536 hit_rate=0.00% oracle2=PASS ns_per_op=39.2
.RESULT k=8
RESULT rotating_rounds=8192
RESULT table_count_at_floor=9
RESULT oracle1_pass=1
RESULT config_conflicts_delta=0
RESULT tier1_hits=0
RESULT tier1_misses=65536
RESULT tier1_total=65536
RESULT expected_total=65536
RESULT oracle2_pass=1
RESULT tier1_hit_rate_pct=0
RESULT churn_elapsed_ns=1823500
RESULT ns_per_op=27.82440185546875
OK k=8 rounds=8192 table_count=9 oracle1=PASS cfg_conflicts_delta=0 tier1_hits=0 tier1_misses=65536 hit_rate=0.00% oracle2=PASS ns_per_op=27.8
.RESULT k=8
RESULT rotating_rounds=8192
RESULT table_count_at_floor=9
RESULT oracle1_pass=1
RESULT config_conflicts_delta=0
RESULT tier1_hits=0
RESULT tier1_misses=65536
RESULT tier1_total=65536
RESULT expected_total=65536
RESULT oracle2_pass=1
RESULT tier1_hit_rate_pct=0
RESULT churn_elapsed_ns=1775100
RESULT ns_per_op=27.08587646484375
OK k=8 rounds=8192 table_count=9 oracle1=PASS cfg_conflicts_delta=0 tier1_hits=0 tier1_misses=65536 hit_rate=0.00% oracle2=PASS ns_per_op=27.1
.RESULT k=8
RESULT rotating_rounds=8192
RESULT table_count_at_floor=9
RESULT oracle1_pass=1
RESULT config_conflicts_delta=0
RESULT tier1_hits=0
RESULT tier1_misses=65536
RESULT tier1_total=65536
RESULT expected_total=65536
RESULT oracle2_pass=1
RESULT tier1_hit_rate_pct=0
RESULT churn_elapsed_ns=3035300
RESULT ns_per_op=46.31500244140625
OK k=8 rounds=8192 table_count=9 oracle1=PASS cfg_conflicts_delta=0 tier1_hits=0 tier1_misses=65536 hit_rate=0.00% oracle2=PASS ns_per_op=46.3
.RESULT k=8
RESULT rotating_rounds=8192
RESULT table_count_at_floor=9
RESULT oracle1_pass=1
RESULT config_conflicts_delta=0
RESULT tier1_hits=0
RESULT tier1_misses=65536
RESULT tier1_total=65536
RESULT expected_total=65536
RESULT oracle2_pass=1
RESULT tier1_hit_rate_pct=0
RESULT churn_elapsed_ns=1679100
RESULT ns_per_op=25.62103271484375
OK k=8 rounds=8192 table_count=9 oracle1=PASS cfg_conflicts_delta=0 tier1_hits=0 tier1_misses=65536 hit_rate=0.00% oracle2=PASS ns_per_op=25.6
.RESULT k=8
RESULT rotating_rounds=8192
RESULT table_count_at_floor=9
RESULT oracle1_pass=1
RESULT config_conflicts_delta=0
RESULT tier1_hits=0
RESULT tier1_misses=65536
RESULT tier1_total=65536
RESULT expected_total=65536
RESULT oracle2_pass=1
RESULT tier1_hit_rate_pct=0
RESULT churn_elapsed_ns=2521900
RESULT ns_per_op=38.48114013671875
OK k=8 rounds=8192 table_count=9 oracle1=PASS cfg_conflicts_delta=0 tier1_hits=0 tier1_misses=65536 hit_rate=0.00% oracle2=PASS ns_per_op=38.5
.RESULT k=8
RESULT rotating_rounds=8192
RESULT table_count_at_floor=9
RESULT oracle1_pass=1
RESULT config_conflicts_delta=0
RESULT tier1_hits=0
RESULT tier1_misses=65536
RESULT tier1_total=65536
RESULT expected_total=65536
RESULT oracle2_pass=1
RESULT tier1_hit_rate_pct=0
RESULT churn_elapsed_ns=2069400
RESULT ns_per_op=31.5765380859375
OK k=8 rounds=8192 table_count=9 oracle1=PASS cfg_conflicts_delta=0 tier1_hits=0 tier1_misses=65536 hit_rate=0.00% oracle2=PASS ns_per_op=31.6
.RESULT k=8
RESULT rotating_rounds=8192
RESULT table_count_at_floor=9
RESULT oracle1_pass=1
RESULT config_conflicts_delta=0
RESULT tier1_hits=0
RESULT tier1_misses=65536
RESULT tier1_total=65536
RESULT expected_total=65536
RESULT oracle2_pass=1
RESULT tier1_hit_rate_pct=0
RESULT churn_elapsed_ns=1727800
RESULT ns_per_op=26.3641357421875
OK k=8 rounds=8192 table_count=9 oracle1=PASS cfg_conflicts_delta=0 tier1_hits=0 tier1_misses=65536 hit_rate=0.00% oracle2=PASS ns_per_op=26.4
.RESULT k=8
RESULT rotating_rounds=8192
RESULT table_count_at_floor=9
RESULT oracle1_pass=1
RESULT config_conflicts_delta=0
RESULT tier1_hits=0
RESULT tier1_misses=65536
RESULT tier1_total=65536
RESULT expected_total=65536
RESULT oracle2_pass=1
RESULT tier1_hit_rate_pct=0
RESULT churn_elapsed_ns=2401700
RESULT ns_per_op=36.64703369140625
OK k=8 rounds=8192 table_count=9 oracle1=PASS cfg_conflicts_delta=0 tier1_hits=0 tier1_misses=65536 hit_rate=0.00% oracle2=PASS ns_per_op=36.6
.RESULT k=8
RESULT rotating_rounds=8192
RESULT table_count_at_floor=9
RESULT oracle1_pass=1
RESULT config_conflicts_delta=0
RESULT tier1_hits=0
RESULT tier1_misses=65536
RESULT tier1_total=65536
RESULT expected_total=65536
RESULT oracle2_pass=1
RESULT tier1_hit_rate_pct=0
RESULT churn_elapsed_ns=1626100
RESULT ns_per_op=24.81231689453125
OK k=8 rounds=8192 table_count=9 oracle1=PASS cfg_conflicts_delta=0 tier1_hits=0 tier1_misses=65536 hit_rate=0.00% oracle2=PASS ns_per_op=24.8
.RESULT k=8
RESULT rotating_rounds=8192
RESULT table_count_at_floor=9
RESULT oracle1_pass=1
RESULT config_conflicts_delta=0
RESULT tier1_hits=0
RESULT tier1_misses=65536
RESULT tier1_total=65536
RESULT expected_total=65536
RESULT oracle2_pass=1
RESULT tier1_hit_rate_pct=0
RESULT churn_elapsed_ns=4357600
RESULT ns_per_op=66.49169921875
OK k=8 rounds=8192 table_count=9 oracle1=PASS cfg_conflicts_delta=0 tier1_hits=0 tier1_misses=65536 hit_rate=0.00% oracle2=PASS ns_per_op=66.5
.RESULT k=8
RESULT rotating_rounds=8192
RESULT table_count_at_floor=9
RESULT oracle1_pass=1
RESULT config_conflicts_delta=0
RESULT tier1_hits=0
RESULT tier1_misses=65536
RESULT tier1_total=65536
RESULT expected_total=65536
RESULT oracle2_pass=1
RESULT tier1_hit_rate_pct=0
RESULT churn_elapsed_ns=1691900
RESULT ns_per_op=25.81634521484375
OK k=8 rounds=8192 table_count=9 oracle1=PASS cfg_conflicts_delta=0 tier1_hits=0 tier1_misses=65536 hit_rate=0.00% oracle2=PASS ns_per_op=25.8
.RESULT k=8
RESULT rotating_rounds=8192
RESULT table_count_at_floor=9
RESULT oracle1_pass=1
RESULT config_conflicts_delta=0
RESULT tier1_hits=0
RESULT tier1_misses=65536
RESULT tier1_total=65536
RESULT expected_total=65536
RESULT oracle2_pass=1
RESULT tier1_hit_rate_pct=0
RESULT churn_elapsed_ns=3434400
RESULT ns_per_op=52.40478515625
OK k=8 rounds=8192 table_count=9 oracle1=PASS cfg_conflicts_delta=0 tier1_hits=0 tier1_misses=65536 hit_rate=0.00% oracle2=PASS ns_per_op=52.4
.RESULT k=8
RESULT rotating_rounds=8192
RESULT table_count_at_floor=9
RESULT oracle1_pass=1
RESULT config_conflicts_delta=0
RESULT tier1_hits=0
RESULT tier1_misses=65536
RESULT tier1_total=65536
RESULT expected_total=65536
RESULT oracle2_pass=1
RESULT tier1_hit_rate_pct=0
RESULT churn_elapsed_ns=2123200
RESULT ns_per_op=32.3974609375
OK k=8 rounds=8192 table_count=9 oracle1=PASS cfg_conflicts_delta=0 tier1_hits=0 tier1_misses=65536 hit_rate=0.00% oracle2=PASS ns_per_op=32.4
.RESULT k=8
RESULT rotating_rounds=8192
RESULT table_count_at_floor=9
RESULT oracle1_pass=1
RESULT config_conflicts_delta=0
RESULT tier1_hits=0
RESULT tier1_misses=65536
RESULT tier1_total=65536
RESULT expected_total=65536
RESULT oracle2_pass=1
RESULT tier1_hit_rate_pct=0
RESULT churn_elapsed_ns=2518800
RESULT ns_per_op=38.433837890625
OK k=8 rounds=8192 table_count=9 oracle1=PASS cfg_conflicts_delta=0 tier1_hits=0 tier1_misses=65536 hit_rate=0.00% oracle2=PASS ns_per_op=38.4
.RESULT k=8
RESULT rotating_rounds=8192
RESULT table_count_at_floor=9
RESULT oracle1_pass=1
RESULT config_conflicts_delta=0
RESULT tier1_hits=0
RESULT tier1_misses=65536
RESULT tier1_total=65536
RESULT expected_total=65536
RESULT oracle2_pass=1
RESULT tier1_hit_rate_pct=0
RESULT churn_elapsed_ns=2069400
RESULT ns_per_op=31.5765380859375
OK k=8 rounds=8192 table_count=9 oracle1=PASS cfg_conflicts_delta=0 tier1_hits=0 tier1_misses=65536 hit_rate=0.00% oracle2=PASS ns_per_op=31.6
.RESULT k=8
RESULT rotating_rounds=8192
RESULT table_count_at_floor=9
RESULT oracle1_pass=1
RESULT config_conflicts_delta=0
RESULT tier1_hits=0
RESULT tier1_misses=65536
RESULT tier1_total=65536
RESULT expected_total=65536
RESULT oracle2_pass=1
RESULT tier1_hit_rate_pct=0
RESULT churn_elapsed_ns=2780500
RESULT ns_per_op=42.42706298828125
OK k=8 rounds=8192 table_count=9 oracle1=PASS cfg_conflicts_delta=0 tier1_hits=0 tier1_misses=65536 hit_rate=0.00% oracle2=PASS ns_per_op=42.4
.RESULT k=8
RESULT rotating_rounds=8192
RESULT table_count_at_floor=9
RESULT oracle1_pass=1
RESULT config_conflicts_delta=0
RESULT tier1_hits=0
RESULT tier1_misses=65536
RESULT tier1_total=65536
RESULT expected_total=65536
RESULT oracle2_pass=1
RESULT tier1_hit_rate_pct=0
RESULT churn_elapsed_ns=2101800
RESULT ns_per_op=32.0709228515625
OK k=8 rounds=8192 table_count=9 oracle1=PASS cfg_conflicts_delta=0 tier1_hits=0 tier1_misses=65536 hit_rate=0.00% oracle2=PASS ns_per_op=32.1
.RESULT k=8
RESULT rotating_rounds=8192
RESULT table_count_at_floor=9
RESULT oracle1_pass=1
RESULT config_conflicts_delta=0
RESULT tier1_hits=0
RESULT tier1_misses=65536
RESULT tier1_total=65536
RESULT expected_total=65536
RESULT oracle2_pass=1
RESULT tier1_hit_rate_pct=0
RESULT churn_elapsed_ns=2106800
RESULT ns_per_op=32.147216796875
OK k=8 rounds=8192 table_count=9 oracle1=PASS cfg_conflicts_delta=0 tier1_hits=0 tier1_misses=65536 hit_rate=0.00% oracle2=PASS ns_per_op=32.1
.RESULT k=8
RESULT rotating_rounds=8192
RESULT table_count_at_floor=9
RESULT oracle1_pass=1
RESULT config_conflicts_delta=0
RESULT tier1_hits=0
RESULT tier1_misses=65536
RESULT tier1_total=65536
RESULT expected_total=65536
RESULT oracle2_pass=1
RESULT tier1_hit_rate_pct=0
RESULT churn_elapsed_ns=1724800
RESULT ns_per_op=26.318359375
OK k=8 rounds=8192 table_count=9 oracle1=PASS cfg_conflicts_delta=0 tier1_hits=0 tier1_misses=65536 hit_rate=0.00% oracle2=PASS ns_per_op=26.3
.RESULT k=8
RESULT rotating_rounds=8192
RESULT table_count_at_floor=9
RESULT oracle1_pass=1
RESULT config_conflicts_delta=0
RESULT tier1_hits=0
RESULT tier1_misses=65536
RESULT tier1_total=65536
RESULT expected_total=65536
RESULT oracle2_pass=1
RESULT tier1_hit_rate_pct=0
RESULT churn_elapsed_ns=1713100
RESULT ns_per_op=26.13983154296875
OK k=8 rounds=8192 table_count=9 oracle1=PASS cfg_conflicts_delta=0 tier1_hits=0 tier1_misses=65536 hit_rate=0.00% oracle2=PASS ns_per_op=26.1
.RESULT k=8
RESULT rotating_rounds=8192
RESULT table_count_at_floor=9
RESULT oracle1_pass=1
RESULT config_conflicts_delta=0
RESULT tier1_hits=0
RESULT tier1_misses=65536
RESULT tier1_total=65536
RESULT expected_total=65536
RESULT oracle2_pass=1
RESULT tier1_hit_rate_pct=0
RESULT churn_elapsed_ns=2173100
RESULT ns_per_op=33.15887451171875
OK k=8 rounds=8192 table_count=9 oracle1=PASS cfg_conflicts_delta=0 tier1_hits=0 tier1_misses=65536 hit_rate=0.00% oracle2=PASS ns_per_op=33.2
.RESULT k=8
RESULT rotating_rounds=8192
RESULT table_count_at_floor=9
RESULT oracle1_pass=1
RESULT config_conflicts_delta=0
RESULT tier1_hits=0
RESULT tier1_misses=65536
RESULT tier1_total=65536
RESULT expected_total=65536
RESULT oracle2_pass=1
RESULT tier1_hit_rate_pct=0
RESULT churn_elapsed_ns=1916500
RESULT ns_per_op=29.24346923828125
OK k=8 rounds=8192 table_count=9 oracle1=PASS cfg_conflicts_delta=0 tier1_hits=0 tier1_misses=65536 hit_rate=0.00% oracle2=PASS ns_per_op=29.2
.RESULT k=8
RESULT rotating_rounds=8192
RESULT table_count_at_floor=9
RESULT oracle1_pass=1
RESULT config_conflicts_delta=0
RESULT tier1_hits=0
RESULT tier1_misses=65536
RESULT tier1_total=65536
RESULT expected_total=65536
RESULT oracle2_pass=1
RESULT tier1_hit_rate_pct=0
RESULT churn_elapsed_ns=1853900
RESULT ns_per_op=28.28826904296875
OK k=8 rounds=8192 table_count=9 oracle1=PASS cfg_conflicts_delta=0 tier1_hits=0 tier1_misses=65536 hit_rate=0.00% oracle2=PASS ns_per_op=28.3
.RESULT k=8
RESULT rotating_rounds=8192
RESULT table_count_at_floor=9
RESULT oracle1_pass=1
RESULT config_conflicts_delta=0
RESULT tier1_hits=0
RESULT tier1_misses=65536
RESULT tier1_total=65536
RESULT expected_total=65536
RESULT oracle2_pass=1
RESULT tier1_hit_rate_pct=0
RESULT churn_elapsed_ns=2332400
RESULT ns_per_op=35.589599609375
OK k=8 rounds=8192 table_count=9 oracle1=PASS cfg_conflicts_delta=0 tier1_hits=0 tier1_misses=65536 hit_rate=0.00% oracle2=PASS ns_per_op=35.6
.RESULT k=8
RESULT rotating_rounds=8192
RESULT table_count_at_floor=9
RESULT oracle1_pass=1
RESULT config_conflicts_delta=0
RESULT tier1_hits=0
RESULT tier1_misses=65536
RESULT tier1_total=65536
RESULT expected_total=65536
RESULT oracle2_pass=1
RESULT tier1_hit_rate_pct=0
RESULT churn_elapsed_ns=2131000
RESULT ns_per_op=32.5164794921875
OK k=8 rounds=8192 table_count=9 oracle1=PASS cfg_conflicts_delta=0 tier1_hits=0 tier1_misses=65536 hit_rate=0.00% oracle2=PASS ns_per_op=32.5
.RESULT k=8
RESULT rotating_rounds=8192
RESULT table_count_at_floor=9
RESULT oracle1_pass=1
RESULT config_conflicts_delta=0
RESULT tier1_hits=0
RESULT tier1_misses=65536
RESULT tier1_total=65536
RESULT expected_total=65536
RESULT oracle2_pass=1
RESULT tier1_hit_rate_pct=0
RESULT churn_elapsed_ns=1852200
RESULT ns_per_op=28.2623291015625
OK k=8 rounds=8192 table_count=9 oracle1=PASS cfg_conflicts_delta=0 tier1_hits=0 tier1_misses=65536 hit_rate=0.00% oracle2=PASS ns_per_op=28.3
.RESULT k=8
RESULT rotating_rounds=8192
RESULT table_count_at_floor=9
RESULT oracle1_pass=1
RESULT config_conflicts_delta=0
RESULT tier1_hits=0
RESULT tier1_misses=65536
RESULT tier1_total=65536
RESULT expected_total=65536
RESULT oracle2_pass=1
RESULT tier1_hit_rate_pct=0
RESULT churn_elapsed_ns=2565700
RESULT ns_per_op=39.14947509765625
OK k=8 rounds=8192 table_count=9 oracle1=PASS cfg_conflicts_delta=0 tier1_hits=0 tier1_misses=65536 hit_rate=0.00% oracle2=PASS ns_per_op=39.1
.RESULT k=8
RESULT rotating_rounds=8192
RESULT table_count_at_floor=9
RESULT oracle1_pass=1
RESULT config_conflicts_delta=0
RESULT tier1_hits=0
RESULT tier1_misses=65536
RESULT tier1_total=65536
RESULT expected_total=65536
RESULT oracle2_pass=1
RESULT tier1_hit_rate_pct=0
RESULT churn_elapsed_ns=1799900
RESULT ns_per_op=27.46429443359375
OK k=8 rounds=8192 table_count=9 oracle1=PASS cfg_conflicts_delta=0 tier1_hits=0 tier1_misses=65536 hit_rate=0.00% oracle2=PASS ns_per_op=27.5
.RESULT k=8
RESULT rotating_rounds=8192
RESULT table_count_at_floor=9
RESULT oracle1_pass=1
RESULT config_conflicts_delta=0
RESULT tier1_hits=0
RESULT tier1_misses=65536
RESULT tier1_total=65536
RESULT expected_total=65536
RESULT oracle2_pass=1
RESULT tier1_hit_rate_pct=0
RESULT churn_elapsed_ns=1870400
RESULT ns_per_op=28.5400390625
OK k=8 rounds=8192 table_count=9 oracle1=PASS cfg_conflicts_delta=0 tier1_hits=0 tier1_misses=65536 hit_rate=0.00% oracle2=PASS ns_per_op=28.5
.RESULT k=8
RESULT rotating_rounds=8192
RESULT table_count_at_floor=9
RESULT oracle1_pass=1
RESULT config_conflicts_delta=0
RESULT tier1_hits=0
RESULT tier1_misses=65536
RESULT tier1_total=65536
RESULT expected_total=65536
RESULT oracle2_pass=1
RESULT tier1_hit_rate_pct=0
RESULT churn_elapsed_ns=2812300
RESULT ns_per_op=42.91229248046875
OK k=8 rounds=8192 table_count=9 oracle1=PASS cfg_conflicts_delta=0 tier1_hits=0 tier1_misses=65536 hit_rate=0.00% oracle2=PASS ns_per_op=42.9
.RESULT k=8
RESULT rotating_rounds=8192
RESULT table_count_at_floor=9
RESULT oracle1_pass=1
RESULT config_conflicts_delta=0
RESULT tier1_hits=0
RESULT tier1_misses=65536
RESULT tier1_total=65536
RESULT expected_total=65536
RESULT oracle2_pass=1
RESULT tier1_hit_rate_pct=0
RESULT churn_elapsed_ns=2504400
RESULT ns_per_op=38.214111328125
OK k=8 rounds=8192 table_count=9 oracle1=PASS cfg_conflicts_delta=0 tier1_hits=0 tier1_misses=65536 hit_rate=0.00% oracle2=PASS ns_per_op=38.2
.RESULT k=8
RESULT rotating_rounds=8192
RESULT table_count_at_floor=9
RESULT oracle1_pass=1
RESULT config_conflicts_delta=0
RESULT tier1_hits=0
RESULT tier1_misses=65536
RESULT tier1_total=65536
RESULT expected_total=65536
RESULT oracle2_pass=1
RESULT tier1_hit_rate_pct=0
RESULT churn_elapsed_ns=1840900
RESULT ns_per_op=28.08990478515625
OK k=8 rounds=8192 table_count=9 oracle1=PASS cfg_conflicts_delta=0 tier1_hits=0 tier1_misses=65536 hit_rate=0.00% oracle2=PASS ns_per_op=28.1
.RESULT k=8
RESULT rotating_rounds=8192
RESULT table_count_at_floor=9
RESULT oracle1_pass=1
RESULT config_conflicts_delta=0
RESULT tier1_hits=0
RESULT tier1_misses=65536
RESULT tier1_total=65536
RESULT expected_total=65536
RESULT oracle2_pass=1
RESULT tier1_hit_rate_pct=0
RESULT churn_elapsed_ns=1854900
RESULT ns_per_op=28.30352783203125
OK k=8 rounds=8192 table_count=9 oracle1=PASS cfg_conflicts_delta=0 tier1_hits=0 tier1_misses=65536 hit_rate=0.00% oracle2=PASS ns_per_op=28.3
.RESULT k=8
RESULT rotating_rounds=8192
RESULT table_count_at_floor=9
RESULT oracle1_pass=1
RESULT config_conflicts_delta=0
RESULT tier1_hits=0
RESULT tier1_misses=65536
RESULT tier1_total=65536
RESULT expected_total=65536
RESULT oracle2_pass=1
RESULT tier1_hit_rate_pct=0
RESULT churn_elapsed_ns=1711300
RESULT ns_per_op=26.11236572265625
OK k=8 rounds=8192 table_count=9 oracle1=PASS cfg_conflicts_delta=0 tier1_hits=0 tier1_misses=65536 hit_rate=0.00% oracle2=PASS ns_per_op=26.1
.RESULT k=8
RESULT rotating_rounds=8192
RESULT table_count_at_floor=9
RESULT oracle1_pass=1
RESULT config_conflicts_delta=0
RESULT tier1_hits=0
RESULT tier1_misses=65536
RESULT tier1_total=65536
RESULT expected_total=65536
RESULT oracle2_pass=1
RESULT tier1_hit_rate_pct=0
RESULT churn_elapsed_ns=1557200
RESULT ns_per_op=23.760986328125
OK k=8 rounds=8192 table_count=9 oracle1=PASS cfg_conflicts_delta=0 tier1_hits=0 tier1_misses=65536 hit_rate=0.00% oracle2=PASS ns_per_op=23.8
.RESULT k=8
RESULT rotating_rounds=8192
RESULT table_count_at_floor=9
RESULT oracle1_pass=1
RESULT config_conflicts_delta=0
RESULT tier1_hits=0
RESULT tier1_misses=65536
RESULT tier1_total=65536
RESULT expected_total=65536
RESULT oracle2_pass=1
RESULT tier1_hit_rate_pct=0
RESULT churn_elapsed_ns=1604000
RESULT ns_per_op=24.47509765625
OK k=8 rounds=8192 table_count=9 oracle1=PASS cfg_conflicts_delta=0 tier1_hits=0 tier1_misses=65536 hit_rate=0.00% oracle2=PASS ns_per_op=24.5
.RESULT k=8
RESULT rotating_rounds=8192
RESULT table_count_at_floor=9
RESULT oracle1_pass=1
RESULT config_conflicts_delta=0
RESULT tier1_hits=0
RESULT tier1_misses=65536
RESULT tier1_total=65536
RESULT expected_total=65536
RESULT oracle2_pass=1
RESULT tier1_hit_rate_pct=0
RESULT churn_elapsed_ns=1678800
RESULT ns_per_op=25.616455078125
OK k=8 rounds=8192 table_count=9 oracle1=PASS cfg_conflicts_delta=0 tier1_hits=0 tier1_misses=65536 hit_rate=0.00% oracle2=PASS ns_per_op=25.6
.RESULT k=8
RESULT rotating_rounds=8192
RESULT table_count_at_floor=9
RESULT oracle1_pass=1
RESULT config_conflicts_delta=0
RESULT tier1_hits=0
RESULT tier1_misses=65536
RESULT tier1_total=65536
RESULT expected_total=65536
RESULT oracle2_pass=1
RESULT tier1_hit_rate_pct=0
RESULT churn_elapsed_ns=1943600
RESULT ns_per_op=29.656982421875
OK k=8 rounds=8192 table_count=9 oracle1=PASS cfg_conflicts_delta=0 tier1_hits=0 tier1_misses=65536 hit_rate=0.00% oracle2=PASS ns_per_op=29.7
.RESULT k=8
RESULT rotating_rounds=8192
RESULT table_count_at_floor=9
RESULT oracle1_pass=1
RESULT config_conflicts_delta=0
RESULT tier1_hits=0
RESULT tier1_misses=65536
RESULT tier1_total=65536
RESULT expected_total=65536
RESULT oracle2_pass=1
RESULT tier1_hit_rate_pct=0
RESULT churn_elapsed_ns=1875600
RESULT ns_per_op=28.619384765625
OK k=8 rounds=8192 table_count=9 oracle1=PASS cfg_conflicts_delta=0 tier1_hits=0 tier1_misses=65536 hit_rate=0.00% oracle2=PASS ns_per_op=28.6
.RESULT k=8
RESULT rotating_rounds=8192
RESULT table_count_at_floor=9
RESULT oracle1_pass=1
RESULT config_conflicts_delta=0
RESULT tier1_hits=0
RESULT tier1_misses=65536
RESULT tier1_total=65536
RESULT expected_total=65536
RESULT oracle2_pass=1
RESULT tier1_hit_rate_pct=0
RESULT churn_elapsed_ns=3021100
RESULT ns_per_op=46.09832763671875
OK k=8 rounds=8192 table_count=9 oracle1=PASS cfg_conflicts_delta=0 tier1_hits=0 tier1_misses=65536 hit_rate=0.00% oracle2=PASS ns_per_op=46.1
.RESULT k=8
RESULT rotating_rounds=8192
RESULT table_count_at_floor=9
RESULT oracle1_pass=1
RESULT config_conflicts_delta=0
RESULT tier1_hits=0
RESULT tier1_misses=65536
RESULT tier1_total=65536
RESULT expected_total=65536
RESULT oracle2_pass=1
RESULT tier1_hit_rate_pct=0
RESULT churn_elapsed_ns=1790800
RESULT ns_per_op=27.325439453125
OK k=8 rounds=8192 table_count=9 oracle1=PASS cfg_conflicts_delta=0 tier1_hits=0 tier1_misses=65536 hit_rate=0.00% oracle2=PASS ns_per_op=27.3
.RESULT k=8
RESULT rotating_rounds=8192
RESULT table_count_at_floor=9
RESULT oracle1_pass=1
RESULT config_conflicts_delta=0
RESULT tier1_hits=0
RESULT tier1_misses=65536
RESULT tier1_total=65536
RESULT expected_total=65536
RESULT oracle2_pass=1
RESULT tier1_hit_rate_pct=0
RESULT churn_elapsed_ns=1855600
RESULT ns_per_op=28.314208984375
OK k=8 rounds=8192 table_count=9 oracle1=PASS cfg_conflicts_delta=0 tier1_hits=0 tier1_misses=65536 hit_rate=0.00% oracle2=PASS ns_per_op=28.3
.RESULT k=8
RESULT rotating_rounds=8192
RESULT table_count_at_floor=9
RESULT oracle1_pass=1
RESULT config_conflicts_delta=0
RESULT tier1_hits=0
RESULT tier1_misses=65536
RESULT tier1_total=65536
RESULT expected_total=65536
RESULT oracle2_pass=1
RESULT tier1_hit_rate_pct=0
RESULT churn_elapsed_ns=1677100
RESULT ns_per_op=25.59051513671875
OK k=8 rounds=8192 table_count=9 oracle1=PASS cfg_conflicts_delta=0 tier1_hits=0 tier1_misses=65536 hit_rate=0.00% oracle2=PASS ns_per_op=25.6
.RESULT k=8
RESULT rotating_rounds=8192
RESULT table_count_at_floor=9
RESULT oracle1_pass=1
RESULT config_conflicts_delta=0
RESULT tier1_hits=0
RESULT tier1_misses=65536
RESULT tier1_total=65536
RESULT expected_total=65536
RESULT oracle2_pass=1
RESULT tier1_hit_rate_pct=0
RESULT churn_elapsed_ns=1838700
RESULT ns_per_op=28.05633544921875
OK k=8 rounds=8192 table_count=9 oracle1=PASS cfg_conflicts_delta=0 tier1_hits=0 tier1_misses=65536 hit_rate=0.00% oracle2=PASS ns_per_op=28.1
.RESULT k=8
RESULT rotating_rounds=8192
RESULT table_count_at_floor=9
RESULT oracle1_pass=1
RESULT config_conflicts_delta=0
RESULT tier1_hits=0
RESULT tier1_misses=65536
RESULT tier1_total=65536
RESULT expected_total=65536
RESULT oracle2_pass=1
RESULT tier1_hit_rate_pct=0
RESULT churn_elapsed_ns=1808600
RESULT ns_per_op=27.5970458984375
OK k=8 rounds=8192 table_count=9 oracle1=PASS cfg_conflicts_delta=0 tier1_hits=0 tier1_misses=65536 hit_rate=0.00% oracle2=PASS ns_per_op=27.6
.RESULT k=8
RESULT rotating_rounds=8192
RESULT table_count_at_floor=9
RESULT oracle1_pass=1
RESULT config_conflicts_delta=0
RESULT tier1_hits=0
RESULT tier1_misses=65536
RESULT tier1_total=65536
RESULT expected_total=65536
RESULT oracle2_pass=1
RESULT tier1_hit_rate_pct=0
RESULT churn_elapsed_ns=2317900
RESULT ns_per_op=35.36834716796875
OK k=8 rounds=8192 table_count=9 oracle1=PASS cfg_conflicts_delta=0 tier1_hits=0 tier1_misses=65536 hit_rate=0.00% oracle2=PASS ns_per_op=35.4
.RESULT k=8
RESULT rotating_rounds=8192
RESULT table_count_at_floor=9
RESULT oracle1_pass=1
RESULT config_conflicts_delta=0
RESULT tier1_hits=0
RESULT tier1_misses=65536
RESULT tier1_total=65536
RESULT expected_total=65536
RESULT oracle2_pass=1
RESULT tier1_hit_rate_pct=0
RESULT churn_elapsed_ns=1709400
RESULT ns_per_op=26.0833740234375
OK k=8 rounds=8192 table_count=9 oracle1=PASS cfg_conflicts_delta=0 tier1_hits=0 tier1_misses=65536 hit_rate=0.00% oracle2=PASS ns_per_op=26.1
.RESULT k=8
RESULT rotating_rounds=8192
RESULT table_count_at_floor=9
RESULT oracle1_pass=1
RESULT config_conflicts_delta=0
RESULT tier1_hits=8191
RESULT tier1_misses=57345
RESULT tier1_total=65536
RESULT expected_total=65536
RESULT oracle2_pass=1
RESULT tier1_hit_rate_pct=12.49847412109375
RESULT churn_elapsed_ns=1717100
RESULT ns_per_op=26.20086669921875
OK k=8 rounds=8192 table_count=9 oracle1=PASS cfg_conflicts_delta=0 tier1_hits=8191 tier1_misses=57345 hit_rate=12.50% oracle2=PASS ns_per_op=26.2
.RESULT k=8
RESULT rotating_rounds=8192
RESULT table_count_at_floor=9
RESULT oracle1_pass=1
RESULT config_conflicts_delta=0
RESULT tier1_hits=0
RESULT tier1_misses=65536
RESULT tier1_total=65536
RESULT expected_total=65536
RESULT oracle2_pass=1
RESULT tier1_hit_rate_pct=0
RESULT churn_elapsed_ns=1688900
RESULT ns_per_op=25.77056884765625
OK k=8 rounds=8192 table_count=9 oracle1=PASS cfg_conflicts_delta=0 tier1_hits=0 tier1_misses=65536 hit_rate=0.00% oracle2=PASS ns_per_op=25.8
.RESULT k=8
RESULT rotating_rounds=8192
RESULT table_count_at_floor=9
RESULT oracle1_pass=1
RESULT config_conflicts_delta=0
RESULT tier1_hits=0
RESULT tier1_misses=65536
RESULT tier1_total=65536
RESULT expected_total=65536
RESULT oracle2_pass=1
RESULT tier1_hit_rate_pct=0
RESULT churn_elapsed_ns=1830300
RESULT ns_per_op=27.92816162109375
OK k=8 rounds=8192 table_count=9 oracle1=PASS cfg_conflicts_delta=0 tier1_hits=0 tier1_misses=65536 hit_rate=0.00% oracle2=PASS ns_per_op=27.9
.RESULT k=8
RESULT rotating_rounds=8192
RESULT table_count_at_floor=9
RESULT oracle1_pass=1
RESULT config_conflicts_delta=0
RESULT tier1_hits=0
RESULT tier1_misses=65536
RESULT tier1_total=65536
RESULT expected_total=65536
RESULT oracle2_pass=1
RESULT tier1_hit_rate_pct=0
RESULT churn_elapsed_ns=1843100
RESULT ns_per_op=28.12347412109375
OK k=8 rounds=8192 table_count=9 oracle1=PASS cfg_conflicts_delta=0 tier1_hits=0 tier1_misses=65536 hit_rate=0.00% oracle2=PASS ns_per_op=28.1
.RESULT k=8
RESULT rotating_rounds=8192
RESULT table_count_at_floor=9
RESULT oracle1_pass=1
RESULT config_conflicts_delta=0
RESULT tier1_hits=0
RESULT tier1_misses=65536
RESULT tier1_total=65536
RESULT expected_total=65536
RESULT oracle2_pass=1
RESULT tier1_hit_rate_pct=0
RESULT churn_elapsed_ns=1920700
RESULT ns_per_op=29.30755615234375
OK k=8 rounds=8192 table_count=9 oracle1=PASS cfg_conflicts_delta=0 tier1_hits=0 tier1_misses=65536 hit_rate=0.00% oracle2=PASS ns_per_op=29.3
.RESULT k=8
RESULT rotating_rounds=8192
RESULT table_count_at_floor=9
RESULT oracle1_pass=1
RESULT config_conflicts_delta=0
RESULT tier1_hits=0
RESULT tier1_misses=65536
RESULT tier1_total=65536
RESULT expected_total=65536
RESULT oracle2_pass=1
RESULT tier1_hit_rate_pct=0
RESULT churn_elapsed_ns=1573700
RESULT ns_per_op=24.01275634765625
OK k=8 rounds=8192 table_count=9 oracle1=PASS cfg_conflicts_delta=0 tier1_hits=0 tier1_misses=65536 hit_rate=0.00% oracle2=PASS ns_per_op=24.0
.RESULT k=8
RESULT rotating_rounds=8192
RESULT table_count_at_floor=9
RESULT oracle1_pass=1
RESULT config_conflicts_delta=0
RESULT tier1_hits=0
RESULT tier1_misses=65536
RESULT tier1_total=65536
RESULT expected_total=65536
RESULT oracle2_pass=1
RESULT tier1_hit_rate_pct=0
RESULT churn_elapsed_ns=2055100
RESULT ns_per_op=31.35833740234375
OK k=8 rounds=8192 table_count=9 oracle1=PASS cfg_conflicts_delta=0 tier1_hits=0 tier1_misses=65536 hit_rate=0.00% oracle2=PASS ns_per_op=31.4
.RESULT k=8
RESULT rotating_rounds=8192
RESULT table_count_at_floor=9
RESULT oracle1_pass=1
RESULT config_conflicts_delta=0
RESULT tier1_hits=0
RESULT tier1_misses=65536
RESULT tier1_total=65536
RESULT expected_total=65536
RESULT oracle2_pass=1
RESULT tier1_hit_rate_pct=0
RESULT churn_elapsed_ns=2591700
RESULT ns_per_op=39.54620361328125
OK k=8 rounds=8192 table_count=9 oracle1=PASS cfg_conflicts_delta=0 tier1_hits=0 tier1_misses=65536 hit_rate=0.00% oracle2=PASS ns_per_op=39.5
.RESULT k=8
RESULT rotating_rounds=8192
RESULT table_count_at_floor=9
RESULT oracle1_pass=1
RESULT config_conflicts_delta=0
RESULT tier1_hits=0
RESULT tier1_misses=65536
RESULT tier1_total=65536
RESULT expected_total=65536
RESULT oracle2_pass=1
RESULT tier1_hit_rate_pct=0
RESULT churn_elapsed_ns=1771600
RESULT ns_per_op=27.032470703125
OK k=8 rounds=8192 table_count=9 oracle1=PASS cfg_conflicts_delta=0 tier1_hits=0 tier1_misses=65536 hit_rate=0.00% oracle2=PASS ns_per_op=27.0
.RESULT k=8
RESULT rotating_rounds=8192
RESULT table_count_at_floor=9
RESULT oracle1_pass=1
RESULT config_conflicts_delta=0
RESULT tier1_hits=0
RESULT tier1_misses=65536
RESULT tier1_total=65536
RESULT expected_total=65536
RESULT oracle2_pass=1
RESULT tier1_hit_rate_pct=0
RESULT churn_elapsed_ns=1789100
RESULT ns_per_op=27.29949951171875
OK k=8 rounds=8192 table_count=9 oracle1=PASS cfg_conflicts_delta=0 tier1_hits=0 tier1_misses=65536 hit_rate=0.00% oracle2=PASS ns_per_op=27.3
.RESULT k=8
RESULT rotating_rounds=8192
RESULT table_count_at_floor=9
RESULT oracle1_pass=1
RESULT config_conflicts_delta=0
RESULT tier1_hits=0
RESULT tier1_misses=65536
RESULT tier1_total=65536
RESULT expected_total=65536
RESULT oracle2_pass=1
RESULT tier1_hit_rate_pct=0
RESULT churn_elapsed_ns=1773300
RESULT ns_per_op=27.05841064453125
OK k=8 rounds=8192 table_count=9 oracle1=PASS cfg_conflicts_delta=0 tier1_hits=0 tier1_misses=65536 hit_rate=0.00% oracle2=PASS ns_per_op=27.1
.RESULT k=8
RESULT rotating_rounds=8192
RESULT table_count_at_floor=9
RESULT oracle1_pass=1
RESULT config_conflicts_delta=0
RESULT tier1_hits=0
RESULT tier1_misses=65536
RESULT tier1_total=65536
RESULT expected_total=65536
RESULT oracle2_pass=1
RESULT tier1_hit_rate_pct=0
RESULT churn_elapsed_ns=1834900
RESULT ns_per_op=27.99835205078125
OK k=8 rounds=8192 table_count=9 oracle1=PASS cfg_conflicts_delta=0 tier1_hits=0 tier1_misses=65536 hit_rate=0.00% oracle2=PASS ns_per_op=28.0
.RESULT k=8
RESULT rotating_rounds=8192
RESULT table_count_at_floor=9
RESULT oracle1_pass=1
RESULT config_conflicts_delta=0
RESULT tier1_hits=0
RESULT tier1_misses=65536
RESULT tier1_total=65536
RESULT expected_total=65536
RESULT oracle2_pass=1
RESULT tier1_hit_rate_pct=0
RESULT churn_elapsed_ns=2027100
RESULT ns_per_op=30.93109130859375
OK k=8 rounds=8192 table_count=9 oracle1=PASS cfg_conflicts_delta=0 tier1_hits=0 tier1_misses=65536 hit_rate=0.00% oracle2=PASS ns_per_op=30.9
.RESULT k=8
RESULT rotating_rounds=8192
RESULT table_count_at_floor=9
RESULT oracle1_pass=1
RESULT config_conflicts_delta=0
RESULT tier1_hits=0
RESULT tier1_misses=65536
RESULT tier1_total=65536
RESULT expected_total=65536
RESULT oracle2_pass=1
RESULT tier1_hit_rate_pct=0
RESULT churn_elapsed_ns=1794500
RESULT ns_per_op=27.38189697265625
OK k=8 rounds=8192 table_count=9 oracle1=PASS cfg_conflicts_delta=0 tier1_hits=0 tier1_misses=65536 hit_rate=0.00% oracle2=PASS ns_per_op=27.4
.

  === before(A-slot) vs before(B-slot) (A - B, ns)  [SAME-VS-SAME CONTROL] ===
  n=20  mean Δ=-26.223 us  sd=290.831 us  se=65.032 us  t=-0.403  df=19  crit(p<0.05)=2.101  => NOT statistically distinguishable from noise (fails to reject null)
  sign test: before(A-slot)-faster=13/20  before(B-slot)-faster=7/20  ties=0

[paired-ab] provenance written to D:\dev\rust\sefer-alloc/docs/perf/paired_ab_runs/2026-08-03T15-29-35-444Z.json

[paired-ab] Reading this output: `t` past `crit` (or sign test heavily lopsided, e.g. 17+/20) means a REAL,
  non-noise wall-clock difference on THIS host for THIS workload — mirroring
  docs/perf/R5_R2_CHURN_REGRESSION_PAIRED_AB.md's verdict criteria. A same-vs-same control run
  (--arms sefer,sefer) should show t well under `crit` and a roughly even sign-test split --
  if it does not, that indicates a harness bug (non-reproducible workload, background load
  bleeding into the timed region), not a real self-difference.
