
> sefer-alloc-dev-scripts@0.0.0 iai
> node scripts/iai.mjs

[iai] wsl: /mnt/d/dev/rust/sefer-alloc
[iai] features: production | target: /tmp/sefer-iai
iai_callgrind_runner: Error: No version information found for iai-callgrind but iai-callgrind-runner (0.14.2) is >= '0.3.0'. Please update iai-callgrind to '0.14.2' in your Cargo.toml file
__MISSING__
[iai] runner already installed: 0.14.2 (skip install)

[iai] running benches...

    Finished `bench` profile [optimized] target(s) in 0.97s
warning: the following packages contain code that will be rejected by a future version of Rust: proc-macro-error2 v2.0.1
note: to see what the problems were, use the option `--future-incompat-report`, or run `cargo report future-incompatibilities --id 1`
     Running benches/perf_gate_iai.rs (/tmp/sefer-iai/release/deps/perf_gate_iai-9bc28190fa8f0beb)
perf_gate_iai::perf_gate::small_churn_16b
  Instructions:                        8051|8051                 (No change)
  L1 Hits:                            10534|10534                (No change)
  L2 Hits:                              103|103                  (No change)
  RAM Hits:                             443|443                  (No change)
  Total read+write:                   11080|11080                (No change)
  Estimated Cycles:                   26554|26554                (No change)
perf_gate_iai::perf_gate::small_churn_16b_2n
  Instructions:                       12467|12467                (No change)
  L1 Hits:                            16039|16039                (No change)
  L2 Hits:                              103|103                  (No change)
  RAM Hits:                             442|442                  (No change)
  Total read+write:                   16584|16584                (No change)
  Estimated Cycles:                   32024|32024                (No change)
perf_gate_iai::perf_gate::dealloc_prealloc_only_16b
  Instructions:                        7003|7003                 (No change)
  L1 Hits:                             9089|9089                 (No change)
  L2 Hits:                               90|90                   (No change)
  RAM Hits:                             422|422                  (No change)
  Total read+write:                    9601|9601                 (No change)
  Estimated Cycles:                   24309|24309                (No change)
perf_gate_iai::perf_gate::dealloc_free_only_16b
  Instructions:                       12923|12923                (No change)
  L1 Hits:                            16408|16408                (No change)
  L2 Hits:                               89|89                   (No change)
  RAM Hits:                             464|464                  (No change)
  Total read+write:                   16961|16961                (No change)
  Estimated Cycles:                   33093|33093                (No change)
perf_gate_iai::perf_gate::dealloc_contains_base_probe_only_16b
  Instructions:                        8104|8104                 (No change)
  L1 Hits:                            10384|10384                (No change)
  L2 Hits:                               91|91                   (No change)
  RAM Hits:                             422|422                  (No change)
  Total read+write:                   10897|10897                (No change)
  Estimated Cycles:                   25609|25609                (No change)
perf_gate_iai::perf_gate::dealloc_segment_base_of_ptr_probe_only_16b
  Instructions:                        7581|7581                 (No change)
  L1 Hits:                             9796|9796                 (No change)
  L2 Hits:                               91|91                   (No change)
  RAM Hits:                             420|420                  (No change)
  Total read+write:                   10307|10307                (No change)
  Estimated Cycles:                   24951|24951                (No change)
perf_gate_iai::perf_gate::medium_class_dealloc_churn_16b
  Instructions:                        8051|8051                 (No change)
  L1 Hits:                            10533|10533                (No change)
  L2 Hits:                              105|105                  (No change)
  RAM Hits:                             442|442                  (No change)
  Total read+write:                   11080|11080                (No change)
  Estimated Cycles:                   26528|26528                (No change)
perf_gate_iai::perf_gate::aligned_churn_640b_a128
  Instructions:                        7987|7987                 (No change)
  L1 Hits:                            10469|10469                (No change)
  L2 Hits:                              105|105                  (No change)
  RAM Hits:                             442|442                  (No change)
  Total read+write:                   11016|11016                (No change)
  Estimated Cycles:                   26464|26464                (No change)
perf_gate_iai::perf_gate::large_alloc_free_cycle
  Instructions:                        3308|3308                 (No change)
  L1 Hits:                             4752|4752                 (No change)
  L2 Hits:                              106|106                  (No change)
  RAM Hits:                             439|439                  (No change)
  Total read+write:                    5297|5297                 (No change)
  Estimated Cycles:                   20647|20647                (No change)
perf_gate_iai::perf_gate::realloc_grow
  Instructions:                      492690|492690               (No change)
  L1 Hits:                          1046830|1046830              (No change)
  L2 Hits:                             3852|3852                 (No change)
  RAM Hits:                           70326|70326                (No change)
  Total read+write:                 1121008|1121008              (No change)
  Estimated Cycles:                 3527500|3527500              (No change)
perf_gate_iai::perf_gate::cold_alloc_free_256x16b
  Instructions:                       50164|50164                (No change)
  L1 Hits:                            62179|62179                (No change)
  L2 Hits:                              110|110                  (No change)
  RAM Hits:                             560|560                  (No change)
  Total read+write:                   62849|62849                (No change)
  Estimated Cycles:                   82329|82329                (No change)
perf_gate_iai::perf_gate::cold_alloc_free_256x16b_2n
  Instructions:                      102353|102353               (No change)
  L1 Hits:                           129361|129361               (No change)
  L2 Hits:                              122|122                  (No change)
  RAM Hits:                             656|656                  (No change)
  Total read+write:                  130139|130139               (No change)
  Estimated Cycles:                  152931|152931               (No change)
perf_gate_iai::perf_gate::cold_alloc_free_256x16b_4n
  Instructions:                      202867|202867               (No change)
  L1 Hits:                           255874|255874               (No change)
  L2 Hits:                              170|170                  (No change)
  RAM Hits:                             850|850                  (No change)
  Total read+write:                  256894|256894               (No change)
  Estimated Cycles:                  286474|286474               (No change)
perf_gate_iai::perf_gate::cold_alloc_free_256x64b
  Instructions:                       50164|50164                (No change)
  L1 Hits:                            61997|61997                (No change)
  L2 Hits:                              110|110                  (No change)
  RAM Hits:                             742|742                  (No change)
  Total read+write:                   62849|62849                (No change)
  Estimated Cycles:                   88517|88517                (No change)
perf_gate_iai::perf_gate::recycle_alloc_free_256x16b
  Instructions:                       98343|98343                (No change)
  L1 Hits:                           121065|121065               (No change)
  L2 Hits:                               30|30                   (No change)
  RAM Hits:                             672|672                  (No change)
  Total read+write:                  121767|121767               (No change)
  Estimated Cycles:                  144735|144735               (No change)
perf_gate_iai::perf_gate::recycle_alloc_free_256x64b
  Instructions:                       98343|98343                (No change)
  L1 Hits:                           120871|120871               (No change)
  L2 Hits:                               31|31                   (No change)
  RAM Hits:                             865|865                  (No change)
  Total read+write:                  121767|121767               (No change)
  Estimated Cycles:                  151301|151301               (No change)
perf_gate_iai::perf_gate::churn_256b
  Instructions:                        8051|8051                 (No change)
  L1 Hits:                            10534|10534                (No change)
  L2 Hits:                              103|103                  (No change)
  RAM Hits:                             443|443                  (No change)
  Total read+write:                   11080|11080                (No change)
  Estimated Cycles:                   26554|26554                (No change)
perf_gate_iai::perf_gate::churn_write_256b
  Instructions:                        8307|8307                 (No change)
  L1 Hits:                            10917|10917                (No change)
  L2 Hits:                              103|103                  (No change)
  RAM Hits:                             444|444                  (No change)
  Total read+write:                   11464|11464                (No change)
  Estimated Cycles:                   26972|26972                (No change)
perf_gate_iai::perf_gate::multiseg_cold_256k
  Instructions:                       25819|25819                (No change)
  L1 Hits:                            35021|35021                (No change)
  L2 Hits:                               37|37                   (No change)
  RAM Hits:                             743|743                  (No change)
  Total read+write:                   35801|35801                (No change)
  Estimated Cycles:                   61211|61211                (No change)
perf_gate_iai::perf_gate::seg_cycle_decommit_256k
  Instructions:                       62127|62127                (No change)
  L1 Hits:                            83771|83771                (No change)
  L2 Hits:                               91|91                   (No change)
  RAM Hits:                             745|745                  (No change)
  Total read+write:                   84607|84607                (No change)
  Estimated Cycles:                  110301|110301               (No change)
perf_gate_iai::perf_gate::mimalloc_small_churn_16b
  Instructions:                       16629|16629                (No change)
  L1 Hits:                            21430|21430                (No change)
  L2 Hits:                               64|64                   (No change)
  RAM Hits:                             504|504                  (No change)
  Total read+write:                   21998|21998                (No change)
  Estimated Cycles:                   39390|39390                (No change)
perf_gate_iai::perf_gate::mimalloc_small_churn_16b_2n
  Instructions:                       21557|21557                (No change)
  L1 Hits:                            27895|27895                (No change)
  L2 Hits:                               63|63                   (No change)
  RAM Hits:                             504|504                  (No change)
  Total read+write:                   28462|28462                (No change)
  Estimated Cycles:                   45850|45850                (No change)
perf_gate_iai::perf_gate::mimalloc_churn_256b
  Instructions:                       16130|16130                (No change)
  L1 Hits:                            20944|20944                (No change)
  L2 Hits:                               65|65                   (No change)
  RAM Hits:                             458|458                  (No change)
  Total read+write:                   21467|21467                (No change)
  Estimated Cycles:                   37299|37299                (No change)
perf_gate_iai::perf_gate::mimalloc_cold_alloc_free_256x16b
  Instructions:                       32325|32325                (No change)
  L1 Hits:                            41779|41779                (No change)
  L2 Hits:                               91|91                   (No change)
  RAM Hits:                             505|505                  (No change)
  Total read+write:                   42375|42375                (No change)
  Estimated Cycles:                   59909|59909                (No change)
perf_gate_iai::perf_gate::mimalloc_cold_alloc_free_256x16b_2n
  Instructions:                       58389|58389                (No change)
  L1 Hits:                            78275|78276                (-0.00128%) [-1.00001x]
  L2 Hits:                              132|131                  (+0.76336%) [+1.00763x]
  RAM Hits:                             584|584                  (No change)
  Total read+write:                   78991|78991                (No change)
  Estimated Cycles:                   99375|99371                (+0.00403%) [+1.00004x]
perf_gate_iai::perf_gate::mimalloc_cold_alloc_free_256x16b_4n
  Instructions:                      106653|106653               (No change)
  L1 Hits:                           143425|143421               (+0.00279%) [+1.00003x]
  L2 Hits:                              211|215                  (-1.86047%) [-1.01896x]
  RAM Hits:                             760|760                  (No change)
  Total read+write:                  144396|144396               (No change)
  Estimated Cycles:                  171080|171096               (-0.00935%) [-1.00009x]
perf_gate_iai::perf_gate::mimalloc_cold_alloc_free_256x64b
  Instructions:                       33329|33329                (No change)
  L1 Hits:                            42939|42939                (No change)
  L2 Hits:                               96|96                   (No change)
  RAM Hits:                             713|713                  (No change)
  Total read+write:                   43748|43748                (No change)
  Estimated Cycles:                   68374|68374                (No change)
perf_gate_iai::perf_gate::mimalloc_recycle_alloc_free_256x16b
  Instructions:                       53020|53020                (No change)
  L1 Hits:                            68681|68681                (No change)
  L2 Hits:                               93|93                   (No change)
  RAM Hits:                             509|509                  (No change)
  Total read+write:                   69283|69283                (No change)
  Estimated Cycles:                   86961|86961                (No change)
perf_gate_iai::perf_gate::mimalloc_recycle_alloc_free_256x64b
  Instructions:                       54024|54024                (No change)
  L1 Hits:                            69842|69844                (-0.00286%) [-1.00003x]
  L2 Hits:                               98|96                   (+2.08333%) [+1.02083x]
  RAM Hits:                             716|716                  (No change)
  Total read+write:                   70656|70656                (No change)
  Estimated Cycles:                   95392|95384                (+0.00839%) [+1.00008x]
perf_gate_iai::perf_gate::mimalloc_bootstrap_proxy
  Instructions:                       13050|13050                (No change)
  L1 Hits:                            16726|16726                (No change)
  L2 Hits:                               64|64                   (No change)
  RAM Hits:                             515|515                  (No change)
  Total read+write:                   17305|17305                (No change)
  Estimated Cycles:                   35071|35071                (No change)

Iai-Callgrind result: Ok. 30 without regressions; 0 regressed; 30 benchmarks finished in 21.5507s

  bench                                                 Ir            L1            L2           RAM     EstCycles        Ir/op*
  ------------------------------------------  ------------  ------------  ------------  ------------  ------------  ------------
  small_churn_16b                                    8,051        10,534           103           443        26,554          74.1
  small_churn_16b_2n                                12,467        16,039           103           442        32,024             -
  dealloc_prealloc_only_16b                          7,003         9,089            90           422        24,309             -
  dealloc_free_only_16b                             12,923        16,408            89           464        33,093             -
  dealloc_contains_base_probe_only_16b               8,104        10,384            91           422        25,609             -
  dealloc_segment_base_of_ptr_probe_only_16b         7,581         9,796            91           420        24,951             -
  medium_class_dealloc_churn_16b                     8,051        10,533           105           442        26,528          74.1
  aligned_churn_640b_a128                            7,987        10,469           105           442        26,464          73.1
  large_alloc_free_cycle                             3,308         4,752           106           439        20,647             -
  realloc_grow                                     492,690     1,046,830         3,852        70,326     3,527,500      30,586.4
  cold_alloc_free_256x16b                           50,164        62,179           110           560        82,329         183.0
  cold_alloc_free_256x16b_2n                       102,353       129,361           122           656       152,931             -
  cold_alloc_free_256x16b_4n                       202,867       255,874           170           850       286,474             -
  cold_alloc_free_256x64b                           50,164        61,997           110           742        88,517         183.0
  recycle_alloc_free_256x16b                        98,343       121,065            30           672       144,735         185.6
  recycle_alloc_free_256x64b                        98,343       120,871            31           865       151,301         185.6
  churn_256b                                         8,051        10,534           103           443        26,554          74.1
  churn_write_256b                                   8,307        10,917           103           444        26,972          78.1
  multiseg_cold_256k                                25,819        35,021            37           743        61,211         331.0
  seg_cycle_decommit_256k                           62,127        83,771            91           745       110,301         288.3
  mimalloc_small_churn_16b                          16,629        21,430            64           504        39,390          55.9
  mimalloc_small_churn_16b_2n                       21,557        27,895            63           504        45,850             -
  mimalloc_churn_256b                               16,130        20,944            65           458        37,299          48.1
  mimalloc_cold_alloc_free_256x16b                  32,325        41,779            91           505        59,909          75.3
  mimalloc_cold_alloc_free_256x16b_2n               58,389        78,275           132           584        99,375             -
  mimalloc_cold_alloc_free_256x16b_4n              106,653       143,425           211           760       171,080             -
  mimalloc_cold_alloc_free_256x64b                  33,329        42,939            96           713        68,374          79.2
  mimalloc_recycle_alloc_free_256x16b               53,020        68,681            93           509        86,961          78.1
  mimalloc_recycle_alloc_free_256x64b               54,024        69,842            98           716        95,392          80.0
  mimalloc_bootstrap_proxy                          13,050        16,726            64           515        35,071             -

  * Ir/op = (Ir − B) / ops — marginal instruction count per operation, with
    the one-time process bootstrap subtracted. B is taken PER ARM: SeferAlloc
    rows use large_alloc_free_cycle (B=3,308); mimalloc_* rows use
    mimalloc_bootstrap_proxy (B=13,050) — the two allocators' bootstrap
    constants are never mixed (R22-15/task #366). Comparable across benches
    within the SAME arm; the honest unit for per-op thresholds (review finding
    F2). "-" = bootstrap proxy / no op-count / that arm's bootstrap bench absent.

  Sefer/mimalloc marginal Ir/op ratio (workload-matched pairs):

  workload                     Sefer Ir/op      mi Ir/op         ratio
  --------------------------  ------------  ------------  ------------
  small_churn_16b                     74.1          55.9         1.326
  churn_256b                          74.1          48.1         1.541
  cold_alloc_free_256x16b            183.0          75.3         2.430
  cold_alloc_free_256x64b            183.0          79.2         2.311
  recycle_alloc_free_256x16b         185.6          78.1         2.376
  recycle_alloc_free_256x64b         185.6          80.0         2.320

  ratio = Sefer Ir/op ÷ mimalloc Ir/op — > 1.000 means SeferAlloc retires MORE
    instructions per op than mimalloc on that workload (i.e. mimalloc is
    cheaper in Ir); < 1.000 means the reverse. "-" when a pair's row is
    missing/filtered on either side.

[iai] PASS — 30 bench(es) produced Ir
