    Finished `bench` profile [optimized] target(s) in 0.80s
warning: the following packages contain code that will be rejected by a future version of Rust: proc-macro-error2 v2.0.1
note: to see what the problems were, use the option `--future-incompat-report`, or run `cargo report future-incompatibilities --id 1`
     Running benches/perf_gate_iai.rs ($HOME/target-ph6b-base-iai/release/deps/perf_gate_iai-1eae813e19149d63)
perf_gate_iai::perf_gate::small_churn_16b
  Instructions:                       60629|60629                (No change)
  L1 Hits:                           108060|108060               (No change)
  L2 Hits:                              207|207                  (No change)
  RAM Hits:                            1097|1097                 (No change)
  Total read+write:                  109364|109364               (No change)
  Estimated Cycles:                  147490|147490               (No change)
perf_gate_iai::perf_gate::small_churn_16b_2n
  Instructions:                       67285|67285                (No change)
  L1 Hits:                           116511|116511               (No change)
  L2 Hits:                              205|205                  (No change)
  RAM Hits:                            1096|1096                 (No change)
  Total read+write:                  117812|117812               (No change)
  Estimated Cycles:                  155896|155896               (No change)
perf_gate_iai::perf_gate::dealloc_prealloc_only_16b
  Instructions:                       74148|74148                (No change)
  L1 Hits:                           126617|126617               (No change)
  L2 Hits:                              187|187                  (No change)
  RAM Hits:                            1074|1074                 (No change)
  Total read+write:                  127878|127878               (No change)
  Estimated Cycles:                  165142|165142               (No change)
perf_gate_iai::perf_gate::dealloc_free_only_16b
  Instructions:                       82778|82778                (No change)
  L1 Hits:                           137660|137660               (No change)
  L2 Hits:                              189|189                  (No change)
  RAM Hits:                            1116|1116                 (No change)
  Total read+write:                  138965|138965               (No change)
  Estimated Cycles:                  177665|177665               (No change)
perf_gate_iai::perf_gate::dealloc_contains_base_probe_only_16b
  Instructions:                       75495|75495                (No change)
  L1 Hits:                           128345|128345               (No change)
  L2 Hits:                              189|189                  (No change)
  RAM Hits:                            1077|1077                 (No change)
  Total read+write:                  129611|129611               (No change)
  Estimated Cycles:                  166985|166985               (No change)
perf_gate_iai::perf_gate::dealloc_segment_base_of_ptr_probe_only_16b
  Instructions:                       74738|74738                (No change)
  L1 Hits:                           127341|127341               (No change)
  L2 Hits:                              189|189                  (No change)
  RAM Hits:                            1074|1074                 (No change)
  Total read+write:                  128604|128604               (No change)
  Estimated Cycles:                  165876|165876               (No change)
perf_gate_iai::perf_gate::alloc_magazine_prefill_only_16b
  Instructions:                       59673|59673                (No change)
  L1 Hits:                           106792|106792               (No change)
  L2 Hits:                              188|188                  (No change)
  RAM Hits:                            1079|1079                 (No change)
  Total read+write:                  108059|108059               (No change)
  Estimated Cycles:                  145497|145497               (No change)
perf_gate_iai::perf_gate::alloc_magazine_hit_only_16b
  Instructions:                       60162|60162                (No change)
  L1 Hits:                           107397|107397               (No change)
  L2 Hits:                              188|188                  (No change)
  RAM Hits:                            1084|1084                 (No change)
  Total read+write:                  108669|108669               (No change)
  Estimated Cycles:                  146277|146277               (No change)
perf_gate_iai::perf_gate::alloc_zeroed_magazine_prefill_only_16b
  Instructions:                       59673|59673                (No change)
  L1 Hits:                           106793|106793               (No change)
  L2 Hits:                              188|188                  (No change)
  RAM Hits:                            1078|1078                 (No change)
  Total read+write:                  108059|108059               (No change)
  Estimated Cycles:                  145463|145463               (No change)
perf_gate_iai::perf_gate::alloc_zeroed_magazine_hit_only_16b
  Instructions:                       60211|60211                (No change)
  L1 Hits:                           107460|107460               (No change)
  L2 Hits:                              188|188                  (No change)
  RAM Hits:                            1086|1086                 (No change)
  Total read+write:                  108734|108734               (No change)
  Estimated Cycles:                  146410|146410               (No change)
perf_gate_iai::perf_gate::dealloc_hash_contains_only_probe_16b
  Instructions:                       76517|76517                (No change)
  L1 Hits:                           129431|129431               (No change)
  L2 Hits:                              188|188                  (No change)
  RAM Hits:                            1076|1076                 (No change)
  Total read+write:                  130695|130695               (No change)
  Estimated Cycles:                  168031|168031               (No change)
perf_gate_iai::perf_gate::dealloc_own_thread_body_only_16b
  Instructions:                       81797|81797                (No change)
  L1 Hits:                           136473|136473               (No change)
  L2 Hits:                              188|188                  (No change)
  RAM Hits:                            1113|1113                 (No change)
  Total read+write:                  137774|137774               (No change)
  Estimated Cycles:                  176368|176368               (No change)
perf_gate_iai::perf_gate::dealloc_free_only_16b_n1
  Instructions:                       74217|74217                (No change)
  L1 Hits:                           126703|126703               (No change)
  L2 Hits:                              187|187                  (No change)
  RAM Hits:                            1081|1081                 (No change)
  Total read+write:                  127971|127971               (No change)
  Estimated Cycles:                  165473|165473               (No change)
perf_gate_iai::perf_gate::dealloc_free_only_16b_n8
  Instructions:                       74676|74676                (No change)
  L1 Hits:                           127285|127285               (No change)
  L2 Hits:                              187|187                  (No change)
  RAM Hits:                            1083|1083                 (No change)
  Total read+write:                  128555|128555               (No change)
  Estimated Cycles:                  166125|166125               (No change)
perf_gate_iai::perf_gate::dealloc_free_only_16b_n9
  Instructions:                       74741|74741                (No change)
  L1 Hits:                           127369|127369               (No change)
  L2 Hits:                              187|187                  (No change)
  RAM Hits:                            1082|1082                 (No change)
  Total read+write:                  128638|128638               (No change)
  Estimated Cycles:                  166174|166174               (No change)
perf_gate_iai::perf_gate::dealloc_free_only_16b_n16
  Instructions:                       75196|75196                (No change)
  L1 Hits:                           127950|127950               (No change)
  L2 Hits:                              187|187                  (No change)
  RAM Hits:                            1082|1082                 (No change)
  Total read+write:                  129219|129219               (No change)
  Estimated Cycles:                  166755|166755               (No change)
perf_gate_iai::perf_gate::dealloc_free_only_16b_n17
  Instructions:                       76006|76006                (No change)
  L1 Hits:                           128970|128970               (No change)
  L2 Hits:                              187|187                  (No change)
  RAM Hits:                            1107|1107                 (No change)
  Total read+write:                  130264|130264               (No change)
  Estimated Cycles:                  168650|168650               (No change)
perf_gate_iai::perf_gate::dealloc_free_only_16b_n32
  Instructions:                       77722|77722                (No change)
  L1 Hits:                           131170|131170               (No change)
  L2 Hits:                              187|187                  (No change)
  RAM Hits:                            1108|1108                 (No change)
  Total read+write:                  132465|132465               (No change)
  Estimated Cycles:                  170885|170885               (No change)
perf_gate_iai::perf_gate::dealloc_flush_class_only_16b_prefix
  Instructions:                       54562|54562                (No change)
  L1 Hits:                           100331|100331               (No change)
  L2 Hits:                              188|188                  (No change)
  RAM Hits:                            1081|1081                 (No change)
  Total read+write:                  101600|101600               (No change)
  Estimated Cycles:                  139106|139106               (No change)
perf_gate_iai::perf_gate::dealloc_flush_class_only_16b
  Instructions:                       55067|55067                (No change)
  L1 Hits:                           100964|100964               (No change)
  L2 Hits:                              188|188                  (No change)
  RAM Hits:                            1101|1101                 (No change)
  Total read+write:                  102253|102253               (No change)
  Estimated Cycles:                  140439|140439               (No change)
perf_gate_iai::perf_gate::alloc_clear_magazine_only_16b_prefix
  Instructions:                       55078|55078                (No change)
  L1 Hits:                           100993|100993               (No change)
  L2 Hits:                              188|188                  (No change)
  RAM Hits:                            1078|1078                 (No change)
  Total read+write:                  102259|102259               (No change)
  Estimated Cycles:                  139663|139663               (No change)
perf_gate_iai::perf_gate::alloc_clear_magazine_only_16b
  Instructions:                       55451|55451                (No change)
  L1 Hits:                           101431|101431               (No change)
  L2 Hits:                              188|188                  (No change)
  RAM Hits:                            1079|1079                 (No change)
  Total read+write:                  102698|102698               (No change)
  Estimated Cycles:                  140136|140136               (No change)
perf_gate_iai::perf_gate::alloc_zeroed_calloc_virgin_64k_prefix
  Instructions:                           3|3                    (No change)
  L1 Hits:                                4|4                    (No change)
  L2 Hits:                                0|0                    (No change)
  RAM Hits:                               1|1                    (No change)
  Total read+write:                       5|5                    (No change)
  Estimated Cycles:                      39|39                   (No change)
perf_gate_iai::perf_gate::alloc_zeroed_calloc_virgin_64k
  Instructions:                           3|3                    (No change)
  L1 Hits:                                4|4                    (No change)
  L2 Hits:                                0|0                    (No change)
  RAM Hits:                               1|1                    (No change)
  Total read+write:                       5|5                    (No change)
  Estimated Cycles:                      39|39                   (No change)
perf_gate_iai::perf_gate::alloc_zeroed_calloc_recycled_64k_prefix
  Instructions:                           3|3                    (No change)
  L1 Hits:                                4|4                    (No change)
  L2 Hits:                                0|0                    (No change)
  RAM Hits:                               1|1                    (No change)
  Total read+write:                       5|5                    (No change)
  Estimated Cycles:                      39|39                   (No change)
perf_gate_iai::perf_gate::alloc_zeroed_calloc_recycled_64k
  Instructions:                           3|3                    (No change)
  L1 Hits:                                4|4                    (No change)
  L2 Hits:                                0|0                    (No change)
  RAM Hits:                               1|1                    (No change)
  Total read+write:                       5|5                    (No change)
  Estimated Cycles:                      39|39                   (No change)
perf_gate_iai::perf_gate::dealloc_prealloc_only_1088_16b
  Instructions:                      517435|517435               (No change)
  L1 Hits:                           726360|726360               (No change)
  L2 Hits:                              195|195                  (No change)
  RAM Hits:                            1204|1204                 (No change)
  Total read+write:                  727759|727759               (No change)
  Estimated Cycles:                  769475|769475               (No change)
perf_gate_iai::perf_gate::dealloc_free_only_1088_16b_n17
  Instructions:                      519293|519293               (No change)
  L1 Hits:                           728717|728717               (No change)
  L2 Hits:                              195|195                  (No change)
  RAM Hits:                            1233|1233                 (No change)
  Total read+write:                  730145|730145               (No change)
  Estimated Cycles:                  772847|772847               (No change)
perf_gate_iai::perf_gate::dealloc_free_only_1088_16b_n32
  Instructions:                      521009|521009               (No change)
  L1 Hits:                           730913|730913               (No change)
  L2 Hits:                              195|195                  (No change)
  RAM Hits:                            1238|1238                 (No change)
  Total read+write:                  732346|732346               (No change)
  Estimated Cycles:                  775218|775218               (No change)
perf_gate_iai::perf_gate::dealloc_free_only_1088_16b_n64
  Instructions:                      526053|526053               (No change)
  L1 Hits:                           737385|737385               (No change)
  L2 Hits:                              195|195                  (No change)
  RAM Hits:                            1246|1246                 (No change)
  Total read+write:                  738826|738826               (No change)
  Estimated Cycles:                  781970|781970               (No change)
perf_gate_iai::perf_gate::dealloc_free_only_1088_16b_n256
  Instructions:                      556317|556317               (No change)
  L1 Hits:                           776219|776219               (No change)
  L2 Hits:                              195|195                  (No change)
  RAM Hits:                            1292|1292                 (No change)
  Total read+write:                  777706|777706               (No change)
  Estimated Cycles:                  822414|822414               (No change)
perf_gate_iai::perf_gate::dealloc_free_only_1088_16b_n1024
  Instructions:                      677373|677373               (No change)
  L1 Hits:                           931537|931537               (No change)
  L2 Hits:                              205|205                  (No change)
  RAM Hits:                            1484|1484                 (No change)
  Total read+write:                  933226|933226               (No change)
  Estimated Cycles:                  984502|984502               (No change)
perf_gate_iai::perf_gate::dealloc_realloc_burst_1088_16b_n17
  Instructions:                      526495|526495               (No change)
  L1 Hits:                           738329|738329               (No change)
  L2 Hits:                              197|197                  (No change)
  RAM Hits:                            1249|1249                 (No change)
  Total read+write:                  739775|739775               (No change)
  Estimated Cycles:                  783029|783029               (No change)
perf_gate_iai::perf_gate::oscillating_live_set_16b
  Instructions:                       91318|91318                (No change)
  L1 Hits:                           147252|147252               (No change)
  L2 Hits:                              188|188                  (No change)
  RAM Hits:                            1107|1107                 (No change)
  Total read+write:                  148547|148547               (No change)
  Estimated Cycles:                  186937|186937               (No change)
perf_gate_iai::perf_gate::carve_batch_only_16b
  Instructions:                        3238|3238                 (No change)
  L1 Hits:                             3870|3870                 (No change)
  L2 Hits:                               49|49                   (No change)
  RAM Hits:                             112|112                  (No change)
  Total read+write:                    4031|4031                 (No change)
  Estimated Cycles:                    8035|8035                 (No change)
perf_gate_iai::perf_gate::carve_batch_only_16b_2n
  Instructions:                        9139|9139                 (No change)
  L1 Hits:                            13892|13892                (No change)
  L2 Hits:                               81|81                   (No change)
  RAM Hits:                             116|116                  (No change)
  Total read+write:                   14089|14089                (No change)
  Estimated Cycles:                   18357|18357                (No change)
perf_gate_iai::perf_gate::dealloc_batch_fresh_16_16b
  Instructions:                           3|3                    (No change)
  L1 Hits:                                4|4                    (No change)
  L2 Hits:                                0|0                    (No change)
  RAM Hits:                               1|1                    (No change)
  Total read+write:                       5|5                    (No change)
  Estimated Cycles:                      39|39                   (No change)
perf_gate_iai::perf_gate::dealloc_batch_fresh_64_16b
  Instructions:                           3|3                    (No change)
  L1 Hits:                                4|4                    (No change)
  L2 Hits:                                0|0                    (No change)
  RAM Hits:                               1|1                    (No change)
  Total read+write:                       5|5                    (No change)
  Estimated Cycles:                      39|39                   (No change)
perf_gate_iai::perf_gate::dealloc_batch_fresh_80_16b
  Instructions:                           3|3                    (No change)
  L1 Hits:                                4|4                    (No change)
  L2 Hits:                                0|0                    (No change)
  RAM Hits:                               1|1                    (No change)
  Total read+write:                       5|5                    (No change)
  Estimated Cycles:                      39|39                   (No change)
perf_gate_iai::perf_gate::dealloc_batch_fresh_81_16b
  Instructions:                           3|3                    (No change)
  L1 Hits:                                4|4                    (No change)
  L2 Hits:                                0|0                    (No change)
  RAM Hits:                               1|1                    (No change)
  Total read+write:                       5|5                    (No change)
  Estimated Cycles:                      39|39                   (No change)
perf_gate_iai::perf_gate::dealloc_batch_fresh_128_16b
  Instructions:                           3|3                    (No change)
  L1 Hits:                                4|4                    (No change)
  L2 Hits:                                0|0                    (No change)
  RAM Hits:                               1|1                    (No change)
  Total read+write:                       5|5                    (No change)
  Estimated Cycles:                      39|39                   (No change)
perf_gate_iai::perf_gate::dealloc_batch_fresh_200_16b
  Instructions:                           3|3                    (No change)
  L1 Hits:                                4|4                    (No change)
  L2 Hits:                                0|0                    (No change)
  RAM Hits:                               1|1                    (No change)
  Total read+write:                       5|5                    (No change)
  Estimated Cycles:                      39|39                   (No change)
perf_gate_iai::perf_gate::dealloc_batch_fresh_512_16b
  Instructions:                           3|3                    (No change)
  L1 Hits:                                4|4                    (No change)
  L2 Hits:                                0|0                    (No change)
  RAM Hits:                               1|1                    (No change)
  Total read+write:                       5|5                    (No change)
  Estimated Cycles:                      39|39                   (No change)
perf_gate_iai::perf_gate::dealloc_batch_fresh_1024_16b
  Instructions:                           3|3                    (No change)
  L1 Hits:                                4|4                    (No change)
  L2 Hits:                                0|0                    (No change)
  RAM Hits:                               1|1                    (No change)
  Total read+write:                       5|5                    (No change)
  Estimated Cycles:                      39|39                   (No change)
perf_gate_iai::perf_gate::dealloc_batch_fresh_0_16b
  Instructions:                           3|3                    (No change)
  L1 Hits:                                4|4                    (No change)
  L2 Hits:                                0|0                    (No change)
  RAM Hits:                               1|1                    (No change)
  Total read+write:                       5|5                    (No change)
  Estimated Cycles:                      39|39                   (No change)
perf_gate_iai::perf_gate::dealloc_batch_fresh_1_16b
  Instructions:                           3|3                    (No change)
  L1 Hits:                                4|4                    (No change)
  L2 Hits:                                0|0                    (No change)
  RAM Hits:                               1|1                    (No change)
  Total read+write:                       5|5                    (No change)
  Estimated Cycles:                      39|39                   (No change)
perf_gate_iai::perf_gate::dealloc_batch_fresh_8_16b
  Instructions:                           3|3                    (No change)
  L1 Hits:                                4|4                    (No change)
  L2 Hits:                                0|0                    (No change)
  RAM Hits:                               1|1                    (No change)
  Total read+write:                       5|5                    (No change)
  Estimated Cycles:                      39|39                   (No change)
perf_gate_iai::perf_gate::dealloc_batch_fresh_17_16b
  Instructions:                           3|3                    (No change)
  L1 Hits:                                4|4                    (No change)
  L2 Hits:                                0|0                    (No change)
  RAM Hits:                               1|1                    (No change)
  Total read+write:                       5|5                    (No change)
  Estimated Cycles:                      39|39                   (No change)
perf_gate_iai::perf_gate::medium_class_dealloc_churn_16b
  Instructions:                       60641|60641                (No change)
  L1 Hits:                           108076|108076               (No change)
  L2 Hits:                              209|209                  (No change)
  RAM Hits:                            1099|1099                 (No change)
  Total read+write:                  109384|109384               (No change)
  Estimated Cycles:                  147586|147586               (No change)
perf_gate_iai::perf_gate::aligned_churn_640b_a128
  Instructions:                       60635|60635                (No change)
  L1 Hits:                           108072|108072               (No change)
  L2 Hits:                              208|208                  (No change)
  RAM Hits:                            1100|1100                 (No change)
  Total read+write:                  109380|109380               (No change)
  Estimated Cycles:                  147612|147612               (No change)
perf_gate_iai::perf_gate::large_alloc_free_cycle
  Instructions:                       49922|49922                (No change)
  L1 Hits:                            94258|94258                (No change)
  L2 Hits:                              187|187                  (No change)
  RAM Hits:                            1104|1104                 (No change)
  Total read+write:                   95549|95549                (No change)
  Estimated Cycles:                  133833|133833               (No change)
perf_gate_iai::perf_gate::large_cache_prefill_only_4mib
  Instructions:                       58908|58908                (No change)
  L1 Hits:                           107204|107204               (No change)
  L2 Hits:                              167|167                  (No change)
  RAM Hits:                            1095|1095                 (No change)
  Total read+write:                  108466|108466               (No change)
  Estimated Cycles:                  146364|146364               (No change)
perf_gate_iai::perf_gate::large_cache_hit_only_4mib
  Instructions:                       60248|60248                (No change)
  L1 Hits:                           109110|109110               (No change)
  L2 Hits:                              167|167                  (No change)
  RAM Hits:                            1113|1113                 (No change)
  Total read+write:                  110390|110390               (No change)
  Estimated Cycles:                  148900|148900               (No change)
perf_gate_iai::perf_gate::large_cache_free_slot_search_prefill_only
  Instructions:                       63707|63707                (No change)
  L1 Hits:                           113473|113473               (No change)
  L2 Hits:                              167|167                  (No change)
  RAM Hits:                            1216|1216                 (No change)
  Total read+write:                  114856|114856               (No change)
  Estimated Cycles:                  156868|156868               (No change)
perf_gate_iai::perf_gate::large_cache_free_slot_search_cycle_only
  Instructions:                       75260|75260                (No change)
  L1 Hits:                           129844|129844               (No change)
  L2 Hits:                              166|166                  (No change)
  RAM Hits:                            1240|1240                 (No change)
  Total read+write:                  131250|131250               (No change)
  Estimated Cycles:                  174074|174074               (No change)
perf_gate_iai::perf_gate::realloc_grow
  Instructions:                      611778|611778               (No change)
  L1 Hits:                          1234650|1234650              (No change)
  L2 Hits:                             4533|4533                 (No change)
  RAM Hits:                           70958|70958                (No change)
  Total read+write:                 1310141|1310141              (No change)
  Estimated Cycles:                 3740845|3740845              (No change)
perf_gate_iai::perf_gate::cold_alloc_free_256x16b
  Instructions:                      196467|196467               (No change)
  L1 Hits:                           287950|287950               (No change)
  L2 Hits:                              219|219                  (No change)
  RAM Hits:                            1216|1216                 (No change)
  Total read+write:                  289385|289385               (No change)
  Estimated Cycles:                  331605|331605               (No change)
perf_gate_iai::perf_gate::cold_alloc_free_256x16b_2n
  Instructions:                      351181|351181               (No change)
  L1 Hits:                           495302|495302               (No change)
  L2 Hits:                              251|251                  (No change)
  RAM Hits:                            1312|1312                 (No change)
  Total read+write:                  496865|496865               (No change)
  Estimated Cycles:                  542477|542477               (No change)
perf_gate_iai::perf_gate::cold_alloc_free_256x16b_4n
  Instructions:                      659049|659049               (No change)
  L1 Hits:                           905244|905244               (No change)
  L2 Hits:                              324|324                  (No change)
  RAM Hits:                            1504|1504                 (No change)
  Total read+write:                  907072|907072               (No change)
  Estimated Cycles:                  959504|959504               (No change)
perf_gate_iai::perf_gate::cold_alloc_only_256x16b
  Instructions:                      156554|156554               (No change)
  L1 Hits:                           236867|236867               (No change)
  L2 Hits:                              218|218                  (No change)
  RAM Hits:                            1122|1122                 (No change)
  Total read+write:                  238207|238207               (No change)
  Estimated Cycles:                  277227|277227               (No change)
perf_gate_iai::perf_gate::cold_alloc_only_256x16b_2n
  Instructions:                      269892|269892               (No change)
  L1 Hits:                           391230|391230               (No change)
  L2 Hits:                              249|249                  (No change)
  RAM Hits:                            1152|1152                 (No change)
  Total read+write:                  392631|392631               (No change)
  Estimated Cycles:                  432795|432795               (No change)
perf_gate_iai::perf_gate::cold_alloc_only_256x16b_4n
  Instructions:                      495008|495008               (No change)
  L1 Hits:                           695191|695191               (No change)
  L2 Hits:                              316|316                  (No change)
  RAM Hits:                            1219|1219                 (No change)
  Total read+write:                  696726|696726               (No change)
  Estimated Cycles:                  739436|739436               (No change)
perf_gate_iai::perf_gate::cold_alloc_free_256x64b
  Instructions:                      197322|197322               (No change)
  L1 Hits:                           288963|288963               (No change)
  L2 Hits:                              220|220                  (No change)
  RAM Hits:                            1396|1396                 (No change)
  Total read+write:                  290579|290579               (No change)
  Estimated Cycles:                  338923|338923               (No change)
perf_gate_iai::perf_gate::recycle_alloc_free_256x16b
  Instructions:                      307240|307240               (No change)
  L1 Hits:                           433360|433360               (No change)
  L2 Hits:                              218|218                  (No change)
  RAM Hits:                            1224|1224                 (No change)
  Total read+write:                  434802|434802               (No change)
  Estimated Cycles:                  477290|477290               (No change)
perf_gate_iai::perf_gate::recycle_alloc_only_256x16b
  Instructions:                      266338|266338               (No change)
  L1 Hits:                           380328|380328               (No change)
  L2 Hits:                              218|218                  (No change)
  RAM Hits:                            1222|1222                 (No change)
  Total read+write:                  381768|381768               (No change)
  Estimated Cycles:                  424188|424188               (No change)
perf_gate_iai::perf_gate::recycle_alloc_free_256x64b
  Instructions:                      308095|308095               (No change)
  L1 Hits:                           434352|434352               (No change)
  L2 Hits:                              226|226                  (No change)
  RAM Hits:                            1418|1418                 (No change)
  Total read+write:                  435996|435996               (No change)
  Estimated Cycles:                  485112|485112               (No change)
perf_gate_iai::perf_gate::churn_256b
  Instructions:                       60629|60629                (No change)
  L1 Hits:                           108060|108060               (No change)
  L2 Hits:                              206|206                  (No change)
  RAM Hits:                            1098|1098                 (No change)
  Total read+write:                  109364|109364               (No change)
  Estimated Cycles:                  147520|147520               (No change)
perf_gate_iai::perf_gate::churn_write_256b
  Instructions:                       60821|60821                (No change)
  L1 Hits:                           108379|108379               (No change)
  L2 Hits:                              205|205                  (No change)
  RAM Hits:                            1100|1100                 (No change)
  Total read+write:                  109684|109684               (No change)
  Estimated Cycles:                  147904|147904               (No change)
perf_gate_iai::perf_gate::multiseg_cold_256k
  Instructions:                     4200265|4200265              (No change)
  L1 Hits:                          5648872|5648872              (No change)
  L2 Hits:                            36899|36899                (No change)
  RAM Hits:                            2601|2601                 (No change)
  Total read+write:                 5688372|5688372              (No change)
  Estimated Cycles:                 5924402|5924402              (No change)
perf_gate_iai::perf_gate::seg_cycle_decommit_256k
  Instructions:                    12858979|12858979             (No change)
  L1 Hits:                         17120138|17120138             (No change)
  L2 Hits:                           116027|116027               (No change)
  RAM Hits:                            2601|2601                 (No change)
  Total read+write:                17238766|17238766             (No change)
  Estimated Cycles:                17791308|17791308             (No change)
perf_gate_iai::perf_gate::mimalloc_small_churn_16b
  Instructions:                       16629|16629                (No change)
  L1 Hits:                            21440|21440                (No change)
  L2 Hits:                               55|55                   (No change)
  RAM Hits:                             503|503                  (No change)
  Total read+write:                   21998|21998                (No change)
  Estimated Cycles:                   39320|39320                (No change)
perf_gate_iai::perf_gate::mimalloc_small_churn_16b_2n
  Instructions:                       21557|21557                (No change)
  L1 Hits:                            27903|27903                (No change)
  L2 Hits:                               56|56                   (No change)
  RAM Hits:                             503|503                  (No change)
  Total read+write:                   28462|28462                (No change)
  Estimated Cycles:                   45788|45788                (No change)
perf_gate_iai::perf_gate::mimalloc_churn_256b
  Instructions:                       16130|16130                (No change)
  L1 Hits:                            20951|20951                (No change)
  L2 Hits:                               58|58                   (No change)
  RAM Hits:                             458|458                  (No change)
  Total read+write:                   21467|21467                (No change)
  Estimated Cycles:                   37271|37271                (No change)
perf_gate_iai::perf_gate::mimalloc_cold_alloc_free_256x16b
  Instructions:                       32325|32325                (No change)
  L1 Hits:                            41791|41791                (No change)
  L2 Hits:                               80|80                   (No change)
  RAM Hits:                             504|504                  (No change)
  Total read+write:                   42375|42375                (No change)
  Estimated Cycles:                   59831|59831                (No change)
perf_gate_iai::perf_gate::mimalloc_cold_alloc_free_256x16b_2n
  Instructions:                       58389|58389                (No change)
  L1 Hits:                            78283|78284                (-0.00128%) [-1.00001x]
  L2 Hits:                              123|122                  (+0.81967%) [+1.00820x]
  RAM Hits:                             585|585                  (No change)
  Total read+write:                   78991|78991                (No change)
  Estimated Cycles:                   99373|99369                (+0.00403%) [+1.00004x]
perf_gate_iai::perf_gate::mimalloc_cold_alloc_free_256x16b_4n
  Instructions:                      106653|106653               (No change)
  L1 Hits:                           143423|143421               (+0.00139%) [+1.00001x]
  L2 Hits:                              212|214                  (-0.93458%) [-1.00943x]
  RAM Hits:                             761|761                  (No change)
  Total read+write:                  144396|144396               (No change)
  Estimated Cycles:                  171118|171126               (-0.00467%) [-1.00005x]
perf_gate_iai::perf_gate::mimalloc_cold_alloc_only_256x16b
  Instructions:                       24584|24584                (No change)
  L1 Hits:                            30966|30966                (No change)
  L2 Hits:                               80|80                   (No change)
  RAM Hits:                             497|497                  (No change)
  Total read+write:                   31543|31543                (No change)
  Estimated Cycles:                   48761|48761                (No change)
perf_gate_iai::perf_gate::mimalloc_cold_alloc_only_256x16b_2n
  Instructions:                       42968|42968                (No change)
  L1 Hits:                            56705|56706                (-0.00176%) [-1.00002x]
  L2 Hits:                              124|123                  (+0.81301%) [+1.00813x]
  RAM Hits:                             578|578                  (No change)
  Total read+write:                   57407|57407                (No change)
  Estimated Cycles:                   77555|77551                (+0.00516%) [+1.00005x]
perf_gate_iai::perf_gate::mimalloc_cold_alloc_only_256x16b_4n
  Instructions:                       75872|75872                (No change)
  L1 Hits:                           100347|100348               (-0.00100%) [-1.00001x]
  L2 Hits:                              206|205                  (+0.48780%) [+1.00488x]
  RAM Hits:                             755|755                  (No change)
  Total read+write:                  101308|101308               (No change)
  Estimated Cycles:                  127802|127798               (+0.00313%) [+1.00003x]
perf_gate_iai::perf_gate::mimalloc_cold_alloc_free_256x64b
  Instructions:                       33329|33329                (No change)
  L1 Hits:                            42945|42945                (No change)
  L2 Hits:                               90|90                   (No change)
  RAM Hits:                             713|713                  (No change)
  Total read+write:                   43748|43748                (No change)
  Estimated Cycles:                   68350|68350                (No change)
perf_gate_iai::perf_gate::mimalloc_recycle_alloc_free_256x16b
  Instructions:                       53020|53020                (No change)
  L1 Hits:                            68697|68697                (No change)
  L2 Hits:                               78|78                   (No change)
  RAM Hits:                             508|508                  (No change)
  Total read+write:                   69283|69283                (No change)
  Estimated Cycles:                   86867|86867                (No change)
perf_gate_iai::perf_gate::mimalloc_recycle_alloc_free_256x64b
  Instructions:                       54024|54024                (No change)
  L1 Hits:                            69851|69851                (No change)
  L2 Hits:                               90|90                   (No change)
  RAM Hits:                             715|715                  (No change)
  Total read+write:                   70656|70656                (No change)
  Estimated Cycles:                   95326|95326                (No change)
perf_gate_iai::perf_gate::mimalloc_bootstrap_proxy
  Instructions:                       13050|13050                (No change)
  L1 Hits:                            16727|16727                (No change)
  L2 Hits:                               64|64                   (No change)
  RAM Hits:                             514|514                  (No change)
  Total read+write:                   17305|17305                (No change)
  Estimated Cycles:                   35037|35037                (No change)
perf_gate_iai::perf_gate::decomp_full_cycle_8x
  Instructions:                      680055|680055               (No change)
  L1 Hits:                          1282296|1282296              (No change)
  L2 Hits:                             6945|6945                 (No change)
  RAM Hits:                            3865|3865                 (No change)
  Total read+write:                 1293106|1293106              (No change)
  Estimated Cycles:                 1452296|1452296              (No change)
perf_gate_iai::perf_gate::decomp_os_roundtrip_8x
  Instructions:                         861|861                  (No change)
  L1 Hits:                             1166|1166                 (No change)
  L2 Hits:                                1|1                    (No change)
  RAM Hits:                              25|25                   (No change)
  Total read+write:                    1192|1192                 (No change)
  Estimated Cycles:                    2046|2046                 (No change)

Iai-Callgrind result: Ok. 85 without regressions; 0 regressed; 85 benchmarks finished in 27.6515s
