[paired-ab] --config has no "build" step; assuming arm commands are already built.

[paired-ab] after vs after — 20 pairs, A/B/B/A protocol
RESULT k=16
RESULT rotating_rounds=8192
RESULT table_count_at_floor=17
RESULT oracle1_pass=1
RESULT config_conflicts_delta=0
RESULT tier1_hits=0
RESULT tier1_misses=131072
RESULT tier1_total=131072
RESULT expected_total=131072
RESULT oracle2_pass=1
RESULT tier1_hit_rate_pct=0
RESULT churn_elapsed_ns=3732000
RESULT ns_per_op=28.472900390625
OK k=16 rounds=8192 table_count=17 oracle1=PASS cfg_conflicts_delta=0 tier1_hits=0 tier1_misses=131072 hit_rate=0.00% oracle2=PASS ns_per_op=28.5
.RESULT k=16
RESULT rotating_rounds=8192
RESULT table_count_at_floor=17
RESULT oracle1_pass=1
RESULT config_conflicts_delta=0
RESULT tier1_hits=0
RESULT tier1_misses=131072
RESULT tier1_total=131072
RESULT expected_total=131072
RESULT oracle2_pass=1
RESULT tier1_hit_rate_pct=0
RESULT churn_elapsed_ns=3677300
RESULT ns_per_op=28.055572509765625
OK k=16 rounds=8192 table_count=17 oracle1=PASS cfg_conflicts_delta=0 tier1_hits=0 tier1_misses=131072 hit_rate=0.00% oracle2=PASS ns_per_op=28.1
.RESULT k=16
RESULT rotating_rounds=8192
RESULT table_count_at_floor=17
RESULT oracle1_pass=1
RESULT config_conflicts_delta=0
RESULT tier1_hits=0
RESULT tier1_misses=131072
RESULT tier1_total=131072
RESULT expected_total=131072
RESULT oracle2_pass=1
RESULT tier1_hit_rate_pct=0
RESULT churn_elapsed_ns=8561600
RESULT ns_per_op=65.31982421875
OK k=16 rounds=8192 table_count=17 oracle1=PASS cfg_conflicts_delta=0 tier1_hits=0 tier1_misses=131072 hit_rate=0.00% oracle2=PASS ns_per_op=65.3
.RESULT k=16
RESULT rotating_rounds=8192
RESULT table_count_at_floor=17
RESULT oracle1_pass=1
RESULT config_conflicts_delta=0
RESULT tier1_hits=0
RESULT tier1_misses=131072
RESULT tier1_total=131072
RESULT expected_total=131072
RESULT oracle2_pass=1
RESULT tier1_hit_rate_pct=0
RESULT churn_elapsed_ns=3869000
RESULT ns_per_op=29.51812744140625
OK k=16 rounds=8192 table_count=17 oracle1=PASS cfg_conflicts_delta=0 tier1_hits=0 tier1_misses=131072 hit_rate=0.00% oracle2=PASS ns_per_op=29.5
.RESULT k=16
RESULT rotating_rounds=8192
RESULT table_count_at_floor=17
RESULT oracle1_pass=1
RESULT config_conflicts_delta=0
RESULT tier1_hits=0
RESULT tier1_misses=131072
RESULT tier1_total=131072
RESULT expected_total=131072
RESULT oracle2_pass=1
RESULT tier1_hit_rate_pct=0
RESULT churn_elapsed_ns=4053400
RESULT ns_per_op=30.92498779296875
OK k=16 rounds=8192 table_count=17 oracle1=PASS cfg_conflicts_delta=0 tier1_hits=0 tier1_misses=131072 hit_rate=0.00% oracle2=PASS ns_per_op=30.9
.RESULT k=16
RESULT rotating_rounds=8192
RESULT table_count_at_floor=17
RESULT oracle1_pass=1
RESULT config_conflicts_delta=0
RESULT tier1_hits=0
RESULT tier1_misses=131072
RESULT tier1_total=131072
RESULT expected_total=131072
RESULT oracle2_pass=1
RESULT tier1_hit_rate_pct=0
RESULT churn_elapsed_ns=3818600
RESULT ns_per_op=29.13360595703125
OK k=16 rounds=8192 table_count=17 oracle1=PASS cfg_conflicts_delta=0 tier1_hits=0 tier1_misses=131072 hit_rate=0.00% oracle2=PASS ns_per_op=29.1
.RESULT k=16
RESULT rotating_rounds=8192
RESULT table_count_at_floor=17
RESULT oracle1_pass=1
RESULT config_conflicts_delta=0
RESULT tier1_hits=0
RESULT tier1_misses=131072
RESULT tier1_total=131072
RESULT expected_total=131072
RESULT oracle2_pass=1
RESULT tier1_hit_rate_pct=0
RESULT churn_elapsed_ns=3971500
RESULT ns_per_op=30.300140380859375
OK k=16 rounds=8192 table_count=17 oracle1=PASS cfg_conflicts_delta=0 tier1_hits=0 tier1_misses=131072 hit_rate=0.00% oracle2=PASS ns_per_op=30.3
.RESULT k=16
RESULT rotating_rounds=8192
RESULT table_count_at_floor=17
RESULT oracle1_pass=1
RESULT config_conflicts_delta=0
RESULT tier1_hits=0
RESULT tier1_misses=131072
RESULT tier1_total=131072
RESULT expected_total=131072
RESULT oracle2_pass=1
RESULT tier1_hit_rate_pct=0
RESULT churn_elapsed_ns=3977900
RESULT ns_per_op=30.348968505859375
OK k=16 rounds=8192 table_count=17 oracle1=PASS cfg_conflicts_delta=0 tier1_hits=0 tier1_misses=131072 hit_rate=0.00% oracle2=PASS ns_per_op=30.3
.RESULT k=16
RESULT rotating_rounds=8192
RESULT table_count_at_floor=17
RESULT oracle1_pass=1
RESULT config_conflicts_delta=0
RESULT tier1_hits=0
RESULT tier1_misses=131072
RESULT tier1_total=131072
RESULT expected_total=131072
RESULT oracle2_pass=1
RESULT tier1_hit_rate_pct=0
RESULT churn_elapsed_ns=3808600
RESULT ns_per_op=29.05731201171875
OK k=16 rounds=8192 table_count=17 oracle1=PASS cfg_conflicts_delta=0 tier1_hits=0 tier1_misses=131072 hit_rate=0.00% oracle2=PASS ns_per_op=29.1
.RESULT k=16
RESULT rotating_rounds=8192
RESULT table_count_at_floor=17
RESULT oracle1_pass=1
RESULT config_conflicts_delta=0
RESULT tier1_hits=0
RESULT tier1_misses=131072
RESULT tier1_total=131072
RESULT expected_total=131072
RESULT oracle2_pass=1
RESULT tier1_hit_rate_pct=0
RESULT churn_elapsed_ns=3881900
RESULT ns_per_op=29.616546630859375
OK k=16 rounds=8192 table_count=17 oracle1=PASS cfg_conflicts_delta=0 tier1_hits=0 tier1_misses=131072 hit_rate=0.00% oracle2=PASS ns_per_op=29.6
.RESULT k=16
RESULT rotating_rounds=8192
RESULT table_count_at_floor=17
RESULT oracle1_pass=1
RESULT config_conflicts_delta=0
RESULT tier1_hits=0
RESULT tier1_misses=131072
RESULT tier1_total=131072
RESULT expected_total=131072
RESULT oracle2_pass=1
RESULT tier1_hit_rate_pct=0
RESULT churn_elapsed_ns=3691300
RESULT ns_per_op=28.162384033203125
OK k=16 rounds=8192 table_count=17 oracle1=PASS cfg_conflicts_delta=0 tier1_hits=0 tier1_misses=131072 hit_rate=0.00% oracle2=PASS ns_per_op=28.2
.RESULT k=16
RESULT rotating_rounds=8192
RESULT table_count_at_floor=17
RESULT oracle1_pass=1
RESULT config_conflicts_delta=0
RESULT tier1_hits=0
RESULT tier1_misses=131072
RESULT tier1_total=131072
RESULT expected_total=131072
RESULT oracle2_pass=1
RESULT tier1_hit_rate_pct=0
RESULT churn_elapsed_ns=3922200
RESULT ns_per_op=29.92401123046875
OK k=16 rounds=8192 table_count=17 oracle1=PASS cfg_conflicts_delta=0 tier1_hits=0 tier1_misses=131072 hit_rate=0.00% oracle2=PASS ns_per_op=29.9
.RESULT k=16
RESULT rotating_rounds=8192
RESULT table_count_at_floor=17
RESULT oracle1_pass=1
RESULT config_conflicts_delta=0
RESULT tier1_hits=0
RESULT tier1_misses=131072
RESULT tier1_total=131072
RESULT expected_total=131072
RESULT oracle2_pass=1
RESULT tier1_hit_rate_pct=0
RESULT churn_elapsed_ns=4164400
RESULT ns_per_op=31.7718505859375
OK k=16 rounds=8192 table_count=17 oracle1=PASS cfg_conflicts_delta=0 tier1_hits=0 tier1_misses=131072 hit_rate=0.00% oracle2=PASS ns_per_op=31.8
.RESULT k=16
RESULT rotating_rounds=8192
RESULT table_count_at_floor=17
RESULT oracle1_pass=1
RESULT config_conflicts_delta=0
RESULT tier1_hits=0
RESULT tier1_misses=131072
RESULT tier1_total=131072
RESULT expected_total=131072
RESULT oracle2_pass=1
RESULT tier1_hit_rate_pct=0
RESULT churn_elapsed_ns=5284800
RESULT ns_per_op=40.31982421875
OK k=16 rounds=8192 table_count=17 oracle1=PASS cfg_conflicts_delta=0 tier1_hits=0 tier1_misses=131072 hit_rate=0.00% oracle2=PASS ns_per_op=40.3
.RESULT k=16
RESULT rotating_rounds=8192
RESULT table_count_at_floor=17
RESULT oracle1_pass=1
RESULT config_conflicts_delta=0
RESULT tier1_hits=0
RESULT tier1_misses=131072
RESULT tier1_total=131072
RESULT expected_total=131072
RESULT oracle2_pass=1
RESULT tier1_hit_rate_pct=0
RESULT churn_elapsed_ns=4125700
RESULT ns_per_op=31.476593017578125
OK k=16 rounds=8192 table_count=17 oracle1=PASS cfg_conflicts_delta=0 tier1_hits=0 tier1_misses=131072 hit_rate=0.00% oracle2=PASS ns_per_op=31.5
.RESULT k=16
RESULT rotating_rounds=8192
RESULT table_count_at_floor=17
RESULT oracle1_pass=1
RESULT config_conflicts_delta=0
RESULT tier1_hits=0
RESULT tier1_misses=131072
RESULT tier1_total=131072
RESULT expected_total=131072
RESULT oracle2_pass=1
RESULT tier1_hit_rate_pct=0
RESULT churn_elapsed_ns=4160400
RESULT ns_per_op=31.7413330078125
OK k=16 rounds=8192 table_count=17 oracle1=PASS cfg_conflicts_delta=0 tier1_hits=0 tier1_misses=131072 hit_rate=0.00% oracle2=PASS ns_per_op=31.7
.RESULT k=16
RESULT rotating_rounds=8192
RESULT table_count_at_floor=17
RESULT oracle1_pass=1
RESULT config_conflicts_delta=0
RESULT tier1_hits=0
RESULT tier1_misses=131072
RESULT tier1_total=131072
RESULT expected_total=131072
RESULT oracle2_pass=1
RESULT tier1_hit_rate_pct=0
RESULT churn_elapsed_ns=4278400
RESULT ns_per_op=32.6416015625
OK k=16 rounds=8192 table_count=17 oracle1=PASS cfg_conflicts_delta=0 tier1_hits=0 tier1_misses=131072 hit_rate=0.00% oracle2=PASS ns_per_op=32.6
.RESULT k=16
RESULT rotating_rounds=8192
RESULT table_count_at_floor=17
RESULT oracle1_pass=1
RESULT config_conflicts_delta=0
RESULT tier1_hits=0
RESULT tier1_misses=131072
RESULT tier1_total=131072
RESULT expected_total=131072
RESULT oracle2_pass=1
RESULT tier1_hit_rate_pct=0
RESULT churn_elapsed_ns=3592600
RESULT ns_per_op=27.40936279296875
OK k=16 rounds=8192 table_count=17 oracle1=PASS cfg_conflicts_delta=0 tier1_hits=0 tier1_misses=131072 hit_rate=0.00% oracle2=PASS ns_per_op=27.4
.RESULT k=16
RESULT rotating_rounds=8192
RESULT table_count_at_floor=17
RESULT oracle1_pass=1
RESULT config_conflicts_delta=0
RESULT tier1_hits=0
RESULT tier1_misses=131072
RESULT tier1_total=131072
RESULT expected_total=131072
RESULT oracle2_pass=1
RESULT tier1_hit_rate_pct=0
RESULT churn_elapsed_ns=4916400
RESULT ns_per_op=37.5091552734375
OK k=16 rounds=8192 table_count=17 oracle1=PASS cfg_conflicts_delta=0 tier1_hits=0 tier1_misses=131072 hit_rate=0.00% oracle2=PASS ns_per_op=37.5
.RESULT k=16
RESULT rotating_rounds=8192
RESULT table_count_at_floor=17
RESULT oracle1_pass=1
RESULT config_conflicts_delta=0
RESULT tier1_hits=0
RESULT tier1_misses=131072
RESULT tier1_total=131072
RESULT expected_total=131072
RESULT oracle2_pass=1
RESULT tier1_hit_rate_pct=0
RESULT churn_elapsed_ns=3911300
RESULT ns_per_op=29.840850830078125
OK k=16 rounds=8192 table_count=17 oracle1=PASS cfg_conflicts_delta=0 tier1_hits=0 tier1_misses=131072 hit_rate=0.00% oracle2=PASS ns_per_op=29.8
.RESULT k=16
RESULT rotating_rounds=8192
RESULT table_count_at_floor=17
RESULT oracle1_pass=1
RESULT config_conflicts_delta=0
RESULT tier1_hits=0
RESULT tier1_misses=131072
RESULT tier1_total=131072
RESULT expected_total=131072
RESULT oracle2_pass=1
RESULT tier1_hit_rate_pct=0
RESULT churn_elapsed_ns=3947900
RESULT ns_per_op=30.120086669921875
OK k=16 rounds=8192 table_count=17 oracle1=PASS cfg_conflicts_delta=0 tier1_hits=0 tier1_misses=131072 hit_rate=0.00% oracle2=PASS ns_per_op=30.1
.RESULT k=16
RESULT rotating_rounds=8192
RESULT table_count_at_floor=17
RESULT oracle1_pass=1
RESULT config_conflicts_delta=0
RESULT tier1_hits=0
RESULT tier1_misses=131072
RESULT tier1_total=131072
RESULT expected_total=131072
RESULT oracle2_pass=1
RESULT tier1_hit_rate_pct=0
RESULT churn_elapsed_ns=3799400
RESULT ns_per_op=28.98712158203125
OK k=16 rounds=8192 table_count=17 oracle1=PASS cfg_conflicts_delta=0 tier1_hits=0 tier1_misses=131072 hit_rate=0.00% oracle2=PASS ns_per_op=29.0
.RESULT k=16
RESULT rotating_rounds=8192
RESULT table_count_at_floor=17
RESULT oracle1_pass=1
RESULT config_conflicts_delta=0
RESULT tier1_hits=0
RESULT tier1_misses=131072
RESULT tier1_total=131072
RESULT expected_total=131072
RESULT oracle2_pass=1
RESULT tier1_hit_rate_pct=0
RESULT churn_elapsed_ns=3420600
RESULT ns_per_op=26.09710693359375
OK k=16 rounds=8192 table_count=17 oracle1=PASS cfg_conflicts_delta=0 tier1_hits=0 tier1_misses=131072 hit_rate=0.00% oracle2=PASS ns_per_op=26.1
.RESULT k=16
RESULT rotating_rounds=8192
RESULT table_count_at_floor=17
RESULT oracle1_pass=1
RESULT config_conflicts_delta=0
RESULT tier1_hits=0
RESULT tier1_misses=131072
RESULT tier1_total=131072
RESULT expected_total=131072
RESULT oracle2_pass=1
RESULT tier1_hit_rate_pct=0
RESULT churn_elapsed_ns=3933600
RESULT ns_per_op=30.010986328125
OK k=16 rounds=8192 table_count=17 oracle1=PASS cfg_conflicts_delta=0 tier1_hits=0 tier1_misses=131072 hit_rate=0.00% oracle2=PASS ns_per_op=30.0
.RESULT k=16
RESULT rotating_rounds=8192
RESULT table_count_at_floor=17
RESULT oracle1_pass=1
RESULT config_conflicts_delta=0
RESULT tier1_hits=0
RESULT tier1_misses=131072
RESULT tier1_total=131072
RESULT expected_total=131072
RESULT oracle2_pass=1
RESULT tier1_hit_rate_pct=0
RESULT churn_elapsed_ns=4107900
RESULT ns_per_op=31.340789794921875
OK k=16 rounds=8192 table_count=17 oracle1=PASS cfg_conflicts_delta=0 tier1_hits=0 tier1_misses=131072 hit_rate=0.00% oracle2=PASS ns_per_op=31.3
.RESULT k=16
RESULT rotating_rounds=8192
RESULT table_count_at_floor=17
RESULT oracle1_pass=1
RESULT config_conflicts_delta=0
RESULT tier1_hits=0
RESULT tier1_misses=131072
RESULT tier1_total=131072
RESULT expected_total=131072
RESULT oracle2_pass=1
RESULT tier1_hit_rate_pct=0
RESULT churn_elapsed_ns=3720700
RESULT ns_per_op=28.386688232421875
OK k=16 rounds=8192 table_count=17 oracle1=PASS cfg_conflicts_delta=0 tier1_hits=0 tier1_misses=131072 hit_rate=0.00% oracle2=PASS ns_per_op=28.4
.RESULT k=16
RESULT rotating_rounds=8192
RESULT table_count_at_floor=17
RESULT oracle1_pass=1
RESULT config_conflicts_delta=0
RESULT tier1_hits=0
RESULT tier1_misses=131072
RESULT tier1_total=131072
RESULT expected_total=131072
RESULT oracle2_pass=1
RESULT tier1_hit_rate_pct=0
RESULT churn_elapsed_ns=3871900
RESULT ns_per_op=29.540252685546875
OK k=16 rounds=8192 table_count=17 oracle1=PASS cfg_conflicts_delta=0 tier1_hits=0 tier1_misses=131072 hit_rate=0.00% oracle2=PASS ns_per_op=29.5
.RESULT k=16
RESULT rotating_rounds=8192
RESULT table_count_at_floor=17
RESULT oracle1_pass=1
RESULT config_conflicts_delta=0
RESULT tier1_hits=0
RESULT tier1_misses=131072
RESULT tier1_total=131072
RESULT expected_total=131072
RESULT oracle2_pass=1
RESULT tier1_hit_rate_pct=0
RESULT churn_elapsed_ns=3863700
RESULT ns_per_op=29.477691650390625
OK k=16 rounds=8192 table_count=17 oracle1=PASS cfg_conflicts_delta=0 tier1_hits=0 tier1_misses=131072 hit_rate=0.00% oracle2=PASS ns_per_op=29.5
.RESULT k=16
RESULT rotating_rounds=8192
RESULT table_count_at_floor=17
RESULT oracle1_pass=1
RESULT config_conflicts_delta=0
RESULT tier1_hits=0
RESULT tier1_misses=131072
RESULT tier1_total=131072
RESULT expected_total=131072
RESULT oracle2_pass=1
RESULT tier1_hit_rate_pct=0
RESULT churn_elapsed_ns=3871300
RESULT ns_per_op=29.535675048828125
OK k=16 rounds=8192 table_count=17 oracle1=PASS cfg_conflicts_delta=0 tier1_hits=0 tier1_misses=131072 hit_rate=0.00% oracle2=PASS ns_per_op=29.5
.RESULT k=16
RESULT rotating_rounds=8192
RESULT table_count_at_floor=17
RESULT oracle1_pass=1
RESULT config_conflicts_delta=0
RESULT tier1_hits=0
RESULT tier1_misses=131072
RESULT tier1_total=131072
RESULT expected_total=131072
RESULT oracle2_pass=1
RESULT tier1_hit_rate_pct=0
RESULT churn_elapsed_ns=3706800
RESULT ns_per_op=28.2806396484375
OK k=16 rounds=8192 table_count=17 oracle1=PASS cfg_conflicts_delta=0 tier1_hits=0 tier1_misses=131072 hit_rate=0.00% oracle2=PASS ns_per_op=28.3
.RESULT k=16
RESULT rotating_rounds=8192
RESULT table_count_at_floor=17
RESULT oracle1_pass=1
RESULT config_conflicts_delta=0
RESULT tier1_hits=0
RESULT tier1_misses=131072
RESULT tier1_total=131072
RESULT expected_total=131072
RESULT oracle2_pass=1
RESULT tier1_hit_rate_pct=0
RESULT churn_elapsed_ns=3896600
RESULT ns_per_op=29.72869873046875
OK k=16 rounds=8192 table_count=17 oracle1=PASS cfg_conflicts_delta=0 tier1_hits=0 tier1_misses=131072 hit_rate=0.00% oracle2=PASS ns_per_op=29.7
.RESULT k=16
RESULT rotating_rounds=8192
RESULT table_count_at_floor=17
RESULT oracle1_pass=1
RESULT config_conflicts_delta=0
RESULT tier1_hits=0
RESULT tier1_misses=131072
RESULT tier1_total=131072
RESULT expected_total=131072
RESULT oracle2_pass=1
RESULT tier1_hit_rate_pct=0
RESULT churn_elapsed_ns=3855000
RESULT ns_per_op=29.41131591796875
OK k=16 rounds=8192 table_count=17 oracle1=PASS cfg_conflicts_delta=0 tier1_hits=0 tier1_misses=131072 hit_rate=0.00% oracle2=PASS ns_per_op=29.4
.RESULT k=16
RESULT rotating_rounds=8192
RESULT table_count_at_floor=17
RESULT oracle1_pass=1
RESULT config_conflicts_delta=0
RESULT tier1_hits=0
RESULT tier1_misses=131072
RESULT tier1_total=131072
RESULT expected_total=131072
RESULT oracle2_pass=1
RESULT tier1_hit_rate_pct=0
RESULT churn_elapsed_ns=3886700
RESULT ns_per_op=29.653167724609375
OK k=16 rounds=8192 table_count=17 oracle1=PASS cfg_conflicts_delta=0 tier1_hits=0 tier1_misses=131072 hit_rate=0.00% oracle2=PASS ns_per_op=29.7
.RESULT k=16
RESULT rotating_rounds=8192
RESULT table_count_at_floor=17
RESULT oracle1_pass=1
RESULT config_conflicts_delta=0
RESULT tier1_hits=0
RESULT tier1_misses=131072
RESULT tier1_total=131072
RESULT expected_total=131072
RESULT oracle2_pass=1
RESULT tier1_hit_rate_pct=0
RESULT churn_elapsed_ns=3881800
RESULT ns_per_op=29.61578369140625
OK k=16 rounds=8192 table_count=17 oracle1=PASS cfg_conflicts_delta=0 tier1_hits=0 tier1_misses=131072 hit_rate=0.00% oracle2=PASS ns_per_op=29.6
.RESULT k=16
RESULT rotating_rounds=8192
RESULT table_count_at_floor=17
RESULT oracle1_pass=1
RESULT config_conflicts_delta=0
RESULT tier1_hits=0
RESULT tier1_misses=131072
RESULT tier1_total=131072
RESULT expected_total=131072
RESULT oracle2_pass=1
RESULT tier1_hit_rate_pct=0
RESULT churn_elapsed_ns=3615300
RESULT ns_per_op=27.582550048828125
OK k=16 rounds=8192 table_count=17 oracle1=PASS cfg_conflicts_delta=0 tier1_hits=0 tier1_misses=131072 hit_rate=0.00% oracle2=PASS ns_per_op=27.6
.RESULT k=16
RESULT rotating_rounds=8192
RESULT table_count_at_floor=17
RESULT oracle1_pass=1
RESULT config_conflicts_delta=0
RESULT tier1_hits=0
RESULT tier1_misses=131072
RESULT tier1_total=131072
RESULT expected_total=131072
RESULT oracle2_pass=1
RESULT tier1_hit_rate_pct=0
RESULT churn_elapsed_ns=3840900
RESULT ns_per_op=29.303741455078125
OK k=16 rounds=8192 table_count=17 oracle1=PASS cfg_conflicts_delta=0 tier1_hits=0 tier1_misses=131072 hit_rate=0.00% oracle2=PASS ns_per_op=29.3
.RESULT k=16
RESULT rotating_rounds=8192
RESULT table_count_at_floor=17
RESULT oracle1_pass=1
RESULT config_conflicts_delta=0
RESULT tier1_hits=0
RESULT tier1_misses=131072
RESULT tier1_total=131072
RESULT expected_total=131072
RESULT oracle2_pass=1
RESULT tier1_hit_rate_pct=0
RESULT churn_elapsed_ns=7068100
RESULT ns_per_op=53.925323486328125
OK k=16 rounds=8192 table_count=17 oracle1=PASS cfg_conflicts_delta=0 tier1_hits=0 tier1_misses=131072 hit_rate=0.00% oracle2=PASS ns_per_op=53.9
.RESULT k=16
RESULT rotating_rounds=8192
RESULT table_count_at_floor=17
RESULT oracle1_pass=1
RESULT config_conflicts_delta=0
RESULT tier1_hits=0
RESULT tier1_misses=131072
RESULT tier1_total=131072
RESULT expected_total=131072
RESULT oracle2_pass=1
RESULT tier1_hit_rate_pct=0
RESULT churn_elapsed_ns=4417300
RESULT ns_per_op=33.701324462890625
OK k=16 rounds=8192 table_count=17 oracle1=PASS cfg_conflicts_delta=0 tier1_hits=0 tier1_misses=131072 hit_rate=0.00% oracle2=PASS ns_per_op=33.7
.RESULT k=16
RESULT rotating_rounds=8192
RESULT table_count_at_floor=17
RESULT oracle1_pass=1
RESULT config_conflicts_delta=0
RESULT tier1_hits=0
RESULT tier1_misses=131072
RESULT tier1_total=131072
RESULT expected_total=131072
RESULT oracle2_pass=1
RESULT tier1_hit_rate_pct=0
RESULT churn_elapsed_ns=3809800
RESULT ns_per_op=29.06646728515625
OK k=16 rounds=8192 table_count=17 oracle1=PASS cfg_conflicts_delta=0 tier1_hits=0 tier1_misses=131072 hit_rate=0.00% oracle2=PASS ns_per_op=29.1
.RESULT k=16
RESULT rotating_rounds=8192
RESULT table_count_at_floor=17
RESULT oracle1_pass=1
RESULT config_conflicts_delta=0
RESULT tier1_hits=0
RESULT tier1_misses=131072
RESULT tier1_total=131072
RESULT expected_total=131072
RESULT oracle2_pass=1
RESULT tier1_hit_rate_pct=0
RESULT churn_elapsed_ns=3800600
RESULT ns_per_op=28.99627685546875
OK k=16 rounds=8192 table_count=17 oracle1=PASS cfg_conflicts_delta=0 tier1_hits=0 tier1_misses=131072 hit_rate=0.00% oracle2=PASS ns_per_op=29.0
.RESULT k=16
RESULT rotating_rounds=8192
RESULT table_count_at_floor=17
RESULT oracle1_pass=1
RESULT config_conflicts_delta=0
RESULT tier1_hits=0
RESULT tier1_misses=131072
RESULT tier1_total=131072
RESULT expected_total=131072
RESULT oracle2_pass=1
RESULT tier1_hit_rate_pct=0
RESULT churn_elapsed_ns=4042600
RESULT ns_per_op=30.84259033203125
OK k=16 rounds=8192 table_count=17 oracle1=PASS cfg_conflicts_delta=0 tier1_hits=0 tier1_misses=131072 hit_rate=0.00% oracle2=PASS ns_per_op=30.8
.RESULT k=16
RESULT rotating_rounds=8192
RESULT table_count_at_floor=17
RESULT oracle1_pass=1
RESULT config_conflicts_delta=0
RESULT tier1_hits=0
RESULT tier1_misses=131072
RESULT tier1_total=131072
RESULT expected_total=131072
RESULT oracle2_pass=1
RESULT tier1_hit_rate_pct=0
RESULT churn_elapsed_ns=3842800
RESULT ns_per_op=29.3182373046875
OK k=16 rounds=8192 table_count=17 oracle1=PASS cfg_conflicts_delta=0 tier1_hits=0 tier1_misses=131072 hit_rate=0.00% oracle2=PASS ns_per_op=29.3
.RESULT k=16
RESULT rotating_rounds=8192
RESULT table_count_at_floor=17
RESULT oracle1_pass=1
RESULT config_conflicts_delta=0
RESULT tier1_hits=0
RESULT tier1_misses=131072
RESULT tier1_total=131072
RESULT expected_total=131072
RESULT oracle2_pass=1
RESULT tier1_hit_rate_pct=0
RESULT churn_elapsed_ns=7404600
RESULT ns_per_op=56.49261474609375
OK k=16 rounds=8192 table_count=17 oracle1=PASS cfg_conflicts_delta=0 tier1_hits=0 tier1_misses=131072 hit_rate=0.00% oracle2=PASS ns_per_op=56.5
.RESULT k=16
RESULT rotating_rounds=8192
RESULT table_count_at_floor=17
RESULT oracle1_pass=1
RESULT config_conflicts_delta=0
RESULT tier1_hits=0
RESULT tier1_misses=131072
RESULT tier1_total=131072
RESULT expected_total=131072
RESULT oracle2_pass=1
RESULT tier1_hit_rate_pct=0
RESULT churn_elapsed_ns=3871000
RESULT ns_per_op=29.53338623046875
OK k=16 rounds=8192 table_count=17 oracle1=PASS cfg_conflicts_delta=0 tier1_hits=0 tier1_misses=131072 hit_rate=0.00% oracle2=PASS ns_per_op=29.5
.RESULT k=16
RESULT rotating_rounds=8192
RESULT table_count_at_floor=17
RESULT oracle1_pass=1
RESULT config_conflicts_delta=0
RESULT tier1_hits=0
RESULT tier1_misses=131072
RESULT tier1_total=131072
RESULT expected_total=131072
RESULT oracle2_pass=1
RESULT tier1_hit_rate_pct=0
RESULT churn_elapsed_ns=8397200
RESULT ns_per_op=64.0655517578125
OK k=16 rounds=8192 table_count=17 oracle1=PASS cfg_conflicts_delta=0 tier1_hits=0 tier1_misses=131072 hit_rate=0.00% oracle2=PASS ns_per_op=64.1
.RESULT k=16
RESULT rotating_rounds=8192
RESULT table_count_at_floor=17
RESULT oracle1_pass=1
RESULT config_conflicts_delta=0
RESULT tier1_hits=0
RESULT tier1_misses=131072
RESULT tier1_total=131072
RESULT expected_total=131072
RESULT oracle2_pass=1
RESULT tier1_hit_rate_pct=0
RESULT churn_elapsed_ns=3819000
RESULT ns_per_op=29.13665771484375
OK k=16 rounds=8192 table_count=17 oracle1=PASS cfg_conflicts_delta=0 tier1_hits=0 tier1_misses=131072 hit_rate=0.00% oracle2=PASS ns_per_op=29.1
.RESULT k=16
RESULT rotating_rounds=8192
RESULT table_count_at_floor=17
RESULT oracle1_pass=1
RESULT config_conflicts_delta=0
RESULT tier1_hits=0
RESULT tier1_misses=131072
RESULT tier1_total=131072
RESULT expected_total=131072
RESULT oracle2_pass=1
RESULT tier1_hit_rate_pct=0
RESULT churn_elapsed_ns=5059400
RESULT ns_per_op=38.60015869140625
OK k=16 rounds=8192 table_count=17 oracle1=PASS cfg_conflicts_delta=0 tier1_hits=0 tier1_misses=131072 hit_rate=0.00% oracle2=PASS ns_per_op=38.6
.RESULT k=16
RESULT rotating_rounds=8192
RESULT table_count_at_floor=17
RESULT oracle1_pass=1
RESULT config_conflicts_delta=0
RESULT tier1_hits=0
RESULT tier1_misses=131072
RESULT tier1_total=131072
RESULT expected_total=131072
RESULT oracle2_pass=1
RESULT tier1_hit_rate_pct=0
RESULT churn_elapsed_ns=4911600
RESULT ns_per_op=37.4725341796875
OK k=16 rounds=8192 table_count=17 oracle1=PASS cfg_conflicts_delta=0 tier1_hits=0 tier1_misses=131072 hit_rate=0.00% oracle2=PASS ns_per_op=37.5
.RESULT k=16
RESULT rotating_rounds=8192
RESULT table_count_at_floor=17
RESULT oracle1_pass=1
RESULT config_conflicts_delta=0
RESULT tier1_hits=0
RESULT tier1_misses=131072
RESULT tier1_total=131072
RESULT expected_total=131072
RESULT oracle2_pass=1
RESULT tier1_hit_rate_pct=0
RESULT churn_elapsed_ns=3893600
RESULT ns_per_op=29.705810546875
OK k=16 rounds=8192 table_count=17 oracle1=PASS cfg_conflicts_delta=0 tier1_hits=0 tier1_misses=131072 hit_rate=0.00% oracle2=PASS ns_per_op=29.7
.RESULT k=16
RESULT rotating_rounds=8192
RESULT table_count_at_floor=17
RESULT oracle1_pass=1
RESULT config_conflicts_delta=0
RESULT tier1_hits=0
RESULT tier1_misses=131072
RESULT tier1_total=131072
RESULT expected_total=131072
RESULT oracle2_pass=1
RESULT tier1_hit_rate_pct=0
RESULT churn_elapsed_ns=3914100
RESULT ns_per_op=29.862213134765625
OK k=16 rounds=8192 table_count=17 oracle1=PASS cfg_conflicts_delta=0 tier1_hits=0 tier1_misses=131072 hit_rate=0.00% oracle2=PASS ns_per_op=29.9
.RESULT k=16
RESULT rotating_rounds=8192
RESULT table_count_at_floor=17
RESULT oracle1_pass=1
RESULT config_conflicts_delta=0
RESULT tier1_hits=0
RESULT tier1_misses=131072
RESULT tier1_total=131072
RESULT expected_total=131072
RESULT oracle2_pass=1
RESULT tier1_hit_rate_pct=0
RESULT churn_elapsed_ns=7996600
RESULT ns_per_op=61.00921630859375
OK k=16 rounds=8192 table_count=17 oracle1=PASS cfg_conflicts_delta=0 tier1_hits=0 tier1_misses=131072 hit_rate=0.00% oracle2=PASS ns_per_op=61.0
.RESULT k=16
RESULT rotating_rounds=8192
RESULT table_count_at_floor=17
RESULT oracle1_pass=1
RESULT config_conflicts_delta=0
RESULT tier1_hits=0
RESULT tier1_misses=131072
RESULT tier1_total=131072
RESULT expected_total=131072
RESULT oracle2_pass=1
RESULT tier1_hit_rate_pct=0
RESULT churn_elapsed_ns=4568200
RESULT ns_per_op=34.85260009765625
OK k=16 rounds=8192 table_count=17 oracle1=PASS cfg_conflicts_delta=0 tier1_hits=0 tier1_misses=131072 hit_rate=0.00% oracle2=PASS ns_per_op=34.9
.RESULT k=16
RESULT rotating_rounds=8192
RESULT table_count_at_floor=17
RESULT oracle1_pass=1
RESULT config_conflicts_delta=0
RESULT tier1_hits=0
RESULT tier1_misses=131072
RESULT tier1_total=131072
RESULT expected_total=131072
RESULT oracle2_pass=1
RESULT tier1_hit_rate_pct=0
RESULT churn_elapsed_ns=3835600
RESULT ns_per_op=29.2633056640625
OK k=16 rounds=8192 table_count=17 oracle1=PASS cfg_conflicts_delta=0 tier1_hits=0 tier1_misses=131072 hit_rate=0.00% oracle2=PASS ns_per_op=29.3
.RESULT k=16
RESULT rotating_rounds=8192
RESULT table_count_at_floor=17
RESULT oracle1_pass=1
RESULT config_conflicts_delta=0
RESULT tier1_hits=0
RESULT tier1_misses=131072
RESULT tier1_total=131072
RESULT expected_total=131072
RESULT oracle2_pass=1
RESULT tier1_hit_rate_pct=0
RESULT churn_elapsed_ns=3740000
RESULT ns_per_op=28.533935546875
OK k=16 rounds=8192 table_count=17 oracle1=PASS cfg_conflicts_delta=0 tier1_hits=0 tier1_misses=131072 hit_rate=0.00% oracle2=PASS ns_per_op=28.5
.RESULT k=16
RESULT rotating_rounds=8192
RESULT table_count_at_floor=17
RESULT oracle1_pass=1
RESULT config_conflicts_delta=0
RESULT tier1_hits=0
RESULT tier1_misses=131072
RESULT tier1_total=131072
RESULT expected_total=131072
RESULT oracle2_pass=1
RESULT tier1_hit_rate_pct=0
RESULT churn_elapsed_ns=4428300
RESULT ns_per_op=33.785247802734375
OK k=16 rounds=8192 table_count=17 oracle1=PASS cfg_conflicts_delta=0 tier1_hits=0 tier1_misses=131072 hit_rate=0.00% oracle2=PASS ns_per_op=33.8
.RESULT k=16
RESULT rotating_rounds=8192
RESULT table_count_at_floor=17
RESULT oracle1_pass=1
RESULT config_conflicts_delta=0
RESULT tier1_hits=0
RESULT tier1_misses=131072
RESULT tier1_total=131072
RESULT expected_total=131072
RESULT oracle2_pass=1
RESULT tier1_hit_rate_pct=0
RESULT churn_elapsed_ns=4174800
RESULT ns_per_op=31.8511962890625
OK k=16 rounds=8192 table_count=17 oracle1=PASS cfg_conflicts_delta=0 tier1_hits=0 tier1_misses=131072 hit_rate=0.00% oracle2=PASS ns_per_op=31.9
.RESULT k=16
RESULT rotating_rounds=8192
RESULT table_count_at_floor=17
RESULT oracle1_pass=1
RESULT config_conflicts_delta=0
RESULT tier1_hits=0
RESULT tier1_misses=131072
RESULT tier1_total=131072
RESULT expected_total=131072
RESULT oracle2_pass=1
RESULT tier1_hit_rate_pct=0
RESULT churn_elapsed_ns=3883000
RESULT ns_per_op=29.62493896484375
OK k=16 rounds=8192 table_count=17 oracle1=PASS cfg_conflicts_delta=0 tier1_hits=0 tier1_misses=131072 hit_rate=0.00% oracle2=PASS ns_per_op=29.6
.RESULT k=16
RESULT rotating_rounds=8192
RESULT table_count_at_floor=17
RESULT oracle1_pass=1
RESULT config_conflicts_delta=0
RESULT tier1_hits=0
RESULT tier1_misses=131072
RESULT tier1_total=131072
RESULT expected_total=131072
RESULT oracle2_pass=1
RESULT tier1_hit_rate_pct=0
RESULT churn_elapsed_ns=3814500
RESULT ns_per_op=29.102325439453125
OK k=16 rounds=8192 table_count=17 oracle1=PASS cfg_conflicts_delta=0 tier1_hits=0 tier1_misses=131072 hit_rate=0.00% oracle2=PASS ns_per_op=29.1
.RESULT k=16
RESULT rotating_rounds=8192
RESULT table_count_at_floor=17
RESULT oracle1_pass=1
RESULT config_conflicts_delta=0
RESULT tier1_hits=0
RESULT tier1_misses=131072
RESULT tier1_total=131072
RESULT expected_total=131072
RESULT oracle2_pass=1
RESULT tier1_hit_rate_pct=0
RESULT churn_elapsed_ns=3696500
RESULT ns_per_op=28.202056884765625
OK k=16 rounds=8192 table_count=17 oracle1=PASS cfg_conflicts_delta=0 tier1_hits=0 tier1_misses=131072 hit_rate=0.00% oracle2=PASS ns_per_op=28.2
.RESULT k=16
RESULT rotating_rounds=8192
RESULT table_count_at_floor=17
RESULT oracle1_pass=1
RESULT config_conflicts_delta=0
RESULT tier1_hits=0
RESULT tier1_misses=131072
RESULT tier1_total=131072
RESULT expected_total=131072
RESULT oracle2_pass=1
RESULT tier1_hit_rate_pct=0
RESULT churn_elapsed_ns=3570700
RESULT ns_per_op=27.242279052734375
OK k=16 rounds=8192 table_count=17 oracle1=PASS cfg_conflicts_delta=0 tier1_hits=0 tier1_misses=131072 hit_rate=0.00% oracle2=PASS ns_per_op=27.2
.RESULT k=16
RESULT rotating_rounds=8192
RESULT table_count_at_floor=17
RESULT oracle1_pass=1
RESULT config_conflicts_delta=0
RESULT tier1_hits=0
RESULT tier1_misses=131072
RESULT tier1_total=131072
RESULT expected_total=131072
RESULT oracle2_pass=1
RESULT tier1_hit_rate_pct=0
RESULT churn_elapsed_ns=3748700
RESULT ns_per_op=28.600311279296875
OK k=16 rounds=8192 table_count=17 oracle1=PASS cfg_conflicts_delta=0 tier1_hits=0 tier1_misses=131072 hit_rate=0.00% oracle2=PASS ns_per_op=28.6
.RESULT k=16
RESULT rotating_rounds=8192
RESULT table_count_at_floor=17
RESULT oracle1_pass=1
RESULT config_conflicts_delta=0
RESULT tier1_hits=0
RESULT tier1_misses=131072
RESULT tier1_total=131072
RESULT expected_total=131072
RESULT oracle2_pass=1
RESULT tier1_hit_rate_pct=0
RESULT churn_elapsed_ns=3852200
RESULT ns_per_op=29.38995361328125
OK k=16 rounds=8192 table_count=17 oracle1=PASS cfg_conflicts_delta=0 tier1_hits=0 tier1_misses=131072 hit_rate=0.00% oracle2=PASS ns_per_op=29.4
.RESULT k=16
RESULT rotating_rounds=8192
RESULT table_count_at_floor=17
RESULT oracle1_pass=1
RESULT config_conflicts_delta=0
RESULT tier1_hits=0
RESULT tier1_misses=131072
RESULT tier1_total=131072
RESULT expected_total=131072
RESULT oracle2_pass=1
RESULT tier1_hit_rate_pct=0
RESULT churn_elapsed_ns=3957300
RESULT ns_per_op=30.191802978515625
OK k=16 rounds=8192 table_count=17 oracle1=PASS cfg_conflicts_delta=0 tier1_hits=0 tier1_misses=131072 hit_rate=0.00% oracle2=PASS ns_per_op=30.2
.RESULT k=16
RESULT rotating_rounds=8192
RESULT table_count_at_floor=17
RESULT oracle1_pass=1
RESULT config_conflicts_delta=0
RESULT tier1_hits=0
RESULT tier1_misses=131072
RESULT tier1_total=131072
RESULT expected_total=131072
RESULT oracle2_pass=1
RESULT tier1_hit_rate_pct=0
RESULT churn_elapsed_ns=3848800
RESULT ns_per_op=29.364013671875
OK k=16 rounds=8192 table_count=17 oracle1=PASS cfg_conflicts_delta=0 tier1_hits=0 tier1_misses=131072 hit_rate=0.00% oracle2=PASS ns_per_op=29.4
.RESULT k=16
RESULT rotating_rounds=8192
RESULT table_count_at_floor=17
RESULT oracle1_pass=1
RESULT config_conflicts_delta=0
RESULT tier1_hits=0
RESULT tier1_misses=131072
RESULT tier1_total=131072
RESULT expected_total=131072
RESULT oracle2_pass=1
RESULT tier1_hit_rate_pct=0
RESULT churn_elapsed_ns=3797300
RESULT ns_per_op=28.971099853515625
OK k=16 rounds=8192 table_count=17 oracle1=PASS cfg_conflicts_delta=0 tier1_hits=0 tier1_misses=131072 hit_rate=0.00% oracle2=PASS ns_per_op=29.0
.RESULT k=16
RESULT rotating_rounds=8192
RESULT table_count_at_floor=17
RESULT oracle1_pass=1
RESULT config_conflicts_delta=0
RESULT tier1_hits=0
RESULT tier1_misses=131072
RESULT tier1_total=131072
RESULT expected_total=131072
RESULT oracle2_pass=1
RESULT tier1_hit_rate_pct=0
RESULT churn_elapsed_ns=3691800
RESULT ns_per_op=28.16619873046875
OK k=16 rounds=8192 table_count=17 oracle1=PASS cfg_conflicts_delta=0 tier1_hits=0 tier1_misses=131072 hit_rate=0.00% oracle2=PASS ns_per_op=28.2
.RESULT k=16
RESULT rotating_rounds=8192
RESULT table_count_at_floor=17
RESULT oracle1_pass=1
RESULT config_conflicts_delta=0
RESULT tier1_hits=0
RESULT tier1_misses=131072
RESULT tier1_total=131072
RESULT expected_total=131072
RESULT oracle2_pass=1
RESULT tier1_hit_rate_pct=0
RESULT churn_elapsed_ns=3756600
RESULT ns_per_op=28.66058349609375
OK k=16 rounds=8192 table_count=17 oracle1=PASS cfg_conflicts_delta=0 tier1_hits=0 tier1_misses=131072 hit_rate=0.00% oracle2=PASS ns_per_op=28.7
.RESULT k=16
RESULT rotating_rounds=8192
RESULT table_count_at_floor=17
RESULT oracle1_pass=1
RESULT config_conflicts_delta=0
RESULT tier1_hits=0
RESULT tier1_misses=131072
RESULT tier1_total=131072
RESULT expected_total=131072
RESULT oracle2_pass=1
RESULT tier1_hit_rate_pct=0
RESULT churn_elapsed_ns=4802600
RESULT ns_per_op=36.64093017578125
OK k=16 rounds=8192 table_count=17 oracle1=PASS cfg_conflicts_delta=0 tier1_hits=0 tier1_misses=131072 hit_rate=0.00% oracle2=PASS ns_per_op=36.6
.RESULT k=16
RESULT rotating_rounds=8192
RESULT table_count_at_floor=17
RESULT oracle1_pass=1
RESULT config_conflicts_delta=0
RESULT tier1_hits=0
RESULT tier1_misses=131072
RESULT tier1_total=131072
RESULT expected_total=131072
RESULT oracle2_pass=1
RESULT tier1_hit_rate_pct=0
RESULT churn_elapsed_ns=3939900
RESULT ns_per_op=30.059051513671875
OK k=16 rounds=8192 table_count=17 oracle1=PASS cfg_conflicts_delta=0 tier1_hits=0 tier1_misses=131072 hit_rate=0.00% oracle2=PASS ns_per_op=30.1
.RESULT k=16
RESULT rotating_rounds=8192
RESULT table_count_at_floor=17
RESULT oracle1_pass=1
RESULT config_conflicts_delta=0
RESULT tier1_hits=0
RESULT tier1_misses=131072
RESULT tier1_total=131072
RESULT expected_total=131072
RESULT oracle2_pass=1
RESULT tier1_hit_rate_pct=0
RESULT churn_elapsed_ns=4188100
RESULT ns_per_op=31.952667236328125
OK k=16 rounds=8192 table_count=17 oracle1=PASS cfg_conflicts_delta=0 tier1_hits=0 tier1_misses=131072 hit_rate=0.00% oracle2=PASS ns_per_op=32.0
.RESULT k=16
RESULT rotating_rounds=8192
RESULT table_count_at_floor=17
RESULT oracle1_pass=1
RESULT config_conflicts_delta=0
RESULT tier1_hits=0
RESULT tier1_misses=131072
RESULT tier1_total=131072
RESULT expected_total=131072
RESULT oracle2_pass=1
RESULT tier1_hit_rate_pct=0
RESULT churn_elapsed_ns=3920000
RESULT ns_per_op=29.9072265625
OK k=16 rounds=8192 table_count=17 oracle1=PASS cfg_conflicts_delta=0 tier1_hits=0 tier1_misses=131072 hit_rate=0.00% oracle2=PASS ns_per_op=29.9
.RESULT k=16
RESULT rotating_rounds=8192
RESULT table_count_at_floor=17
RESULT oracle1_pass=1
RESULT config_conflicts_delta=0
RESULT tier1_hits=0
RESULT tier1_misses=131072
RESULT tier1_total=131072
RESULT expected_total=131072
RESULT oracle2_pass=1
RESULT tier1_hit_rate_pct=0
RESULT churn_elapsed_ns=3977700
RESULT ns_per_op=30.347442626953125
OK k=16 rounds=8192 table_count=17 oracle1=PASS cfg_conflicts_delta=0 tier1_hits=0 tier1_misses=131072 hit_rate=0.00% oracle2=PASS ns_per_op=30.3
.RESULT k=16
RESULT rotating_rounds=8192
RESULT table_count_at_floor=17
RESULT oracle1_pass=1
RESULT config_conflicts_delta=0
RESULT tier1_hits=0
RESULT tier1_misses=131072
RESULT tier1_total=131072
RESULT expected_total=131072
RESULT oracle2_pass=1
RESULT tier1_hit_rate_pct=0
RESULT churn_elapsed_ns=3906900
RESULT ns_per_op=29.807281494140625
OK k=16 rounds=8192 table_count=17 oracle1=PASS cfg_conflicts_delta=0 tier1_hits=0 tier1_misses=131072 hit_rate=0.00% oracle2=PASS ns_per_op=29.8
.RESULT k=16
RESULT rotating_rounds=8192
RESULT table_count_at_floor=17
RESULT oracle1_pass=1
RESULT config_conflicts_delta=0
RESULT tier1_hits=0
RESULT tier1_misses=131072
RESULT tier1_total=131072
RESULT expected_total=131072
RESULT oracle2_pass=1
RESULT tier1_hit_rate_pct=0
RESULT churn_elapsed_ns=3908800
RESULT ns_per_op=29.82177734375
OK k=16 rounds=8192 table_count=17 oracle1=PASS cfg_conflicts_delta=0 tier1_hits=0 tier1_misses=131072 hit_rate=0.00% oracle2=PASS ns_per_op=29.8
.RESULT k=16
RESULT rotating_rounds=8192
RESULT table_count_at_floor=17
RESULT oracle1_pass=1
RESULT config_conflicts_delta=0
RESULT tier1_hits=0
RESULT tier1_misses=131072
RESULT tier1_total=131072
RESULT expected_total=131072
RESULT oracle2_pass=1
RESULT tier1_hit_rate_pct=0
RESULT churn_elapsed_ns=3898000
RESULT ns_per_op=29.7393798828125
OK k=16 rounds=8192 table_count=17 oracle1=PASS cfg_conflicts_delta=0 tier1_hits=0 tier1_misses=131072 hit_rate=0.00% oracle2=PASS ns_per_op=29.7
.RESULT k=16
RESULT rotating_rounds=8192
RESULT table_count_at_floor=17
RESULT oracle1_pass=1
RESULT config_conflicts_delta=0
RESULT tier1_hits=0
RESULT tier1_misses=131072
RESULT tier1_total=131072
RESULT expected_total=131072
RESULT oracle2_pass=1
RESULT tier1_hit_rate_pct=0
RESULT churn_elapsed_ns=3773000
RESULT ns_per_op=28.78570556640625
OK k=16 rounds=8192 table_count=17 oracle1=PASS cfg_conflicts_delta=0 tier1_hits=0 tier1_misses=131072 hit_rate=0.00% oracle2=PASS ns_per_op=28.8
.RESULT k=16
RESULT rotating_rounds=8192
RESULT table_count_at_floor=17
RESULT oracle1_pass=1
RESULT config_conflicts_delta=0
RESULT tier1_hits=0
RESULT tier1_misses=131072
RESULT tier1_total=131072
RESULT expected_total=131072
RESULT oracle2_pass=1
RESULT tier1_hit_rate_pct=0
RESULT churn_elapsed_ns=4354700
RESULT ns_per_op=33.223724365234375
OK k=16 rounds=8192 table_count=17 oracle1=PASS cfg_conflicts_delta=0 tier1_hits=0 tier1_misses=131072 hit_rate=0.00% oracle2=PASS ns_per_op=33.2
.RESULT k=16
RESULT rotating_rounds=8192
RESULT table_count_at_floor=17
RESULT oracle1_pass=1
RESULT config_conflicts_delta=0
RESULT tier1_hits=0
RESULT tier1_misses=131072
RESULT tier1_total=131072
RESULT expected_total=131072
RESULT oracle2_pass=1
RESULT tier1_hit_rate_pct=0
RESULT churn_elapsed_ns=3889400
RESULT ns_per_op=29.67376708984375
OK k=16 rounds=8192 table_count=17 oracle1=PASS cfg_conflicts_delta=0 tier1_hits=0 tier1_misses=131072 hit_rate=0.00% oracle2=PASS ns_per_op=29.7
.RESULT k=16
RESULT rotating_rounds=8192
RESULT table_count_at_floor=17
RESULT oracle1_pass=1
RESULT config_conflicts_delta=0
RESULT tier1_hits=0
RESULT tier1_misses=131072
RESULT tier1_total=131072
RESULT expected_total=131072
RESULT oracle2_pass=1
RESULT tier1_hit_rate_pct=0
RESULT churn_elapsed_ns=4070900
RESULT ns_per_op=31.058502197265625
OK k=16 rounds=8192 table_count=17 oracle1=PASS cfg_conflicts_delta=0 tier1_hits=0 tier1_misses=131072 hit_rate=0.00% oracle2=PASS ns_per_op=31.1
.RESULT k=16
RESULT rotating_rounds=8192
RESULT table_count_at_floor=17
RESULT oracle1_pass=1
RESULT config_conflicts_delta=0
RESULT tier1_hits=0
RESULT tier1_misses=131072
RESULT tier1_total=131072
RESULT expected_total=131072
RESULT oracle2_pass=1
RESULT tier1_hit_rate_pct=0
RESULT churn_elapsed_ns=3885300
RESULT ns_per_op=29.642486572265625
OK k=16 rounds=8192 table_count=17 oracle1=PASS cfg_conflicts_delta=0 tier1_hits=0 tier1_misses=131072 hit_rate=0.00% oracle2=PASS ns_per_op=29.6
.

  === after(A-slot) vs after(B-slot) (A - B, ns)  [SAME-VS-SAME CONTROL] ===
  n=20  mean Δ=-81.858 us  sd=987.638 us  se=220.843 us  t=-0.371  df=19  crit(p<0.05)=2.101  => NOT statistically distinguishable from noise (fails to reject null)
  sign test: after(A-slot)-faster=10/20  after(B-slot)-faster=10/20  ties=0

[paired-ab] provenance written to D:\dev\rust\sefer-alloc/docs/perf/paired_ab_runs/2026-08-03T15-30-23-712Z.json

[paired-ab] Reading this output: `t` past `crit` (or sign test heavily lopsided, e.g. 17+/20) means a REAL,
  non-noise wall-clock difference on THIS host for THIS workload — mirroring
  docs/perf/R5_R2_CHURN_REGRESSION_PAIRED_AB.md's verdict criteria. A same-vs-same control run
  (--arms sefer,sefer) should show t well under `crit` and a roughly even sign-test split --
  if it does not, that indicates a harness bug (non-reproducible workload, background load
  bleeding into the timed region), not a real self-difference.
