    Finished `bench` profile [optimized] target(s) in 0.92s
warning: the following packages contain code that will be rejected by a future version of Rust: proc-macro-error2 v2.0.1
note: to see what the problems were, use the option `--future-incompat-report`, or run `cargo report future-incompatibilities --id 1`
     Running benches/global_alloc.rs ($HOME/target-ph6b-cand-bt/release/deps/global_alloc-dbcb5f322929efe8)
Gnuplot not found, using plotters backend
Benchmarking global_alloc/System/16B
Benchmarking global_alloc/System/16B: Warming up for 150.00 ms
Benchmarking global_alloc/System/16B: Collecting 10 samples in estimated 600.15 ms (50k iterations)
Benchmarking global_alloc/System/16B: Analyzing
global_alloc/System/16B time:   [12.051 µs 15.715 µs 22.708 µs]
                        change: [-44.024% -20.549% +17.240%] (p = 0.30 > 0.05)
                        No change in performance detected.
Found 2 outliers among 10 measurements (20.00%)
  2 (20.00%) high severe
Benchmarking global_alloc/mimalloc/16B
Benchmarking global_alloc/mimalloc/16B: Warming up for 150.00 ms
Benchmarking global_alloc/mimalloc/16B: Collecting 10 samples in estimated 600.33 ms (58k iterations)
Benchmarking global_alloc/mimalloc/16B: Analyzing
global_alloc/mimalloc/16B
                        time:   [5.1868 µs 8.3519 µs 10.542 µs]
                        change: [-33.152% -4.7246% +35.288%] (p = 0.81 > 0.05)
                        No change in performance detected.
Found 2 outliers among 10 measurements (20.00%)
  2 (20.00%) high severe
Benchmarking global_alloc/SeferAlloc/16B
Benchmarking global_alloc/SeferAlloc/16B: Warming up for 150.00 ms
Benchmarking global_alloc/SeferAlloc/16B: Collecting 10 samples in estimated 600.19 ms (7205 iterations)
Benchmarking global_alloc/SeferAlloc/16B: Analyzing
global_alloc/SeferAlloc/16B
                        time:   [39.918 µs 71.173 µs 85.497 µs]
                        change: [-49.301% -33.534% -15.743%] (p = 0.01 < 0.05)
                        Performance has improved.
Benchmarking global_alloc/SeferAlloc/64B
Benchmarking global_alloc/SeferAlloc/64B: Warming up for 150.00 ms
Benchmarking global_alloc/SeferAlloc/64B: Collecting 10 samples in estimated 602.03 ms (7040 iterations)
Benchmarking global_alloc/SeferAlloc/64B: Analyzing
global_alloc/SeferAlloc/64B
                        time:   [44.614 µs 51.222 µs 67.696 µs]
                        change: [+1.4787% +39.973% +83.741%] (p = 0.07 > 0.05)
                        No change in performance detected.
Benchmarking global_alloc/mimalloc/64B
Benchmarking global_alloc/mimalloc/64B: Warming up for 150.00 ms
Benchmarking global_alloc/mimalloc/64B: Collecting 10 samples in estimated 600.41 ms (62k iterations)
Benchmarking global_alloc/mimalloc/64B: Analyzing
global_alloc/mimalloc/64B
                        time:   [6.5808 µs 7.5579 µs 9.7271 µs]
                        change: [-12.144% +16.592% +54.984%] (p = 0.40 > 0.05)
                        No change in performance detected.
Found 2 outliers among 10 measurements (20.00%)
  2 (20.00%) high severe
Benchmarking global_alloc/System/64B
Benchmarking global_alloc/System/64B: Warming up for 150.00 ms
Benchmarking global_alloc/System/64B: Collecting 10 samples in estimated 601.66 ms (16k iterations)
Benchmarking global_alloc/System/64B: Analyzing
global_alloc/System/64B time:   [25.219 µs 26.346 µs 27.310 µs]
                        change: [-28.022% -22.368% -15.157%] (p = 0.00 < 0.05)
                        Performance has improved.
Found 1 outliers among 10 measurements (10.00%)
  1 (10.00%) high mild
Benchmarking global_alloc/SeferAlloc/256B
Benchmarking global_alloc/SeferAlloc/256B: Warming up for 150.00 ms
Benchmarking global_alloc/SeferAlloc/256B: Collecting 10 samples in estimated 604.02 ms (6655 iterations)
Benchmarking global_alloc/SeferAlloc/256B: Analyzing
global_alloc/SeferAlloc/256B
                        time:   [66.460 µs 85.085 µs 98.473 µs]
                        change: [+5.9109% +32.482% +63.543%] (p = 0.02 < 0.05)
                        Performance has regressed.
Benchmarking global_alloc/System/256B
Benchmarking global_alloc/System/256B: Warming up for 150.00 ms
Benchmarking global_alloc/System/256B: Collecting 10 samples in estimated 602.91 ms (11k iterations)
Benchmarking global_alloc/System/256B: Analyzing
global_alloc/System/256B
                        time:   [40.787 µs 48.596 µs 66.699 µs]
                        change: [-3.8911% +31.211% +76.810%] (p = 0.20 > 0.05)
                        No change in performance detected.
Found 2 outliers among 10 measurements (20.00%)
  2 (20.00%) high severe
Benchmarking global_alloc/mimalloc/256B
Benchmarking global_alloc/mimalloc/256B: Warming up for 150.00 ms
Benchmarking global_alloc/mimalloc/256B: Collecting 10 samples in estimated 600.87 ms (26k iterations)
Benchmarking global_alloc/mimalloc/256B: Analyzing
global_alloc/mimalloc/256B
                        time:   [9.7957 µs 10.809 µs 12.831 µs]
                        change: [+32.094% +57.991% +83.122%] (p = 0.00 < 0.05)
                        Performance has regressed.
Benchmarking global_alloc/mimalloc/1024B
Benchmarking global_alloc/mimalloc/1024B: Warming up for 150.00 ms
Benchmarking global_alloc/mimalloc/1024B: Collecting 10 samples in estimated 601.60 ms (13k iterations)
Benchmarking global_alloc/mimalloc/1024B: Analyzing
global_alloc/mimalloc/1024B
                        time:   [25.565 µs 30.401 µs 36.756 µs]
                        change: [-19.045% -3.2357% +15.066%] (p = 0.74 > 0.05)
                        No change in performance detected.
Benchmarking global_alloc/SeferAlloc/1024B
Benchmarking global_alloc/SeferAlloc/1024B: Warming up for 150.00 ms
Benchmarking global_alloc/SeferAlloc/1024B: Collecting 10 samples in estimated 600.63 ms (6820 iterations)
Benchmarking global_alloc/SeferAlloc/1024B: Analyzing
global_alloc/SeferAlloc/1024B
                        time:   [41.745 µs 43.056 µs 46.150 µs]
                        change: [-28.897% -16.022% -0.3301%] (p = 0.07 > 0.05)
                        No change in performance detected.
Found 1 outliers among 10 measurements (10.00%)
  1 (10.00%) high mild
Benchmarking global_alloc/System/1024B
Benchmarking global_alloc/System/1024B: Warming up for 150.00 ms
Benchmarking global_alloc/System/1024B: Collecting 10 samples in estimated 606.98 ms (3245 iterations)
Benchmarking global_alloc/System/1024B: Analyzing
global_alloc/System/1024B
                        time:   [52.691 µs 61.966 µs 85.433 µs]
                        change: [+31.798% +111.12% +190.52%] (p = 0.01 < 0.05)
                        Performance has regressed.
Benchmarking global_alloc/manual_realloc_sim/mimalloc
Benchmarking global_alloc/manual_realloc_sim/mimalloc: Warming up for 150.00 ms
Benchmarking global_alloc/manual_realloc_sim/mimalloc: Collecting 10 samples in estimated 600.04 ms (583k iterations)
Benchmarking global_alloc/manual_realloc_sim/mimalloc: Analyzing
global_alloc/manual_realloc_sim/mimalloc
                        time:   [470.86 ns 514.47 ns 602.46 ns]
                        change: [-21.831% +2.4641% +32.181%] (p = 0.87 > 0.05)
                        No change in performance detected.
Found 2 outliers among 10 measurements (20.00%)
  2 (20.00%) high mild
Benchmarking global_alloc/manual_realloc_sim/System
Benchmarking global_alloc/manual_realloc_sim/System: Warming up for 150.00 ms
Benchmarking global_alloc/manual_realloc_sim/System: Collecting 10 samples in estimated 600.05 ms (411k iterations)
Benchmarking global_alloc/manual_realloc_sim/System: Analyzing
global_alloc/manual_realloc_sim/System
                        time:   [911.41 ns 999.55 ns 1.1643 µs]
                        change: [+9.7481% +41.045% +84.991%] (p = 0.02 < 0.05)
                        Performance has regressed.
Benchmarking global_alloc/manual_realloc_sim/SeferAlloc
Benchmarking global_alloc/manual_realloc_sim/SeferAlloc: Warming up for 150.00 ms
Benchmarking global_alloc/manual_realloc_sim/SeferAlloc: Collecting 10 samples in estimated 600.10 ms (330k iterations)
Benchmarking global_alloc/manual_realloc_sim/SeferAlloc: Analyzing
global_alloc/manual_realloc_sim/SeferAlloc
                        time:   [707.93 ns 781.72 ns 947.18 ns]
                        change: [-9.5928% +17.214% +49.333%] (p = 0.26 > 0.05)
                        No change in performance detected.

Benchmarking global_alloc_churn/System/16B
Benchmarking global_alloc_churn/System/16B: Warming up for 150.00 ms
Benchmarking global_alloc_churn/System/16B: Collecting 10 samples in estimated 601.70 ms (14k iterations)
Benchmarking global_alloc_churn/System/16B: Analyzing
global_alloc_churn/System/16B
                        time:   [10.745 µs 11.460 µs 12.503 µs]
                        change: [-44.326% -35.132% -24.060%] (p = 0.00 < 0.05)
                        Performance has improved.
Found 1 outliers among 10 measurements (10.00%)
  1 (10.00%) high mild
Benchmarking global_alloc_churn/SeferAlloc/16B
Benchmarking global_alloc_churn/SeferAlloc/16B: Warming up for 150.00 ms
Benchmarking global_alloc_churn/SeferAlloc/16B: Collecting 10 samples in estimated 600.96 ms (14k iterations)
Benchmarking global_alloc_churn/SeferAlloc/16B: Analyzing
global_alloc_churn/SeferAlloc/16B
                        time:   [15.474 µs 16.859 µs 19.310 µs]
                        change: [-26.601% +2.2594% +40.345%] (p = 0.90 > 0.05)
                        No change in performance detected.
Benchmarking global_alloc_churn/mimalloc/16B
Benchmarking global_alloc_churn/mimalloc/16B: Warming up for 150.00 ms
Benchmarking global_alloc_churn/mimalloc/16B: Collecting 10 samples in estimated 600.49 ms (19k iterations)
Benchmarking global_alloc_churn/mimalloc/16B: Analyzing
global_alloc_churn/mimalloc/16B
                        time:   [10.764 µs 12.870 µs 17.567 µs]
                        change: [+50.677% +108.92% +180.67%] (p = 0.00 < 0.05)
                        Performance has regressed.
Benchmarking global_alloc_churn/System/64B
Benchmarking global_alloc_churn/System/64B: Warming up for 150.00 ms
Benchmarking global_alloc_churn/System/64B: Collecting 10 samples in estimated 600.85 ms (7865 iterations)
Benchmarking global_alloc_churn/System/64B: Analyzing
global_alloc_churn/System/64B
                        time:   [10.987 µs 11.402 µs 12.306 µs]
                        change: [-58.996% -51.349% -42.309%] (p = 0.00 < 0.05)
                        Performance has improved.
Benchmarking global_alloc_churn/mimalloc/64B
Benchmarking global_alloc_churn/mimalloc/64B: Warming up for 150.00 ms
Benchmarking global_alloc_churn/mimalloc/64B: Collecting 10 samples in estimated 600.57 ms (39k iterations)
Benchmarking global_alloc_churn/mimalloc/64B: Analyzing
global_alloc_churn/mimalloc/64B
                        time:   [7.5183 µs 9.8626 µs 12.934 µs]
                        change: [-42.089% -22.488% +5.3867%] (p = 0.15 > 0.05)
                        No change in performance detected.
Found 2 outliers among 10 measurements (20.00%)
  2 (20.00%) high severe
Benchmarking global_alloc_churn/SeferAlloc/64B
Benchmarking global_alloc_churn/SeferAlloc/64B: Warming up for 150.00 ms
Benchmarking global_alloc_churn/SeferAlloc/64B: Collecting 10 samples in estimated 605.38 ms (2310 iterations)
Benchmarking global_alloc_churn/SeferAlloc/64B: Analyzing
global_alloc_churn/SeferAlloc/64B
                        time:   [17.144 µs 23.165 µs 30.358 µs]
                        change: [+3.7571% +38.195% +76.538%] (p = 0.06 > 0.05)
                        No change in performance detected.
Benchmarking global_alloc_churn/SeferAlloc/256B
Benchmarking global_alloc_churn/SeferAlloc/256B: Warming up for 150.00 ms
Benchmarking global_alloc_churn/SeferAlloc/256B: Collecting 10 samples in estimated 601.09 ms (1650 iterations)
Benchmarking global_alloc_churn/SeferAlloc/256B: Analyzing
global_alloc_churn/SeferAlloc/256B
                        time:   [17.024 µs 18.497 µs 20.115 µs]
                        change: [-16.957% -7.3969% +2.6126%] (p = 0.20 > 0.05)
                        No change in performance detected.
Benchmarking global_alloc_churn/mimalloc/256B
Benchmarking global_alloc_churn/mimalloc/256B: Warming up for 150.00 ms
Benchmarking global_alloc_churn/mimalloc/256B: Collecting 10 samples in estimated 600.25 ms (14k iterations)
Benchmarking global_alloc_churn/mimalloc/256B: Analyzing
global_alloc_churn/mimalloc/256B
                        time:   [12.909 µs 17.924 µs 22.592 µs]
                        change: [-53.857% -40.008% -21.583%] (p = 0.00 < 0.05)
                        Performance has improved.
Found 1 outliers among 10 measurements (10.00%)
  1 (10.00%) high mild
Benchmarking global_alloc_churn/System/256B
Benchmarking global_alloc_churn/System/256B: Warming up for 150.00 ms
Benchmarking global_alloc_churn/System/256B: Collecting 10 samples in estimated 600.46 ms (7645 iterations)
Benchmarking global_alloc_churn/System/256B: Analyzing
global_alloc_churn/System/256B
                        time:   [25.789 µs 31.299 µs 34.946 µs]
                        change: [-15.584% +16.180% +61.524%] (p = 0.39 > 0.05)
                        No change in performance detected.
Benchmarking global_alloc_churn/SeferAlloc/1024B
Benchmarking global_alloc_churn/SeferAlloc/1024B: Warming up for 150.00 ms
Benchmarking global_alloc_churn/SeferAlloc/1024B: Collecting 10 samples in estimated 620.37 ms (495 iterations)
Benchmarking global_alloc_churn/SeferAlloc/1024B: Analyzing
global_alloc_churn/SeferAlloc/1024B
                        time:   [22.059 µs 25.720 µs 27.845 µs]
                        change: [-9.9393% +4.2252% +19.496%] (p = 0.59 > 0.05)
                        No change in performance detected.
Benchmarking global_alloc_churn/System/1024B
Benchmarking global_alloc_churn/System/1024B: Warming up for 150.00 ms
Benchmarking global_alloc_churn/System/1024B: Collecting 10 samples in estimated 604.50 ms (1870 iterations)
Benchmarking global_alloc_churn/System/1024B: Analyzing
global_alloc_churn/System/1024B
                        time:   [82.602 µs 101.19 µs 122.45 µs]
                        change: [+39.911% +139.83% +343.22%] (p = 0.01 < 0.05)
                        Performance has regressed.
Benchmarking global_alloc_churn/mimalloc/1024B
Benchmarking global_alloc_churn/mimalloc/1024B: Warming up for 150.00 ms
Benchmarking global_alloc_churn/mimalloc/1024B: Collecting 10 samples in estimated 607.67 ms (2530 iterations)
Benchmarking global_alloc_churn/mimalloc/1024B: Analyzing
global_alloc_churn/mimalloc/1024B
                        time:   [98.119 µs 108.77 µs 133.17 µs]
                        change: [-2.7409% +40.150% +100.68%] (p = 0.11 > 0.05)
                        No change in performance detected.

Benchmarking global_alloc_churn_with_teardown/mimalloc/16B
Benchmarking global_alloc_churn_with_teardown/mimalloc/16B: Warming up for 150.00 ms
Benchmarking global_alloc_churn_with_teardown/mimalloc/16B: Collecting 10 samples in estimated 600.88 ms (27k iterations)
Benchmarking global_alloc_churn_with_teardown/mimalloc/16B: Analyzing
global_alloc_churn_with_teardown/mimalloc/16B
                        time:   [6.7840 µs 7.2949 µs 8.5551 µs]
                        change: [-68.267% -53.024% -26.238%] (p = 0.01 < 0.05)
                        Performance has improved.
Benchmarking global_alloc_churn_with_teardown/SeferAlloc/16B
Benchmarking global_alloc_churn_with_teardown/SeferAlloc/16B: Warming up for 150.00 ms
Benchmarking global_alloc_churn_with_teardown/SeferAlloc/16B: Collecting 10 samples in estimated 602.69 ms (11k iterations)
Benchmarking global_alloc_churn_with_teardown/SeferAlloc/16B: Analyzing
global_alloc_churn_with_teardown/SeferAlloc/16B
                        time:   [21.580 µs 28.536 µs 33.888 µs]
                        change: [-40.094% -20.656% +6.4643%] (p = 0.17 > 0.05)
                        No change in performance detected.
Benchmarking global_alloc_churn_with_teardown/System/16B
Benchmarking global_alloc_churn_with_teardown/System/16B: Warming up for 150.00 ms
Benchmarking global_alloc_churn_with_teardown/System/16B: Collecting 10 samples in estimated 600.59 ms (15k iterations)
Benchmarking global_alloc_churn_with_teardown/System/16B: Analyzing
global_alloc_churn_with_teardown/System/16B
                        time:   [14.028 µs 19.507 µs 28.716 µs]
                        change: [-40.689% -16.054% +19.266%] (p = 0.35 > 0.05)
                        No change in performance detected.
Found 2 outliers among 10 measurements (20.00%)
  2 (20.00%) high mild
global_alloc_churn_with_teardown/16B: decommit_calls delta = 0, segments_released_total delta = 0
Benchmarking global_alloc_churn_with_teardown/mimalloc/64B
Benchmarking global_alloc_churn_with_teardown/mimalloc/64B: Warming up for 150.00 ms
Benchmarking global_alloc_churn_with_teardown/mimalloc/64B: Collecting 10 samples in estimated 600.49 ms (35k iterations)
Benchmarking global_alloc_churn_with_teardown/mimalloc/64B: Analyzing
global_alloc_churn_with_teardown/mimalloc/64B
                        time:   [22.196 µs 24.029 µs 25.502 µs]
                        change: [+0.7908% +43.288% +114.98%] (p = 0.06 > 0.05)
                        No change in performance detected.
Benchmarking global_alloc_churn_with_teardown/System/64B
Benchmarking global_alloc_churn_with_teardown/System/64B: Warming up for 150.00 ms
Benchmarking global_alloc_churn_with_teardown/System/64B: Collecting 10 samples in estimated 602.96 ms (8195 iterations)
Benchmarking global_alloc_churn_with_teardown/System/64B: Analyzing
global_alloc_churn_with_teardown/System/64B
                        time:   [37.695 µs 43.629 µs 47.812 µs]
                        change: [-4.3121% +33.522% +96.655%] (p = 0.13 > 0.05)
                        No change in performance detected.
Benchmarking global_alloc_churn_with_teardown/SeferAlloc/64B
Benchmarking global_alloc_churn_with_teardown/SeferAlloc/64B: Warming up for 150.00 ms
Benchmarking global_alloc_churn_with_teardown/SeferAlloc/64B: Collecting 10 samples in estimated 614.45 ms (1650 iterations)
Benchmarking global_alloc_churn_with_teardown/SeferAlloc/64B: Analyzing
global_alloc_churn_with_teardown/SeferAlloc/64B
                        time:   [42.538 µs 52.912 µs 68.866 µs]
                        change: [+77.695% +141.56% +222.62%] (p = 0.00 < 0.05)
                        Performance has regressed.
Found 1 outliers among 10 measurements (10.00%)
  1 (10.00%) high mild
global_alloc_churn_with_teardown/64B: decommit_calls delta = 0, segments_released_total delta = 0
Benchmarking global_alloc_churn_with_teardown/System/256B
Benchmarking global_alloc_churn_with_teardown/System/256B: Warming up for 150.00 ms
Benchmarking global_alloc_churn_with_teardown/System/256B: Collecting 10 samples in estimated 605.32 ms (5940 iterations)
Benchmarking global_alloc_churn_with_teardown/System/256B: Analyzing
global_alloc_churn_with_teardown/System/256B
                        time:   [49.880 µs 61.899 µs 82.435 µs]
                        change: [+3.8128% +50.975% +111.04%] (p = 0.05 < 0.05)
                        Performance has regressed.
Benchmarking global_alloc_churn_with_teardown/SeferAlloc/256B
Benchmarking global_alloc_churn_with_teardown/SeferAlloc/256B: Warming up for 150.00 ms
Benchmarking global_alloc_churn_with_teardown/SeferAlloc/256B: Collecting 10 samples in estimated 605.11 ms (2255 iterations)
Benchmarking global_alloc_churn_with_teardown/SeferAlloc/256B: Analyzing
global_alloc_churn_with_teardown/SeferAlloc/256B
                        time:   [56.369 µs 77.701 µs 107.96 µs]
                        change: [+30.353% +88.276% +155.62%] (p = 0.01 < 0.05)
                        Performance has regressed.
Benchmarking global_alloc_churn_with_teardown/mimalloc/256B
Benchmarking global_alloc_churn_with_teardown/mimalloc/256B: Warming up for 150.00 ms
Benchmarking global_alloc_churn_with_teardown/mimalloc/256B: Collecting 10 samples in estimated 602.72 ms (11k iterations)
Benchmarking global_alloc_churn_with_teardown/mimalloc/256B: Analyzing
global_alloc_churn_with_teardown/mimalloc/256B
                        time:   [29.323 µs 33.683 µs 39.724 µs]
                        change: [+28.543% +76.337% +141.08%] (p = 0.00 < 0.05)
                        Performance has regressed.
global_alloc_churn_with_teardown/256B: decommit_calls delta = 0, segments_released_total delta = 0
Benchmarking global_alloc_churn_with_teardown/System/1024B
Benchmarking global_alloc_churn_with_teardown/System/1024B: Warming up for 150.00 ms
Benchmarking global_alloc_churn_with_teardown/System/1024B: Collecting 10 samples in estimated 600.56 ms (2970 iterations)
Benchmarking global_alloc_churn_with_teardown/System/1024B: Analyzing
global_alloc_churn_with_teardown/System/1024B
                        time:   [133.13 µs 170.74 µs 191.58 µs]
                        change: [+96.231% +189.24% +315.88%] (p = 0.00 < 0.05)
                        Performance has regressed.
Benchmarking global_alloc_churn_with_teardown/mimalloc/1024B
Benchmarking global_alloc_churn_with_teardown/mimalloc/1024B: Warming up for 150.00 ms
Benchmarking global_alloc_churn_with_teardown/mimalloc/1024B: Collecting 10 samples in estimated 629.92 ms (770 iterations)
Benchmarking global_alloc_churn_with_teardown/mimalloc/1024B: Analyzing
global_alloc_churn_with_teardown/mimalloc/1024B
                        time:   [26.053 µs 30.768 µs 37.229 µs]
                        change: [-33.647% -3.3092% +40.634%] (p = 0.87 > 0.05)
                        No change in performance detected.
Found 3 outliers among 10 measurements (30.00%)
  1 (10.00%) low mild
  2 (20.00%) high severe
Benchmarking global_alloc_churn_with_teardown/SeferAlloc/1024B
Benchmarking global_alloc_churn_with_teardown/SeferAlloc/1024B: Warming up for 150.00 ms
Benchmarking global_alloc_churn_with_teardown/SeferAlloc/1024B: Collecting 10 samples in estimated 615.19 ms (825 iterations)
Benchmarking global_alloc_churn_with_teardown/SeferAlloc/1024B: Analyzing
global_alloc_churn_with_teardown/SeferAlloc/1024B
                        time:   [36.049 µs 40.373 µs 42.708 µs]
                        change: [-79.885% -58.985% +1.8469%] (p = 0.23 > 0.05)
                        No change in performance detected.
Found 2 outliers among 10 measurements (20.00%)
  1 (10.00%) low severe
  1 (10.00%) low mild
global_alloc_churn_with_teardown/1024B: decommit_calls delta = 0, segments_released_total delta = 0

Benchmarking global_alloc_churn_write/SeferAlloc/16B
Benchmarking global_alloc_churn_write/SeferAlloc/16B: Warming up for 150.00 ms
Benchmarking global_alloc_churn_write/SeferAlloc/16B: Collecting 10 samples in estimated 602.64 ms (4015 iterations)
Benchmarking global_alloc_churn_write/SeferAlloc/16B: Analyzing
global_alloc_churn_write/SeferAlloc/16B
                        time:   [16.661 µs 17.283 µs 17.828 µs]
                        change: [-54.301% -45.425% -35.904%] (p = 0.00 < 0.05)
                        Performance has improved.
Benchmarking global_alloc_churn_write/mimalloc/16B
Benchmarking global_alloc_churn_write/mimalloc/16B: Warming up for 150.00 ms
Benchmarking global_alloc_churn_write/mimalloc/16B: Collecting 10 samples in estimated 600.55 ms (21k iterations)
Benchmarking global_alloc_churn_write/mimalloc/16B: Analyzing
global_alloc_churn_write/mimalloc/16B
                        time:   [8.5741 µs 10.156 µs 14.045 µs]
                        change: [+22.861% +72.256% +137.06%] (p = 0.02 < 0.05)
                        Performance has regressed.
Benchmarking global_alloc_churn_write/System/16B
Benchmarking global_alloc_churn_write/System/16B: Warming up for 150.00 ms
Benchmarking global_alloc_churn_write/System/16B: Collecting 10 samples in estimated 601.36 ms (11k iterations)
Benchmarking global_alloc_churn_write/System/16B: Analyzing
global_alloc_churn_write/System/16B
                        time:   [24.181 µs 26.756 µs 29.259 µs]
                        change: [+5.2378% +41.690% +88.971%] (p = 0.03 < 0.05)
                        Performance has regressed.
Found 1 outliers among 10 measurements (10.00%)
  1 (10.00%) high mild
Benchmarking global_alloc_churn_write/SeferAlloc/64B
Benchmarking global_alloc_churn_write/SeferAlloc/64B: Warming up for 150.00 ms
Benchmarking global_alloc_churn_write/SeferAlloc/64B: Collecting 10 samples in estimated 635.56 ms (880 iterations)
Benchmarking global_alloc_churn_write/SeferAlloc/64B: Analyzing
global_alloc_churn_write/SeferAlloc/64B
                        time:   [27.860 µs 29.280 µs 31.300 µs]
                        change: [-29.383% -7.9949% +21.606%] (p = 0.61 > 0.05)
                        No change in performance detected.
Found 1 outliers among 10 measurements (10.00%)
  1 (10.00%) high severe
Benchmarking global_alloc_churn_write/System/64B
Benchmarking global_alloc_churn_write/System/64B: Warming up for 150.00 ms
Benchmarking global_alloc_churn_write/System/64B: Collecting 10 samples in estimated 600.35 ms (16k iterations)
Benchmarking global_alloc_churn_write/System/64B: Analyzing
global_alloc_churn_write/System/64B
                        time:   [16.424 µs 26.645 µs 39.690 µs]
                        change: [-65.142% -50.666% -28.000%] (p = 0.00 < 0.05)
                        Performance has improved.
Found 1 outliers among 10 measurements (10.00%)
  1 (10.00%) high severe
Benchmarking global_alloc_churn_write/mimalloc/64B
Benchmarking global_alloc_churn_write/mimalloc/64B: Warming up for 150.00 ms
Benchmarking global_alloc_churn_write/mimalloc/64B: Collecting 10 samples in estimated 600.41 ms (19k iterations)
Benchmarking global_alloc_churn_write/mimalloc/64B: Analyzing
global_alloc_churn_write/mimalloc/64B
                        time:   [31.798 µs 38.592 µs 47.669 µs]
                        change: [+26.936% +73.230% +136.57%] (p = 0.00 < 0.05)
                        Performance has regressed.
Found 1 outliers among 10 measurements (10.00%)
  1 (10.00%) low mild
Benchmarking global_alloc_churn_write/mimalloc/256B
Benchmarking global_alloc_churn_write/mimalloc/256B: Warming up for 150.00 ms
Benchmarking global_alloc_churn_write/mimalloc/256B: Collecting 10 samples in estimated 603.19 ms (9955 iterations)
Benchmarking global_alloc_churn_write/mimalloc/256B: Analyzing
global_alloc_churn_write/mimalloc/256B
                        time:   [24.613 µs 34.698 µs 40.366 µs]
                        change: [-42.074% -18.925% +10.727%] (p = 0.27 > 0.05)
                        No change in performance detected.
Benchmarking global_alloc_churn_write/SeferAlloc/256B
Benchmarking global_alloc_churn_write/SeferAlloc/256B: Warming up for 150.00 ms
Benchmarking global_alloc_churn_write/SeferAlloc/256B: Collecting 10 samples in estimated 610.46 ms (1760 iterations)
Benchmarking global_alloc_churn_write/SeferAlloc/256B: Analyzing
global_alloc_churn_write/SeferAlloc/256B
                        time:   [35.183 µs 41.824 µs 47.249 µs]
                        change: [-16.497% +12.644% +48.966%] (p = 0.44 > 0.05)
                        No change in performance detected.
Benchmarking global_alloc_churn_write/System/256B
Benchmarking global_alloc_churn_write/System/256B: Warming up for 150.00 ms
Benchmarking global_alloc_churn_write/System/256B: Collecting 10 samples in estimated 602.22 ms (4895 iterations)
Benchmarking global_alloc_churn_write/System/256B: Analyzing
global_alloc_churn_write/System/256B
                        time:   [48.459 µs 63.169 µs 73.248 µs]
                        change: [-29.409% +9.3978% +74.616%] (p = 0.71 > 0.05)
                        No change in performance detected.
Benchmarking global_alloc_churn_write/mimalloc/1024B
Benchmarking global_alloc_churn_write/mimalloc/1024B: Warming up for 150.00 ms
Benchmarking global_alloc_churn_write/mimalloc/1024B: Collecting 10 samples in estimated 601.40 ms (2860 iterations)
Benchmarking global_alloc_churn_write/mimalloc/1024B: Analyzing
global_alloc_churn_write/mimalloc/1024B
                        time:   [168.66 µs 186.65 µs 195.18 µs]
                        change: [-17.812% +2.1960% +28.838%] (p = 0.86 > 0.05)
                        No change in performance detected.
Benchmarking global_alloc_churn_write/System/1024B
Benchmarking global_alloc_churn_write/System/1024B: Warming up for 150.00 ms
Benchmarking global_alloc_churn_write/System/1024B: Collecting 10 samples in estimated 604.00 ms (1760 iterations)
Benchmarking global_alloc_churn_write/System/1024B: Analyzing
global_alloc_churn_write/System/1024B
                        time:   [30.597 µs 51.854 µs 71.304 µs]
                        change: [+71.561% +177.95% +316.11%] (p = 0.00 < 0.05)
                        Performance has regressed.
Benchmarking global_alloc_churn_write/SeferAlloc/1024B
Benchmarking global_alloc_churn_write/SeferAlloc/1024B: Warming up for 150.00 ms
Benchmarking global_alloc_churn_write/SeferAlloc/1024B: Collecting 10 samples in estimated 643.54 ms (660 iterations)
Benchmarking global_alloc_churn_write/SeferAlloc/1024B: Analyzing
global_alloc_churn_write/SeferAlloc/1024B
                        time:   [50.461 µs 72.709 µs 87.886 µs]
                        change: [-19.686% +19.295% +83.268%] (p = 0.43 > 0.05)
                        No change in performance detected.

Benchmarking segment_decommit_cycle/System/253KiB
Benchmarking segment_decommit_cycle/System/253KiB: Warming up for 150.00 ms
Benchmarking segment_decommit_cycle/System/253KiB: Collecting 10 samples in estimated 600.03 ms (173k iterations)
Benchmarking segment_decommit_cycle/System/253KiB: Analyzing
segment_decommit_cycle/System/253KiB
                        time:   [3.5494 µs 3.9071 µs 4.2229 µs]
                        change: [+1.6673% +18.750% +40.475%] (p = 0.06 > 0.05)
                        No change in performance detected.
Found 1 outliers among 10 measurements (10.00%)
  1 (10.00%) high mild
Benchmarking segment_decommit_cycle/SeferAlloc/253KiB
Benchmarking segment_decommit_cycle/SeferAlloc/253KiB: Warming up for 150.00 ms
Benchmarking segment_decommit_cycle/SeferAlloc/253KiB: Collecting 10 samples in estimated 627.73 ms (110 iterations)
Benchmarking segment_decommit_cycle/SeferAlloc/253KiB: Analyzing
segment_decommit_cycle/SeferAlloc/253KiB
                        time:   [4.5011 ms 5.0765 ms 5.4473 ms]
                        change: [+97.226% +138.90% +188.57%] (p = 0.00 < 0.05)
                        Performance has regressed.
Benchmarking segment_decommit_cycle/mimalloc/253KiB
Benchmarking segment_decommit_cycle/mimalloc/253KiB: Warming up for 150.00 ms

Warning: Unable to complete 10 samples in 600.0ms. You may wish to increase target time to 3.0s.
Benchmarking segment_decommit_cycle/mimalloc/253KiB: Collecting 10 samples in estimated 3.0147 s (10 iterations)
Benchmarking segment_decommit_cycle/mimalloc/253KiB: Analyzing
segment_decommit_cycle/mimalloc/253KiB
                        time:   [4.1903 µs 29.431 µs 76.730 µs]
                        change: [+18.649% +705.38% +2159.3%] (p = 0.24 > 0.05)
                        No change in performance detected.
Found 1 outliers among 10 measurements (10.00%)
  1 (10.00%) high severe

Benchmarking working_set_cycle/SeferAlloc/16B
Benchmarking working_set_cycle/SeferAlloc/16B: Warming up for 150.00 ms

Warning: Unable to complete 10 samples in 600.0ms. You may wish to increase target time to 1.2s or enable flat sampling.
Benchmarking working_set_cycle/SeferAlloc/16B: Collecting 10 samples in estimated 1.1522 s (55 iterations)
Benchmarking working_set_cycle/SeferAlloc/16B: Analyzing
working_set_cycle/SeferAlloc/16B
                        time:   [352.07 µs 369.83 µs 388.05 µs]
                        change: [+2.0805% +31.364% +66.460%] (p = 0.05 < 0.05)
                        Performance has regressed.
Found 1 outliers among 10 measurements (10.00%)
  1 (10.00%) high severe
working_set_cycle/SeferAlloc/16B: decommit_calls delta = 0, segments_released_total delta = 0
Benchmarking working_set_cycle/SeferAlloc/64B
Benchmarking working_set_cycle/SeferAlloc/64B: Warming up for 150.00 ms
Benchmarking working_set_cycle/SeferAlloc/64B: Collecting 10 samples in estimated 1.0004 s (20 iterations)
Benchmarking working_set_cycle/SeferAlloc/64B: Analyzing
working_set_cycle/SeferAlloc/64B
                        time:   [476.02 µs 1.0256 ms 1.8236 ms]
                        change: [+37.644% +207.98% +448.38%] (p = 0.05 > 0.05)
                        No change in performance detected.
Found 2 outliers among 10 measurements (20.00%)
  2 (20.00%) high severe
working_set_cycle/SeferAlloc/64B: decommit_calls delta = 0, segments_released_total delta = 0
Benchmarking working_set_cycle/SeferAlloc/256B
Benchmarking working_set_cycle/SeferAlloc/256B: Warming up for 150.00 ms

Warning: Unable to complete 10 samples in 600.0ms. You may wish to increase target time to 752.3ms or enable flat sampling.
Benchmarking working_set_cycle/SeferAlloc/256B: Collecting 10 samples in estimated 752.33 ms (55 iterations)
Benchmarking working_set_cycle/SeferAlloc/256B: Analyzing
working_set_cycle/SeferAlloc/256B
                        time:   [367.96 µs 394.94 µs 434.31 µs]
                        change: [+20.194% +37.032% +56.801%] (p = 0.00 < 0.05)
                        Performance has regressed.
working_set_cycle/SeferAlloc/256B: decommit_calls delta = 0, segments_released_total delta = 0
Benchmarking working_set_cycle/SeferAlloc/1024B
Benchmarking working_set_cycle/SeferAlloc/1024B: Warming up for 150.00 ms

Warning: Unable to complete 10 samples in 600.0ms. You may wish to increase target time to 2.2s.
Benchmarking working_set_cycle/SeferAlloc/1024B: Collecting 10 samples in estimated 2.1786 s (10 iterations)
Benchmarking working_set_cycle/SeferAlloc/1024B: Analyzing
working_set_cycle/SeferAlloc/1024B
                        time:   [376.48 µs 921.76 µs 1.9455 ms]
                        change: [+10.510% +181.99% +525.12%] (p = 0.21 > 0.05)
                        No change in performance detected.
Found 2 outliers among 10 measurements (20.00%)
  2 (20.00%) high severe
working_set_cycle/SeferAlloc/1024B: decommit_calls delta = 0, segments_released_total delta = 0

