   Compiling proc-macro2 v1.0.106
   Compiling unicode-ident v1.0.24
   Compiling quote v1.0.46
   Compiling libc v0.2.186
   Compiling cfg-if v1.0.4
   Compiling zerocopy v0.8.52
   Compiling zmij v1.0.21
   Compiling serde_core v1.0.228
   Compiling serde v1.0.228
   Compiling getrandom v0.3.4
   Compiling syn v2.0.118
   Compiling serde_json v1.0.150
   Compiling libm v0.2.16
   Compiling crossbeam-utils v0.8.21
   Compiling autocfg v1.5.1
   Compiling num-traits v0.2.19
   Compiling crossbeam-epoch v0.9.20
   Compiling getrandom v0.4.3
   Compiling rustix v1.1.4
   Compiling rand_core v0.9.5
   Compiling once_cell v1.21.4
   Compiling version_check v0.9.5
   Compiling shlex v2.0.1
   Compiling regex-syntax v0.8.11
   Compiling find-msvc-tools v0.1.9
   Compiling bitflags v2.13.0
   Compiling linux-raw-sys v0.12.1
   Compiling cc v1.2.65
   Compiling serde_derive v1.0.228
   Compiling zerocopy-derive v0.8.52
   Compiling derive_more-impl v2.1.1
   Compiling slotmap v1.1.1
   Compiling fastrand v2.4.1
   Compiling rayon-core v1.13.0
   Compiling either v1.16.0
   Compiling tempfile v3.27.0
   Compiling crossbeam-deque v0.8.6
   Compiling libmimalloc-sys v0.1.49
   Compiling wait-timeout v0.2.1
   Compiling proc-macro-error-attr2 v2.0.0
   Compiling bit-vec v0.8.0
   Compiling memchr v2.8.2
   Compiling ciborium-io v0.2.2
   Compiling plotters-backend v0.3.7
   Compiling itoa v1.0.18
   Compiling iai-callgrind-runner v0.14.2
   Compiling fnv v1.0.7
   Compiling quick-error v1.2.3
   Compiling clap_lex v1.1.0
   Compiling anstyle v1.0.14
   Compiling rusty-fork v0.3.1
   Compiling clap_builder v4.6.0
   Compiling ppv-lite86 v0.2.21
   Compiling half v2.7.1
   Compiling rand_chacha v0.9.0
   Compiling ciborium-ll v0.2.2
   Compiling proc-macro-error2 v2.0.1
   Compiling plotters-svg v0.3.7
   Compiling bit-set v0.8.0
   Compiling itertools v0.10.5
   Compiling derive_more v2.1.1
   Compiling regex-automata v0.4.14
   Compiling rand v0.9.4
   Compiling rand_xorshift v0.4.0
   Compiling iai-callgrind v0.14.2
   Compiling unarray v0.1.4
   Compiling same-file v1.0.6
   Compiling cast v0.3.0
   Compiling walkdir v2.5.0
   Compiling criterion-plot v0.5.0
   Compiling proptest v1.11.0
   Compiling regex v1.12.4
   Compiling iai-callgrind-macros v0.5.1
   Compiling sefer-region v0.2.0 (<repo>/worktrees/ph6b/crates/sefer-region)
   Compiling rayon v1.12.0
   Compiling tinytemplate v1.2.1
   Compiling clap v4.6.1
   Compiling plotters v0.3.7
   Compiling ciborium v0.2.2
   Compiling bincode v1.3.3
   Compiling tokio-macros v2.7.0
   Compiling is-terminal v0.4.17
   Compiling aligned-vmem v0.2.0 (<repo>/worktrees/ph6b/crates/aligned-vmem)
   Compiling tagged-index-stack v0.1.0 (<repo>/worktrees/ph6b/crates/tagged-index-stack)
   Compiling pin-project-lite v0.2.17
   Compiling once-ptr-cell v0.1.0 (<repo>/worktrees/ph6b/crates/once-ptr-cell)
   Compiling proc-memstat v0.1.0 (<repo>/worktrees/ph6b/crates/proc-memstat)
   Compiling oorandom v11.1.5
   Compiling size-classes v0.1.0 (<repo>/worktrees/ph6b/crates/size-classes)
   Compiling anes v0.1.6
   Compiling tokio v1.52.3
   Compiling sefer-alloc v0.3.0 (<repo>/worktrees/ph6b)
   Compiling criterion v0.5.1
   Compiling proc-probe v0.1.0 (<repo>/worktrees/ph6b/crates/proc-probe)
   Compiling globalalloc-model v0.1.0 (<repo>/worktrees/ph6b/crates/globalalloc-model)
   Compiling mimalloc v0.1.52
   Compiling malloc-bench-rs v0.1.0 (<repo>/worktrees/ph6b/crates/malloc-bench-rs)
    Finished `release` profile [optimized] target(s) in 43.18s
warning: the following packages contain code that will be rejected by a future version of Rust: proc-macro-error2 v2.0.1
note: to see what the problems were, use the option `--future-incompat-report`, or run `cargo report future-incompatibilities --id 1`
# SMOKE RUN
== ph6b_mt_ab: installed #[global_allocator] MT A/B harness (measurement-only) ==
RESULT mt_ns workload=larson T=1 ns=11972316
RESULT mt_ops workload=larson T=1 ops=801536
RESULT mt_ns workload=mstress T=1 ns=8254686
RESULT mt_ops workload=mstress T=1 ops=399360
RESULT mt_ns workload=larson T=2 ns=35000597
RESULT mt_ops workload=larson T=2 ops=1597105
RESULT mt_ns workload=mstress T=2 ns=12335469
RESULT mt_ops workload=mstress T=2 ops=797424
RESULT mt_ns workload=larson T=4 ns=29067463
RESULT mt_ops workload=larson T=4 ops=3203542
RESULT mt_ns workload=mstress T=4 ns=14255980
RESULT mt_ops workload=mstress T=4 ops=1595375
RESULT mt_ns workload=larson T=8 ns=76158554
RESULT mt_ops workload=larson T=8 ops=6374460
RESULT mt_ns workload=mstress T=8 ns=31236557
RESULT mt_ops workload=mstress T=8 ops=3185376
RESULT segments_reserved_total=25
RESULT config_conflicts=0
