perf_gate_iai::perf_gate::small_churn_16b
  Instructions:                       60270|N/A                  (*********)
  L1 Hits:                           107514|N/A                  (*********)
  L2 Hits:                              208|N/A                  (*********)
  RAM Hits:                            1091|N/A                  (*********)
  Total read+write:                  108813|N/A                  (*********)
  Estimated Cycles:                  146739|N/A                  (*********)
perf_gate_iai::perf_gate::small_churn_16b_2n
  Instructions:                       66926|N/A                  (*********)
  L1 Hits:                           115963|N/A                  (*********)
  L2 Hits:                              209|N/A                  (*********)
  RAM Hits:                            1089|N/A                  (*********)
  Total read+write:                  117261|N/A                  (*********)
  Estimated Cycles:                  155123|N/A                  (*********)
perf_gate_iai::perf_gate::dealloc_prealloc_only_16b
  Instructions:                       73099|N/A                  (*********)
  L1 Hits:                           124959|N/A                  (*********)
  L2 Hits:                              192|N/A                  (*********)
  RAM Hits:                            1069|N/A                  (*********)
  Total read+write:                  126220|N/A                  (*********)
  Estimated Cycles:                  163334|N/A                  (*********)
perf_gate_iai::perf_gate::dealloc_free_only_16b
  Instructions:                       81717|N/A                  (*********)
  L1 Hits:                           135984|N/A                  (*********)
  L2 Hits:                              193|N/A                  (*********)
  RAM Hits:                            1110|N/A                  (*********)
  Total read+write:                  137287|N/A                  (*********)
  Estimated Cycles:                  175799|N/A                  (*********)
perf_gate_iai::perf_gate::dealloc_contains_base_probe_only_16b
  Instructions:                       74446|N/A                  (*********)
  L1 Hits:                           126689|N/A                  (*********)
  L2 Hits:                              192|N/A                  (*********)
  RAM Hits:                            1072|N/A                  (*********)
  Total read+write:                  127953|N/A                  (*********)
  Estimated Cycles:                  165169|N/A                  (*********)
perf_gate_iai::perf_gate::dealloc_segment_base_of_ptr_probe_only_16b
  Instructions:                       73689|N/A                  (*********)
  L1 Hits:                           125680|N/A                  (*********)
  L2 Hits:                              193|N/A                  (*********)
  RAM Hits:                            1073|N/A                  (*********)
  Total read+write:                  126946|N/A                  (*********)
  Estimated Cycles:                  164200|N/A                  (*********)
perf_gate_iai::perf_gate::alloc_magazine_prefill_only_16b
  Instructions:                       59314|N/A                  (*********)
  L1 Hits:                           106242|N/A                  (*********)
  L2 Hits:                              192|N/A                  (*********)
  RAM Hits:                            1074|N/A                  (*********)
  Total read+write:                  107508|N/A                  (*********)
  Estimated Cycles:                  144792|N/A                  (*********)
perf_gate_iai::perf_gate::alloc_magazine_hit_only_16b
  Instructions:                       59803|N/A                  (*********)
  L1 Hits:                           106849|N/A                  (*********)
  L2 Hits:                              192|N/A                  (*********)
  RAM Hits:                            1077|N/A                  (*********)
  Total read+write:                  108118|N/A                  (*********)
  Estimated Cycles:                  145504|N/A                  (*********)
perf_gate_iai::perf_gate::alloc_zeroed_magazine_prefill_only_16b
  Instructions:                       59302|N/A                  (*********)
  L1 Hits:                           106224|N/A                  (*********)
  L2 Hits:                              189|N/A                  (*********)
  RAM Hits:                            1075|N/A                  (*********)
  Total read+write:                  107488|N/A                  (*********)
  Estimated Cycles:                  144794|N/A                  (*********)
perf_gate_iai::perf_gate::alloc_zeroed_magazine_hit_only_16b
  Instructions:                       59852|N/A                  (*********)
  L1 Hits:                           106909|N/A                  (*********)
  L2 Hits:                              192|N/A                  (*********)
  RAM Hits:                            1082|N/A                  (*********)
  Total read+write:                  108183|N/A                  (*********)
  Estimated Cycles:                  145739|N/A                  (*********)
perf_gate_iai::perf_gate::dealloc_hash_contains_only_probe_16b
  Instructions:                       75480|N/A                  (*********)
  L1 Hits:                           127788|N/A                  (*********)
  L2 Hits:                              193|N/A                  (*********)
  RAM Hits:                            1076|N/A                  (*********)
  Total read+write:                  129057|N/A                  (*********)
  Estimated Cycles:                  166413|N/A                  (*********)
perf_gate_iai::perf_gate::dealloc_own_thread_body_only_16b
  Instructions:                       80748|N/A                  (*********)
  L1 Hits:                           134816|N/A                  (*********)
  L2 Hits:                              193|N/A                  (*********)
  RAM Hits:                            1107|N/A                  (*********)
  Total read+write:                  136116|N/A                  (*********)
  Estimated Cycles:                  174526|N/A                  (*********)
perf_gate_iai::perf_gate::dealloc_free_only_16b_n1
  Instructions:                       73168|N/A                  (*********)
  L1 Hits:                           125043|N/A                  (*********)
  L2 Hits:                              193|N/A                  (*********)
  RAM Hits:                            1077|N/A                  (*********)
  Total read+write:                  126313|N/A                  (*********)
  Estimated Cycles:                  163703|N/A                  (*********)
perf_gate_iai::perf_gate::dealloc_free_only_16b_n8
  Instructions:                       73627|N/A                  (*********)
  L1 Hits:                           125627|N/A                  (*********)
  L2 Hits:                              193|N/A                  (*********)
  RAM Hits:                            1077|N/A                  (*********)
  Total read+write:                  126897|N/A                  (*********)
  Estimated Cycles:                  164287|N/A                  (*********)
perf_gate_iai::perf_gate::dealloc_free_only_16b_n9
  Instructions:                       73692|N/A                  (*********)
  L1 Hits:                           125709|N/A                  (*********)
  L2 Hits:                              193|N/A                  (*********)
  RAM Hits:                            1078|N/A                  (*********)
  Total read+write:                  126980|N/A                  (*********)
  Estimated Cycles:                  164404|N/A                  (*********)
perf_gate_iai::perf_gate::dealloc_free_only_16b_n16
  Instructions:                       74147|N/A                  (*********)
  L1 Hits:                           126290|N/A                  (*********)
  L2 Hits:                              193|N/A                  (*********)
  RAM Hits:                            1078|N/A                  (*********)
  Total read+write:                  127561|N/A                  (*********)
  Estimated Cycles:                  164985|N/A                  (*********)
perf_gate_iai::perf_gate::dealloc_free_only_16b_n17
  Instructions:                       74957|N/A                  (*********)
  L1 Hits:                           127315|N/A                  (*********)
  L2 Hits:                              193|N/A                  (*********)
  RAM Hits:                            1098|N/A                  (*********)
  Total read+write:                  128606|N/A                  (*********)
  Estimated Cycles:                  166710|N/A                  (*********)
perf_gate_iai::perf_gate::dealloc_free_only_16b_n32
  Instructions:                       76673|N/A                  (*********)
  L1 Hits:                           129512|N/A                  (*********)
  L2 Hits:                              193|N/A                  (*********)
  RAM Hits:                            1102|N/A                  (*********)
  Total read+write:                  130807|N/A                  (*********)
  Estimated Cycles:                  169047|N/A                  (*********)
perf_gate_iai::perf_gate::dealloc_flush_class_only_16b_prefix
  Instructions:                       54203|N/A                  (*********)
  L1 Hits:                            99778|N/A                  (*********)
  L2 Hits:                              193|N/A                  (*********)
  RAM Hits:                            1078|N/A                  (*********)
  Total read+write:                  101049|N/A                  (*********)
  Estimated Cycles:                  138473|N/A                  (*********)
perf_gate_iai::perf_gate::dealloc_flush_class_only_16b
  Instructions:                       54708|N/A                  (*********)
  L1 Hits:                           100416|N/A                  (*********)
  L2 Hits:                              192|N/A                  (*********)
  RAM Hits:                            1094|N/A                  (*********)
  Total read+write:                  101702|N/A                  (*********)
  Estimated Cycles:                  139666|N/A                  (*********)
perf_gate_iai::perf_gate::alloc_clear_magazine_only_16b_prefix
  Instructions:                       54707|N/A                  (*********)
  L1 Hits:                           100424|N/A                  (*********)
  L2 Hits:                              189|N/A                  (*********)
  RAM Hits:                            1075|N/A                  (*********)
  Total read+write:                  101688|N/A                  (*********)
  Estimated Cycles:                  138994|N/A                  (*********)
perf_gate_iai::perf_gate::alloc_clear_magazine_only_16b
  Instructions:                       55092|N/A                  (*********)
  L1 Hits:                           100878|N/A                  (*********)
  L2 Hits:                              192|N/A                  (*********)
  RAM Hits:                            1077|N/A                  (*********)
  Total read+write:                  102147|N/A                  (*********)
  Estimated Cycles:                  139533|N/A                  (*********)
perf_gate_iai::perf_gate::alloc_zeroed_calloc_virgin_64k_prefix
  Instructions:                           3|N/A                  (*********)
  L1 Hits:                                4|N/A                  (*********)
  L2 Hits:                                0|N/A                  (*********)
  RAM Hits:                               1|N/A                  (*********)
  Total read+write:                       5|N/A                  (*********)
  Estimated Cycles:                      39|N/A                  (*********)
perf_gate_iai::perf_gate::alloc_zeroed_calloc_virgin_64k
  Instructions:                           3|N/A                  (*********)
  L1 Hits:                                4|N/A                  (*********)
  L2 Hits:                                0|N/A                  (*********)
  RAM Hits:                               1|N/A                  (*********)
  Total read+write:                       5|N/A                  (*********)
  Estimated Cycles:                      39|N/A                  (*********)
perf_gate_iai::perf_gate::alloc_zeroed_calloc_recycled_64k_prefix
  Instructions:                           3|N/A                  (*********)
  L1 Hits:                                4|N/A                  (*********)
  L2 Hits:                                0|N/A                  (*********)
  RAM Hits:                               1|N/A                  (*********)
  Total read+write:                       5|N/A                  (*********)
  Estimated Cycles:                      39|N/A                  (*********)
perf_gate_iai::perf_gate::alloc_zeroed_calloc_recycled_64k
  Instructions:                           3|N/A                  (*********)
  L1 Hits:                                4|N/A                  (*********)
  L2 Hits:                                0|N/A                  (*********)
  RAM Hits:                               1|N/A                  (*********)
  Total read+write:                       5|N/A                  (*********)
  Estimated Cycles:                      39|N/A                  (*********)
perf_gate_iai::perf_gate::dealloc_prealloc_only_1088_16b
  Instructions:                      501730|N/A                  (*********)
  L1 Hits:                           701086|N/A                  (*********)
  L2 Hits:                              200|N/A                  (*********)
  RAM Hits:                            1199|N/A                  (*********)
  Total read+write:                  702485|N/A                  (*********)
  Estimated Cycles:                  744051|N/A                  (*********)
perf_gate_iai::perf_gate::dealloc_free_only_1088_16b_n17
  Instructions:                      503588|N/A                  (*********)
  L1 Hits:                           703438|N/A                  (*********)
  L2 Hits:                              201|N/A                  (*********)
  RAM Hits:                            1232|N/A                  (*********)
  Total read+write:                  704871|N/A                  (*********)
  Estimated Cycles:                  747563|N/A                  (*********)
perf_gate_iai::perf_gate::dealloc_free_only_1088_16b_n32
  Instructions:                      505304|N/A                  (*********)
  L1 Hits:                           705640|N/A                  (*********)
  L2 Hits:                              200|N/A                  (*********)
  RAM Hits:                            1232|N/A                  (*********)
  Total read+write:                  707072|N/A                  (*********)
  Estimated Cycles:                  749760|N/A                  (*********)
perf_gate_iai::perf_gate::dealloc_free_only_1088_16b_n64
  Instructions:                      510348|N/A                  (*********)
  L1 Hits:                           712113|N/A                  (*********)
  L2 Hits:                              200|N/A                  (*********)
  RAM Hits:                            1239|N/A                  (*********)
  Total read+write:                  713552|N/A                  (*********)
  Estimated Cycles:                  756478|N/A                  (*********)
perf_gate_iai::perf_gate::dealloc_free_only_1088_16b_n256
  Instructions:                      540612|N/A                  (*********)
  L1 Hits:                           750943|N/A                  (*********)
  L2 Hits:                              198|N/A                  (*********)
  RAM Hits:                            1291|N/A                  (*********)
  Total read+write:                  752432|N/A                  (*********)
  Estimated Cycles:                  797118|N/A                  (*********)
perf_gate_iai::perf_gate::dealloc_free_only_1088_16b_n1024
  Instructions:                      661668|N/A                  (*********)
  L1 Hits:                           906257|N/A                  (*********)
  L2 Hits:                              211|N/A                  (*********)
  RAM Hits:                            1484|N/A                  (*********)
  Total read+write:                  907952|N/A                  (*********)
  Estimated Cycles:                  959252|N/A                  (*********)
perf_gate_iai::perf_gate::dealloc_realloc_burst_1088_16b_n17
  Instructions:                      510551|N/A                  (*********)
  L1 Hits:                           712657|N/A                  (*********)
  L2 Hits:                              199|N/A                  (*********)
  RAM Hits:                            1253|N/A                  (*********)
  Total read+write:                  714109|N/A                  (*********)
  Estimated Cycles:                  757507|N/A                  (*********)
perf_gate_iai::perf_gate::oscillating_live_set_16b
  Instructions:                       90729|N/A                  (*********)
  L1 Hits:                           146331|N/A                  (*********)
  L2 Hits:                              192|N/A                  (*********)
  RAM Hits:                            1104|N/A                  (*********)
  Total read+write:                  147627|N/A                  (*********)
  Estimated Cycles:                  185931|N/A                  (*********)
perf_gate_iai::perf_gate::carve_batch_only_16b
  Instructions:                        3241|N/A                  (*********)
  L1 Hits:                             3872|N/A                  (*********)
  L2 Hits:                               52|N/A                  (*********)
  RAM Hits:                             110|N/A                  (*********)
  Total read+write:                    4034|N/A                  (*********)
  Estimated Cycles:                    7982|N/A                  (*********)
perf_gate_iai::perf_gate::carve_batch_only_16b_2n
  Instructions:                        9142|N/A                  (*********)
  L1 Hits:                            13897|N/A                  (*********)
  L2 Hits:                               82|N/A                  (*********)
  RAM Hits:                             113|N/A                  (*********)
  Total read+write:                   14092|N/A                  (*********)
  Estimated Cycles:                   18262|N/A                  (*********)
perf_gate_iai::perf_gate::dealloc_batch_fresh_16_16b
  Instructions:                           3|N/A                  (*********)
  L1 Hits:                                4|N/A                  (*********)
  L2 Hits:                                0|N/A                  (*********)
  RAM Hits:                               1|N/A                  (*********)
  Total read+write:                       5|N/A                  (*********)
  Estimated Cycles:                      39|N/A                  (*********)
perf_gate_iai::perf_gate::dealloc_batch_fresh_64_16b
  Instructions:                           3|N/A                  (*********)
  L1 Hits:                                4|N/A                  (*********)
  L2 Hits:                                0|N/A                  (*********)
  RAM Hits:                               1|N/A                  (*********)
  Total read+write:                       5|N/A                  (*********)
  Estimated Cycles:                      39|N/A                  (*********)
perf_gate_iai::perf_gate::dealloc_batch_fresh_80_16b
  Instructions:                           3|N/A                  (*********)
  L1 Hits:                                4|N/A                  (*********)
  L2 Hits:                                0|N/A                  (*********)
  RAM Hits:                               1|N/A                  (*********)
  Total read+write:                       5|N/A                  (*********)
  Estimated Cycles:                      39|N/A                  (*********)
perf_gate_iai::perf_gate::dealloc_batch_fresh_81_16b
  Instructions:                           3|N/A                  (*********)
  L1 Hits:                                4|N/A                  (*********)
  L2 Hits:                                0|N/A                  (*********)
  RAM Hits:                               1|N/A                  (*********)
  Total read+write:                       5|N/A                  (*********)
  Estimated Cycles:                      39|N/A                  (*********)
perf_gate_iai::perf_gate::dealloc_batch_fresh_128_16b
  Instructions:                           3|N/A                  (*********)
  L1 Hits:                                4|N/A                  (*********)
  L2 Hits:                                0|N/A                  (*********)
  RAM Hits:                               1|N/A                  (*********)
  Total read+write:                       5|N/A                  (*********)
  Estimated Cycles:                      39|N/A                  (*********)
perf_gate_iai::perf_gate::dealloc_batch_fresh_200_16b
  Instructions:                           3|N/A                  (*********)
  L1 Hits:                                4|N/A                  (*********)
  L2 Hits:                                0|N/A                  (*********)
  RAM Hits:                               1|N/A                  (*********)
  Total read+write:                       5|N/A                  (*********)
  Estimated Cycles:                      39|N/A                  (*********)
perf_gate_iai::perf_gate::dealloc_batch_fresh_512_16b
  Instructions:                           3|N/A                  (*********)
  L1 Hits:                                4|N/A                  (*********)
  L2 Hits:                                0|N/A                  (*********)
  RAM Hits:                               1|N/A                  (*********)
  Total read+write:                       5|N/A                  (*********)
  Estimated Cycles:                      39|N/A                  (*********)
perf_gate_iai::perf_gate::dealloc_batch_fresh_1024_16b
  Instructions:                           3|N/A                  (*********)
  L1 Hits:                                4|N/A                  (*********)
  L2 Hits:                                0|N/A                  (*********)
  RAM Hits:                               1|N/A                  (*********)
  Total read+write:                       5|N/A                  (*********)
  Estimated Cycles:                      39|N/A                  (*********)
perf_gate_iai::perf_gate::dealloc_batch_fresh_0_16b
  Instructions:                           3|N/A                  (*********)
  L1 Hits:                                4|N/A                  (*********)
  L2 Hits:                                0|N/A                  (*********)
  RAM Hits:                               1|N/A                  (*********)
  Total read+write:                       5|N/A                  (*********)
  Estimated Cycles:                      39|N/A                  (*********)
perf_gate_iai::perf_gate::dealloc_batch_fresh_1_16b
  Instructions:                           3|N/A                  (*********)
  L1 Hits:                                4|N/A                  (*********)
  L2 Hits:                                0|N/A                  (*********)
  RAM Hits:                               1|N/A                  (*********)
  Total read+write:                       5|N/A                  (*********)
  Estimated Cycles:                      39|N/A                  (*********)
perf_gate_iai::perf_gate::dealloc_batch_fresh_8_16b
  Instructions:                           3|N/A                  (*********)
  L1 Hits:                                4|N/A                  (*********)
  L2 Hits:                                0|N/A                  (*********)
  RAM Hits:                               1|N/A                  (*********)
  Total read+write:                       5|N/A                  (*********)
  Estimated Cycles:                      39|N/A                  (*********)
perf_gate_iai::perf_gate::dealloc_batch_fresh_17_16b
  Instructions:                           3|N/A                  (*********)
  L1 Hits:                                4|N/A                  (*********)
  L2 Hits:                                0|N/A                  (*********)
  RAM Hits:                               1|N/A                  (*********)
  Total read+write:                       5|N/A                  (*********)
  Estimated Cycles:                      39|N/A                  (*********)
perf_gate_iai::perf_gate::medium_class_dealloc_churn_16b
  Instructions:                       60282|N/A                  (*********)
  L1 Hits:                           107533|N/A                  (*********)
  L2 Hits:                              210|N/A                  (*********)
  RAM Hits:                            1090|N/A                  (*********)
  Total read+write:                  108833|N/A                  (*********)
  Estimated Cycles:                  146733|N/A                  (*********)
perf_gate_iai::perf_gate::aligned_churn_640b_a128
  Instructions:                       60276|N/A                  (*********)
  L1 Hits:                           107526|N/A                  (*********)
  L2 Hits:                              212|N/A                  (*********)
  RAM Hits:                            1091|N/A                  (*********)
  Total read+write:                  108829|N/A                  (*********)
  Estimated Cycles:                  146771|N/A                  (*********)
perf_gate_iai::perf_gate::large_alloc_free_cycle
  Instructions:                       49765|N/A                  (*********)
  L1 Hits:                            94070|N/A                  (*********)
  L2 Hits:                              185|N/A                  (*********)
  RAM Hits:                            1092|N/A                  (*********)
  Total read+write:                   95347|N/A                  (*********)
  Estimated Cycles:                  133215|N/A                  (*********)
perf_gate_iai::perf_gate::large_cache_prefill_only_4mib
  Instructions:                       58763|N/A                  (*********)
  L1 Hits:                           107022|N/A                  (*********)
  L2 Hits:                              171|N/A                  (*********)
  RAM Hits:                            1091|N/A                  (*********)
  Total read+write:                  108284|N/A                  (*********)
  Estimated Cycles:                  146062|N/A                  (*********)
perf_gate_iai::perf_gate::large_cache_hit_only_4mib
  Instructions:                       60103|N/A                  (*********)
  L1 Hits:                           108930|N/A                  (*********)
  L2 Hits:                              171|N/A                  (*********)
  RAM Hits:                            1107|N/A                  (*********)
  Total read+write:                  110208|N/A                  (*********)
  Estimated Cycles:                  148530|N/A                  (*********)
perf_gate_iai::perf_gate::large_cache_free_slot_search_prefill_only
  Instructions:                       63562|N/A                  (*********)
  L1 Hits:                           113293|N/A                  (*********)
  L2 Hits:                              167|N/A                  (*********)
  RAM Hits:                            1214|N/A                  (*********)
  Total read+write:                  114674|N/A                  (*********)
  Estimated Cycles:                  156618|N/A                  (*********)
perf_gate_iai::perf_gate::large_cache_free_slot_search_cycle_only
  Instructions:                       75115|N/A                  (*********)
  L1 Hits:                           129663|N/A                  (*********)
  L2 Hits:                              167|N/A                  (*********)
  RAM Hits:                            1238|N/A                  (*********)
  Total read+write:                  131068|N/A                  (*********)
  Estimated Cycles:                  173828|N/A                  (*********)
perf_gate_iai::perf_gate::realloc_grow
  Instructions:                      609986|N/A                  (*********)
  L1 Hits:                          1231617|N/A                  (*********)
  L2 Hits:                             4540|N/A                  (*********)
  RAM Hits:                           70943|N/A                  (*********)
  Total read+write:                 1307100|N/A                  (*********)
  Estimated Cycles:                 3737322|N/A                  (*********)
perf_gate_iai::perf_gate::cold_alloc_free_256x16b
  Instructions:                      192658|N/A                  (*********)
  L1 Hits:                           281874|N/A                  (*********)
  L2 Hits:                              222|N/A                  (*********)
  RAM Hits:                            1203|N/A                  (*********)
  Total read+write:                  283299|N/A                  (*********)
  Estimated Cycles:                  325089|N/A                  (*********)
perf_gate_iai::perf_gate::cold_alloc_free_256x16b_2n
  Instructions:                      343708|N/A                  (*********)
  L1 Hits:                           483321|N/A                  (*********)
  L2 Hits:                              255|N/A                  (*********)
  RAM Hits:                            1299|N/A                  (*********)
  Total read+write:                  484875|N/A                  (*********)
  Estimated Cycles:                  530061|N/A                  (*********)
perf_gate_iai::perf_gate::cold_alloc_free_256x16b_4n
  Instructions:                      644248|N/A                  (*********)
  L1 Hits:                           881448|N/A                  (*********)
  L2 Hits:                              331|N/A                  (*********)
  RAM Hits:                            1495|N/A                  (*********)
  Total read+write:                  883274|N/A                  (*********)
  Estimated Cycles:                  935428|N/A                  (*********)
perf_gate_iai::perf_gate::cold_alloc_only_256x16b
  Instructions:                      152745|N/A                  (*********)
  L1 Hits:                           230786|N/A                  (*********)
  L2 Hits:                              222|N/A                  (*********)
  RAM Hits:                            1113|N/A                  (*********)
  Total read+write:                  232121|N/A                  (*********)
  Estimated Cycles:                  270851|N/A                  (*********)
perf_gate_iai::perf_gate::cold_alloc_only_256x16b_2n
  Instructions:                      262419|N/A                  (*********)
  L1 Hits:                           379240|N/A                  (*********)
  L2 Hits:                              255|N/A                  (*********)
  RAM Hits:                            1146|N/A                  (*********)
  Total read+write:                  380641|N/A                  (*********)
  Estimated Cycles:                  420625|N/A                  (*********)
perf_gate_iai::perf_gate::cold_alloc_only_256x16b_4n
  Instructions:                      480207|N/A                  (*********)
  L1 Hits:                           671396|N/A                  (*********)
  L2 Hits:                              321|N/A                  (*********)
  RAM Hits:                            1211|N/A                  (*********)
  Total read+write:                  672928|N/A                  (*********)
  Estimated Cycles:                  715386|N/A                  (*********)
perf_gate_iai::perf_gate::cold_alloc_free_256x64b
  Instructions:                      193561|N/A                  (*********)
  L1 Hits:                           282880|N/A                  (*********)
  L2 Hits:                              226|N/A                  (*********)
  RAM Hits:                            1387|N/A                  (*********)
  Total read+write:                  284493|N/A                  (*********)
  Estimated Cycles:                  332555|N/A                  (*********)
perf_gate_iai::perf_gate::recycle_alloc_free_256x16b
  Instructions:                      299336|N/A                  (*********)
  L1 Hits:                           420448|N/A                  (*********)
  L2 Hits:                              223|N/A                  (*********)
  RAM Hits:                            1220|N/A                  (*********)
  Total read+write:                  421891|N/A                  (*********)
  Estimated Cycles:                  464263|N/A                  (*********)
perf_gate_iai::perf_gate::recycle_alloc_only_256x16b
  Instructions:                      258434|N/A                  (*********)
  L1 Hits:                           367414|N/A                  (*********)
  L2 Hits:                              223|N/A                  (*********)
  RAM Hits:                            1220|N/A                  (*********)
  Total read+write:                  368857|N/A                  (*********)
  Estimated Cycles:                  411229|N/A                  (*********)
perf_gate_iai::perf_gate::recycle_alloc_free_256x64b
  Instructions:                      300239|N/A                  (*********)
  L1 Hits:                           421443|N/A                  (*********)
  L2 Hits:                              226|N/A                  (*********)
  RAM Hits:                            1416|N/A                  (*********)
  Total read+write:                  423085|N/A                  (*********)
  Estimated Cycles:                  472133|N/A                  (*********)
perf_gate_iai::perf_gate::churn_256b
  Instructions:                       60270|N/A                  (*********)
  L1 Hits:                           107515|N/A                  (*********)
  L2 Hits:                              207|N/A                  (*********)
  RAM Hits:                            1091|N/A                  (*********)
  Total read+write:                  108813|N/A                  (*********)
  Estimated Cycles:                  146735|N/A                  (*********)
perf_gate_iai::perf_gate::churn_write_256b
  Instructions:                       60462|N/A                  (*********)
  L1 Hits:                           107835|N/A                  (*********)
  L2 Hits:                              207|N/A                  (*********)
  RAM Hits:                            1091|N/A                  (*********)
  Total read+write:                  109133|N/A                  (*********)
  Estimated Cycles:                  147055|N/A                  (*********)
perf_gate_iai::perf_gate::multiseg_cold_256k
  Instructions:                     4199742|N/A                  (*********)
  L1 Hits:                          5647444|N/A                  (*********)
  L2 Hits:                            37508|N/A                  (*********)
  RAM Hits:                            2597|N/A                  (*********)
  Total read+write:                 5687549|N/A                  (*********)
  Estimated Cycles:                 5925879|N/A                  (*********)
perf_gate_iai::perf_gate::seg_cycle_decommit_256k
  Instructions:                    12857480|N/A                  (*********)
  L1 Hits:                         17116546|N/A                  (*********)
  L2 Hits:                           117446|N/A                  (*********)
  RAM Hits:                            2595|N/A                  (*********)
  Total read+write:                17236587|N/A                  (*********)
  Estimated Cycles:                17794601|N/A                  (*********)
perf_gate_iai::perf_gate::mimalloc_small_churn_16b
  Instructions:                       16629|N/A                  (*********)
  L1 Hits:                            21443|N/A                  (*********)
  L2 Hits:                               53|N/A                  (*********)
  RAM Hits:                             502|N/A                  (*********)
  Total read+write:                   21998|N/A                  (*********)
  Estimated Cycles:                   39278|N/A                  (*********)
perf_gate_iai::perf_gate::mimalloc_small_churn_16b_2n
  Instructions:                       21557|N/A                  (*********)
  L1 Hits:                            27908|N/A                  (*********)
  L2 Hits:                               52|N/A                  (*********)
  RAM Hits:                             502|N/A                  (*********)
  Total read+write:                   28462|N/A                  (*********)
  Estimated Cycles:                   45738|N/A                  (*********)
perf_gate_iai::perf_gate::mimalloc_churn_256b
  Instructions:                       16130|N/A                  (*********)
  L1 Hits:                            20956|N/A                  (*********)
  L2 Hits:                               54|N/A                  (*********)
  RAM Hits:                             457|N/A                  (*********)
  Total read+write:                   21467|N/A                  (*********)
  Estimated Cycles:                   37221|N/A                  (*********)
perf_gate_iai::perf_gate::mimalloc_cold_alloc_free_256x16b
  Instructions:                       32325|N/A                  (*********)
  L1 Hits:                            41790|N/A                  (*********)
  L2 Hits:                               81|N/A                  (*********)
  RAM Hits:                             504|N/A                  (*********)
  Total read+write:                   42375|N/A                  (*********)
  Estimated Cycles:                   59835|N/A                  (*********)
perf_gate_iai::perf_gate::mimalloc_cold_alloc_free_256x16b_2n
  Instructions:                       58389|N/A                  (*********)
  L1 Hits:                            78280|N/A                  (*********)
  L2 Hits:                              130|N/A                  (*********)
  RAM Hits:                             581|N/A                  (*********)
  Total read+write:                   78991|N/A                  (*********)
  Estimated Cycles:                   99265|N/A                  (*********)
perf_gate_iai::perf_gate::mimalloc_cold_alloc_free_256x16b_4n
  Instructions:                      106653|N/A                  (*********)
  L1 Hits:                           143435|N/A                  (*********)
  L2 Hits:                              205|N/A                  (*********)
  RAM Hits:                             756|N/A                  (*********)
  Total read+write:                  144396|N/A                  (*********)
  Estimated Cycles:                  170920|N/A                  (*********)
perf_gate_iai::perf_gate::mimalloc_cold_alloc_only_256x16b
  Instructions:                       24584|N/A                  (*********)
  L1 Hits:                            30966|N/A                  (*********)
  L2 Hits:                               81|N/A                  (*********)
  RAM Hits:                             496|N/A                  (*********)
  Total read+write:                   31543|N/A                  (*********)
  Estimated Cycles:                   48731|N/A                  (*********)
perf_gate_iai::perf_gate::mimalloc_cold_alloc_only_256x16b_2n
  Instructions:                       42968|N/A                  (*********)
  L1 Hits:                            56705|N/A                  (*********)
  L2 Hits:                              129|N/A                  (*********)
  RAM Hits:                             573|N/A                  (*********)
  Total read+write:                   57407|N/A                  (*********)
  Estimated Cycles:                   77405|N/A                  (*********)
perf_gate_iai::perf_gate::mimalloc_cold_alloc_only_256x16b_4n
  Instructions:                       75872|N/A                  (*********)
  L1 Hits:                           100359|N/A                  (*********)
  L2 Hits:                              201|N/A                  (*********)
  RAM Hits:                             748|N/A                  (*********)
  Total read+write:                  101308|N/A                  (*********)
  Estimated Cycles:                  127544|N/A                  (*********)
perf_gate_iai::perf_gate::mimalloc_cold_alloc_free_256x64b
  Instructions:                       33329|N/A                  (*********)
  L1 Hits:                            42945|N/A                  (*********)
  L2 Hits:                               93|N/A                  (*********)
  RAM Hits:                             710|N/A                  (*********)
  Total read+write:                   43748|N/A                  (*********)
  Estimated Cycles:                   68260|N/A                  (*********)
perf_gate_iai::perf_gate::mimalloc_recycle_alloc_free_256x16b
  Instructions:                       53020|N/A                  (*********)
  L1 Hits:                            68696|N/A                  (*********)
  L2 Hits:                               81|N/A                  (*********)
  RAM Hits:                             506|N/A                  (*********)
  Total read+write:                   69283|N/A                  (*********)
  Estimated Cycles:                   86811|N/A                  (*********)
perf_gate_iai::perf_gate::mimalloc_recycle_alloc_free_256x64b
  Instructions:                       54024|N/A                  (*********)
  L1 Hits:                            69849|N/A                  (*********)
  L2 Hits:                               95|N/A                  (*********)
  RAM Hits:                             712|N/A                  (*********)
  Total read+write:                   70656|N/A                  (*********)
  Estimated Cycles:                   95244|N/A                  (*********)
perf_gate_iai::perf_gate::mimalloc_bootstrap_proxy
  Instructions:                       13050|N/A                  (*********)
  L1 Hits:                            16730|N/A                  (*********)
  L2 Hits:                               61|N/A                  (*********)
  RAM Hits:                             514|N/A                  (*********)
  Total read+write:                   17305|N/A                  (*********)
  Estimated Cycles:                   35025|N/A                  (*********)
perf_gate_iai::perf_gate::decomp_full_cycle_8x
  Instructions:                      679994|N/A                  (*********)
  L1 Hits:                          1282331|N/A                  (*********)
  L2 Hits:                             6902|N/A                  (*********)
  RAM Hits:                            3863|N/A                  (*********)
  Total read+write:                 1293096|N/A                  (*********)
  Estimated Cycles:                 1452046|N/A                  (*********)
perf_gate_iai::perf_gate::decomp_os_roundtrip_8x
  Instructions:                         861|N/A                  (*********)
  L1 Hits:                             1166|N/A                  (*********)
  L2 Hits:                                1|N/A                  (*********)
  RAM Hits:                              25|N/A                  (*********)
  Total read+write:                    1192|N/A                  (*********)
  Estimated Cycles:                    2046|N/A                  (*********)

Iai-Callgrind result: Ok. 85 without regressions; 0 regressed; 85 benchmarks finished in 31.5429s
