    Finished `bench` profile [optimized] target(s) in 1.24s
warning: the following packages contain code that will be rejected by a future version of Rust: proc-macro-error2 v2.0.1
note: to see what the problems were, use the option `--future-incompat-report`, or run `cargo report future-incompatibilities --id 1`
     Running benches/global_alloc.rs ($HOME/target-ph6b-base-bt/release/deps/global_alloc-dbcb5f322929efe8)
Gnuplot not found, using plotters backend
Benchmarking global_alloc/System/16B
Benchmarking global_alloc/System/16B: Warming up for 150.00 ms
Benchmarking global_alloc/System/16B: Collecting 10 samples in estimated 601.06 ms (25k iterations)
Benchmarking global_alloc/System/16B: Analyzing
global_alloc/System/16B time:   [13.052 µs 17.046 µs 20.634 µs]
                        change: [-58.062% -49.820% -38.958%] (p = 0.00 < 0.05)
                        Performance has improved.
Found 1 outliers among 10 measurements (10.00%)
  1 (10.00%) high severe
Benchmarking global_alloc/mimalloc/16B
Benchmarking global_alloc/mimalloc/16B: Warming up for 150.00 ms
Benchmarking global_alloc/mimalloc/16B: Collecting 10 samples in estimated 600.19 ms (49k iterations)
Benchmarking global_alloc/mimalloc/16B: Analyzing
global_alloc/mimalloc/16B
                        time:   [5.0334 µs 6.6838 µs 8.0601 µs]
                        change: [-3.6373% +11.529% +32.308%] (p = 0.25 > 0.05)
                        No change in performance detected.
Found 2 outliers among 10 measurements (20.00%)
  1 (10.00%) high mild
  1 (10.00%) high severe
Benchmarking global_alloc/SeferAlloc/16B
Benchmarking global_alloc/SeferAlloc/16B: Warming up for 150.00 ms
Benchmarking global_alloc/SeferAlloc/16B: Collecting 10 samples in estimated 600.18 ms (7150 iterations)
Benchmarking global_alloc/SeferAlloc/16B: Analyzing
global_alloc/SeferAlloc/16B
                        time:   [39.787 µs 58.868 µs 74.174 µs]
                        change: [-0.6220% +18.906% +44.665%] (p = 0.15 > 0.05)
                        No change in performance detected.
Found 2 outliers among 10 measurements (20.00%)
  2 (20.00%) high severe
Benchmarking global_alloc/SeferAlloc/64B
Benchmarking global_alloc/SeferAlloc/64B: Warming up for 150.00 ms
Benchmarking global_alloc/SeferAlloc/64B: Collecting 10 samples in estimated 604.50 ms (6600 iterations)
Benchmarking global_alloc/SeferAlloc/64B: Analyzing
global_alloc/SeferAlloc/64B
                        time:   [56.288 µs 69.503 µs 81.589 µs]
                        change: [-25.290% -1.2690% +35.558%] (p = 0.95 > 0.05)
                        No change in performance detected.
Benchmarking global_alloc/mimalloc/64B
Benchmarking global_alloc/mimalloc/64B: Warming up for 150.00 ms
Benchmarking global_alloc/mimalloc/64B: Collecting 10 samples in estimated 600.00 ms (43k iterations)
Benchmarking global_alloc/mimalloc/64B: Analyzing
global_alloc/mimalloc/64B
                        time:   [6.4270 µs 7.3117 µs 9.4713 µs]
                        change: [+6.0557% +36.883% +70.093%] (p = 0.04 < 0.05)
                        Performance has regressed.
Benchmarking global_alloc/System/64B
Benchmarking global_alloc/System/64B: Warming up for 150.00 ms
Benchmarking global_alloc/System/64B: Collecting 10 samples in estimated 601.28 ms (12k iterations)
Benchmarking global_alloc/System/64B: Analyzing
global_alloc/System/64B time:   [27.117 µs 30.231 µs 35.238 µs]
                        change: [-21.154% -2.6193% +19.252%] (p = 0.81 > 0.05)
                        No change in performance detected.
Found 1 outliers among 10 measurements (10.00%)
  1 (10.00%) high mild
Benchmarking global_alloc/SeferAlloc/256B
Benchmarking global_alloc/SeferAlloc/256B: Warming up for 150.00 ms
Benchmarking global_alloc/SeferAlloc/256B: Collecting 10 samples in estimated 601.91 ms (9130 iterations)
Benchmarking global_alloc/SeferAlloc/256B: Analyzing
global_alloc/SeferAlloc/256B
                        time:   [38.847 µs 49.864 µs 65.396 µs]
                        change: [-39.580% -20.538% +5.5648%] (p = 0.15 > 0.05)
                        No change in performance detected.
Benchmarking global_alloc/System/256B
Benchmarking global_alloc/System/256B: Warming up for 150.00 ms
Benchmarking global_alloc/System/256B: Collecting 10 samples in estimated 602.26 ms (6270 iterations)
Benchmarking global_alloc/System/256B: Analyzing
global_alloc/System/256B
                        time:   [37.605 µs 39.704 µs 41.980 µs]
                        change: [-30.331% -17.252% -1.6724%] (p = 0.07 > 0.05)
                        No change in performance detected.
Found 2 outliers among 10 measurements (20.00%)
  2 (20.00%) high mild
Benchmarking global_alloc/mimalloc/256B
Benchmarking global_alloc/mimalloc/256B: Warming up for 150.00 ms
Benchmarking global_alloc/mimalloc/256B: Collecting 10 samples in estimated 600.49 ms (28k iterations)
Benchmarking global_alloc/mimalloc/256B: Analyzing
global_alloc/mimalloc/256B
                        time:   [9.3191 µs 10.430 µs 13.128 µs]
                        change: [-40.675% -5.5271% +53.810%] (p = 0.84 > 0.05)
                        No change in performance detected.
Found 1 outliers among 10 measurements (10.00%)
  1 (10.00%) high severe
Benchmarking global_alloc/mimalloc/1024B
Benchmarking global_alloc/mimalloc/1024B: Warming up for 150.00 ms
Benchmarking global_alloc/mimalloc/1024B: Collecting 10 samples in estimated 600.47 ms (32k iterations)
Benchmarking global_alloc/mimalloc/1024B: Analyzing
global_alloc/mimalloc/1024B
                        time:   [17.387 µs 19.529 µs 21.302 µs]
                        change: [-67.321% -57.128% -40.522%] (p = 0.00 < 0.05)
                        Performance has improved.
Found 1 outliers among 10 measurements (10.00%)
  1 (10.00%) high mild
Benchmarking global_alloc/SeferAlloc/1024B
Benchmarking global_alloc/SeferAlloc/1024B: Warming up for 150.00 ms
Benchmarking global_alloc/SeferAlloc/1024B: Collecting 10 samples in estimated 604.25 ms (6545 iterations)
Benchmarking global_alloc/SeferAlloc/1024B: Analyzing
global_alloc/SeferAlloc/1024B
                        time:   [64.718 µs 67.536 µs 71.037 µs]
                        change: [-7.3372% +8.9937% +29.566%] (p = 0.33 > 0.05)
                        No change in performance detected.
Found 1 outliers among 10 measurements (10.00%)
  1 (10.00%) high mild
Benchmarking global_alloc/System/1024B
Benchmarking global_alloc/System/1024B: Warming up for 150.00 ms
Benchmarking global_alloc/System/1024B: Collecting 10 samples in estimated 601.15 ms (4730 iterations)
Benchmarking global_alloc/System/1024B: Analyzing
global_alloc/System/1024B
                        time:   [100.58 µs 106.91 µs 118.92 µs]
                        change: [+85.858% +112.07% +140.30%] (p = 0.00 < 0.05)
                        Performance has regressed.
Benchmarking global_alloc/manual_realloc_sim/mimalloc
Benchmarking global_alloc/manual_realloc_sim/mimalloc: Warming up for 150.00 ms
Benchmarking global_alloc/manual_realloc_sim/mimalloc: Collecting 10 samples in estimated 600.02 ms (530k iterations)
Benchmarking global_alloc/manual_realloc_sim/mimalloc: Analyzing
global_alloc/manual_realloc_sim/mimalloc
                        time:   [644.46 ns 835.98 ns 1.0863 µs]
                        change: [+8.3214% +57.755% +134.59%] (p = 0.05 < 0.05)
                        Performance has regressed.
Found 1 outliers among 10 measurements (10.00%)
  1 (10.00%) high severe
Benchmarking global_alloc/manual_realloc_sim/System
Benchmarking global_alloc/manual_realloc_sim/System: Warming up for 150.00 ms
Benchmarking global_alloc/manual_realloc_sim/System: Collecting 10 samples in estimated 600.05 ms (469k iterations)
Benchmarking global_alloc/manual_realloc_sim/System: Analyzing
global_alloc/manual_realloc_sim/System
                        time:   [534.77 ns 697.32 ns 823.65 ns]
                        change: [-41.281% -23.428% +3.5176%] (p = 0.14 > 0.05)
                        No change in performance detected.
Benchmarking global_alloc/manual_realloc_sim/SeferAlloc
Benchmarking global_alloc/manual_realloc_sim/SeferAlloc: Warming up for 150.00 ms
Benchmarking global_alloc/manual_realloc_sim/SeferAlloc: Collecting 10 samples in estimated 600.04 ms (324k iterations)
Benchmarking global_alloc/manual_realloc_sim/SeferAlloc: Analyzing
global_alloc/manual_realloc_sim/SeferAlloc
                        time:   [1.0597 µs 1.1479 µs 1.2397 µs]
                        change: [-31.291% -8.8228% +25.291%] (p = 0.58 > 0.05)
                        No change in performance detected.
Found 1 outliers among 10 measurements (10.00%)
  1 (10.00%) high severe

Benchmarking global_alloc_churn/System/16B
Benchmarking global_alloc_churn/System/16B: Warming up for 150.00 ms
Benchmarking global_alloc_churn/System/16B: Collecting 10 samples in estimated 601.40 ms (15k iterations)
Benchmarking global_alloc_churn/System/16B: Analyzing
global_alloc_churn/System/16B
                        time:   [11.584 µs 12.210 µs 13.099 µs]
                        change: [-51.495% -29.361% +6.8532%] (p = 0.19 > 0.05)
                        No change in performance detected.
Found 1 outliers among 10 measurements (10.00%)
  1 (10.00%) high mild
Benchmarking global_alloc_churn/SeferAlloc/16B
Benchmarking global_alloc_churn/SeferAlloc/16B: Warming up for 150.00 ms
Benchmarking global_alloc_churn/SeferAlloc/16B: Collecting 10 samples in estimated 601.44 ms (17k iterations)
Benchmarking global_alloc_churn/SeferAlloc/16B: Analyzing
global_alloc_churn/SeferAlloc/16B
                        time:   [15.737 µs 16.565 µs 17.378 µs]
                        change: [-28.811% -19.866% -8.3058%] (p = 0.01 < 0.05)
                        Performance has improved.
Found 1 outliers among 10 measurements (10.00%)
  1 (10.00%) high severe
Benchmarking global_alloc_churn/mimalloc/16B
Benchmarking global_alloc_churn/mimalloc/16B: Warming up for 150.00 ms
Benchmarking global_alloc_churn/mimalloc/16B: Collecting 10 samples in estimated 600.53 ms (58k iterations)
Benchmarking global_alloc_churn/mimalloc/16B: Analyzing
global_alloc_churn/mimalloc/16B
                        time:   [10.550 µs 13.657 µs 16.212 µs]
                        change: [-35.968% -12.263% +26.367%] (p = 0.50 > 0.05)
                        No change in performance detected.
Benchmarking global_alloc_churn/System/64B
Benchmarking global_alloc_churn/System/64B: Warming up for 150.00 ms
Benchmarking global_alloc_churn/System/64B: Collecting 10 samples in estimated 601.19 ms (20k iterations)
Benchmarking global_alloc_churn/System/64B: Analyzing
global_alloc_churn/System/64B
                        time:   [11.806 µs 12.804 µs 14.472 µs]
                        change: [-81.053% -73.747% -60.712%] (p = 0.00 < 0.05)
                        Performance has improved.
Found 1 outliers among 10 measurements (10.00%)
  1 (10.00%) high severe
Benchmarking global_alloc_churn/mimalloc/64B
Benchmarking global_alloc_churn/mimalloc/64B: Warming up for 150.00 ms
Benchmarking global_alloc_churn/mimalloc/64B: Collecting 10 samples in estimated 600.13 ms (37k iterations)
Benchmarking global_alloc_churn/mimalloc/64B: Analyzing
global_alloc_churn/mimalloc/64B
                        time:   [8.3690 µs 10.611 µs 13.232 µs]
                        change: [-2.0395% +13.604% +32.758%] (p = 0.19 > 0.05)
                        No change in performance detected.
Found 2 outliers among 10 measurements (20.00%)
  1 (10.00%) high mild
  1 (10.00%) high severe
Benchmarking global_alloc_churn/SeferAlloc/64B
Benchmarking global_alloc_churn/SeferAlloc/64B: Warming up for 150.00 ms
Benchmarking global_alloc_churn/SeferAlloc/64B: Collecting 10 samples in estimated 603.14 ms (3685 iterations)
Benchmarking global_alloc_churn/SeferAlloc/64B: Analyzing
global_alloc_churn/SeferAlloc/64B
                        time:   [14.266 µs 15.559 µs 17.252 µs]
                        change: [-58.845% -49.004% -37.075%] (p = 0.00 < 0.05)
                        Performance has improved.
Found 2 outliers among 10 measurements (20.00%)
  2 (20.00%) high severe
Benchmarking global_alloc_churn/SeferAlloc/256B
Benchmarking global_alloc_churn/SeferAlloc/256B: Warming up for 150.00 ms
Benchmarking global_alloc_churn/SeferAlloc/256B: Collecting 10 samples in estimated 608.37 ms (3795 iterations)
Benchmarking global_alloc_churn/SeferAlloc/256B: Analyzing
global_alloc_churn/SeferAlloc/256B
                        time:   [14.448 µs 16.217 µs 18.250 µs]
                        change: [-64.605% -54.904% -40.761%] (p = 0.00 < 0.05)
                        Performance has improved.
Found 1 outliers among 10 measurements (10.00%)
  1 (10.00%) high severe
Benchmarking global_alloc_churn/mimalloc/256B
Benchmarking global_alloc_churn/mimalloc/256B: Warming up for 150.00 ms
Benchmarking global_alloc_churn/mimalloc/256B: Collecting 10 samples in estimated 601.48 ms (14k iterations)
Benchmarking global_alloc_churn/mimalloc/256B: Analyzing
global_alloc_churn/mimalloc/256B
                        time:   [16.470 µs 23.115 µs 27.005 µs]
                        change: [-59.775% -35.671% +4.5144%] (p = 0.16 > 0.05)
                        No change in performance detected.
Benchmarking global_alloc_churn/System/256B
Benchmarking global_alloc_churn/System/256B: Warming up for 150.00 ms
Benchmarking global_alloc_churn/System/256B: Collecting 10 samples in estimated 604.26 ms (5335 iterations)
Benchmarking global_alloc_churn/System/256B: Analyzing
global_alloc_churn/System/256B
                        time:   [24.501 µs 30.114 µs 34.683 µs]
                        change: [-59.551% -35.760% +5.7124%] (p = 0.14 > 0.05)
                        No change in performance detected.
Benchmarking global_alloc_churn/SeferAlloc/1024B
Benchmarking global_alloc_churn/SeferAlloc/1024B: Warming up for 150.00 ms
Benchmarking global_alloc_churn/SeferAlloc/1024B: Collecting 10 samples in estimated 608.67 ms (1430 iterations)
Benchmarking global_alloc_churn/SeferAlloc/1024B: Analyzing
global_alloc_churn/SeferAlloc/1024B
                        time:   [15.198 µs 17.750 µs 19.445 µs]
                        change: [-26.614% -9.7974% +12.258%] (p = 0.41 > 0.05)
                        No change in performance detected.
Benchmarking global_alloc_churn/System/1024B
Benchmarking global_alloc_churn/System/1024B: Warming up for 150.00 ms
Benchmarking global_alloc_churn/System/1024B: Collecting 10 samples in estimated 611.38 ms (2805 iterations)
Benchmarking global_alloc_churn/System/1024B: Analyzing
global_alloc_churn/System/1024B
                        time:   [45.844 µs 58.985 µs 74.759 µs]
                        change: [-72.490% -55.258% -21.973%] (p = 0.02 < 0.05)
                        Performance has improved.
Benchmarking global_alloc_churn/mimalloc/1024B
Benchmarking global_alloc_churn/mimalloc/1024B: Warming up for 150.00 ms
Benchmarking global_alloc_churn/mimalloc/1024B: Collecting 10 samples in estimated 600.30 ms (2035 iterations)
Benchmarking global_alloc_churn/mimalloc/1024B: Analyzing
global_alloc_churn/mimalloc/1024B
                        time:   [90.132 µs 99.907 µs 114.89 µs]
                        change: [-32.447% -12.944% +14.566%] (p = 0.35 > 0.05)
                        No change in performance detected.
Found 1 outliers among 10 measurements (10.00%)
  1 (10.00%) high mild

Benchmarking global_alloc_churn_with_teardown/mimalloc/16B
Benchmarking global_alloc_churn_with_teardown/mimalloc/16B: Warming up for 150.00 ms
Benchmarking global_alloc_churn_with_teardown/mimalloc/16B: Collecting 10 samples in estimated 600.64 ms (32k iterations)
Benchmarking global_alloc_churn_with_teardown/mimalloc/16B: Analyzing
global_alloc_churn_with_teardown/mimalloc/16B
                        time:   [9.0003 µs 11.366 µs 15.181 µs]
                        change: [-46.115% -25.923% +3.4774%] (p = 0.13 > 0.05)
                        No change in performance detected.
Found 2 outliers among 10 measurements (20.00%)
  2 (20.00%) low mild
Benchmarking global_alloc_churn_with_teardown/SeferAlloc/16B
Benchmarking global_alloc_churn_with_teardown/SeferAlloc/16B: Warming up for 150.00 ms
Benchmarking global_alloc_churn_with_teardown/SeferAlloc/16B: Collecting 10 samples in estimated 601.23 ms (7920 iterations)
Benchmarking global_alloc_churn_with_teardown/SeferAlloc/16B: Analyzing
global_alloc_churn_with_teardown/SeferAlloc/16B
                        time:   [41.258 µs 43.885 µs 48.961 µs]
                        change: [+9.1267% +38.972% +78.272%] (p = 0.02 < 0.05)
                        Performance has regressed.
Benchmarking global_alloc_churn_with_teardown/System/16B
Benchmarking global_alloc_churn_with_teardown/System/16B: Warming up for 150.00 ms
Benchmarking global_alloc_churn_with_teardown/System/16B: Collecting 10 samples in estimated 600.41 ms (18k iterations)
Benchmarking global_alloc_churn_with_teardown/System/16B: Analyzing
global_alloc_churn_with_teardown/System/16B
                        time:   [18.768 µs 22.493 µs 26.155 µs]
                        change: [-40.748% -25.393% -3.7983%] (p = 0.05 > 0.05)
                        No change in performance detected.
global_alloc_churn_with_teardown/16B: decommit_calls delta = 0, segments_released_total delta = 0
Benchmarking global_alloc_churn_with_teardown/mimalloc/64B
Benchmarking global_alloc_churn_with_teardown/mimalloc/64B: Warming up for 150.00 ms
Benchmarking global_alloc_churn_with_teardown/mimalloc/64B: Collecting 10 samples in estimated 600.57 ms (38k iterations)
Benchmarking global_alloc_churn_with_teardown/mimalloc/64B: Analyzing
global_alloc_churn_with_teardown/mimalloc/64B
                        time:   [8.2234 µs 12.679 µs 16.486 µs]
                        change: [-45.738% -16.694% +30.001%] (p = 0.50 > 0.05)
                        No change in performance detected.
Found 1 outliers among 10 measurements (10.00%)
  1 (10.00%) high mild
Benchmarking global_alloc_churn_with_teardown/System/64B
Benchmarking global_alloc_churn_with_teardown/System/64B: Warming up for 150.00 ms
Benchmarking global_alloc_churn_with_teardown/System/64B: Collecting 10 samples in estimated 603.01 ms (9570 iterations)
Benchmarking global_alloc_churn_with_teardown/System/64B: Analyzing
global_alloc_churn_with_teardown/System/64B
                        time:   [13.300 µs 14.233 µs 15.324 µs]
                        change: [-87.686% -84.556% -79.511%] (p = 0.00 < 0.05)
                        Performance has improved.
Found 1 outliers among 10 measurements (10.00%)
  1 (10.00%) high mild
Benchmarking global_alloc_churn_with_teardown/SeferAlloc/64B
Benchmarking global_alloc_churn_with_teardown/SeferAlloc/64B: Warming up for 150.00 ms
Benchmarking global_alloc_churn_with_teardown/SeferAlloc/64B: Collecting 10 samples in estimated 606.92 ms (2475 iterations)
Benchmarking global_alloc_churn_with_teardown/SeferAlloc/64B: Analyzing
global_alloc_churn_with_teardown/SeferAlloc/64B
                        time:   [20.491 µs 21.463 µs 23.876 µs]
                        change: [+1.9990% +16.701% +33.452%] (p = 0.05 < 0.05)
                        Performance has regressed.
global_alloc_churn_with_teardown/64B: decommit_calls delta = 0, segments_released_total delta = 0
Benchmarking global_alloc_churn_with_teardown/System/256B
Benchmarking global_alloc_churn_with_teardown/System/256B: Warming up for 150.00 ms
Benchmarking global_alloc_churn_with_teardown/System/256B: Collecting 10 samples in estimated 603.05 ms (6875 iterations)
Benchmarking global_alloc_churn_with_teardown/System/256B: Analyzing
global_alloc_churn_with_teardown/System/256B
                        time:   [20.967 µs 25.207 µs 36.796 µs]
                        change: [-56.718% -22.102% +25.714%] (p = 0.36 > 0.05)
                        No change in performance detected.
Found 2 outliers among 10 measurements (20.00%)
  2 (20.00%) high mild
Benchmarking global_alloc_churn_with_teardown/SeferAlloc/256B
Benchmarking global_alloc_churn_with_teardown/SeferAlloc/256B: Warming up for 150.00 ms
Benchmarking global_alloc_churn_with_teardown/SeferAlloc/256B: Collecting 10 samples in estimated 611.62 ms (1760 iterations)
Benchmarking global_alloc_churn_with_teardown/SeferAlloc/256B: Analyzing
global_alloc_churn_with_teardown/SeferAlloc/256B
                        time:   [34.090 µs 48.173 µs 70.194 µs]
                        change: [-47.271% -15.694% +30.054%] (p = 0.52 > 0.05)
                        No change in performance detected.
Found 2 outliers among 10 measurements (20.00%)
  2 (20.00%) high mild
Benchmarking global_alloc_churn_with_teardown/mimalloc/256B
Benchmarking global_alloc_churn_with_teardown/mimalloc/256B: Warming up for 150.00 ms
Benchmarking global_alloc_churn_with_teardown/mimalloc/256B: Collecting 10 samples in estimated 600.22 ms (16k iterations)
Benchmarking global_alloc_churn_with_teardown/mimalloc/256B: Analyzing
global_alloc_churn_with_teardown/mimalloc/256B
                        time:   [10.898 µs 12.300 µs 13.836 µs]
                        change: [-71.793% -65.691% -56.979%] (p = 0.00 < 0.05)
                        Performance has improved.
global_alloc_churn_with_teardown/256B: decommit_calls delta = 0, segments_released_total delta = 0
Benchmarking global_alloc_churn_with_teardown/System/1024B
Benchmarking global_alloc_churn_with_teardown/System/1024B: Warming up for 150.00 ms
Benchmarking global_alloc_churn_with_teardown/System/1024B: Collecting 10 samples in estimated 603.45 ms (7865 iterations)
Benchmarking global_alloc_churn_with_teardown/System/1024B: Analyzing
global_alloc_churn_with_teardown/System/1024B
                        time:   [42.778 µs 66.608 µs 88.779 µs]
                        change: [-26.442% +20.953% +96.414%] (p = 0.51 > 0.05)
                        No change in performance detected.
Benchmarking global_alloc_churn_with_teardown/mimalloc/1024B
Benchmarking global_alloc_churn_with_teardown/mimalloc/1024B: Warming up for 150.00 ms
Benchmarking global_alloc_churn_with_teardown/mimalloc/1024B: Collecting 10 samples in estimated 600.08 ms (5830 iterations)
Benchmarking global_alloc_churn_with_teardown/mimalloc/1024B: Analyzing
global_alloc_churn_with_teardown/mimalloc/1024B
                        time:   [17.905 µs 31.651 µs 38.730 µs]
                        change: [-58.290% -40.523% -17.588%] (p = 0.01 < 0.05)
                        Performance has improved.
Benchmarking global_alloc_churn_with_teardown/SeferAlloc/1024B
Benchmarking global_alloc_churn_with_teardown/SeferAlloc/1024B: Warming up for 150.00 ms
Benchmarking global_alloc_churn_with_teardown/SeferAlloc/1024B: Collecting 10 samples in estimated 617.11 ms (1045 iterations)
Benchmarking global_alloc_churn_with_teardown/SeferAlloc/1024B: Analyzing
global_alloc_churn_with_teardown/SeferAlloc/1024B
                        time:   [26.259 µs 29.078 µs 30.659 µs]
                        change: [-76.153% -63.446% -36.521%] (p = 0.01 < 0.05)
                        Performance has improved.
global_alloc_churn_with_teardown/1024B: decommit_calls delta = 0, segments_released_total delta = 0

Benchmarking global_alloc_churn_write/SeferAlloc/16B
Benchmarking global_alloc_churn_write/SeferAlloc/16B: Warming up for 150.00 ms
Benchmarking global_alloc_churn_write/SeferAlloc/16B: Collecting 10 samples in estimated 600.20 ms (12k iterations)
Benchmarking global_alloc_churn_write/SeferAlloc/16B: Analyzing
global_alloc_churn_write/SeferAlloc/16B
                        time:   [16.089 µs 16.929 µs 18.691 µs]
                        change: [-51.405% -23.597% +16.266%] (p = 0.46 > 0.05)
                        No change in performance detected.
Benchmarking global_alloc_churn_write/mimalloc/16B
Benchmarking global_alloc_churn_write/mimalloc/16B: Warming up for 150.00 ms
Benchmarking global_alloc_churn_write/mimalloc/16B: Collecting 10 samples in estimated 601.34 ms (20k iterations)
Benchmarking global_alloc_churn_write/mimalloc/16B: Analyzing
global_alloc_churn_write/mimalloc/16B
                        time:   [9.8942 µs 11.850 µs 14.686 µs]
                        change: [-51.874% -42.194% -30.106%] (p = 0.00 < 0.05)
                        Performance has improved.
Benchmarking global_alloc_churn_write/System/16B
Benchmarking global_alloc_churn_write/System/16B: Warming up for 150.00 ms
Benchmarking global_alloc_churn_write/System/16B: Collecting 10 samples in estimated 600.22 ms (22k iterations)
Benchmarking global_alloc_churn_write/System/16B: Analyzing
global_alloc_churn_write/System/16B
                        time:   [11.429 µs 13.741 µs 15.514 µs]
                        change: [-65.188% -56.408% -44.220%] (p = 0.00 < 0.05)
                        Performance has improved.
Found 2 outliers among 10 measurements (20.00%)
  1 (10.00%) high mild
  1 (10.00%) high severe
Benchmarking global_alloc_churn_write/SeferAlloc/64B
Benchmarking global_alloc_churn_write/SeferAlloc/64B: Warming up for 150.00 ms
Benchmarking global_alloc_churn_write/SeferAlloc/64B: Collecting 10 samples in estimated 603.56 ms (3740 iterations)
Benchmarking global_alloc_churn_write/SeferAlloc/64B: Analyzing
global_alloc_churn_write/SeferAlloc/64B
                        time:   [14.682 µs 16.200 µs 17.887 µs]
                        change: [-56.848% -47.399% -36.991%] (p = 0.00 < 0.05)
                        Performance has improved.
Found 1 outliers among 10 measurements (10.00%)
  1 (10.00%) high severe
Benchmarking global_alloc_churn_write/System/64B
Benchmarking global_alloc_churn_write/System/64B: Warming up for 150.00 ms
Benchmarking global_alloc_churn_write/System/64B: Collecting 10 samples in estimated 601.41 ms (13k iterations)
Benchmarking global_alloc_churn_write/System/64B: Analyzing
global_alloc_churn_write/System/64B
                        time:   [11.434 µs 12.069 µs 12.677 µs]
                        change: [-63.478% -44.183% -7.4071%] (p = 0.07 > 0.05)
                        No change in performance detected.
Benchmarking global_alloc_churn_write/mimalloc/64B
Benchmarking global_alloc_churn_write/mimalloc/64B: Warming up for 150.00 ms
Benchmarking global_alloc_churn_write/mimalloc/64B: Collecting 10 samples in estimated 600.48 ms (27k iterations)
Benchmarking global_alloc_churn_write/mimalloc/64B: Analyzing
global_alloc_churn_write/mimalloc/64B
                        time:   [8.0506 µs 8.7460 µs 9.7382 µs]
                        change: [-52.567% -42.051% -27.026%] (p = 0.00 < 0.05)
                        Performance has improved.
Benchmarking global_alloc_churn_write/mimalloc/256B
Benchmarking global_alloc_churn_write/mimalloc/256B: Warming up for 150.00 ms
Benchmarking global_alloc_churn_write/mimalloc/256B: Collecting 10 samples in estimated 600.21 ms (25k iterations)
Benchmarking global_alloc_churn_write/mimalloc/256B: Analyzing
global_alloc_churn_write/mimalloc/256B
                        time:   [13.369 µs 15.879 µs 18.277 µs]
                        change: [-44.887% -27.698% -3.2593%] (p = 0.06 > 0.05)
                        No change in performance detected.
Benchmarking global_alloc_churn_write/SeferAlloc/256B
Benchmarking global_alloc_churn_write/SeferAlloc/256B: Warming up for 150.00 ms
Benchmarking global_alloc_churn_write/SeferAlloc/256B: Collecting 10 samples in estimated 601.68 ms (2365 iterations)
Benchmarking global_alloc_churn_write/SeferAlloc/256B: Analyzing
global_alloc_churn_write/SeferAlloc/256B
                        time:   [16.189 µs 16.492 µs 16.729 µs]
                        change: [-45.415% -34.693% -19.960%] (p = 0.00 < 0.05)
                        Performance has improved.
Benchmarking global_alloc_churn_write/System/256B
Benchmarking global_alloc_churn_write/System/256B: Warming up for 150.00 ms
Benchmarking global_alloc_churn_write/System/256B: Collecting 10 samples in estimated 600.83 ms (15k iterations)
Benchmarking global_alloc_churn_write/System/256B: Analyzing
global_alloc_churn_write/System/256B
                        time:   [17.698 µs 24.048 µs 30.725 µs]
                        change: [-7.9421% +22.314% +59.675%] (p = 0.21 > 0.05)
                        No change in performance detected.
Benchmarking global_alloc_churn_write/mimalloc/1024B
Benchmarking global_alloc_churn_write/mimalloc/1024B: Warming up for 150.00 ms
Benchmarking global_alloc_churn_write/mimalloc/1024B: Collecting 10 samples in estimated 602.68 ms (5115 iterations)
Benchmarking global_alloc_churn_write/mimalloc/1024B: Analyzing
global_alloc_churn_write/mimalloc/1024B
                        time:   [68.821 µs 76.222 µs 83.277 µs]
                        change: [-32.611% -12.854% +8.2289%] (p = 0.43 > 0.05)
                        No change in performance detected.
Found 1 outliers among 10 measurements (10.00%)
  1 (10.00%) high mild
Benchmarking global_alloc_churn_write/System/1024B
Benchmarking global_alloc_churn_write/System/1024B: Warming up for 150.00 ms
Benchmarking global_alloc_churn_write/System/1024B: Collecting 10 samples in estimated 603.69 ms (7095 iterations)
Benchmarking global_alloc_churn_write/System/1024B: Analyzing
global_alloc_churn_write/System/1024B
                        time:   [13.902 µs 14.655 µs 15.486 µs]
                        change: [-63.429% -51.202% -35.371%] (p = 0.00 < 0.05)
                        Performance has improved.
Found 3 outliers among 10 measurements (30.00%)
  1 (10.00%) low severe
  1 (10.00%) high mild
  1 (10.00%) high severe
Benchmarking global_alloc_churn_write/SeferAlloc/1024B
Benchmarking global_alloc_churn_write/SeferAlloc/1024B: Warming up for 150.00 ms
Benchmarking global_alloc_churn_write/SeferAlloc/1024B: Collecting 10 samples in estimated 629.57 ms (825 iterations)
Benchmarking global_alloc_churn_write/SeferAlloc/1024B: Analyzing
global_alloc_churn_write/SeferAlloc/1024B
                        time:   [18.503 µs 20.407 µs 23.200 µs]
                        change: [-6.7831% +10.601% +30.855%] (p = 0.29 > 0.05)
                        No change in performance detected.
Found 1 outliers among 10 measurements (10.00%)
  1 (10.00%) high mild

Benchmarking segment_decommit_cycle/System/253KiB
Benchmarking segment_decommit_cycle/System/253KiB: Warming up for 150.00 ms
Benchmarking segment_decommit_cycle/System/253KiB: Collecting 10 samples in estimated 600.09 ms (247k iterations)
Benchmarking segment_decommit_cycle/System/253KiB: Analyzing
segment_decommit_cycle/System/253KiB
                        time:   [1.6537 µs 1.7388 µs 1.8335 µs]
                        change: [-24.132% -10.303% +5.0706%] (p = 0.29 > 0.05)
                        No change in performance detected.
Benchmarking segment_decommit_cycle/SeferAlloc/253KiB
Benchmarking segment_decommit_cycle/SeferAlloc/253KiB: Warming up for 150.00 ms
Benchmarking segment_decommit_cycle/SeferAlloc/253KiB: Collecting 10 samples in estimated 667.39 ms (385 iterations)
Benchmarking segment_decommit_cycle/SeferAlloc/253KiB: Analyzing
segment_decommit_cycle/SeferAlloc/253KiB
                        time:   [1.5428 ms 1.6067 ms 1.7453 ms]
                        change: [-21.747% -13.176% -3.5898%] (p = 0.02 < 0.05)
                        Performance has improved.
Found 1 outliers among 10 measurements (10.00%)
  1 (10.00%) high severe
Benchmarking segment_decommit_cycle/mimalloc/253KiB
Benchmarking segment_decommit_cycle/mimalloc/253KiB: Warming up for 150.00 ms
Benchmarking segment_decommit_cycle/mimalloc/253KiB: Collecting 10 samples in estimated 600.05 ms (189k iterations)
Benchmarking segment_decommit_cycle/mimalloc/253KiB: Analyzing
segment_decommit_cycle/mimalloc/253KiB
                        time:   [3.1651 µs 3.4222 µs 3.7057 µs]
                        change: [-23.079% -12.210% +0.7328%] (p = 0.09 > 0.05)
                        No change in performance detected.
Found 1 outliers among 10 measurements (10.00%)
  1 (10.00%) high mild

Benchmarking working_set_cycle/SeferAlloc/16B
Benchmarking working_set_cycle/SeferAlloc/16B: Warming up for 150.00 ms
Benchmarking working_set_cycle/SeferAlloc/16B: Collecting 10 samples in estimated 1.1155 s (110 iterations)
Benchmarking working_set_cycle/SeferAlloc/16B: Analyzing
working_set_cycle/SeferAlloc/16B
                        time:   [237.92 µs 255.74 µs 296.37 µs]
                        change: [+18.924% +36.882% +54.096%] (p = 0.00 < 0.05)
                        Performance has regressed.
working_set_cycle/SeferAlloc/16B: decommit_calls delta = 0, segments_released_total delta = 0
Benchmarking working_set_cycle/SeferAlloc/64B
Benchmarking working_set_cycle/SeferAlloc/64B: Warming up for 150.00 ms
Benchmarking working_set_cycle/SeferAlloc/64B: Collecting 10 samples in estimated 668.00 ms (30 iterations)
Benchmarking working_set_cycle/SeferAlloc/64B: Analyzing
working_set_cycle/SeferAlloc/64B
                        time:   [243.45 µs 255.95 µs 269.37 µs]
                        change: [-1.2635% +7.1760% +16.428%] (p = 0.13 > 0.05)
                        No change in performance detected.
Found 1 outliers among 10 measurements (10.00%)
  1 (10.00%) high mild
working_set_cycle/SeferAlloc/64B: decommit_calls delta = 0, segments_released_total delta = 0
Benchmarking working_set_cycle/SeferAlloc/256B
Benchmarking working_set_cycle/SeferAlloc/256B: Warming up for 150.00 ms
Benchmarking working_set_cycle/SeferAlloc/256B: Collecting 10 samples in estimated 855.67 ms (20 iterations)
Benchmarking working_set_cycle/SeferAlloc/256B: Analyzing
working_set_cycle/SeferAlloc/256B
                        time:   [233.54 µs 241.82 µs 250.39 µs]
                        change: [-6.7399% -0.8812% +4.9984%] (p = 0.79 > 0.05)
                        No change in performance detected.
working_set_cycle/SeferAlloc/256B: decommit_calls delta = 0, segments_released_total delta = 0
Benchmarking working_set_cycle/SeferAlloc/1024B
Benchmarking working_set_cycle/SeferAlloc/1024B: Warming up for 150.00 ms

Warning: Unable to complete 10 samples in 600.0ms. You may wish to increase target time to 705.2ms.
Benchmarking working_set_cycle/SeferAlloc/1024B: Collecting 10 samples in estimated 705.16 ms (10 iterations)
Benchmarking working_set_cycle/SeferAlloc/1024B: Analyzing
working_set_cycle/SeferAlloc/1024B
                        time:   [243.06 µs 266.50 µs 300.30 µs]
                        change: [-12.697% +0.0088% +15.313%] (p = 1.00 > 0.05)
                        No change in performance detected.
Found 1 outliers among 10 measurements (10.00%)
  1 (10.00%) high severe
working_set_cycle/SeferAlloc/1024B: decommit_calls delta = 0, segments_released_total delta = 0

