[paired-ab] --config has no "build" step; assuming arm commands are already built.

[paired-ab] off vs off — 20 pairs, A/B/B/A protocol
RESULT arm=large_cache_scan_isolation_off
RESULT scan_bound=8
RESULT rounds=200000
RESULT elapsed_ns=15709800
RESULT ns_per_round=78
RESULT oracle_probe_hit=1
.RESULT arm=large_cache_scan_isolation_off
RESULT scan_bound=8
RESULT rounds=200000
RESULT elapsed_ns=16018800
RESULT ns_per_round=80
RESULT oracle_probe_hit=1
.RESULT arm=large_cache_scan_isolation_off
RESULT scan_bound=8
RESULT rounds=200000
RESULT elapsed_ns=15497600
RESULT ns_per_round=77
RESULT oracle_probe_hit=1
.RESULT arm=large_cache_scan_isolation_off
RESULT scan_bound=8
RESULT rounds=200000
RESULT elapsed_ns=16670800
RESULT ns_per_round=83
RESULT oracle_probe_hit=1
.RESULT arm=large_cache_scan_isolation_off
RESULT scan_bound=8
RESULT rounds=200000
RESULT elapsed_ns=16707400
RESULT ns_per_round=83
RESULT oracle_probe_hit=1
.RESULT arm=large_cache_scan_isolation_off
RESULT scan_bound=8
RESULT rounds=200000
RESULT elapsed_ns=11506400
RESULT ns_per_round=57
RESULT oracle_probe_hit=1
.RESULT arm=large_cache_scan_isolation_off
RESULT scan_bound=8
RESULT rounds=200000
RESULT elapsed_ns=15986600
RESULT ns_per_round=79
RESULT oracle_probe_hit=1
.RESULT arm=large_cache_scan_isolation_off
RESULT scan_bound=8
RESULT rounds=200000
RESULT elapsed_ns=15768000
RESULT ns_per_round=78
RESULT oracle_probe_hit=1
.RESULT arm=large_cache_scan_isolation_off
RESULT scan_bound=8
RESULT rounds=200000
RESULT elapsed_ns=16393900
RESULT ns_per_round=81
RESULT oracle_probe_hit=1
.RESULT arm=large_cache_scan_isolation_off
RESULT scan_bound=8
RESULT rounds=200000
RESULT elapsed_ns=16432300
RESULT ns_per_round=82
RESULT oracle_probe_hit=1
.RESULT arm=large_cache_scan_isolation_off
RESULT scan_bound=8
RESULT rounds=200000
RESULT elapsed_ns=16460500
RESULT ns_per_round=82
RESULT oracle_probe_hit=1
.RESULT arm=large_cache_scan_isolation_off
RESULT scan_bound=8
RESULT rounds=200000
RESULT elapsed_ns=12968800
RESULT ns_per_round=64
RESULT oracle_probe_hit=1
.RESULT arm=large_cache_scan_isolation_off
RESULT scan_bound=8
RESULT rounds=200000
RESULT elapsed_ns=16773700
RESULT ns_per_round=83
RESULT oracle_probe_hit=1
.RESULT arm=large_cache_scan_isolation_off
RESULT scan_bound=8
RESULT rounds=200000
RESULT elapsed_ns=16433800
RESULT ns_per_round=82
RESULT oracle_probe_hit=1
.RESULT arm=large_cache_scan_isolation_off
RESULT scan_bound=8
RESULT rounds=200000
RESULT elapsed_ns=16193500
RESULT ns_per_round=80
RESULT oracle_probe_hit=1
.RESULT arm=large_cache_scan_isolation_off
RESULT scan_bound=8
RESULT rounds=200000
RESULT elapsed_ns=14594100
RESULT ns_per_round=72
RESULT oracle_probe_hit=1
.RESULT arm=large_cache_scan_isolation_off
RESULT scan_bound=8
RESULT rounds=200000
RESULT elapsed_ns=15379000
RESULT ns_per_round=76
RESULT oracle_probe_hit=1
.RESULT arm=large_cache_scan_isolation_off
RESULT scan_bound=8
RESULT rounds=200000
RESULT elapsed_ns=14041100
RESULT ns_per_round=70
RESULT oracle_probe_hit=1
.RESULT arm=large_cache_scan_isolation_off
RESULT scan_bound=8
RESULT rounds=200000
RESULT elapsed_ns=13592300
RESULT ns_per_round=67
RESULT oracle_probe_hit=1
.RESULT arm=large_cache_scan_isolation_off
RESULT scan_bound=8
RESULT rounds=200000
RESULT elapsed_ns=15009100
RESULT ns_per_round=75
RESULT oracle_probe_hit=1
.RESULT arm=large_cache_scan_isolation_off
RESULT scan_bound=8
RESULT rounds=200000
RESULT elapsed_ns=15390700
RESULT ns_per_round=76
RESULT oracle_probe_hit=1
.RESULT arm=large_cache_scan_isolation_off
RESULT scan_bound=8
RESULT rounds=200000
RESULT elapsed_ns=17225700
RESULT ns_per_round=86
RESULT oracle_probe_hit=1
.RESULT arm=large_cache_scan_isolation_off
RESULT scan_bound=8
RESULT rounds=200000
RESULT elapsed_ns=15632400
RESULT ns_per_round=78
RESULT oracle_probe_hit=1
.RESULT arm=large_cache_scan_isolation_off
RESULT scan_bound=8
RESULT rounds=200000
RESULT elapsed_ns=16460300
RESULT ns_per_round=82
RESULT oracle_probe_hit=1
.RESULT arm=large_cache_scan_isolation_off
RESULT scan_bound=8
RESULT rounds=200000
RESULT elapsed_ns=15507500
RESULT ns_per_round=77
RESULT oracle_probe_hit=1
.RESULT arm=large_cache_scan_isolation_off
RESULT scan_bound=8
RESULT rounds=200000
RESULT elapsed_ns=16282400
RESULT ns_per_round=81
RESULT oracle_probe_hit=1
.RESULT arm=large_cache_scan_isolation_off
RESULT scan_bound=8
RESULT rounds=200000
RESULT elapsed_ns=16894200
RESULT ns_per_round=84
RESULT oracle_probe_hit=1
.RESULT arm=large_cache_scan_isolation_off
RESULT scan_bound=8
RESULT rounds=200000
RESULT elapsed_ns=16187800
RESULT ns_per_round=80
RESULT oracle_probe_hit=1
.RESULT arm=large_cache_scan_isolation_off
RESULT scan_bound=8
RESULT rounds=200000
RESULT elapsed_ns=16114300
RESULT ns_per_round=80
RESULT oracle_probe_hit=1
.RESULT arm=large_cache_scan_isolation_off
RESULT scan_bound=8
RESULT rounds=200000
RESULT elapsed_ns=16577200
RESULT ns_per_round=82
RESULT oracle_probe_hit=1
.RESULT arm=large_cache_scan_isolation_off
RESULT scan_bound=8
RESULT rounds=200000
RESULT elapsed_ns=15789400
RESULT ns_per_round=78
RESULT oracle_probe_hit=1
.RESULT arm=large_cache_scan_isolation_off
RESULT scan_bound=8
RESULT rounds=200000
RESULT elapsed_ns=15240900
RESULT ns_per_round=76
RESULT oracle_probe_hit=1
.RESULT arm=large_cache_scan_isolation_off
RESULT scan_bound=8
RESULT rounds=200000
RESULT elapsed_ns=15119000
RESULT ns_per_round=75
RESULT oracle_probe_hit=1
.RESULT arm=large_cache_scan_isolation_off
RESULT scan_bound=8
RESULT rounds=200000
RESULT elapsed_ns=16230700
RESULT ns_per_round=81
RESULT oracle_probe_hit=1
.RESULT arm=large_cache_scan_isolation_off
RESULT scan_bound=8
RESULT rounds=200000
RESULT elapsed_ns=15651200
RESULT ns_per_round=78
RESULT oracle_probe_hit=1
.RESULT arm=large_cache_scan_isolation_off
RESULT scan_bound=8
RESULT rounds=200000
RESULT elapsed_ns=15984000
RESULT ns_per_round=79
RESULT oracle_probe_hit=1
.RESULT arm=large_cache_scan_isolation_off
RESULT scan_bound=8
RESULT rounds=200000
RESULT elapsed_ns=15655200
RESULT ns_per_round=78
RESULT oracle_probe_hit=1
.RESULT arm=large_cache_scan_isolation_off
RESULT scan_bound=8
RESULT rounds=200000
RESULT elapsed_ns=15804600
RESULT ns_per_round=79
RESULT oracle_probe_hit=1
.RESULT arm=large_cache_scan_isolation_off
RESULT scan_bound=8
RESULT rounds=200000
RESULT elapsed_ns=13200100
RESULT ns_per_round=66
RESULT oracle_probe_hit=1
.RESULT arm=large_cache_scan_isolation_off
RESULT scan_bound=8
RESULT rounds=200000
RESULT elapsed_ns=14571300
RESULT ns_per_round=72
RESULT oracle_probe_hit=1
.RESULT arm=large_cache_scan_isolation_off
RESULT scan_bound=8
RESULT rounds=200000
RESULT elapsed_ns=16131600
RESULT ns_per_round=80
RESULT oracle_probe_hit=1
.RESULT arm=large_cache_scan_isolation_off
RESULT scan_bound=8
RESULT rounds=200000
RESULT elapsed_ns=15099400
RESULT ns_per_round=75
RESULT oracle_probe_hit=1
.RESULT arm=large_cache_scan_isolation_off
RESULT scan_bound=8
RESULT rounds=200000
RESULT elapsed_ns=16426300
RESULT ns_per_round=82
RESULT oracle_probe_hit=1
.RESULT arm=large_cache_scan_isolation_off
RESULT scan_bound=8
RESULT rounds=200000
RESULT elapsed_ns=17457200
RESULT ns_per_round=87
RESULT oracle_probe_hit=1
.RESULT arm=large_cache_scan_isolation_off
RESULT scan_bound=8
RESULT rounds=200000
RESULT elapsed_ns=12275300
RESULT ns_per_round=61
RESULT oracle_probe_hit=1
.RESULT arm=large_cache_scan_isolation_off
RESULT scan_bound=8
RESULT rounds=200000
RESULT elapsed_ns=13309500
RESULT ns_per_round=66
RESULT oracle_probe_hit=1
.RESULT arm=large_cache_scan_isolation_off
RESULT scan_bound=8
RESULT rounds=200000
RESULT elapsed_ns=16603200
RESULT ns_per_round=83
RESULT oracle_probe_hit=1
.RESULT arm=large_cache_scan_isolation_off
RESULT scan_bound=8
RESULT rounds=200000
RESULT elapsed_ns=14900000
RESULT ns_per_round=74
RESULT oracle_probe_hit=1
.RESULT arm=large_cache_scan_isolation_off
RESULT scan_bound=8
RESULT rounds=200000
RESULT elapsed_ns=16093300
RESULT ns_per_round=80
RESULT oracle_probe_hit=1
.RESULT arm=large_cache_scan_isolation_off
RESULT scan_bound=8
RESULT rounds=200000
RESULT elapsed_ns=16038800
RESULT ns_per_round=80
RESULT oracle_probe_hit=1
.RESULT arm=large_cache_scan_isolation_off
RESULT scan_bound=8
RESULT rounds=200000
RESULT elapsed_ns=16393300
RESULT ns_per_round=81
RESULT oracle_probe_hit=1
.RESULT arm=large_cache_scan_isolation_off
RESULT scan_bound=8
RESULT rounds=200000
RESULT elapsed_ns=12585300
RESULT ns_per_round=62
RESULT oracle_probe_hit=1
.RESULT arm=large_cache_scan_isolation_off
RESULT scan_bound=8
RESULT rounds=200000
RESULT elapsed_ns=15572200
RESULT ns_per_round=77
RESULT oracle_probe_hit=1
.RESULT arm=large_cache_scan_isolation_off
RESULT scan_bound=8
RESULT rounds=200000
RESULT elapsed_ns=16121400
RESULT ns_per_round=80
RESULT oracle_probe_hit=1
.RESULT arm=large_cache_scan_isolation_off
RESULT scan_bound=8
RESULT rounds=200000
RESULT elapsed_ns=14585700
RESULT ns_per_round=72
RESULT oracle_probe_hit=1
.RESULT arm=large_cache_scan_isolation_off
RESULT scan_bound=8
RESULT rounds=200000
RESULT elapsed_ns=12572800
RESULT ns_per_round=62
RESULT oracle_probe_hit=1
.RESULT arm=large_cache_scan_isolation_off
RESULT scan_bound=8
RESULT rounds=200000
RESULT elapsed_ns=16735800
RESULT ns_per_round=83
RESULT oracle_probe_hit=1
.RESULT arm=large_cache_scan_isolation_off
RESULT scan_bound=8
RESULT rounds=200000
RESULT elapsed_ns=15345400
RESULT ns_per_round=76
RESULT oracle_probe_hit=1
.RESULT arm=large_cache_scan_isolation_off
RESULT scan_bound=8
RESULT rounds=200000
RESULT elapsed_ns=14966700
RESULT ns_per_round=74
RESULT oracle_probe_hit=1
.RESULT arm=large_cache_scan_isolation_off
RESULT scan_bound=8
RESULT rounds=200000
RESULT elapsed_ns=16692200
RESULT ns_per_round=83
RESULT oracle_probe_hit=1
.RESULT arm=large_cache_scan_isolation_off
RESULT scan_bound=8
RESULT rounds=200000
RESULT elapsed_ns=16474200
RESULT ns_per_round=82
RESULT oracle_probe_hit=1
.RESULT arm=large_cache_scan_isolation_off
RESULT scan_bound=8
RESULT rounds=200000
RESULT elapsed_ns=16066800
RESULT ns_per_round=80
RESULT oracle_probe_hit=1
.RESULT arm=large_cache_scan_isolation_off
RESULT scan_bound=8
RESULT rounds=200000
RESULT elapsed_ns=15951100
RESULT ns_per_round=79
RESULT oracle_probe_hit=1
.RESULT arm=large_cache_scan_isolation_off
RESULT scan_bound=8
RESULT rounds=200000
RESULT elapsed_ns=16222200
RESULT ns_per_round=81
RESULT oracle_probe_hit=1
.RESULT arm=large_cache_scan_isolation_off
RESULT scan_bound=8
RESULT rounds=200000
RESULT elapsed_ns=16544300
RESULT ns_per_round=82
RESULT oracle_probe_hit=1
.RESULT arm=large_cache_scan_isolation_off
RESULT scan_bound=8
RESULT rounds=200000
RESULT elapsed_ns=16254000
RESULT ns_per_round=81
RESULT oracle_probe_hit=1
.RESULT arm=large_cache_scan_isolation_off
RESULT scan_bound=8
RESULT rounds=200000
RESULT elapsed_ns=16027300
RESULT ns_per_round=80
RESULT oracle_probe_hit=1
.RESULT arm=large_cache_scan_isolation_off
RESULT scan_bound=8
RESULT rounds=200000
RESULT elapsed_ns=14507300
RESULT ns_per_round=72
RESULT oracle_probe_hit=1
.RESULT arm=large_cache_scan_isolation_off
RESULT scan_bound=8
RESULT rounds=200000
RESULT elapsed_ns=16312300
RESULT ns_per_round=81
RESULT oracle_probe_hit=1
.RESULT arm=large_cache_scan_isolation_off
RESULT scan_bound=8
RESULT rounds=200000
RESULT elapsed_ns=16034200
RESULT ns_per_round=80
RESULT oracle_probe_hit=1
.RESULT arm=large_cache_scan_isolation_off
RESULT scan_bound=8
RESULT rounds=200000
RESULT elapsed_ns=16725300
RESULT ns_per_round=83
RESULT oracle_probe_hit=1
.RESULT arm=large_cache_scan_isolation_off
RESULT scan_bound=8
RESULT rounds=200000
RESULT elapsed_ns=16639100
RESULT ns_per_round=83
RESULT oracle_probe_hit=1
.RESULT arm=large_cache_scan_isolation_off
RESULT scan_bound=8
RESULT rounds=200000
RESULT elapsed_ns=15918300
RESULT ns_per_round=79
RESULT oracle_probe_hit=1
.RESULT arm=large_cache_scan_isolation_off
RESULT scan_bound=8
RESULT rounds=200000
RESULT elapsed_ns=17605700
RESULT ns_per_round=88
RESULT oracle_probe_hit=1
.RESULT arm=large_cache_scan_isolation_off
RESULT scan_bound=8
RESULT rounds=200000
RESULT elapsed_ns=16500200
RESULT ns_per_round=82
RESULT oracle_probe_hit=1
.RESULT arm=large_cache_scan_isolation_off
RESULT scan_bound=8
RESULT rounds=200000
RESULT elapsed_ns=16603900
RESULT ns_per_round=83
RESULT oracle_probe_hit=1
.RESULT arm=large_cache_scan_isolation_off
RESULT scan_bound=8
RESULT rounds=200000
RESULT elapsed_ns=17274100
RESULT ns_per_round=86
RESULT oracle_probe_hit=1
.RESULT arm=large_cache_scan_isolation_off
RESULT scan_bound=8
RESULT rounds=200000
RESULT elapsed_ns=16656000
RESULT ns_per_round=83
RESULT oracle_probe_hit=1
.RESULT arm=large_cache_scan_isolation_off
RESULT scan_bound=8
RESULT rounds=200000
RESULT elapsed_ns=16418700
RESULT ns_per_round=82
RESULT oracle_probe_hit=1
.RESULT arm=large_cache_scan_isolation_off
RESULT scan_bound=8
RESULT rounds=200000
RESULT elapsed_ns=16230700
RESULT ns_per_round=81
RESULT oracle_probe_hit=1
.

  === off(A-slot) vs off(B-slot) (A - B, ns)  [SAME-VS-SAME CONTROL] ===
  n=20  mean Δ=-1 ns  sd=6 ns  se=1 ns  t=-0.556  df=19  crit(p<0.05)=2.101  => NOT statistically distinguishable from noise (fails to reject null)
  sign test: off(A-slot)-faster=11/20  off(B-slot)-faster=9/20  ties=0

[paired-ab] provenance written to D:\dev\rust\sefer-alloc/docs/perf/paired_ab_runs/2026-08-01T22-22-43-158Z.json

[paired-ab] Reading this output: `t` past `crit` (or sign test heavily lopsided, e.g. 17+/20) means a REAL,
  non-noise wall-clock difference on THIS host for THIS workload — mirroring
  docs/perf/R5_R2_CHURN_REGRESSION_PAIRED_AB.md's verdict criteria. A same-vs-same control run
  (--arms sefer,sefer) should show t well under `crit` and a roughly even sign-test split --
  if it does not, that indicates a harness bug (non-reproducible workload, background load
  bleeding into the timed region), not a real self-difference.
