
> sefer-alloc-dev-scripts@0.0.0 iai
> node scripts/iai.mjs

[iai] wsl: /mnt/d/dev/rust/sefer-alloc
[iai] features: production | target: /tmp/sefer-iai
iai_callgrind_runner: Error: No version information found for iai-callgrind but iai-callgrind-runner (0.14.2) is >= '0.3.0'. Please update iai-callgrind to '0.14.2' in your Cargo.toml file
__MISSING__
[iai] runner already installed: 0.14.2 (skip install)

[iai] running benches...

   Compiling sefer-alloc v0.3.0 (/mnt/d/dev/rust/sefer-alloc)
    Finished `bench` profile [optimized] target(s) in 52.57s
warning: the following packages contain code that will be rejected by a future version of Rust: proc-macro-error2 v2.0.1
note: to see what the problems were, use the option `--future-incompat-report`, or run `cargo report future-incompatibilities --id 1`
     Running benches/perf_gate_iai.rs (/tmp/sefer-iai/release/deps/perf_gate_iai-9bc28190fa8f0beb)
perf_gate_iai::perf_gate::small_churn_16b
  Instructions:                        8051|8051                 (No change)
  L1 Hits:                            10535|10533                (+0.01899%) [+1.00019x]
  L2 Hits:                              105|107                  (-1.86916%) [-1.01905x]
  RAM Hits:                             440|440                  (No change)
  Total read+write:                   11080|11080                (No change)
  Estimated Cycles:                   26460|26468                (-0.03023%) [-1.00030x]
perf_gate_iai::perf_gate::small_churn_16b_2n
  Instructions:                       12467|12467                (No change)
  L1 Hits:                            16039|16036                (+0.01871%) [+1.00019x]
  L2 Hits:                              104|107                  (-2.80374%) [-1.02885x]
  RAM Hits:                             441|441                  (No change)
  Total read+write:                   16584|16584                (No change)
  Estimated Cycles:                   31994|32006                (-0.03749%) [-1.00038x]
perf_gate_iai::perf_gate::dealloc_prealloc_only_16b
  Instructions:                        7003|7003                 (No change)
  L1 Hits:                             9083|9086                 (-0.03302%) [-1.00033x]
  L2 Hits:                               96|93                   (+3.22581%) [+1.03226x]
  RAM Hits:                             422|422                  (No change)
  Total read+write:                    9601|9601                 (No change)
  Estimated Cycles:                   24333|24321                (+0.04934%) [+1.00049x]
perf_gate_iai::perf_gate::dealloc_free_only_16b
  Instructions:                       12923|12923                (No change)
  L1 Hits:                            16402|16404                (-0.01219%) [-1.00012x]
  L2 Hits:                               96|93                   (+3.22581%) [+1.03226x]
  RAM Hits:                             463|464                  (-0.21552%) [-1.00216x]
  Total read+write:                   16961|16961                (No change)
  Estimated Cycles:                   33087|33109                (-0.06645%) [-1.00066x]
perf_gate_iai::perf_gate::dealloc_contains_base_probe_only_16b
  Instructions:                        8104|8104                 (No change)
  L1 Hits:                            10380|10383                (-0.02889%) [-1.00029x]
  L2 Hits:                               96|93                   (+3.22581%) [+1.03226x]
  RAM Hits:                             421|421                  (No change)
  Total read+write:                   10897|10897                (No change)
  Estimated Cycles:                   25595|25583                (+0.04691%) [+1.00047x]
perf_gate_iai::perf_gate::dealloc_segment_base_of_ptr_probe_only_16b
  Instructions:                        7581|7581                 (No change)
  L1 Hits:                             9792|9794                 (-0.02042%) [-1.00020x]
  L2 Hits:                               96|94                   (+2.12766%) [+1.02128x]
  RAM Hits:                             419|419                  (No change)
  Total read+write:                   10307|10307                (No change)
  Estimated Cycles:                   24937|24929                (+0.03209%) [+1.00032x]
perf_gate_iai::perf_gate::alloc_magazine_prefill_only_16b
  Instructions:                        7450|7450                 (No change)
  L1 Hits:                             9765|9764                 (+0.01024%) [+1.00010x]
  L2 Hits:                               94|95                   (-1.05263%) [-1.01064x]
  RAM Hits:                             422|422                  (No change)
  Total read+write:                   10281|10281                (No change)
  Estimated Cycles:                   25005|25009                (-0.01599%) [-1.00016x]
perf_gate_iai::perf_gate::alloc_magazine_hit_only_16b
  Instructions:                        7808|7808                 (No change)
  L1 Hits:                            10202|10202                (No change)
  L2 Hits:                               94|94                   (No change)
  RAM Hits:                             424|424                  (No change)
  Total read+write:                   10720|10720                (No change)
  Estimated Cycles:                   25512|25512                (No change)
perf_gate_iai::perf_gate::dealloc_hash_contains_only_probe_16b
  Instructions:                        8349|8349                 (No change)
  L1 Hits:                            10687|10690                (-0.02806%) [-1.00028x]
  L2 Hits:                               96|93                   (+3.22581%) [+1.03226x]
  RAM Hits:                             420|420                  (No change)
  Total read+write:                   11203|11203                (No change)
  Estimated Cycles:                   25867|25855                (+0.04641%) [+1.00046x]
perf_gate_iai::perf_gate::dealloc_own_thread_body_only_16b
  Instructions:                       12362|12362                (No change)
  L1 Hits:                            15782|15784                (-0.01267%) [-1.00013x]
  L2 Hits:                               96|93                   (+3.22581%) [+1.03226x]
  RAM Hits:                             460|461                  (-0.21692%) [-1.00217x]
  Total read+write:                   16338|16338                (No change)
  Estimated Cycles:                   32362|32384                (-0.06793%) [-1.00068x]
perf_gate_iai::perf_gate::carve_batch_only_16b
  Instructions:                       68284|68284                (No change)
  L1 Hits:                           133157|133158               (-0.00075%) [-1.00001x]
  L2 Hits:                              100|99                   (+1.01010%) [+1.01010x]
  RAM Hits:                            1048|1048                 (No change)
  Total read+write:                  134305|134305               (No change)
  Estimated Cycles:                  170337|170333               (+0.00235%) [+1.00002x]
perf_gate_iai::perf_gate::carve_batch_only_16b_2n
  Instructions:                       74185|74185                (No change)
  L1 Hits:                           143179|143183               (-0.00279%) [-1.00003x]
  L2 Hits:                              103|99                   (+4.04040%) [+1.04040x]
  RAM Hits:                            1081|1081                 (No change)
  Total read+write:                  144363|144363               (No change)
  Estimated Cycles:                  181529|181513               (+0.00881%) [+1.00009x]
perf_gate_iai::perf_gate::medium_class_dealloc_churn_16b
  Instructions:                        8051|8051                 (No change)
  L1 Hits:                            10535|10532                (+0.02848%) [+1.00028x]
  L2 Hits:                              106|109                  (-2.75229%) [-1.02830x]
  RAM Hits:                             439|439                  (No change)
  Total read+write:                   11080|11080                (No change)
  Estimated Cycles:                   26430|26442                (-0.04538%) [-1.00045x]
perf_gate_iai::perf_gate::aligned_churn_640b_a128
  Instructions:                        7987|7987                 (No change)
  L1 Hits:                            10470|10467                (+0.02866%) [+1.00029x]
  L2 Hits:                              106|109                  (-2.75229%) [-1.02830x]
  RAM Hits:                             440|440                  (No change)
  Total read+write:                   11016|11016                (No change)
  Estimated Cycles:                   26400|26412                (-0.04543%) [-1.00045x]
perf_gate_iai::perf_gate::large_alloc_free_cycle
  Instructions:                        3308|3308                 (No change)
  L1 Hits:                             4751|4748                 (+0.06318%) [+1.00063x]
  L2 Hits:                              108|109                  (-0.91743%) [-1.00926x]
  RAM Hits:                             438|440                  (-0.45455%) [-1.00457x]
  Total read+write:                    5297|5297                 (No change)
  Estimated Cycles:                   20621|20693                (-0.34794%) [-1.00349x]
perf_gate_iai::perf_gate::realloc_grow
  Instructions:                      492690|492690               (No change)
  L1 Hits:                          1046822|1046824              (-0.00019%) [-1.00000x]
  L2 Hits:                             3860|3857                 (+0.07778%) [+1.00078x]
  RAM Hits:                           70326|70327                (-0.00142%) [-1.00001x]
  Total read+write:                 1121008|1121008              (No change)
  Estimated Cycles:                 3527532|3527554              (-0.00062%) [-1.00001x]
perf_gate_iai::perf_gate::cold_alloc_free_256x16b
  Instructions:                       50164|50164                (No change)
  L1 Hits:                            62188|62185                (+0.00482%) [+1.00005x]
  L2 Hits:                              104|106                  (-1.88679%) [-1.01923x]
  RAM Hits:                             557|558                  (-0.17921%) [-1.00180x]
  Total read+write:                   62849|62849                (No change)
  Estimated Cycles:                   82203|82245                (-0.05107%) [-1.00051x]
perf_gate_iai::perf_gate::cold_alloc_free_256x16b_2n
  Instructions:                      102353|102353               (No change)
  L1 Hits:                           129363|129366               (-0.00232%) [-1.00002x]
  L2 Hits:                              122|118                  (+3.38983%) [+1.03390x]
  RAM Hits:                             654|655                  (-0.15267%) [-1.00153x]
  Total read+write:                  130139|130139               (No change)
  Estimated Cycles:                  152863|152881               (-0.01177%) [-1.00012x]
perf_gate_iai::perf_gate::cold_alloc_free_256x16b_4n
  Instructions:                      202867|202867               (No change)
  L1 Hits:                           255874|255867               (+0.00274%) [+1.00003x]
  L2 Hits:                              172|178                  (-3.37079%) [-1.03488x]
  RAM Hits:                             848|849                  (-0.11779%) [-1.00118x]
  Total read+write:                  256894|256894               (No change)
  Estimated Cycles:                  286414|286472               (-0.02025%) [-1.00020x]
perf_gate_iai::perf_gate::cold_alloc_free_256x64b
  Instructions:                       50164|50164                (No change)
  L1 Hits:                            62005|62002                (+0.00484%) [+1.00005x]
  L2 Hits:                              104|106                  (-1.88679%) [-1.01923x]
  RAM Hits:                             740|741                  (-0.13495%) [-1.00135x]
  Total read+write:                   62849|62849                (No change)
  Estimated Cycles:                   88425|88467                (-0.04748%) [-1.00047x]
perf_gate_iai::perf_gate::recycle_alloc_free_256x16b
  Instructions:                       98343|98343                (No change)
  L1 Hits:                           121069|121068               (+0.00083%) [+1.00001x]
  L2 Hits:                               30|30                   (No change)
  RAM Hits:                             668|669                  (-0.14948%) [-1.00150x]
  Total read+write:                  121767|121767               (No change)
  Estimated Cycles:                  144599|144633               (-0.02351%) [-1.00024x]
perf_gate_iai::perf_gate::recycle_alloc_free_256x64b
  Instructions:                       98343|98343                (No change)
  L1 Hits:                           120871|120872               (-0.00083%) [-1.00001x]
  L2 Hits:                               32|30                   (+6.66667%) [+1.06667x]
  RAM Hits:                             864|865                  (-0.11561%) [-1.00116x]
  Total read+write:                  121767|121767               (No change)
  Estimated Cycles:                  151271|151297               (-0.01718%) [-1.00017x]
perf_gate_iai::perf_gate::churn_256b
  Instructions:                        8051|8051                 (No change)
  L1 Hits:                            10535|10532                (+0.02848%) [+1.00028x]
  L2 Hits:                              104|107                  (-2.80374%) [-1.02885x]
  RAM Hits:                             441|441                  (No change)
  Total read+write:                   11080|11080                (No change)
  Estimated Cycles:                   26490|26502                (-0.04528%) [-1.00045x]
perf_gate_iai::perf_gate::churn_write_256b
  Instructions:                        8307|8307                 (No change)
  L1 Hits:                            10919|10914                (+0.04581%) [+1.00046x]
  L2 Hits:                              104|109                  (-4.58716%) [-1.04808x]
  RAM Hits:                             441|441                  (No change)
  Total read+write:                   11464|11464                (No change)
  Estimated Cycles:                   26874|26894                (-0.07437%) [-1.00074x]
perf_gate_iai::perf_gate::multiseg_cold_256k
  Instructions:                       25819|25819                (No change)
  L1 Hits:                            35020|35021                (-0.00286%) [-1.00003x]
  L2 Hits:                               40|39                   (+2.56410%) [+1.02564x]
  RAM Hits:                             741|741                  (No change)
  Total read+write:                   35801|35801                (No change)
  Estimated Cycles:                   61155|61151                (+0.00654%) [+1.00007x]
perf_gate_iai::perf_gate::seg_cycle_decommit_256k
  Instructions:                       62127|62127                (No change)
  L1 Hits:                            83773|83774                (-0.00119%) [-1.00001x]
  L2 Hits:                               94|93                   (+1.07527%) [+1.01075x]
  RAM Hits:                             740|740                  (No change)
  Total read+write:                   84607|84607                (No change)
  Estimated Cycles:                  110143|110139               (+0.00363%) [+1.00004x]
perf_gate_iai::perf_gate::mimalloc_small_churn_16b
  Instructions:                       16629|16629                (No change)
  L1 Hits:                            21439|21438                (+0.00466%) [+1.00005x]
  L2 Hits:                               60|61                   (-1.63934%) [-1.01667x]
  RAM Hits:                             499|499                  (No change)
  Total read+write:                   21998|21998                (No change)
  Estimated Cycles:                   39204|39208                (-0.01020%) [-1.00010x]
perf_gate_iai::perf_gate::mimalloc_small_churn_16b_2n
  Instructions:                       21557|21557                (No change)
  L1 Hits:                            27903|27903                (No change)
  L2 Hits:                               60|60                   (No change)
  RAM Hits:                             499|499                  (No change)
  Total read+write:                   28462|28462                (No change)
  Estimated Cycles:                   45668|45668                (No change)
perf_gate_iai::perf_gate::mimalloc_churn_256b
  Instructions:                       16130|16130                (No change)
  L1 Hits:                            20953|20952                (+0.00477%) [+1.00005x]
  L2 Hits:                               61|62                   (-1.61290%) [-1.01639x]
  RAM Hits:                             453|453                  (No change)
  Total read+write:                   21467|21467                (No change)
  Estimated Cycles:                   37113|37117                (-0.01078%) [-1.00011x]
perf_gate_iai::perf_gate::mimalloc_cold_alloc_free_256x16b
  Instructions:                       32325|32325                (No change)
  L1 Hits:                            41791|41786                (+0.01197%) [+1.00012x]
  L2 Hits:                               83|88                   (-5.68182%) [-1.06024x]
  RAM Hits:                             501|501                  (No change)
  Total read+write:                   42375|42375                (No change)
  Estimated Cycles:                   59741|59761                (-0.03347%) [-1.00033x]
perf_gate_iai::perf_gate::mimalloc_cold_alloc_free_256x16b_2n
  Instructions:                       58389|58389                (No change)
  L1 Hits:                            78281|78282                (-0.00128%) [-1.00001x]
  L2 Hits:                              131|130                  (+0.76923%) [+1.00769x]
  RAM Hits:                             579|579                  (No change)
  Total read+write:                   78991|78991                (No change)
  Estimated Cycles:                   99201|99197                (+0.00403%) [+1.00004x]
perf_gate_iai::perf_gate::mimalloc_cold_alloc_free_256x16b_4n
  Instructions:                      106653|106653               (No change)
  L1 Hits:                           143433|143422               (+0.00767%) [+1.00008x]
  L2 Hits:                              209|220                  (-5.00000%) [-1.05263x]
  RAM Hits:                             754|754                  (No change)
  Total read+write:                  144396|144396               (No change)
  Estimated Cycles:                  170868|170912               (-0.02574%) [-1.00026x]
perf_gate_iai::perf_gate::mimalloc_cold_alloc_free_256x64b
  Instructions:                       33329|33329                (No change)
  L1 Hits:                            42947|42945                (+0.00466%) [+1.00005x]
  L2 Hits:                               94|96                   (-2.08333%) [-1.02128x]
  RAM Hits:                             707|707                  (No change)
  Total read+write:                   43748|43748                (No change)
  Estimated Cycles:                   68162|68170                (-0.01174%) [-1.00012x]
perf_gate_iai::perf_gate::mimalloc_recycle_alloc_free_256x16b
  Instructions:                       53020|53020                (No change)
  L1 Hits:                            68697|68690                (+0.01019%) [+1.00010x]
  L2 Hits:                               83|90                   (-7.77778%) [-1.08434x]
  RAM Hits:                             503|503                  (No change)
  Total read+write:                   69283|69283                (No change)
  Estimated Cycles:                   86717|86745                (-0.03228%) [-1.00032x]
perf_gate_iai::perf_gate::mimalloc_recycle_alloc_free_256x64b
  Instructions:                       54024|54024                (No change)
  L1 Hits:                            69853|69850                (+0.00429%) [+1.00004x]
  L2 Hits:                               94|97                   (-3.09278%) [-1.03191x]
  RAM Hits:                             709|709                  (No change)
  Total read+write:                   70656|70656                (No change)
  Estimated Cycles:                   95138|95150                (-0.01261%) [-1.00013x]
perf_gate_iai::perf_gate::mimalloc_bootstrap_proxy
  Instructions:                       13050|13050                (No change)
  L1 Hits:                            16729|16728                (+0.00598%) [+1.00006x]
  L2 Hits:                               66|67                   (-1.49254%) [-1.01515x]
  RAM Hits:                             510|510                  (No change)
  Total read+write:                   17305|17305                (No change)
  Estimated Cycles:                   34909|34913                (-0.01146%) [-1.00011x]

Iai-Callgrind result: Ok. 36 without regressions; 0 regressed; 36 benchmarks finished in 58.4091s

  bench                                                 Ir            L1            L2           RAM     EstCycles        Ir/op*
  ------------------------------------------  ------------  ------------  ------------  ------------  ------------  ------------
  small_churn_16b                                    8,051        10,535           105           440        26,460          74.1
  small_churn_16b_2n                                12,467        16,039           104           441        31,994             -
  dealloc_prealloc_only_16b                          7,003         9,083            96           422        24,333             -
  dealloc_free_only_16b                             12,923        16,402            96           463        33,087             -
  dealloc_contains_base_probe_only_16b               8,104        10,380            96           421        25,595             -
  dealloc_segment_base_of_ptr_probe_only_16b         7,581         9,792            96           419        24,937             -
  alloc_magazine_prefill_only_16b                    7,450         9,765            94           422        25,005             -
  alloc_magazine_hit_only_16b                        7,808        10,202            94           424        25,512             -
  dealloc_hash_contains_only_probe_16b               8,349        10,687            96           420        25,867             -
  dealloc_own_thread_body_only_16b                  12,362        15,782            96           460        32,362             -
  carve_batch_only_16b                              68,284       133,157           100         1,048       170,337             -
  carve_batch_only_16b_2n                           74,185       143,179           103         1,081       181,529             -
  medium_class_dealloc_churn_16b                     8,051        10,535           106           439        26,430          74.1
  aligned_churn_640b_a128                            7,987        10,470           106           440        26,400          73.1
  large_alloc_free_cycle                             3,308         4,751           108           438        20,621             -
  realloc_grow                                     492,690     1,046,822         3,860        70,326     3,527,532      30,586.4
  cold_alloc_free_256x16b                           50,164        62,188           104           557        82,203         183.0
  cold_alloc_free_256x16b_2n                       102,353       129,363           122           654       152,863             -
  cold_alloc_free_256x16b_4n                       202,867       255,874           172           848       286,414             -
  cold_alloc_free_256x64b                           50,164        62,005           104           740        88,425         183.0
  recycle_alloc_free_256x16b                        98,343       121,069            30           668       144,599         185.6
  recycle_alloc_free_256x64b                        98,343       120,871            32           864       151,271         185.6
  churn_256b                                         8,051        10,535           104           441        26,490          74.1
  churn_write_256b                                   8,307        10,919           104           441        26,874          78.1
  multiseg_cold_256k                                25,819        35,020            40           741        61,155         331.0
  seg_cycle_decommit_256k                           62,127        83,773            94           740       110,143         288.3
  mimalloc_small_churn_16b                          16,629        21,439            60           499        39,204          55.9
  mimalloc_small_churn_16b_2n                       21,557        27,903            60           499        45,668             -
  mimalloc_churn_256b                               16,130        20,953            61           453        37,113          48.1
  mimalloc_cold_alloc_free_256x16b                  32,325        41,791            83           501        59,741          75.3
  mimalloc_cold_alloc_free_256x16b_2n               58,389        78,281           131           579        99,201             -
  mimalloc_cold_alloc_free_256x16b_4n              106,653       143,433           209           754       170,868             -
  mimalloc_cold_alloc_free_256x64b                  33,329        42,947            94           707        68,162          79.2
  mimalloc_recycle_alloc_free_256x16b               53,020        68,697            83           503        86,717          78.1
  mimalloc_recycle_alloc_free_256x64b               54,024        69,853            94           709        95,138          80.0
  mimalloc_bootstrap_proxy                          13,050        16,729            66           510        34,909             -

  * Ir/op = (Ir − B) / ops — marginal instruction count per operation, with
    the one-time process bootstrap subtracted. B is taken PER ARM: SeferAlloc
    rows use large_alloc_free_cycle (B=3,308); mimalloc_* rows use
    mimalloc_bootstrap_proxy (B=13,050) — the two allocators' bootstrap
    constants are never mixed (R22-15/task #366). Comparable across benches
    within the SAME arm; the honest unit for per-op thresholds (review finding
    F2). "-" = bootstrap proxy / no op-count / that arm's bootstrap bench absent.

  Sefer/mimalloc marginal Ir/op ratio (workload-matched pairs):

  workload                     Sefer Ir/op      mi Ir/op         ratio
  --------------------------  ------------  ------------  ------------
  small_churn_16b                     74.1          55.9         1.326
  churn_256b                          74.1          48.1         1.541
  cold_alloc_free_256x16b            183.0          75.3         2.430
  cold_alloc_free_256x64b            183.0          79.2         2.311
  recycle_alloc_free_256x16b         185.6          78.1         2.376
  recycle_alloc_free_256x64b         185.6          80.0         2.320

  ratio = Sefer Ir/op ÷ mimalloc Ir/op — > 1.000 means SeferAlloc retires MORE
    instructions per op than mimalloc on that workload (i.e. mimalloc is
    cheaper in Ir); < 1.000 means the reverse. "-" when a pair's row is
    missing/filtered on either side.

[iai] PASS — 36 bench(es) produced Ir
