[paired-ab] --config has no "build" step; assuming arm commands are already built.

[paired-ab] cap4 vs cap32 — 20 pairs, A/B/B/A protocol
RESULT arm=cap4
RESULT elapsed_ns=180221600
RESULT threads=8
RESULT rounds_per_thread=6
RESULT pool_segments_requested=4
RESULT pool_byte_cap_requested=16777216
RESULT segments_reserved_total=72
RESULT segments_released_total=48
RESULT decommit_calls_total=40
RESULT large_cache_hits=45
RESULT rss_after_kib=77508
RESULT commit_after_kib=99744
.RESULT arm=cap32
RESULT elapsed_ns=245678900
RESULT threads=8
RESULT rounds_per_thread=6
RESULT pool_segments_requested=32
RESULT pool_byte_cap_requested=134217728
RESULT segments_reserved_total=72
RESULT segments_released_total=48
RESULT decommit_calls_total=40
RESULT large_cache_hits=45
RESULT rss_after_kib=77500
RESULT commit_after_kib=99732
.RESULT arm=cap32
RESULT elapsed_ns=171067200
RESULT threads=8
RESULT rounds_per_thread=6
RESULT pool_segments_requested=32
RESULT pool_byte_cap_requested=134217728
RESULT segments_reserved_total=72
RESULT segments_released_total=48
RESULT decommit_calls_total=40
RESULT large_cache_hits=45
RESULT rss_after_kib=77504
RESULT commit_after_kib=99740
.RESULT arm=cap4
RESULT elapsed_ns=180457500
RESULT threads=8
RESULT rounds_per_thread=6
RESULT pool_segments_requested=4
RESULT pool_byte_cap_requested=16777216
RESULT segments_reserved_total=72
RESULT segments_released_total=48
RESULT decommit_calls_total=40
RESULT large_cache_hits=45
RESULT rss_after_kib=77508
RESULT commit_after_kib=99744
.RESULT arm=cap4
RESULT elapsed_ns=228365000
RESULT threads=8
RESULT rounds_per_thread=6
RESULT pool_segments_requested=4
RESULT pool_byte_cap_requested=16777216
RESULT segments_reserved_total=72
RESULT segments_released_total=48
RESULT decommit_calls_total=40
RESULT large_cache_hits=45
RESULT rss_after_kib=77508
RESULT commit_after_kib=99748
.RESULT arm=cap32
RESULT elapsed_ns=212729800
RESULT threads=8
RESULT rounds_per_thread=6
RESULT pool_segments_requested=32
RESULT pool_byte_cap_requested=134217728
RESULT segments_reserved_total=72
RESULT segments_released_total=48
RESULT decommit_calls_total=40
RESULT large_cache_hits=45
RESULT rss_after_kib=77508
RESULT commit_after_kib=99752
.RESULT arm=cap32
RESULT elapsed_ns=208872600
RESULT threads=8
RESULT rounds_per_thread=6
RESULT pool_segments_requested=32
RESULT pool_byte_cap_requested=134217728
RESULT segments_reserved_total=72
RESULT segments_released_total=48
RESULT decommit_calls_total=40
RESULT large_cache_hits=45
RESULT rss_after_kib=77524
RESULT commit_after_kib=99772
.RESULT arm=cap4
RESULT elapsed_ns=194608600
RESULT threads=8
RESULT rounds_per_thread=6
RESULT pool_segments_requested=4
RESULT pool_byte_cap_requested=16777216
RESULT segments_reserved_total=72
RESULT segments_released_total=48
RESULT decommit_calls_total=40
RESULT large_cache_hits=45
RESULT rss_after_kib=77520
RESULT commit_after_kib=99752
.RESULT arm=cap4
RESULT elapsed_ns=205151600
RESULT threads=8
RESULT rounds_per_thread=6
RESULT pool_segments_requested=4
RESULT pool_byte_cap_requested=16777216
RESULT segments_reserved_total=72
RESULT segments_released_total=48
RESULT decommit_calls_total=40
RESULT large_cache_hits=45
RESULT rss_after_kib=77512
RESULT commit_after_kib=99752
.RESULT arm=cap32
RESULT elapsed_ns=243068600
RESULT threads=8
RESULT rounds_per_thread=6
RESULT pool_segments_requested=32
RESULT pool_byte_cap_requested=134217728
RESULT segments_reserved_total=72
RESULT segments_released_total=48
RESULT decommit_calls_total=40
RESULT large_cache_hits=45
RESULT rss_after_kib=77512
RESULT commit_after_kib=99748
.RESULT arm=cap32
RESULT elapsed_ns=222120900
RESULT threads=8
RESULT rounds_per_thread=6
RESULT pool_segments_requested=32
RESULT pool_byte_cap_requested=134217728
RESULT segments_reserved_total=72
RESULT segments_released_total=48
RESULT decommit_calls_total=40
RESULT large_cache_hits=45
RESULT rss_after_kib=77504
RESULT commit_after_kib=99744
.RESULT arm=cap4
RESULT elapsed_ns=200517400
RESULT threads=8
RESULT rounds_per_thread=6
RESULT pool_segments_requested=4
RESULT pool_byte_cap_requested=16777216
RESULT segments_reserved_total=72
RESULT segments_released_total=48
RESULT decommit_calls_total=40
RESULT large_cache_hits=45
RESULT rss_after_kib=77508
RESULT commit_after_kib=99744
.RESULT arm=cap4
RESULT elapsed_ns=207078900
RESULT threads=8
RESULT rounds_per_thread=6
RESULT pool_segments_requested=4
RESULT pool_byte_cap_requested=16777216
RESULT segments_reserved_total=72
RESULT segments_released_total=48
RESULT decommit_calls_total=40
RESULT large_cache_hits=45
RESULT rss_after_kib=77508
RESULT commit_after_kib=99748
.RESULT arm=cap32
RESULT elapsed_ns=196849500
RESULT threads=8
RESULT rounds_per_thread=6
RESULT pool_segments_requested=32
RESULT pool_byte_cap_requested=134217728
RESULT segments_reserved_total=72
RESULT segments_released_total=48
RESULT decommit_calls_total=40
RESULT large_cache_hits=45
RESULT rss_after_kib=77504
RESULT commit_after_kib=99744
.RESULT arm=cap32
RESULT elapsed_ns=202933600
RESULT threads=8
RESULT rounds_per_thread=6
RESULT pool_segments_requested=32
RESULT pool_byte_cap_requested=134217728
RESULT segments_reserved_total=72
RESULT segments_released_total=48
RESULT decommit_calls_total=40
RESULT large_cache_hits=45
RESULT rss_after_kib=77504
RESULT commit_after_kib=99740
.RESULT arm=cap4
RESULT elapsed_ns=194211700
RESULT threads=8
RESULT rounds_per_thread=6
RESULT pool_segments_requested=4
RESULT pool_byte_cap_requested=16777216
RESULT segments_reserved_total=72
RESULT segments_released_total=48
RESULT decommit_calls_total=40
RESULT large_cache_hits=45
RESULT rss_after_kib=77524
RESULT commit_after_kib=99776
.RESULT arm=cap4
RESULT elapsed_ns=203403200
RESULT threads=8
RESULT rounds_per_thread=6
RESULT pool_segments_requested=4
RESULT pool_byte_cap_requested=16777216
RESULT segments_reserved_total=72
RESULT segments_released_total=48
RESULT decommit_calls_total=40
RESULT large_cache_hits=45
RESULT rss_after_kib=77512
RESULT commit_after_kib=99748
.RESULT arm=cap32
RESULT elapsed_ns=231162300
RESULT threads=8
RESULT rounds_per_thread=6
RESULT pool_segments_requested=32
RESULT pool_byte_cap_requested=134217728
RESULT segments_reserved_total=72
RESULT segments_released_total=48
RESULT decommit_calls_total=40
RESULT large_cache_hits=45
RESULT rss_after_kib=77508
RESULT commit_after_kib=99748
.RESULT arm=cap32
RESULT elapsed_ns=186446800
RESULT threads=8
RESULT rounds_per_thread=6
RESULT pool_segments_requested=32
RESULT pool_byte_cap_requested=134217728
RESULT segments_reserved_total=72
RESULT segments_released_total=48
RESULT decommit_calls_total=40
RESULT large_cache_hits=45
RESULT rss_after_kib=77504
RESULT commit_after_kib=99740
.RESULT arm=cap4
RESULT elapsed_ns=206962800
RESULT threads=8
RESULT rounds_per_thread=6
RESULT pool_segments_requested=4
RESULT pool_byte_cap_requested=16777216
RESULT segments_reserved_total=72
RESULT segments_released_total=48
RESULT decommit_calls_total=40
RESULT large_cache_hits=45
RESULT rss_after_kib=77504
RESULT commit_after_kib=99740
.RESULT arm=cap4
RESULT elapsed_ns=208683200
RESULT threads=8
RESULT rounds_per_thread=6
RESULT pool_segments_requested=4
RESULT pool_byte_cap_requested=16777216
RESULT segments_reserved_total=72
RESULT segments_released_total=48
RESULT decommit_calls_total=40
RESULT large_cache_hits=45
RESULT rss_after_kib=77520
RESULT commit_after_kib=99760
.RESULT arm=cap32
RESULT elapsed_ns=220171800
RESULT threads=8
RESULT rounds_per_thread=6
RESULT pool_segments_requested=32
RESULT pool_byte_cap_requested=134217728
RESULT segments_reserved_total=72
RESULT segments_released_total=48
RESULT decommit_calls_total=40
RESULT large_cache_hits=45
RESULT rss_after_kib=77504
RESULT commit_after_kib=99752
.RESULT arm=cap32
RESULT elapsed_ns=253828100
RESULT threads=8
RESULT rounds_per_thread=6
RESULT pool_segments_requested=32
RESULT pool_byte_cap_requested=134217728
RESULT segments_reserved_total=72
RESULT segments_released_total=48
RESULT decommit_calls_total=40
RESULT large_cache_hits=45
RESULT rss_after_kib=77508
RESULT commit_after_kib=99748
.RESULT arm=cap4
RESULT elapsed_ns=231005200
RESULT threads=8
RESULT rounds_per_thread=6
RESULT pool_segments_requested=4
RESULT pool_byte_cap_requested=16777216
RESULT segments_reserved_total=72
RESULT segments_released_total=48
RESULT decommit_calls_total=40
RESULT large_cache_hits=45
RESULT rss_after_kib=77504
RESULT commit_after_kib=99740
.RESULT arm=cap4
RESULT elapsed_ns=189002400
RESULT threads=8
RESULT rounds_per_thread=6
RESULT pool_segments_requested=4
RESULT pool_byte_cap_requested=16777216
RESULT segments_reserved_total=72
RESULT segments_released_total=48
RESULT decommit_calls_total=40
RESULT large_cache_hits=45
RESULT rss_after_kib=77508
RESULT commit_after_kib=99744
.RESULT arm=cap32
RESULT elapsed_ns=171460700
RESULT threads=8
RESULT rounds_per_thread=6
RESULT pool_segments_requested=32
RESULT pool_byte_cap_requested=134217728
RESULT segments_reserved_total=72
RESULT segments_released_total=48
RESULT decommit_calls_total=40
RESULT large_cache_hits=45
RESULT rss_after_kib=77516
RESULT commit_after_kib=99764
.RESULT arm=cap32
RESULT elapsed_ns=192673100
RESULT threads=8
RESULT rounds_per_thread=6
RESULT pool_segments_requested=32
RESULT pool_byte_cap_requested=134217728
RESULT segments_reserved_total=72
RESULT segments_released_total=48
RESULT decommit_calls_total=40
RESULT large_cache_hits=45
RESULT rss_after_kib=77504
RESULT commit_after_kib=99744
.RESULT arm=cap4
RESULT elapsed_ns=198830800
RESULT threads=8
RESULT rounds_per_thread=6
RESULT pool_segments_requested=4
RESULT pool_byte_cap_requested=16777216
RESULT segments_reserved_total=72
RESULT segments_released_total=48
RESULT decommit_calls_total=40
RESULT large_cache_hits=45
RESULT rss_after_kib=77508
RESULT commit_after_kib=99744
.RESULT arm=cap4
RESULT elapsed_ns=208958600
RESULT threads=8
RESULT rounds_per_thread=6
RESULT pool_segments_requested=4
RESULT pool_byte_cap_requested=16777216
RESULT segments_reserved_total=72
RESULT segments_released_total=48
RESULT decommit_calls_total=40
RESULT large_cache_hits=45
RESULT rss_after_kib=77512
RESULT commit_after_kib=99748
.RESULT arm=cap32
RESULT elapsed_ns=197017400
RESULT threads=8
RESULT rounds_per_thread=6
RESULT pool_segments_requested=32
RESULT pool_byte_cap_requested=134217728
RESULT segments_reserved_total=72
RESULT segments_released_total=48
RESULT decommit_calls_total=40
RESULT large_cache_hits=45
RESULT rss_after_kib=77504
RESULT commit_after_kib=99744
.RESULT arm=cap32
RESULT elapsed_ns=221491500
RESULT threads=8
RESULT rounds_per_thread=6
RESULT pool_segments_requested=32
RESULT pool_byte_cap_requested=134217728
RESULT segments_reserved_total=72
RESULT segments_released_total=48
RESULT decommit_calls_total=40
RESULT large_cache_hits=45
RESULT rss_after_kib=77504
RESULT commit_after_kib=99744
.RESULT arm=cap4
RESULT elapsed_ns=210613300
RESULT threads=8
RESULT rounds_per_thread=6
RESULT pool_segments_requested=4
RESULT pool_byte_cap_requested=16777216
RESULT segments_reserved_total=72
RESULT segments_released_total=48
RESULT decommit_calls_total=40
RESULT large_cache_hits=45
RESULT rss_after_kib=77516
RESULT commit_after_kib=99768
.RESULT arm=cap4
RESULT elapsed_ns=188060700
RESULT threads=8
RESULT rounds_per_thread=6
RESULT pool_segments_requested=4
RESULT pool_byte_cap_requested=16777216
RESULT segments_reserved_total=72
RESULT segments_released_total=48
RESULT decommit_calls_total=40
RESULT large_cache_hits=45
RESULT rss_after_kib=77528
RESULT commit_after_kib=99776
.RESULT arm=cap32
RESULT elapsed_ns=191475000
RESULT threads=8
RESULT rounds_per_thread=6
RESULT pool_segments_requested=32
RESULT pool_byte_cap_requested=134217728
RESULT segments_reserved_total=72
RESULT segments_released_total=48
RESULT decommit_calls_total=40
RESULT large_cache_hits=45
RESULT rss_after_kib=77504
RESULT commit_after_kib=99744
.RESULT arm=cap32
RESULT elapsed_ns=218665500
RESULT threads=8
RESULT rounds_per_thread=6
RESULT pool_segments_requested=32
RESULT pool_byte_cap_requested=134217728
RESULT segments_reserved_total=72
RESULT segments_released_total=48
RESULT decommit_calls_total=40
RESULT large_cache_hits=45
RESULT rss_after_kib=77504
RESULT commit_after_kib=99744
.RESULT arm=cap4
RESULT elapsed_ns=193696000
RESULT threads=8
RESULT rounds_per_thread=6
RESULT pool_segments_requested=4
RESULT pool_byte_cap_requested=16777216
RESULT segments_reserved_total=72
RESULT segments_released_total=48
RESULT decommit_calls_total=40
RESULT large_cache_hits=45
RESULT rss_after_kib=77512
RESULT commit_after_kib=99752
.RESULT arm=cap4
RESULT elapsed_ns=210953800
RESULT threads=8
RESULT rounds_per_thread=6
RESULT pool_segments_requested=4
RESULT pool_byte_cap_requested=16777216
RESULT segments_reserved_total=72
RESULT segments_released_total=48
RESULT decommit_calls_total=40
RESULT large_cache_hits=45
RESULT rss_after_kib=77504
RESULT commit_after_kib=99744
.RESULT arm=cap32
RESULT elapsed_ns=193569200
RESULT threads=8
RESULT rounds_per_thread=6
RESULT pool_segments_requested=32
RESULT pool_byte_cap_requested=134217728
RESULT segments_reserved_total=72
RESULT segments_released_total=48
RESULT decommit_calls_total=40
RESULT large_cache_hits=45
RESULT rss_after_kib=77512
RESULT commit_after_kib=99756
.RESULT arm=cap32
RESULT elapsed_ns=207256900
RESULT threads=8
RESULT rounds_per_thread=6
RESULT pool_segments_requested=32
RESULT pool_byte_cap_requested=134217728
RESULT segments_reserved_total=72
RESULT segments_released_total=48
RESULT decommit_calls_total=40
RESULT large_cache_hits=45
RESULT rss_after_kib=77504
RESULT commit_after_kib=99748
.RESULT arm=cap4
RESULT elapsed_ns=253606100
RESULT threads=8
RESULT rounds_per_thread=6
RESULT pool_segments_requested=4
RESULT pool_byte_cap_requested=16777216
RESULT segments_reserved_total=72
RESULT segments_released_total=48
RESULT decommit_calls_total=40
RESULT large_cache_hits=45
RESULT rss_after_kib=77504
RESULT commit_after_kib=99744
.RESULT arm=cap4
RESULT elapsed_ns=220320900
RESULT threads=8
RESULT rounds_per_thread=6
RESULT pool_segments_requested=4
RESULT pool_byte_cap_requested=16777216
RESULT segments_reserved_total=72
RESULT segments_released_total=48
RESULT decommit_calls_total=40
RESULT large_cache_hits=45
RESULT rss_after_kib=77516
RESULT commit_after_kib=99772
.RESULT arm=cap32
RESULT elapsed_ns=176785000
RESULT threads=8
RESULT rounds_per_thread=6
RESULT pool_segments_requested=32
RESULT pool_byte_cap_requested=134217728
RESULT segments_reserved_total=72
RESULT segments_released_total=48
RESULT decommit_calls_total=40
RESULT large_cache_hits=45
RESULT rss_after_kib=77516
RESULT commit_after_kib=99748
.RESULT arm=cap32
RESULT elapsed_ns=270976500
RESULT threads=8
RESULT rounds_per_thread=6
RESULT pool_segments_requested=32
RESULT pool_byte_cap_requested=134217728
RESULT segments_reserved_total=72
RESULT segments_released_total=48
RESULT decommit_calls_total=40
RESULT large_cache_hits=45
RESULT rss_after_kib=77504
RESULT commit_after_kib=99736
.RESULT arm=cap4
RESULT elapsed_ns=239507900
RESULT threads=8
RESULT rounds_per_thread=6
RESULT pool_segments_requested=4
RESULT pool_byte_cap_requested=16777216
RESULT segments_reserved_total=72
RESULT segments_released_total=48
RESULT decommit_calls_total=40
RESULT large_cache_hits=45
RESULT rss_after_kib=77504
RESULT commit_after_kib=99736
.RESULT arm=cap4
RESULT elapsed_ns=189605100
RESULT threads=8
RESULT rounds_per_thread=6
RESULT pool_segments_requested=4
RESULT pool_byte_cap_requested=16777216
RESULT segments_reserved_total=72
RESULT segments_released_total=48
RESULT decommit_calls_total=40
RESULT large_cache_hits=45
RESULT rss_after_kib=77508
RESULT commit_after_kib=99744
.RESULT arm=cap32
RESULT elapsed_ns=206722400
RESULT threads=8
RESULT rounds_per_thread=6
RESULT pool_segments_requested=32
RESULT pool_byte_cap_requested=134217728
RESULT segments_reserved_total=72
RESULT segments_released_total=48
RESULT decommit_calls_total=40
RESULT large_cache_hits=45
RESULT rss_after_kib=77504
RESULT commit_after_kib=99740
.RESULT arm=cap32
RESULT elapsed_ns=232838200
RESULT threads=8
RESULT rounds_per_thread=6
RESULT pool_segments_requested=32
RESULT pool_byte_cap_requested=134217728
RESULT segments_reserved_total=72
RESULT segments_released_total=48
RESULT decommit_calls_total=40
RESULT large_cache_hits=45
RESULT rss_after_kib=77508
RESULT commit_after_kib=99748
.RESULT arm=cap4
RESULT elapsed_ns=261088700
RESULT threads=8
RESULT rounds_per_thread=6
RESULT pool_segments_requested=4
RESULT pool_byte_cap_requested=16777216
RESULT segments_reserved_total=72
RESULT segments_released_total=48
RESULT decommit_calls_total=40
RESULT large_cache_hits=45
RESULT rss_after_kib=77516
RESULT commit_after_kib=99768
.RESULT arm=cap4
RESULT elapsed_ns=213549200
RESULT threads=8
RESULT rounds_per_thread=6
RESULT pool_segments_requested=4
RESULT pool_byte_cap_requested=16777216
RESULT segments_reserved_total=72
RESULT segments_released_total=48
RESULT decommit_calls_total=40
RESULT large_cache_hits=45
RESULT rss_after_kib=77512
RESULT commit_after_kib=99752
.RESULT arm=cap32
RESULT elapsed_ns=289011000
RESULT threads=8
RESULT rounds_per_thread=6
RESULT pool_segments_requested=32
RESULT pool_byte_cap_requested=134217728
RESULT segments_reserved_total=72
RESULT segments_released_total=48
RESULT decommit_calls_total=40
RESULT large_cache_hits=45
RESULT rss_after_kib=77508
RESULT commit_after_kib=99752
.RESULT arm=cap32
RESULT elapsed_ns=211405400
RESULT threads=8
RESULT rounds_per_thread=6
RESULT pool_segments_requested=32
RESULT pool_byte_cap_requested=134217728
RESULT segments_reserved_total=72
RESULT segments_released_total=48
RESULT decommit_calls_total=40
RESULT large_cache_hits=45
RESULT rss_after_kib=77512
RESULT commit_after_kib=99752
.RESULT arm=cap4
RESULT elapsed_ns=222426400
RESULT threads=8
RESULT rounds_per_thread=6
RESULT pool_segments_requested=4
RESULT pool_byte_cap_requested=16777216
RESULT segments_reserved_total=72
RESULT segments_released_total=48
RESULT decommit_calls_total=40
RESULT large_cache_hits=45
RESULT rss_after_kib=77504
RESULT commit_after_kib=99748
.RESULT arm=cap4
RESULT elapsed_ns=224219700
RESULT threads=8
RESULT rounds_per_thread=6
RESULT pool_segments_requested=4
RESULT pool_byte_cap_requested=16777216
RESULT segments_reserved_total=72
RESULT segments_released_total=48
RESULT decommit_calls_total=40
RESULT large_cache_hits=45
RESULT rss_after_kib=77532
RESULT commit_after_kib=99768
.RESULT arm=cap32
RESULT elapsed_ns=209038300
RESULT threads=8
RESULT rounds_per_thread=6
RESULT pool_segments_requested=32
RESULT pool_byte_cap_requested=134217728
RESULT segments_reserved_total=72
RESULT segments_released_total=48
RESULT decommit_calls_total=40
RESULT large_cache_hits=45
RESULT rss_after_kib=77516
RESULT commit_after_kib=99756
.RESULT arm=cap32
RESULT elapsed_ns=217947200
RESULT threads=8
RESULT rounds_per_thread=6
RESULT pool_segments_requested=32
RESULT pool_byte_cap_requested=134217728
RESULT segments_reserved_total=72
RESULT segments_released_total=48
RESULT decommit_calls_total=40
RESULT large_cache_hits=45
RESULT rss_after_kib=77512
RESULT commit_after_kib=99756
.RESULT arm=cap4
RESULT elapsed_ns=193050500
RESULT threads=8
RESULT rounds_per_thread=6
RESULT pool_segments_requested=4
RESULT pool_byte_cap_requested=16777216
RESULT segments_reserved_total=72
RESULT segments_released_total=48
RESULT decommit_calls_total=40
RESULT large_cache_hits=45
RESULT rss_after_kib=77512
RESULT commit_after_kib=99752
.RESULT arm=cap4
RESULT elapsed_ns=207026900
RESULT threads=8
RESULT rounds_per_thread=6
RESULT pool_segments_requested=4
RESULT pool_byte_cap_requested=16777216
RESULT segments_reserved_total=72
RESULT segments_released_total=48
RESULT decommit_calls_total=40
RESULT large_cache_hits=45
RESULT rss_after_kib=77504
RESULT commit_after_kib=99736
.RESULT arm=cap32
RESULT elapsed_ns=210178600
RESULT threads=8
RESULT rounds_per_thread=6
RESULT pool_segments_requested=32
RESULT pool_byte_cap_requested=134217728
RESULT segments_reserved_total=72
RESULT segments_released_total=48
RESULT decommit_calls_total=40
RESULT large_cache_hits=45
RESULT rss_after_kib=77516
RESULT commit_after_kib=99756
.RESULT arm=cap32
RESULT elapsed_ns=229436700
RESULT threads=8
RESULT rounds_per_thread=6
RESULT pool_segments_requested=32
RESULT pool_byte_cap_requested=134217728
RESULT segments_reserved_total=72
RESULT segments_released_total=48
RESULT decommit_calls_total=40
RESULT large_cache_hits=45
RESULT rss_after_kib=77508
RESULT commit_after_kib=99740
.RESULT arm=cap4
RESULT elapsed_ns=202617000
RESULT threads=8
RESULT rounds_per_thread=6
RESULT pool_segments_requested=4
RESULT pool_byte_cap_requested=16777216
RESULT segments_reserved_total=72
RESULT segments_released_total=48
RESULT decommit_calls_total=40
RESULT large_cache_hits=45
RESULT rss_after_kib=77508
RESULT commit_after_kib=99756
.RESULT arm=cap4
RESULT elapsed_ns=197085600
RESULT threads=8
RESULT rounds_per_thread=6
RESULT pool_segments_requested=4
RESULT pool_byte_cap_requested=16777216
RESULT segments_reserved_total=72
RESULT segments_released_total=48
RESULT decommit_calls_total=40
RESULT large_cache_hits=45
RESULT rss_after_kib=77508
RESULT commit_after_kib=99748
.RESULT arm=cap32
RESULT elapsed_ns=205609200
RESULT threads=8
RESULT rounds_per_thread=6
RESULT pool_segments_requested=32
RESULT pool_byte_cap_requested=134217728
RESULT segments_reserved_total=72
RESULT segments_released_total=48
RESULT decommit_calls_total=40
RESULT large_cache_hits=45
RESULT rss_after_kib=77508
RESULT commit_after_kib=99752
.RESULT arm=cap32
RESULT elapsed_ns=214741400
RESULT threads=8
RESULT rounds_per_thread=6
RESULT pool_segments_requested=32
RESULT pool_byte_cap_requested=134217728
RESULT segments_reserved_total=72
RESULT segments_released_total=48
RESULT decommit_calls_total=40
RESULT large_cache_hits=45
RESULT rss_after_kib=77508
RESULT commit_after_kib=99748
.RESULT arm=cap4
RESULT elapsed_ns=186903700
RESULT threads=8
RESULT rounds_per_thread=6
RESULT pool_segments_requested=4
RESULT pool_byte_cap_requested=16777216
RESULT segments_reserved_total=72
RESULT segments_released_total=48
RESULT decommit_calls_total=40
RESULT large_cache_hits=45
RESULT rss_after_kib=77512
RESULT commit_after_kib=99752
.RESULT arm=cap4
RESULT elapsed_ns=222288500
RESULT threads=8
RESULT rounds_per_thread=6
RESULT pool_segments_requested=4
RESULT pool_byte_cap_requested=16777216
RESULT segments_reserved_total=72
RESULT segments_released_total=48
RESULT decommit_calls_total=40
RESULT large_cache_hits=45
RESULT rss_after_kib=77516
RESULT commit_after_kib=99756
.RESULT arm=cap32
RESULT elapsed_ns=218360700
RESULT threads=8
RESULT rounds_per_thread=6
RESULT pool_segments_requested=32
RESULT pool_byte_cap_requested=134217728
RESULT segments_reserved_total=72
RESULT segments_released_total=48
RESULT decommit_calls_total=40
RESULT large_cache_hits=45
RESULT rss_after_kib=77524
RESULT commit_after_kib=99780
.RESULT arm=cap32
RESULT elapsed_ns=218298500
RESULT threads=8
RESULT rounds_per_thread=6
RESULT pool_segments_requested=32
RESULT pool_byte_cap_requested=134217728
RESULT segments_reserved_total=72
RESULT segments_released_total=48
RESULT decommit_calls_total=40
RESULT large_cache_hits=45
RESULT rss_after_kib=77508
RESULT commit_after_kib=99748
.RESULT arm=cap4
RESULT elapsed_ns=174424100
RESULT threads=8
RESULT rounds_per_thread=6
RESULT pool_segments_requested=4
RESULT pool_byte_cap_requested=16777216
RESULT segments_reserved_total=72
RESULT segments_released_total=48
RESULT decommit_calls_total=40
RESULT large_cache_hits=45
RESULT rss_after_kib=77504
RESULT commit_after_kib=99744
.RESULT arm=cap4
RESULT elapsed_ns=206433300
RESULT threads=8
RESULT rounds_per_thread=6
RESULT pool_segments_requested=4
RESULT pool_byte_cap_requested=16777216
RESULT segments_reserved_total=72
RESULT segments_released_total=48
RESULT decommit_calls_total=40
RESULT large_cache_hits=45
RESULT rss_after_kib=77512
RESULT commit_after_kib=99752
.RESULT arm=cap32
RESULT elapsed_ns=206638200
RESULT threads=8
RESULT rounds_per_thread=6
RESULT pool_segments_requested=32
RESULT pool_byte_cap_requested=134217728
RESULT segments_reserved_total=72
RESULT segments_released_total=48
RESULT decommit_calls_total=40
RESULT large_cache_hits=45
RESULT rss_after_kib=77520
RESULT commit_after_kib=99764
.RESULT arm=cap32
RESULT elapsed_ns=169792200
RESULT threads=8
RESULT rounds_per_thread=6
RESULT pool_segments_requested=32
RESULT pool_byte_cap_requested=134217728
RESULT segments_reserved_total=72
RESULT segments_released_total=48
RESULT decommit_calls_total=40
RESULT large_cache_hits=45
RESULT rss_after_kib=77504
RESULT commit_after_kib=99744
.RESULT arm=cap4
RESULT elapsed_ns=205451800
RESULT threads=8
RESULT rounds_per_thread=6
RESULT pool_segments_requested=4
RESULT pool_byte_cap_requested=16777216
RESULT segments_reserved_total=72
RESULT segments_released_total=48
RESULT decommit_calls_total=40
RESULT large_cache_hits=45
RESULT rss_after_kib=77512
RESULT commit_after_kib=99748
.RESULT arm=cap4
RESULT elapsed_ns=205745300
RESULT threads=8
RESULT rounds_per_thread=6
RESULT pool_segments_requested=4
RESULT pool_byte_cap_requested=16777216
RESULT segments_reserved_total=72
RESULT segments_released_total=48
RESULT decommit_calls_total=40
RESULT large_cache_hits=45
RESULT rss_after_kib=77520
RESULT commit_after_kib=99768
.RESULT arm=cap32
RESULT elapsed_ns=198472300
RESULT threads=8
RESULT rounds_per_thread=6
RESULT pool_segments_requested=32
RESULT pool_byte_cap_requested=134217728
RESULT segments_reserved_total=72
RESULT segments_released_total=48
RESULT decommit_calls_total=40
RESULT large_cache_hits=45
RESULT rss_after_kib=77508
RESULT commit_after_kib=99744
.RESULT arm=cap32
RESULT elapsed_ns=188080400
RESULT threads=8
RESULT rounds_per_thread=6
RESULT pool_segments_requested=32
RESULT pool_byte_cap_requested=134217728
RESULT segments_reserved_total=72
RESULT segments_released_total=48
RESULT decommit_calls_total=40
RESULT large_cache_hits=45
RESULT rss_after_kib=77516
RESULT commit_after_kib=99760
.RESULT arm=cap4
RESULT elapsed_ns=201920800
RESULT threads=8
RESULT rounds_per_thread=6
RESULT pool_segments_requested=4
RESULT pool_byte_cap_requested=16777216
RESULT segments_reserved_total=72
RESULT segments_released_total=48
RESULT decommit_calls_total=40
RESULT large_cache_hits=45
RESULT rss_after_kib=77512
RESULT commit_after_kib=99748
.RESULT arm=cap4
RESULT elapsed_ns=209220600
RESULT threads=8
RESULT rounds_per_thread=6
RESULT pool_segments_requested=4
RESULT pool_byte_cap_requested=16777216
RESULT segments_reserved_total=72
RESULT segments_released_total=48
RESULT decommit_calls_total=40
RESULT large_cache_hits=45
RESULT rss_after_kib=77504
RESULT commit_after_kib=99732
.RESULT arm=cap32
RESULT elapsed_ns=234188700
RESULT threads=8
RESULT rounds_per_thread=6
RESULT pool_segments_requested=32
RESULT pool_byte_cap_requested=134217728
RESULT segments_reserved_total=72
RESULT segments_released_total=48
RESULT decommit_calls_total=40
RESULT large_cache_hits=45
RESULT rss_after_kib=77508
RESULT commit_after_kib=99744
.RESULT arm=cap32
RESULT elapsed_ns=179784600
RESULT threads=8
RESULT rounds_per_thread=6
RESULT pool_segments_requested=32
RESULT pool_byte_cap_requested=134217728
RESULT segments_reserved_total=72
RESULT segments_released_total=48
RESULT decommit_calls_total=40
RESULT large_cache_hits=45
RESULT rss_after_kib=77508
RESULT commit_after_kib=99756
.RESULT arm=cap4
RESULT elapsed_ns=242901500
RESULT threads=8
RESULT rounds_per_thread=6
RESULT pool_segments_requested=4
RESULT pool_byte_cap_requested=16777216
RESULT segments_reserved_total=72
RESULT segments_released_total=48
RESULT decommit_calls_total=40
RESULT large_cache_hits=45
RESULT rss_after_kib=77512
RESULT commit_after_kib=99748
.

  === cap4 vs cap32 (A - B, ns) ===
  n=20  mean Δ=-3.917 ms  sd=17.627 ms  se=3.942 ms  t=-0.994  df=19  crit(p<0.05)=2.101  => NOT statistically distinguishable from noise (fails to reject null)
  sign test: cap4-faster=10/20  cap32-faster=10/20  ties=0

[paired-ab] provenance written to D:\dev\rust\sefer-alloc/docs/perf/paired_ab_runs/2026-07-30T20-58-23-943Z.json

[paired-ab] Reading this output: `t` past `crit` (or sign test heavily lopsided, e.g. 17+/20) means a REAL,
  non-noise wall-clock difference on THIS host for THIS workload — mirroring
  docs/perf/R5_R2_CHURN_REGRESSION_PAIRED_AB.md's verdict criteria. A same-vs-same control run
  (--arms sefer,sefer) should show t well under `crit` and a roughly even sign-test split --
  if it does not, that indicates a harness bug (non-reproducible workload, background load
  bleeding into the timed region), not a real self-difference.
